data/exports/mart_london_affordability_monthly.csv
date_month,area_code,area_name,average_price,hpi_index,house_price_yoy_pct,sales_volume,avg_monthly_rent,rent_yoy_pct,earnings_year,median_gross_annual_pay,earnings_yoy_pct,earnings_fallback_used,price_to_earnings_ratio,annual_rent_to_earnings_ratio,months_to_save_10pct_deposit,rent_growth_minus_income_growth_pct,house_price_growth_minus_income_growth_pct
2011-07-01,E09000001,City of London,415371.0,-9.9,,19.0,,,2025,46414.0,,True,8.95,,10.7,,
2011-08-01,E09000001,City of London,416408.0,0.2,,27.0,,,2025,46414.0,,True,8.97,,10.8,,
2011-09-01,E09000001,City of London,430766.0,3.4,,25.0,,,2025,46414.0,,True,9.28,,11.1,,
2011-10-01,E09000001,City of London,444613.0,3.2,,21.0,,,2025,46414.0,,True,9.58,,11.5,,
2011-11-01,E09000001,City of London,473041.0,6.4,,21.0,,,2025,46414.0,,True,10.19,,12.2,,
2011-12-01,E09000001,City of London,490313.0,3.7,,24.0,,,2025,46414.0,,True,10.56,,12.7,,
2012-01-01,E09000001,City of London,519390.0,5.9,,11.0,,,2025,46414.0,,True,11.19,,13.4,,
2012-02-01,E09000001,City of London,504387.0,-2.9,,17.0,,,2025,46414.0,,True,10.87,,13.0,,
2012-03-01,E09000001,City of London,521055.0,3.3,,9.0,,,2025,46414.0,,True,11.23,,13.5,,
2012-04-01,E09000001,City of London,517975.0,-0.6,,12.0,,,2025,46414.0,,True,11.16,,13.4,,
2012-05-01,E09000001,City of London,566624.0,9.4,,12.0,,,2025,46414.0,,True,12.21,,14.6,,
2012-06-01,E09000001,City of London,535983.0,-5.4,,21.0,,,2025,46414.0,,True,11.55,,13.9,,
2012-07-01,E09000001,City of London,536495.0,0.1,,16.0,,,2025,46414.0,,True,11.56,,13.9,,
2012-08-01,E09000001,City of London,490191.0,-8.6,,17.0,,,2025,46414.0,,True,10.56,,12.7,,
2012-09-01,E09000001,City of London,519635.0,6.0,,15.0,,,2025,46414.0,,True,11.2,,13.4,,
2012-10-01,E09000001,City of London,515484.0,-0.8,,17.0,,,2025,46414.0,,True,11.11,,13.3,,
2012-11-01,E09000001,City of London,515167.0,-0.1,,22.0,,,2025,46414.0,,True,11.1,,13.3,,
2012-12-01,E09000001,City of London,485608.0,-5.7,,28.0,,,2025,46414.0,,True,10.46,,12.6,,
2013-01-01,E09000001,City of London,459844.0,-5.3,,16.0,,,2025,46414.0,,True,9.91,,11.9,,
2013-02-01,E09000001,City of London,493193.0,7.3,,20.0,,,2025,46414.0,,True,10.63,,12.8,,
2013-03-01,E09000001,City of London,521515.0,5.7,,18.0,,,2025,46414.0,,True,11.24,,13.5,,
2013-04-01,E09000001,City of London,583569.0,11.9,,13.0,,,2025,46414.0,,True,12.57,,15.1,,
2013-05-01,E09000001,City of London,571074.0,-2.1,,31.0,,,2025,46414.0,,True,12.3,,14.8,,
2013-06-01,E09000001,City of London,654717.0,14.6,,11.0,,,2025,46414.0,,True,14.11,,16.9,,
2013-07-01,E09000001,City of London,643273.0,-1.7,,29.0,,,2025,46414.0,,True,13.86,,16.6,,
2013-08-01,E09000001,City of London,638068.0,-0.8,,94.0,,,2025,46414.0,,True,13.75,,16.5,,
2013-09-01,E09000001,City of London,523239.0,-18.0,,104.0,,,2025,46414.0,,True,11.27,,13.5,,
2013-10-01,E09000001,City of London,521021.0,-0.4,,54.0,,,2025,46414.0,,True,11.23,,13.5,,
2013-11-01,E09000001,City of London,540207.0,3.7,,22.0,,,2025,46414.0,,True,11.64,,14.0,,
2013-12-01,E09000001,City of London,607988.0,12.5,,21.0,,,2025,46414.0,,True,13.1,,15.7,,
2014-01-01,E09000001,City of London,617472.0,1.6,,26.0,,,2025,46414.0,,True,13.3,,16.0,,
2014-02-01,E09000001,City of London,640549.0,3.7,,17.0,,,2025,46414.0,,True,13.8,,16.6,,
2014-03-01,E09000001,City of London,646744.0,1.0,,36.0,,,2025,46414.0,,True,13.93,,16.7,,
2014-04-01,E09000001,City of London,657248.0,1.6,,19.0,,,2025,46414.0,,True,14.16,,17.0,,
2014-05-01,E09000001,City of London,674439.0,2.6,,22.0,,,2025,46414.0,,True,14.53,,17.4,,
2014-06-01,E09000001,City of London,688910.0,2.1,,21.0,,,2025,46414.0,,True,14.84,,17.8,,
2014-07-01,E09000001,City of London,715558.0,3.9,,15.0,,,2025,46414.0,,True,15.42,,18.5,,
2014-08-01,E09000001,City of London,752370.0,5.1,,27.0,,,2025,46414.0,,True,16.21,,19.5,,
2014-09-01,E09000001,City of London,744625.0,-1.0,,18.0,,,2025,46414.0,,True,16.04,,19.3,,
2014-10-01,E09000001,City of London,754173.0,1.3,,12.0,,,2025,46414.0,,True,16.25,,19.5,,
2014-11-01,E09000001,City of London,753547.0,-0.1,,39.0,,,2025,46414.0,,True,16.24,,19.5,,
2014-12-01,E09000001,City of London,764448.0,1.4,,71.0,,,2025,46414.0,,True,16.47,,19.8,,
2015-01-01,E09000001,City of London,774227.0,1.3,,37.0,,,2025,46414.0,,True,16.68,,20.0,,
2015-02-01,E09000001,City of London,751388.0,-2.9,,39.0,,,2025,46414.0,,True,16.19,,19.4,,
2015-03-01,E09000001,City of London,757965.0,0.9,,35.0,,,2025,46414.0,,True,16.33,,19.6,,
2015-04-01,E09000001,City of London,720365.0,-5.0,,21.0,,,2025,46414.0,,True,15.52,,18.6,,
2015-05-01,E09000001,City of London,753626.0,4.6,,24.0,,,2025,46414.0,,True,16.24,,19.5,,
2015-06-01,E09000001,City of London,767155.0,1.8,,19.0,,,2025,46414.0,,True,16.53,,19.8,,
2015-07-01,E09000001,City of London,769712.0,0.3,,17.0,,,2025,46414.0,,True,16.58,,19.9,,
2015-08-01,E09000001,City of London,751085.0,-2.4,,18.0,,,2025,46414.0,,True,16.18,,19.4,,
2015-09-01,E09000001,City of London,758219.0,0.9,,35.0,,,2025,46414.0,,True,16.34,,19.6,,
2015-10-01,E09000001,City of London,771946.0,1.8,,21.0,,,2025,46414.0,,True,16.63,,20.0,,
2015-11-01,E09000001,City of London,732792.0,-5.1,,11.0,,,2025,46414.0,,True,15.79,,18.9,,
2015-12-01,E09000001,City of London,704661.0,-3.8,,31.0,,,2025,46414.0,,True,15.18,,18.2,,
2016-01-01,E09000001,City of London,727913.0,3.3,,15.0,,,2025,46414.0,,True,15.68,,18.8,,
2016-02-01,E09000001,City of London,756421.0,3.9,,36.0,,,2025,46414.0,,True,16.3,,19.6,,
2016-03-01,E09000001,City of London,785181.0,3.8,,35.0,,,2025,46414.0,,True,16.92,,20.3,,
2016-04-01,E09000001,City of London,795619.0,1.3,,7.0,,,2025,46414.0,,True,17.14,,20.6,,
2016-05-01,E09000001,City of London,835394.0,5.0,,9.0,,,2025,46414.0,,True,18.0,,21.6,,
2016-06-01,E09000001,City of London,897027.0,7.4,,7.0,,,2025,46414.0,,True,19.33,,23.2,,
2016-07-01,E09000001,City of London,900843.0,0.4,,7.0,,,2025,46414.0,,True,19.41,,23.3,,
2016-08-01,E09000001,City of London,838051.0,-7.0,,8.0,,,2025,46414.0,,True,18.06,,21.7,,
2016-09-01,E09000001,City of London,771125.0,-8.0,,8.0,,,2025,46414.0,,True,16.61,,19.9,,
2016-10-01,E09000001,City of London,783116.0,1.6,,11.0,,,2025,46414.0,,True,16.87,,20.2,,
2016-11-01,E09000001,City of London,808801.0,3.3,,16.0,,,2025,46414.0,,True,17.43,,20.9,,
2016-12-01,E09000001,City of London,802007.0,-0.8,,13.0,,,2025,46414.0,,True,17.28,,20.7,,
2017-01-01,E09000001,City of London,810424.0,1.0,,11.0,,,2025,46414.0,,True,17.46,,21.0,,
2017-02-01,E09000001,City of London,810747.0,0.0,,9.0,,,2025,46414.0,,True,17.47,,21.0,,
2017-03-01,E09000001,City of London,843599.0,4.1,,18.0,,,2025,46414.0,,True,18.18,,21.8,,
2017-04-01,E09000001,City of London,895110.0,6.1,,20.0,,,2025,46414.0,,True,19.29,,23.1,,
2017-05-01,E09000001,City of London,928454.0,3.7,,21.0,,,2025,46414.0,,True,20.0,,24.0,,
2017-06-01,E09000001,City of London,919574.0,-1.0,,19.0,,,2025,46414.0,,True,19.81,,23.8,,
2017-07-01,E09000001,City of London,844501.0,-8.2,,20.0,,,2025,46414.0,,True,18.19,,21.8,,
2017-08-01,E09000001,City of London,837214.0,-0.9,,21.0,,,2025,46414.0,,True,18.04,,21.6,,
2017-09-01,E09000001,City of London,826595.0,-1.3,,29.0,,,2025,46414.0,,True,17.81,,21.4,,
2017-10-01,E09000001,City of London,808618.0,-2.2,,17.0,,,2025,46414.0,,True,17.42,,20.9,,
2017-11-01,E09000001,City of London,780641.0,-3.5,,14.0,,,2025,46414.0,,True,16.82,,20.2,,
2017-12-01,E09000001,City of London,768630.0,-1.5,,20.0,,,2025,46414.0,,True,16.56,,19.9,,
2018-01-01,E09000001,City of London,792466.0,3.1,,34.0,,,2025,46414.0,,True,17.07,,20.5,,
2018-02-01,E09000001,City of London,773831.0,-2.4,,27.0,,,2025,46414.0,,True,16.67,,20.0,,
2018-03-01,E09000001,City of London,731875.0,-5.4,,19.0,,,2025,46414.0,,True,15.77,,18.9,,
2018-04-01,E09000001,City of London,723529.0,-1.1,,14.0,,,2025,46414.0,,True,15.59,,18.7,,
2018-05-01,E09000001,City of London,786805.0,8.7,,19.0,,,2025,46414.0,,True,16.95,,20.3,,
2018-06-01,E09000001,City of London,779770.0,-0.9,,87.0,,,2025,46414.0,,True,16.8,,20.2,,
2018-07-01,E09000001,City of London,799943.0,2.6,,32.0,,,2025,46414.0,,True,17.23,,20.7,,
2018-08-01,E09000001,City of London,774698.0,-3.2,,22.0,,,2025,46414.0,,True,16.69,,20.0,,
2018-09-01,E09000001,City of London,791227.0,2.1,,40.0,,,2025,46414.0,,True,17.05,,20.5,,
2018-10-01,E09000001,City of London,793713.0,0.3,,30.0,,,2025,46414.0,,True,17.1,,20.5,,
2018-11-01,E09000001,City of London,755448.0,-4.8,,31.0,,,2025,46414.0,,True,16.28,,19.5,,
2018-12-01,E09000001,City of London,802716.0,6.3,,36.0,,,2025,46414.0,,True,17.29,,20.8,,
2019-01-01,E09000001,City of London,855209.0,6.5,,10.0,,,2025,46414.0,,True,18.43,,22.1,,
2019-02-01,E09000001,City of London,883745.0,3.3,,10.0,,,2025,46414.0,,True,19.04,,22.8,,
2019-03-01,E09000001,City of London,843170.0,-4.6,,11.0,,,2025,46414.0,,True,18.17,,21.8,,
2019-04-01,E09000001,City of London,730145.0,-13.4,,17.0,,,2025,46414.0,,True,15.73,,18.9,,
2019-05-01,E09000001,City of London,711119.0,-2.6,,7.0,,,2025,46414.0,,True,15.32,,18.4,,
2019-06-01,E09000001,City of London,752262.0,5.8,,15.0,,,2025,46414.0,,True,16.21,,19.4,,
2019-07-01,E09000001,City of London,746524.0,-0.8,,13.0,,,2025,46414.0,,True,16.08,,19.3,,
2019-08-01,E09000001,City of London,803062.0,7.6,,16.0,,,2025,46414.0,,True,17.3,,20.8,,
2019-09-01,E09000001,City of London,793995.0,-1.1,,12.0,,,2025,46414.0,,True,17.11,,20.5,,
2019-10-01,E09000001,City of London,810290.0,2.1,,4.0,,,2025,46414.0,,True,17.46,,20.9,,
2019-11-01,E09000001,City of London,763021.0,-5.8,,5.0,,,2025,46414.0,,True,16.44,,19.7,,
2019-12-01,E09000001,City of London,748980.0,-1.8,,16.0,,,2025,46414.0,,True,16.14,,19.4,,
2020-01-01,E09000001,City of London,764614.0,2.1,,7.0,,,2025,46414.0,,True,16.47,,19.8,,
2020-02-01,E09000001,City of London,789968.0,3.3,,25.0,,,2025,46414.0,,True,17.02,,20.4,,
2020-03-01,E09000001,City of London,837035.0,6.0,,17.0,,,2025,46414.0,,True,18.03,,21.6,,
2020-04-01,E09000001,City of London,907196.0,8.4,,14.0,,,2025,46414.0,,True,19.55,,23.5,,
2020-05-01,E09000001,City of London,906782.0,0.0,,5.0,,,2025,46414.0,,True,19.54,,23.4,,
2020-06-01,E09000001,City of London,860840.0,-5.1,,3.0,,,2025,46414.0,,True,18.55,,22.3,,
2020-07-01,E09000001,City of London,777381.0,-9.7,,4.0,,,2025,46414.0,,True,16.75,,20.1,,
2020-08-01,E09000001,City of London,818122.0,5.2,,7.0,,,2025,46414.0,,True,17.63,,21.2,,
2020-09-01,E09000001,City of London,791089.0,-3.3,,6.0,,,2025,46414.0,,True,17.04,,20.5,,
2020-10-01,E09000001,City of London,814569.0,3.0,,7.0,,,2025,46414.0,,True,17.55,,21.1,,
2020-11-01,E09000001,City of London,761923.0,-6.5,,11.0,,,2025,46414.0,,True,16.42,,19.7,,
2020-12-01,E09000001,City of London,788360.0,3.5,,8.0,,,2025,46414.0,,True,16.99,,20.4,,
2021-01-01,E09000001,City of London,745143.0,-5.5,,13.0,,,2025,46414.0,,True,16.05,,19.3,,
2021-02-01,E09000001,City of London,704582.0,-5.4,,6.0,,,2025,46414.0,,True,15.18,,18.2,,
2021-03-01,E09000001,City of London,695317.0,-1.3,,28.0,,,2025,46414.0,,True,14.98,,18.0,,
2021-04-01,E09000001,City of London,712888.0,2.5,,8.0,,,2025,46414.0,,True,15.36,,18.4,,
2021-05-01,E09000001,City of London,722906.0,1.4,,11.0,,,2025,46414.0,,True,15.58,,18.7,,
2021-06-01,E09000001,City of London,744124.0,2.9,,51.0,,,2025,46414.0,,True,16.03,,19.2,,
2021-07-01,E09000001,City of London,877313.0,17.9,,4.0,,,2025,46414.0,,True,18.9,,22.7,,
2021-08-01,E09000001,City of London,912089.0,4.0,,5.0,,,2025,46414.0,,True,19.65,,23.6,,
2021-09-01,E09000001,City of London,899304.0,-1.4,,21.0,,,2025,46414.0,,True,19.38,,23.3,,
2021-10-01,E09000001,City of London,788575.0,-12.3,,8.0,,,2025,46414.0,,True,16.99,,20.4,,
2021-11-01,E09000001,City of London,884020.0,12.1,,24.0,,,2025,46414.0,,True,19.05,,22.9,,
2021-12-01,E09000001,City of London,994593.0,12.5,,16.0,,,2025,46414.0,,True,21.43,,25.7,,
2022-01-01,E09000001,City of London,1021539.0,2.7,,12.0,,,2025,46414.0,,True,22.01,,26.4,,
2022-02-01,E09000001,City of London,951362.0,-6.9,,9.0,,,2025,46414.0,,True,20.5,,24.6,,
2022-03-01,E09000001,City of London,878351.0,-7.7,,19.0,,,2025,46414.0,,True,18.92,,22.7,,
2022-04-01,E09000001,City of London,902577.0,2.8,,15.0,,,2025,46414.0,,True,19.45,,23.3,,
2022-05-01,E09000001,City of London,879152.0,-2.6,,19.0,,,2025,46414.0,,True,18.94,,22.7,,
2022-06-01,E09000001,City of London,874716.0,-0.5,,11.0,,,2025,46414.0,,True,18.85,,22.6,,
2022-07-01,E09000001,City of London,868965.0,-0.7,,18.0,,,2025,46414.0,,True,18.72,,22.5,,
2022-08-01,E09000001,City of London,909716.0,4.7,,19.0,,,2025,46414.0,,True,19.6,,23.5,,
2022-09-01,E09000001,City of London,899430.0,-1.1,,18.0,,,2025,46414.0,,True,19.38,,23.3,,
2022-10-01,E09000001,City of London,909477.0,1.1,,12.0,,,2025,46414.0,,True,19.59,,23.5,,
2022-11-01,E09000001,City of London,916902.0,0.8,,8.0,,,2025,46414.0,,True,19.75,,23.7,,
2022-12-01,E09000001,City of London,886906.0,-3.3,,13.0,,,2025,46414.0,,True,19.11,,22.9,,
2023-01-01,E09000001,City of London,873408.0,-1.5,,5.0,,,2025,46414.0,,True,18.82,,22.6,,
2023-02-01,E09000001,City of London,803238.0,-8.0,,12.0,,,2025,46414.0,,True,17.31,,20.8,,
2023-03-01,E09000001,City of London,862970.0,7.4,,15.0,,,2025,46414.0,,True,18.59,,22.3,,
2023-04-01,E09000001,City of London,829285.0,-3.9,,11.0,,,2025,46414.0,,True,17.87,,21.4,,
2023-05-01,E09000001,City of London,901790.0,8.7,,9.0,,,2025,46414.0,,True,19.43,,23.3,,
2023-06-01,E09000001,City of London,970431.0,7.6,,16.0,,,2025,46414.0,,True,20.91,,25.1,,
2023-07-01,E09000001,City of London,999355.0,3.0,,14.0,,,2025,46414.0,,True,21.53,,25.8,,
2023-08-01,E09000001,City of London,950691.0,-4.9,,27.0,,,2025,46414.0,,True,20.48,,24.6,,
2023-09-01,E09000001,City of London,896564.0,-5.7,,11.0,,,2025,46414.0,,True,19.32,,23.2,,
2023-10-01,E09000001,City of London,866356.0,-3.4,,10.0,,,2025,46414.0,,True,18.67,,22.4,,
2023-11-01,E09000001,City of London,852593.0,-1.6,,11.0,,,2025,46414.0,,True,18.37,,22.0,,
2023-12-01,E09000001,City of London,796466.0,-6.6,,11.0,,,2025,46414.0,,True,17.16,,20.6,,
2024-01-01,E09000001,City of London,826426.0,3.8,,8.0,,,2025,46414.0,,True,17.81,,21.4,,
2024-02-01,E09000001,City of London,856236.0,3.6,,33.0,,,2025,46414.0,,True,18.45,,22.1,,
2024-03-01,E09000001,City of London,905448.0,5.7,,28.0,,,2025,46414.0,,True,19.51,,23.4,,
2024-04-01,E09000001,City of London,901108.0,-0.5,,23.0,,,2025,46414.0,,True,19.41,,23.3,,
2024-05-01,E09000001,City of London,909017.0,0.9,,21.0,,,2025,46414.0,,True,19.58,,23.5,,
2024-06-01,E09000001,City of London,842164.0,-7.4,,10.0,,,2025,46414.0,,True,18.14,,21.8,,
2024-07-01,E09000001,City of London,797696.0,-5.3,,10.0,,,2025,46414.0,,True,17.19,,20.6,,
2024-08-01,E09000001,City of London,780315.0,-2.2,,16.0,,,2025,46414.0,,True,16.81,,20.2,,
2024-09-01,E09000001,City of London,779529.0,-0.1,,21.0,,,2025,46414.0,,True,16.8,,20.2,,
2024-10-01,E09000001,City of London,741614.0,-4.9,,13.0,,,2025,46414.0,,True,15.98,,19.2,,
2024-11-01,E09000001,City of London,735940.0,-0.8,,18.0,,,2025,46414.0,,True,15.86,,19.0,,
2024-12-01,E09000001,City of London,797444.0,8.4,,9.0,,,2025,46414.0,,True,17.18,,20.6,,
2025-01-01,E09000001,City of London,815824.0,2.3,,14.0,,,2025,46414.0,,True,17.58,,21.1,,
2025-02-01,E09000001,City of London,779390.0,-4.5,,16.0,,,2025,46414.0,,True,16.79,,20.2,,
2025-03-01,E09000001,City of London,741102.0,-4.9,,30.0,,,2025,46414.0,,True,15.97,,19.2,,
2025-04-01,E09000001,City of London,846117.0,14.2,,4.0,,,2025,46414.0,,True,18.23,,21.9,,
2025-05-01,E09000001,City of London,899591.0,6.3,,10.0,,,2025,46414.0,,True,19.38,,23.3,,
2025-06-01,E09000001,City of London,901356.0,0.2,,9.0,,,2025,46414.0,,True,19.42,,23.3,,
2025-07-01,E09000001,City of London,825140.0,-8.5,,12.0,,,2025,46414.0,,True,17.78,,21.3,,
2025-08-01,E09000001,City of London,796706.0,-3.4,,11.0,,,2025,46414.0,,True,17.17,,20.6,,
2025-09-01,E09000001,City of London,732377.0,-8.1,,10.0,,,2025,46414.0,,True,15.78,,18.9,,
2025-10-01,E09000001,City of London,688386.0,-6.0,,5.0,,,2025,46414.0,,True,14.83,,17.8,,
2025-11-01,E09000001,City of London,692671.0,0.6,,9.0,,,2025,46414.0,,True,14.92,,17.9,,
2025-12-01,E09000001,City of London,751586.0,8.5,,,,,2025,46414.0,,True,16.19,,19.4,,
2026-01-01,E09000001,City of London,737067.0,-1.9,,,,,2025,46414.0,,True,15.88,,19.1,,
1995-01-01,E09000002,Barking and Dagenham,51870.0,,,96.0,,,2025,38467.0,,False,1.35,,1.6,,
1995-02-01,E09000002,Barking and Dagenham,52513.0,1.2,,95.0,,,2025,38467.0,,False,1.37,,1.6,,
1995-03-01,E09000002,Barking and Dagenham,52701.0,0.4,,144.0,,,2025,38467.0,,False,1.37,,1.6,,
1995-04-01,E09000002,Barking and Dagenham,54618.0,3.6,,109.0,,,2025,38467.0,,False,1.42,,1.7,,
1995-05-01,E09000002,Barking and Dagenham,54524.0,-0.2,,149.0,,,2025,38467.0,,False,1.42,,1.7,,
1995-06-01,E09000002,Barking and Dagenham,55200.0,1.2,,148.0,,,2025,38467.0,,False,1.43,,1.7,,
1995-07-01,E09000002,Barking and Dagenham,53569.0,-3.0,,117.0,,,2025,38467.0,,False,1.39,,1.7,,
1995-08-01,E09000002,Barking and Dagenham,53691.0,0.2,,150.0,,,2025,38467.0,,False,1.4,,1.7,,
1995-09-01,E09000002,Barking and Dagenham,52909.0,-1.5,,112.0,,,2025,38467.0,,False,1.38,,1.7,,
1995-10-01,E09000002,Barking and Dagenham,52953.0,0.1,,120.0,,,2025,38467.0,,False,1.38,,1.7,,
1995-11-01,E09000002,Barking and Dagenham,52269.0,-1.3,,127.0,,,2025,38467.0,,False,1.36,,1.6,,
1995-12-01,E09000002,Barking and Dagenham,52368.0,0.2,,109.0,,,2025,38467.0,,False,1.36,,1.6,,
1996-01-01,E09000002,Barking and Dagenham,52248.0,-0.2,,94.0,,,2025,38467.0,,False,1.36,,1.6,,
1996-02-01,E09000002,Barking and Dagenham,52877.0,1.2,,154.0,,,2025,38467.0,,False,1.37,,1.6,,
1996-03-01,E09000002,Barking and Dagenham,53357.0,0.9,,152.0,,,2025,38467.0,,False,1.39,,1.7,,
1996-04-01,E09000002,Barking and Dagenham,53169.0,-0.4,,125.0,,,2025,38467.0,,False,1.38,,1.7,,
1996-05-01,E09000002,Barking and Dagenham,53181.0,0.0,,143.0,,,2025,38467.0,,False,1.38,,1.7,,
1996-06-01,E09000002,Barking and Dagenham,52179.0,-1.9,,142.0,,,2025,38467.0,,False,1.36,,1.6,,
1996-07-01,E09000002,Barking and Dagenham,52035.0,-0.3,,178.0,,,2025,38467.0,,False,1.35,,1.6,,
