data/exports/mart_london_affordability_monthly.csv
date_month,area_code,area_name,average_price,hpi_index,house_price_yoy_pct,sales_volume,avg_monthly_rent,rent_yoy_pct,earnings_year,median_gross_annual_pay,earnings_yoy_pct,earnings_fallback_used,price_to_earnings_ratio,annual_rent_to_earnings_ratio,months_to_save_10pct_deposit,rent_growth_minus_income_growth_pct,house_price_growth_minus_income_growth_pct
1996-08-01,E09000002,Barking and Dagenham,52532.0,1.0,,164.0,,,2025,38467.0,,False,1.37,,1.6,,
1996-09-01,E09000002,Barking and Dagenham,53342.0,1.5,,156.0,,,2025,38467.0,,False,1.39,,1.7,,
1996-10-01,E09000002,Barking and Dagenham,54000.0,1.2,,172.0,,,2025,38467.0,,False,1.4,,1.7,,
1996-11-01,E09000002,Barking and Dagenham,53674.0,-0.6,,217.0,,,2025,38467.0,,False,1.4,,1.7,,
1996-12-01,E09000002,Barking and Dagenham,55358.0,3.1,,184.0,,,2025,38467.0,,False,1.44,,1.7,,
1997-01-01,E09000002,Barking and Dagenham,55980.0,1.1,,153.0,,,2025,38467.0,,False,1.46,,1.7,,
1997-02-01,E09000002,Barking and Dagenham,57000.0,1.8,,169.0,,,2025,38467.0,,False,1.48,,1.8,,
1997-03-01,E09000002,Barking and Dagenham,56541.0,-0.8,,192.0,,,2025,38467.0,,False,1.47,,1.8,,
1997-04-01,E09000002,Barking and Dagenham,56824.0,0.5,,175.0,,,2025,38467.0,,False,1.48,,1.8,,
1997-05-01,E09000002,Barking and Dagenham,56471.0,-0.6,,202.0,,,2025,38467.0,,False,1.47,,1.8,,
1997-06-01,E09000002,Barking and Dagenham,56831.0,0.6,,203.0,,,2025,38467.0,,False,1.48,,1.8,,
1997-07-01,E09000002,Barking and Dagenham,57213.0,0.7,,265.0,,,2025,38467.0,,False,1.49,,1.8,,
1997-08-01,E09000002,Barking and Dagenham,58085.0,1.5,,244.0,,,2025,38467.0,,False,1.51,,1.8,,
1997-09-01,E09000002,Barking and Dagenham,57879.0,-0.4,,214.0,,,2025,38467.0,,False,1.5,,1.8,,
1997-10-01,E09000002,Barking and Dagenham,58798.0,1.6,,244.0,,,2025,38467.0,,False,1.53,,1.8,,
1997-11-01,E09000002,Barking and Dagenham,59183.0,0.7,,188.0,,,2025,38467.0,,False,1.54,,1.8,,
1997-12-01,E09000002,Barking and Dagenham,59646.0,0.8,,185.0,,,2025,38467.0,,False,1.55,,1.9,,
1998-01-01,E09000002,Barking and Dagenham,59167.0,-0.8,,152.0,,,2025,38467.0,,False,1.54,,1.8,,
1998-02-01,E09000002,Barking and Dagenham,58962.0,-0.3,,153.0,,,2025,38467.0,,False,1.53,,1.8,,
1998-03-01,E09000002,Barking and Dagenham,59526.0,1.0,,190.0,,,2025,38467.0,,False,1.55,,1.9,,
1998-04-01,E09000002,Barking and Dagenham,60849.0,2.2,,202.0,,,2025,38467.0,,False,1.58,,1.9,,
1998-05-01,E09000002,Barking and Dagenham,62042.0,2.0,,206.0,,,2025,38467.0,,False,1.61,,1.9,,
1998-06-01,E09000002,Barking and Dagenham,62275.0,0.4,,191.0,,,2025,38467.0,,False,1.62,,1.9,,
1998-07-01,E09000002,Barking and Dagenham,62100.0,-0.3,,321.0,,,2025,38467.0,,False,1.61,,1.9,,
1998-08-01,E09000002,Barking and Dagenham,62537.0,0.7,,221.0,,,2025,38467.0,,False,1.63,,2.0,,
1998-09-01,E09000002,Barking and Dagenham,63202.0,1.1,,236.0,,,2025,38467.0,,False,1.64,,2.0,,
1998-10-01,E09000002,Barking and Dagenham,63737.0,0.8,,242.0,,,2025,38467.0,,False,1.66,,2.0,,
1998-11-01,E09000002,Barking and Dagenham,63978.0,0.4,,202.0,,,2025,38467.0,,False,1.66,,2.0,,
1998-12-01,E09000002,Barking and Dagenham,65261.0,2.0,,180.0,,,2025,38467.0,,False,1.7,,2.0,,
1999-01-01,E09000002,Barking and Dagenham,66334.0,1.6,,177.0,,,2025,38467.0,,False,1.72,,2.1,,
1999-02-01,E09000002,Barking and Dagenham,65958.0,-0.6,,141.0,,,2025,38467.0,,False,1.71,,2.1,,
1999-03-01,E09000002,Barking and Dagenham,65302.0,-1.0,,197.0,,,2025,38467.0,,False,1.7,,2.0,,
1999-04-01,E09000002,Barking and Dagenham,65356.0,0.1,,225.0,,,2025,38467.0,,False,1.7,,2.0,,
1999-05-01,E09000002,Barking and Dagenham,66310.0,1.5,,197.0,,,2025,38467.0,,False,1.72,,2.1,,
1999-06-01,E09000002,Barking and Dagenham,66511.0,0.3,,251.0,,,2025,38467.0,,False,1.73,,2.1,,
1999-07-01,E09000002,Barking and Dagenham,66734.0,0.3,,304.0,,,2025,38467.0,,False,1.73,,2.1,,
1999-08-01,E09000002,Barking and Dagenham,67212.0,0.7,,231.0,,,2025,38467.0,,False,1.75,,2.1,,
1999-09-01,E09000002,Barking and Dagenham,67847.0,0.9,,204.0,,,2025,38467.0,,False,1.76,,2.1,,
1999-10-01,E09000002,Barking and Dagenham,68221.0,0.6,,238.0,,,2025,38467.0,,False,1.77,,2.1,,
1999-11-01,E09000002,Barking and Dagenham,69225.0,1.5,,254.0,,,2025,38467.0,,False,1.8,,2.2,,
1999-12-01,E09000002,Barking and Dagenham,70734.0,2.2,,267.0,,,2025,38467.0,,False,1.84,,2.2,,
2000-01-01,E09000002,Barking and Dagenham,73064.0,3.3,,182.0,,,2025,38467.0,,False,1.9,,2.3,,
2000-02-01,E09000002,Barking and Dagenham,74662.0,2.2,,191.0,,,2025,38467.0,,False,1.94,,2.3,,
2000-03-01,E09000002,Barking and Dagenham,75680.0,1.4,,216.0,,,2025,38467.0,,False,1.97,,2.4,,
2000-04-01,E09000002,Barking and Dagenham,75862.0,0.2,,214.0,,,2025,38467.0,,False,1.97,,2.4,,
2000-05-01,E09000002,Barking and Dagenham,77224.0,1.8,,240.0,,,2025,38467.0,,False,2.01,,2.4,,
2000-06-01,E09000002,Barking and Dagenham,79088.0,2.4,,294.0,,,2025,38467.0,,False,2.06,,2.5,,
2000-07-01,E09000002,Barking and Dagenham,81071.0,2.5,,305.0,,,2025,38467.0,,False,2.11,,2.5,,
2000-08-01,E09000002,Barking and Dagenham,82389.0,1.6,,240.0,,,2025,38467.0,,False,2.14,,2.6,,
2000-09-01,E09000002,Barking and Dagenham,84044.0,2.0,,223.0,,,2025,38467.0,,False,2.18,,2.6,,
2000-10-01,E09000002,Barking and Dagenham,84806.0,0.9,,196.0,,,2025,38467.0,,False,2.2,,2.6,,
2000-11-01,E09000002,Barking and Dagenham,84687.0,-0.1,,227.0,,,2025,38467.0,,False,2.2,,2.6,,
2000-12-01,E09000002,Barking and Dagenham,84009.0,-0.8,,285.0,,,2025,38467.0,,False,2.18,,2.6,,
2001-01-01,E09000002,Barking and Dagenham,84643.0,0.8,,215.0,,,2025,38467.0,,False,2.2,,2.6,,
2001-02-01,E09000002,Barking and Dagenham,85591.0,1.1,,238.0,,,2025,38467.0,,False,2.23,,2.7,,
2001-03-01,E09000002,Barking and Dagenham,86406.0,1.0,,274.0,,,2025,38467.0,,False,2.25,,2.7,,
2001-04-01,E09000002,Barking and Dagenham,86310.0,-0.1,,241.0,,,2025,38467.0,,False,2.24,,2.7,,
2001-05-01,E09000002,Barking and Dagenham,87501.0,1.4,,283.0,,,2025,38467.0,,False,2.27,,2.7,,
2001-06-01,E09000002,Barking and Dagenham,89155.0,1.9,,292.0,,,2025,38467.0,,False,2.32,,2.8,,
2001-07-01,E09000002,Barking and Dagenham,91685.0,2.8,,289.0,,,2025,38467.0,,False,2.38,,2.9,,
2001-08-01,E09000002,Barking and Dagenham,92988.0,1.4,,321.0,,,2025,38467.0,,False,2.42,,2.9,,
2001-09-01,E09000002,Barking and Dagenham,95197.0,2.4,,251.0,,,2025,38467.0,,False,2.47,,3.0,,
2001-10-01,E09000002,Barking and Dagenham,96198.0,1.1,,270.0,,,2025,38467.0,,False,2.5,,3.0,,
2001-11-01,E09000002,Barking and Dagenham,98596.0,2.5,,282.0,,,2025,38467.0,,False,2.56,,3.1,,
2001-12-01,E09000002,Barking and Dagenham,99413.0,0.8,,247.0,,,2025,38467.0,,False,2.58,,3.1,,
2002-01-01,E09000002,Barking and Dagenham,101470.0,2.1,,216.0,,,2025,38467.0,,False,2.64,,3.2,,
2002-02-01,E09000002,Barking and Dagenham,103028.0,1.5,,198.0,,,2025,38467.0,,False,2.68,,3.2,,
2002-03-01,E09000002,Barking and Dagenham,104472.0,1.4,,261.0,,,2025,38467.0,,False,2.72,,3.3,,
2002-04-01,E09000002,Barking and Dagenham,106786.0,2.2,,285.0,,,2025,38467.0,,False,2.78,,3.3,,
2002-05-01,E09000002,Barking and Dagenham,108714.0,1.8,,335.0,,,2025,38467.0,,False,2.83,,3.4,,
2002-06-01,E09000002,Barking and Dagenham,111648.0,2.7,,307.0,,,2025,38467.0,,False,2.9,,3.5,,
2002-07-01,E09000002,Barking and Dagenham,115111.0,3.1,,347.0,,,2025,38467.0,,False,2.99,,3.6,,
2002-08-01,E09000002,Barking and Dagenham,118776.0,3.2,,350.0,,,2025,38467.0,,False,3.09,,3.7,,
2002-09-01,E09000002,Barking and Dagenham,121636.0,2.4,,268.0,,,2025,38467.0,,False,3.16,,3.8,,
2002-10-01,E09000002,Barking and Dagenham,126374.0,3.9,,312.0,,,2025,38467.0,,False,3.29,,3.9,,
2002-11-01,E09000002,Barking and Dagenham,130872.0,3.6,,300.0,,,2025,38467.0,,False,3.4,,4.1,,
2002-12-01,E09000002,Barking and Dagenham,135388.0,3.5,,270.0,,,2025,38467.0,,False,3.52,,4.2,,
2003-01-01,E09000002,Barking and Dagenham,138513.0,2.3,,254.0,,,2025,38467.0,,False,3.6,,4.3,,
2003-02-01,E09000002,Barking and Dagenham,142055.0,2.6,,219.0,,,2025,38467.0,,False,3.69,,4.4,,
2003-03-01,E09000002,Barking and Dagenham,146178.0,2.9,,247.0,,,2025,38467.0,,False,3.8,,4.6,,
2003-04-01,E09000002,Barking and Dagenham,146163.0,0.0,,254.0,,,2025,38467.0,,False,3.8,,4.6,,
2003-05-01,E09000002,Barking and Dagenham,146785.0,0.4,,248.0,,,2025,38467.0,,False,3.82,,4.6,,
2003-06-01,E09000002,Barking and Dagenham,145922.0,-0.6,,325.0,,,2025,38467.0,,False,3.79,,4.6,,
2003-07-01,E09000002,Barking and Dagenham,146195.0,0.2,,329.0,,,2025,38467.0,,False,3.8,,4.6,,
2003-08-01,E09000002,Barking and Dagenham,146780.0,0.4,,339.0,,,2025,38467.0,,False,3.82,,4.6,,
2003-09-01,E09000002,Barking and Dagenham,145665.0,-0.8,,361.0,,,2025,38467.0,,False,3.79,,4.5,,
2003-10-01,E09000002,Barking and Dagenham,149189.0,2.4,,347.0,,,2025,38467.0,,False,3.88,,4.7,,
2003-11-01,E09000002,Barking and Dagenham,150418.0,0.8,,318.0,,,2025,38467.0,,False,3.91,,4.7,,
2003-12-01,E09000002,Barking and Dagenham,153882.0,2.3,,374.0,,,2025,38467.0,,False,4.0,,4.8,,
2004-01-01,E09000002,Barking and Dagenham,154308.0,0.3,,321.0,,,2025,38467.0,,False,4.01,,4.8,,
2004-02-01,E09000002,Barking and Dagenham,156952.0,1.7,,297.0,,,2025,38467.0,,False,4.08,,4.9,,
2004-03-01,E09000002,Barking and Dagenham,157881.0,0.6,,368.0,,,2025,38467.0,,False,4.1,,4.9,,
2004-04-01,E09000002,Barking and Dagenham,158315.0,0.3,,302.0,,,2025,38467.0,,False,4.12,,4.9,,
2004-05-01,E09000002,Barking and Dagenham,158672.0,0.2,,322.0,,,2025,38467.0,,False,4.12,,4.9,,
2004-06-01,E09000002,Barking and Dagenham,161334.0,1.7,,351.0,,,2025,38467.0,,False,4.19,,5.0,,
2004-07-01,E09000002,Barking and Dagenham,163674.0,1.5,,330.0,,,2025,38467.0,,False,4.25,,5.1,,
2004-08-01,E09000002,Barking and Dagenham,165106.0,0.9,,316.0,,,2025,38467.0,,False,4.29,,5.2,,
2004-09-01,E09000002,Barking and Dagenham,167369.0,1.4,,292.0,,,2025,38467.0,,False,4.35,,5.2,,
2004-10-01,E09000002,Barking and Dagenham,169014.0,1.0,,254.0,,,2025,38467.0,,False,4.39,,5.3,,
2004-11-01,E09000002,Barking and Dagenham,169785.0,0.5,,255.0,,,2025,38467.0,,False,4.41,,5.3,,
2004-12-01,E09000002,Barking and Dagenham,168714.0,-0.6,,208.0,,,2025,38467.0,,False,4.39,,5.3,,
2005-01-01,E09000002,Barking and Dagenham,169078.0,0.2,,183.0,,,2025,38467.0,,False,4.4,,5.3,,
2005-02-01,E09000002,Barking and Dagenham,166857.0,-1.3,,168.0,,,2025,38467.0,,False,4.34,,5.2,,
2005-03-01,E09000002,Barking and Dagenham,166449.0,-0.2,,213.0,,,2025,38467.0,,False,4.33,,5.2,,
2005-04-01,E09000002,Barking and Dagenham,167317.0,0.5,,191.0,,,2025,38467.0,,False,4.35,,5.2,,
2005-05-01,E09000002,Barking and Dagenham,168580.0,0.8,,223.0,,,2025,38467.0,,False,4.38,,5.3,,
2005-06-01,E09000002,Barking and Dagenham,170400.0,1.1,,275.0,,,2025,38467.0,,False,4.43,,5.3,,
2005-07-01,E09000002,Barking and Dagenham,166964.0,-2.0,,303.0,,,2025,38467.0,,False,4.34,,5.2,,
2005-08-01,E09000002,Barking and Dagenham,168581.0,1.0,,279.0,,,2025,38467.0,,False,4.38,,5.3,,
2005-09-01,E09000002,Barking and Dagenham,167667.0,-0.5,,263.0,,,2025,38467.0,,False,4.36,,5.2,,
2005-10-01,E09000002,Barking and Dagenham,168764.0,0.7,,262.0,,,2025,38467.0,,False,4.39,,5.3,,
2005-11-01,E09000002,Barking and Dagenham,167239.0,-0.9,,267.0,,,2025,38467.0,,False,4.35,,5.2,,
2005-12-01,E09000002,Barking and Dagenham,167184.0,0.0,,263.0,,,2025,38467.0,,False,4.35,,5.2,,
2006-01-01,E09000002,Barking and Dagenham,166874.0,-0.2,,208.0,,,2025,38467.0,,False,4.34,,5.2,,
2006-02-01,E09000002,Barking and Dagenham,167577.0,0.4,,256.0,,,2025,38467.0,,False,4.36,,5.2,,
2006-03-01,E09000002,Barking and Dagenham,166529.0,-0.6,,295.0,,,2025,38467.0,,False,4.33,,5.2,,
2006-04-01,E09000002,Barking and Dagenham,168790.0,1.4,,253.0,,,2025,38467.0,,False,4.39,,5.3,,
2006-05-01,E09000002,Barking and Dagenham,170686.0,1.1,,262.0,,,2025,38467.0,,False,4.44,,5.3,,
2006-06-01,E09000002,Barking and Dagenham,173733.0,1.8,,341.0,,,2025,38467.0,,False,4.52,,5.4,,
2006-07-01,E09000002,Barking and Dagenham,174958.0,0.7,,352.0,,,2025,38467.0,,False,4.55,,5.5,,
2006-08-01,E09000002,Barking and Dagenham,175958.0,0.6,,345.0,,,2025,38467.0,,False,4.57,,5.5,,
2006-09-01,E09000002,Barking and Dagenham,175006.0,-0.5,,314.0,,,2025,38467.0,,False,4.55,,5.5,,
2006-10-01,E09000002,Barking and Dagenham,174842.0,-0.1,,334.0,,,2025,38467.0,,False,4.55,,5.5,,
2006-11-01,E09000002,Barking and Dagenham,176391.0,0.9,,366.0,,,2025,38467.0,,False,4.59,,5.5,,
2006-12-01,E09000002,Barking and Dagenham,179153.0,1.6,,328.0,,,2025,38467.0,,False,4.66,,5.6,,
2007-01-01,E09000002,Barking and Dagenham,181509.0,1.3,,257.0,,,2025,38467.0,,False,4.72,,5.7,,
2007-02-01,E09000002,Barking and Dagenham,181996.0,0.3,,285.0,,,2025,38467.0,,False,4.73,,5.7,,
2007-03-01,E09000002,Barking and Dagenham,184011.0,1.1,,337.0,,,2025,38467.0,,False,4.78,,5.7,,
2007-04-01,E09000002,Barking and Dagenham,184870.0,0.5,,284.0,,,2025,38467.0,,False,4.81,,5.8,,
2007-05-01,E09000002,Barking and Dagenham,186907.0,1.1,,325.0,,,2025,38467.0,,False,4.86,,5.8,,
2007-06-01,E09000002,Barking and Dagenham,188601.0,0.9,,435.0,,,2025,38467.0,,False,4.9,,5.9,,
2007-07-01,E09000002,Barking and Dagenham,191122.0,1.3,,372.0,,,2025,38467.0,,False,4.97,,6.0,,
2007-08-01,E09000002,Barking and Dagenham,192569.0,0.8,,389.0,,,2025,38467.0,,False,5.01,,6.0,,
2007-09-01,E09000002,Barking and Dagenham,195536.0,1.5,,305.0,,,2025,38467.0,,False,5.08,,6.1,,
2007-10-01,E09000002,Barking and Dagenham,196927.0,0.7,,404.0,,,2025,38467.0,,False,5.12,,6.1,,
2007-11-01,E09000002,Barking and Dagenham,199010.0,1.1,,325.0,,,2025,38467.0,,False,5.17,,6.2,,
2007-12-01,E09000002,Barking and Dagenham,197834.0,-0.6,,267.0,,,2025,38467.0,,False,5.14,,6.2,,
2008-01-01,E09000002,Barking and Dagenham,199660.0,0.9,,215.0,,,2025,38467.0,,False,5.19,,6.2,,
2008-02-01,E09000002,Barking and Dagenham,199109.0,-0.3,,228.0,,,2025,38467.0,,False,5.18,,6.2,,
2008-03-01,E09000002,Barking and Dagenham,201739.0,1.3,,198.0,,,2025,38467.0,,False,5.24,,6.3,,
2008-04-01,E09000002,Barking and Dagenham,198321.0,-1.7,,200.0,,,2025,38467.0,,False,5.16,,6.2,,
2008-05-01,E09000002,Barking and Dagenham,198980.0,0.3,,145.0,,,2025,38467.0,,False,5.17,,6.2,,
2008-06-01,E09000002,Barking and Dagenham,196054.0,-1.5,,151.0,,,2025,38467.0,,False,5.1,,6.1,,
2008-07-01,E09000002,Barking and Dagenham,196403.0,0.2,,110.0,,,2025,38467.0,,False,5.11,,6.1,,
2008-08-01,E09000002,Barking and Dagenham,194381.0,-1.0,,107.0,,,2025,38467.0,,False,5.05,,6.1,,
2008-09-01,E09000002,Barking and Dagenham,189816.0,-2.3,,85.0,,,2025,38467.0,,False,4.93,,5.9,,
2008-10-01,E09000002,Barking and Dagenham,182890.0,-3.6,,85.0,,,2025,38467.0,,False,4.75,,5.7,,
2008-11-01,E09000002,Barking and Dagenham,179261.0,-2.0,,75.0,,,2025,38467.0,,False,4.66,,5.6,,
2008-12-01,E09000002,Barking and Dagenham,174462.0,-2.7,,89.0,,,2025,38467.0,,False,4.54,,5.4,,
2009-01-01,E09000002,Barking and Dagenham,171457.0,-1.7,,48.0,,,2025,38467.0,,False,4.46,,5.3,,
2009-02-01,E09000002,Barking and Dagenham,166400.0,-2.9,,51.0,,,2025,38467.0,,False,4.33,,5.2,,
2009-03-01,E09000002,Barking and Dagenham,161191.0,-3.1,,54.0,,,2025,38467.0,,False,4.19,,5.0,,
2009-04-01,E09000002,Barking and Dagenham,156460.0,-2.9,,63.0,,,2025,38467.0,,False,4.07,,4.9,,
2009-05-01,E09000002,Barking and Dagenham,152579.0,-2.5,,67.0,,,2025,38467.0,,False,3.97,,4.8,,
2009-06-01,E09000002,Barking and Dagenham,154388.0,1.2,,88.0,,,2025,38467.0,,False,4.01,,4.8,,
2009-07-01,E09000002,Barking and Dagenham,158409.0,2.6,,110.0,,,2025,38467.0,,False,4.12,,4.9,,
2009-08-01,E09000002,Barking and Dagenham,160637.0,1.4,,120.0,,,2025,38467.0,,False,4.18,,5.0,,
2009-09-01,E09000002,Barking and Dagenham,160179.0,-0.3,,171.0,,,2025,38467.0,,False,4.16,,5.0,,
2009-10-01,E09000002,Barking and Dagenham,161050.0,0.5,,145.0,,,2025,38467.0,,False,4.19,,5.0,,
2009-11-01,E09000002,Barking and Dagenham,161665.0,0.4,,158.0,,,2025,38467.0,,False,4.2,,5.0,,
2009-12-01,E09000002,Barking and Dagenham,165382.0,2.3,,187.0,,,2025,38467.0,,False,4.3,,5.2,,
2010-01-01,E09000002,Barking and Dagenham,167455.0,1.3,,73.0,,,2025,38467.0,,False,4.35,,5.2,,
2010-02-01,E09000002,Barking and Dagenham,167576.0,0.1,,105.0,,,2025,38467.0,,False,4.36,,5.2,,
2010-03-01,E09000002,Barking and Dagenham,167379.0,-0.1,,134.0,,,2025,38467.0,,False,4.35,,5.2,,
2010-04-01,E09000002,Barking and Dagenham,167302.0,0.0,,123.0,,,2025,38467.0,,False,4.35,,5.2,,
2010-05-01,E09000002,Barking and Dagenham,169508.0,1.3,,124.0,,,2025,38467.0,,False,4.41,,5.3,,
2010-06-01,E09000002,Barking and Dagenham,171816.0,1.4,,146.0,,,2025,38467.0,,False,4.47,,5.4,,
2010-07-01,E09000002,Barking and Dagenham,173371.0,0.9,,156.0,,,2025,38467.0,,False,4.51,,5.4,,
2010-08-01,E09000002,Barking and Dagenham,174970.0,0.9,,124.0,,,2025,38467.0,,False,4.55,,5.5,,
2010-09-01,E09000002,Barking and Dagenham,175008.0,0.0,,113.0,,,2025,38467.0,,False,4.55,,5.5,,
2010-10-01,E09000002,Barking and Dagenham,175055.0,0.0,,116.0,,,2025,38467.0,,False,4.55,,5.5,,
2010-11-01,E09000002,Barking and Dagenham,173977.0,-0.6,,118.0,,,2025,38467.0,,False,4.52,,5.4,,
2010-12-01,E09000002,Barking and Dagenham,171135.0,-1.6,,121.0,,,2025,38467.0,,False,4.45,,5.3,,
2011-01-01,E09000002,Barking and Dagenham,168397.0,-1.6,,92.0,,,2025,38467.0,,False,4.38,,5.3,,
2011-02-01,E09000002,Barking and Dagenham,167022.0,-0.8,,94.0,,,2025,38467.0,,False,4.34,,5.2,,
2011-03-01,E09000002,Barking and Dagenham,166175.0,-0.5,,136.0,,,2025,38467.0,,False,4.32,,5.2,,
2011-04-01,E09000002,Barking and Dagenham,166937.0,0.5,,117.0,,,2025,38467.0,,False,4.34,,5.2,,
2011-05-01,E09000002,Barking and Dagenham,167248.0,0.2,,109.0,,,2025,38467.0,,False,4.35,,5.2,,
2011-06-01,E09000002,Barking and Dagenham,166837.0,-0.2,,135.0,,,2025,38467.0,,False,4.34,,5.2,,
2011-07-01,E09000002,Barking and Dagenham,165389.0,-0.9,,127.0,,,2025,38467.0,,False,4.3,,5.2,,
2011-08-01,E09000002,Barking and Dagenham,168043.0,1.6,,127.0,,,2025,38467.0,,False,4.37,,5.2,,
2011-09-01,E09000002,Barking and Dagenham,171525.0,2.1,,145.0,,,2025,38467.0,,False,4.46,,5.4,,
2011-10-01,E09000002,Barking and Dagenham,172171.0,0.4,,141.0,,,2025,38467.0,,False,4.48,,5.4,,
