data/exports/mart_london_affordability_monthly.csv
date_month,area_code,area_name,average_price,hpi_index,house_price_yoy_pct,sales_volume,avg_monthly_rent,rent_yoy_pct,earnings_year,median_gross_annual_pay,earnings_yoy_pct,earnings_fallback_used,price_to_earnings_ratio,annual_rent_to_earnings_ratio,months_to_save_10pct_deposit,rent_growth_minus_income_growth_pct,house_price_growth_minus_income_growth_pct
2011-11-01,E09000002,Barking and Dagenham,169451.0,-1.6,,124.0,,,2025,38467.0,,False,4.41,,5.3,,
2011-12-01,E09000002,Barking and Dagenham,167174.0,-1.3,,111.0,,,2025,38467.0,,False,4.35,,5.2,,
2012-01-01,E09000002,Barking and Dagenham,168477.0,0.8,,81.0,,,2025,38467.0,,False,4.38,,5.3,,
2012-02-01,E09000002,Barking and Dagenham,168177.0,-0.2,,122.0,,,2025,38467.0,,False,4.37,,5.2,,
2012-03-01,E09000002,Barking and Dagenham,169030.0,0.5,,162.0,,,2025,38467.0,,False,4.39,,5.3,,
2012-04-01,E09000002,Barking and Dagenham,169332.0,0.2,,68.0,,,2025,38467.0,,False,4.4,,5.3,,
2012-05-01,E09000002,Barking and Dagenham,171153.0,1.1,,101.0,,,2025,38467.0,,False,4.45,,5.3,,
2012-06-01,E09000002,Barking and Dagenham,172743.0,0.9,,127.0,,,2025,38467.0,,False,4.49,,5.4,,
2012-07-01,E09000002,Barking and Dagenham,172700.0,0.0,,134.0,,,2025,38467.0,,False,4.49,,5.4,,
2012-08-01,E09000002,Barking and Dagenham,170821.0,-1.1,,122.0,,,2025,38467.0,,False,4.44,,5.3,,
2012-09-01,E09000002,Barking and Dagenham,169921.0,-0.5,,90.0,,,2025,38467.0,,False,4.42,,5.3,,
2012-10-01,E09000002,Barking and Dagenham,169945.0,0.0,,102.0,,,2025,38467.0,,False,4.42,,5.3,,
2012-11-01,E09000002,Barking and Dagenham,171159.0,0.7,,119.0,,,2025,38467.0,,False,4.45,,5.3,,
2012-12-01,E09000002,Barking and Dagenham,172500.0,0.8,,114.0,,,2025,38467.0,,False,4.48,,5.4,,
2013-01-01,E09000002,Barking and Dagenham,172609.0,0.1,,92.0,,,2025,38467.0,,False,4.49,,5.4,,
2013-02-01,E09000002,Barking and Dagenham,174194.0,0.9,,120.0,,,2025,38467.0,,False,4.53,,5.4,,
2013-03-01,E09000002,Barking and Dagenham,174146.0,0.0,,96.0,,,2025,38467.0,,False,4.53,,5.4,,
2013-04-01,E09000002,Barking and Dagenham,174715.0,0.3,,107.0,,,2025,38467.0,,False,4.54,,5.5,,
2013-05-01,E09000002,Barking and Dagenham,175237.0,0.3,,135.0,,,2025,38467.0,,False,4.56,,5.5,,
2013-06-01,E09000002,Barking and Dagenham,177474.0,1.3,,132.0,,,2025,38467.0,,False,4.61,,5.5,,
2013-07-01,E09000002,Barking and Dagenham,179481.0,1.1,,165.0,,,2025,38467.0,,False,4.67,,5.6,,
2013-08-01,E09000002,Barking and Dagenham,178572.0,-0.5,,192.0,,,2025,38467.0,,False,4.64,,5.6,,
2013-09-01,E09000002,Barking and Dagenham,179642.0,0.6,,147.0,,,2025,38467.0,,False,4.67,,5.6,,
2013-10-01,E09000002,Barking and Dagenham,181759.0,1.2,,175.0,,,2025,38467.0,,False,4.73,,5.7,,
2013-11-01,E09000002,Barking and Dagenham,186990.0,2.9,,215.0,,,2025,38467.0,,False,4.86,,5.8,,
2013-12-01,E09000002,Barking and Dagenham,188213.0,0.7,,212.0,,,2025,38467.0,,False,4.89,,5.9,,
2014-01-01,E09000002,Barking and Dagenham,190047.0,1.0,,127.0,,,2025,38467.0,,False,4.94,,5.9,,
2014-02-01,E09000002,Barking and Dagenham,190607.0,0.3,,156.0,,,2025,38467.0,,False,4.96,,5.9,,
2014-03-01,E09000002,Barking and Dagenham,195180.0,2.4,,158.0,,,2025,38467.0,,False,5.07,,6.1,,
2014-04-01,E09000002,Barking and Dagenham,198469.0,1.7,,157.0,,,2025,38467.0,,False,5.16,,6.2,,
2014-05-01,E09000002,Barking and Dagenham,202112.0,1.8,,166.0,,,2025,38467.0,,False,5.25,,6.3,,
2014-06-01,E09000002,Barking and Dagenham,203571.0,0.7,,162.0,,,2025,38467.0,,False,5.29,,6.4,,
2014-07-01,E09000002,Barking and Dagenham,207576.0,2.0,,209.0,,,2025,38467.0,,False,5.4,,6.5,,
2014-08-01,E09000002,Barking and Dagenham,210699.0,1.5,,202.0,,,2025,38467.0,,False,5.48,,6.6,,
2014-09-01,E09000002,Barking and Dagenham,216289.0,2.7,,185.0,,,2025,38467.0,,False,5.62,,6.7,,
2014-10-01,E09000002,Barking and Dagenham,219877.0,1.7,,237.0,,,2025,38467.0,,False,5.72,,6.9,,
2014-11-01,E09000002,Barking and Dagenham,222681.0,1.3,,201.0,,,2025,38467.0,,False,5.79,,6.9,,
2014-12-01,E09000002,Barking and Dagenham,224381.0,0.8,,299.0,,,2025,38467.0,,False,5.83,,7.0,,
2015-01-01,E09000002,Barking and Dagenham,226217.0,0.8,,204.0,964.0,,2025,38467.0,,False,5.88,0.3,7.1,,
2015-02-01,E09000002,Barking and Dagenham,229145.0,1.3,,184.0,975.0,,2025,38467.0,,False,5.96,0.3,7.1,,
2015-03-01,E09000002,Barking and Dagenham,228629.0,-0.2,,183.0,988.0,,2025,38467.0,,False,5.94,0.31,7.1,,
2015-04-01,E09000002,Barking and Dagenham,228382.0,-0.1,,162.0,999.0,,2025,38467.0,,False,5.94,0.31,7.1,,
2015-05-01,E09000002,Barking and Dagenham,228021.0,-0.2,,167.0,1001.0,,2025,38467.0,,False,5.93,0.31,7.1,,
2015-06-01,E09000002,Barking and Dagenham,233914.0,2.6,,218.0,1004.0,,2025,38467.0,,False,6.08,0.31,7.3,,
2015-07-01,E09000002,Barking and Dagenham,242285.0,3.6,,200.0,1007.0,,2025,38467.0,,False,6.3,0.31,7.6,,
2015-08-01,E09000002,Barking and Dagenham,248486.0,2.6,,185.0,1010.0,,2025,38467.0,,False,6.46,0.32,7.8,,
2015-09-01,E09000002,Barking and Dagenham,250279.0,0.7,,209.0,1020.0,,2025,38467.0,,False,6.51,0.32,7.8,,
2015-10-01,E09000002,Barking and Dagenham,250340.0,0.0,,235.0,1033.0,,2025,38467.0,,False,6.51,0.32,7.8,,
2015-11-01,E09000002,Barking and Dagenham,253853.0,1.4,,221.0,1045.0,,2025,38467.0,,False,6.6,0.33,7.9,,
2015-12-01,E09000002,Barking and Dagenham,260216.0,2.5,,237.0,1051.0,,2025,38467.0,,False,6.76,0.33,8.1,,
2016-01-01,E09000002,Barking and Dagenham,265985.0,2.2,,158.0,1055.0,9.436673,2025,38467.0,,False,6.91,0.33,8.3,,
2016-02-01,E09000002,Barking and Dagenham,270203.0,1.6,,214.0,1059.0,8.589223,2025,38467.0,,False,7.02,0.33,8.4,,
2016-03-01,E09000002,Barking and Dagenham,273644.0,1.3,,351.0,1068.0,8.109718,2025,38467.0,,False,7.11,0.33,8.5,,
2016-04-01,E09000002,Barking and Dagenham,274194.0,0.2,,137.0,1085.0,8.667448,2025,38467.0,,False,7.13,0.34,8.6,,
2016-05-01,E09000002,Barking and Dagenham,275568.0,0.5,,144.0,1102.0,10.081312,2025,38467.0,,False,7.16,0.34,8.6,,
2016-06-01,E09000002,Barking and Dagenham,276840.0,0.5,,179.0,1110.0,10.593251,2025,38467.0,,False,7.2,0.35,8.6,,
2016-07-01,E09000002,Barking and Dagenham,281902.0,1.8,,182.0,1111.0,10.304765,2025,38467.0,,False,7.33,0.35,8.8,,
2016-08-01,E09000002,Barking and Dagenham,287290.0,1.9,,159.0,1112.0,10.142586,2025,38467.0,,False,7.47,0.35,9.0,,
2016-09-01,E09000002,Barking and Dagenham,291576.0,1.5,,187.0,1116.0,9.414516,2025,38467.0,,False,7.58,0.35,9.1,,
2016-10-01,E09000002,Barking and Dagenham,294204.0,0.9,,160.0,1122.0,8.568361,2025,38467.0,,False,7.65,0.35,9.2,,
2016-11-01,E09000002,Barking and Dagenham,293837.0,-0.1,,178.0,1126.0,7.744946,2025,38467.0,,False,7.64,0.35,9.2,,
2016-12-01,E09000002,Barking and Dagenham,293599.0,-0.1,,154.0,1131.0,7.638503,2025,38467.0,,False,7.63,0.35,9.2,,
2017-01-01,E09000002,Barking and Dagenham,290330.0,-1.1,,129.0,1134.0,7.507485,2025,38467.0,,False,7.55,0.35,9.1,,
2017-02-01,E09000002,Barking and Dagenham,288537.0,-0.6,,146.0,1138.0,7.401676,2025,38467.0,,False,7.5,0.36,9.0,,
2017-03-01,E09000002,Barking and Dagenham,285983.0,-0.9,,223.0,1140.0,6.714119,2025,38467.0,,False,7.43,0.36,8.9,,
2017-04-01,E09000002,Barking and Dagenham,288403.0,0.8,,125.0,1150.0,6.006386,2025,38467.0,,False,7.5,0.36,9.0,,
2017-05-01,E09000002,Barking and Dagenham,294006.0,1.9,,174.0,1160.0,5.294152,2025,38467.0,,False,7.64,0.36,9.2,,
2017-06-01,E09000002,Barking and Dagenham,297657.0,1.2,,192.0,1169.0,5.297328,2025,38467.0,,False,7.74,0.36,9.3,,
2017-07-01,E09000002,Barking and Dagenham,299874.0,0.7,,160.0,1173.0,5.635289,2025,38467.0,,False,7.8,0.37,9.4,,
2017-08-01,E09000002,Barking and Dagenham,299091.0,-0.3,,164.0,1180.0,6.083464,2025,38467.0,,False,7.78,0.37,9.3,,
2017-09-01,E09000002,Barking and Dagenham,300689.0,0.5,,178.0,1187.0,6.383762,2025,38467.0,,False,7.82,0.37,9.4,,
2017-10-01,E09000002,Barking and Dagenham,301584.0,0.3,,206.0,1190.0,6.108485,2025,38467.0,,False,7.84,0.37,9.4,,
2017-11-01,E09000002,Barking and Dagenham,302002.0,0.1,,193.0,1192.0,5.907931,2025,38467.0,,False,7.85,0.37,9.4,,
2017-12-01,E09000002,Barking and Dagenham,301096.0,-0.3,,180.0,1195.0,5.617148,2025,38467.0,,False,7.83,0.37,9.4,,
2018-01-01,E09000002,Barking and Dagenham,299691.0,-0.5,,154.0,1198.0,5.682718,2025,38467.0,,False,7.79,0.37,9.3,,
2018-02-01,E09000002,Barking and Dagenham,300954.0,0.4,,150.0,1201.0,5.5546,2025,38467.0,,False,7.82,0.37,9.4,,
2018-03-01,E09000002,Barking and Dagenham,299871.0,-0.4,,160.0,1197.0,5.038571,2025,38467.0,,False,7.8,0.37,9.4,,
2018-04-01,E09000002,Barking and Dagenham,299316.0,-0.2,,150.0,1196.0,3.959898,2025,38467.0,,False,7.78,0.37,9.3,,
2018-05-01,E09000002,Barking and Dagenham,298346.0,-0.3,,166.0,1194.0,2.922745,2025,38467.0,,False,7.76,0.37,9.3,,
2018-06-01,E09000002,Barking and Dagenham,302454.0,1.4,,172.0,1196.0,2.309578,2025,38467.0,,False,7.86,0.37,9.4,,
2018-07-01,E09000002,Barking and Dagenham,303191.0,0.2,,211.0,1197.0,2.048074,2025,38467.0,,False,7.88,0.37,9.5,,
2018-08-01,E09000002,Barking and Dagenham,304172.0,0.3,,151.0,1199.0,1.589962,2025,38467.0,,False,7.91,0.37,9.5,,
2018-09-01,E09000002,Barking and Dagenham,304703.0,0.2,,148.0,1199.0,0.991084,2025,38467.0,,False,7.92,0.37,9.5,,
2018-10-01,E09000002,Barking and Dagenham,308294.0,1.2,,161.0,1198.0,0.670308,2025,38467.0,,False,8.01,0.37,9.6,,
2018-11-01,E09000002,Barking and Dagenham,310925.0,0.9,,171.0,1197.0,0.440113,2025,38467.0,,False,8.08,0.37,9.7,,
2018-12-01,E09000002,Barking and Dagenham,309237.0,-0.5,,142.0,1199.0,0.321928,2025,38467.0,,False,8.04,0.37,9.6,,
2019-01-01,E09000002,Barking and Dagenham,305481.0,-1.2,,119.0,1200.0,0.105133,2025,38467.0,,False,7.94,0.37,9.5,,
2019-02-01,E09000002,Barking and Dagenham,302045.0,-1.1,,139.0,1202.0,0.061715,2025,38467.0,,False,7.85,0.37,9.4,,
2019-03-01,E09000002,Barking and Dagenham,302278.0,0.1,,156.0,1204.0,0.543406,2025,38467.0,,False,7.86,0.38,9.4,,
2019-04-01,E09000002,Barking and Dagenham,303716.0,0.5,,120.0,1205.0,0.798275,2025,38467.0,,False,7.9,0.38,9.5,,
2019-05-01,E09000002,Barking and Dagenham,303432.0,-0.1,,111.0,1212.0,1.525259,2025,38467.0,,False,7.89,0.38,9.5,,
2019-06-01,E09000002,Barking and Dagenham,302059.0,-0.5,,125.0,1219.0,1.915472,2025,38467.0,,False,7.85,0.38,9.4,,
2019-07-01,E09000002,Barking and Dagenham,305527.0,1.1,,180.0,1227.0,2.489488,2025,38467.0,,False,7.94,0.38,9.5,,
2019-08-01,E09000002,Barking and Dagenham,307811.0,0.7,,189.0,1228.0,2.460653,2025,38467.0,,False,8.0,0.38,9.6,,
2019-09-01,E09000002,Barking and Dagenham,313309.0,1.8,,140.0,1228.0,2.466772,2025,38467.0,,False,8.14,0.38,9.8,,
2019-10-01,E09000002,Barking and Dagenham,311627.0,-0.5,,140.0,1228.0,2.479543,2025,38467.0,,False,8.1,0.38,9.7,,
2019-11-01,E09000002,Barking and Dagenham,313020.0,0.4,,147.0,1229.0,2.611371,2025,38467.0,,False,8.14,0.38,9.8,,
2019-12-01,E09000002,Barking and Dagenham,308127.0,-1.6,,115.0,1230.0,2.617882,2025,38467.0,,False,8.01,0.38,9.6,,
2020-01-01,E09000002,Barking and Dagenham,311552.0,1.1,,128.0,1232.0,2.687815,2025,38467.0,,False,8.1,0.38,9.7,,
2020-02-01,E09000002,Barking and Dagenham,311555.0,0.0,,128.0,1235.0,2.746072,2025,38467.0,,False,8.1,0.39,9.7,,
2020-03-01,E09000002,Barking and Dagenham,308549.0,-1.0,,119.0,1237.0,2.760778,2025,38467.0,,False,8.02,0.39,9.6,,
2020-04-01,E09000002,Barking and Dagenham,299747.0,-2.9,,52.0,1238.0,2.725237,2025,38467.0,,False,7.79,0.39,9.4,,
2020-05-01,E09000002,Barking and Dagenham,298615.0,-0.4,,52.0,1238.0,2.151258,2025,38467.0,,False,7.76,0.39,9.3,,
2020-06-01,E09000002,Barking and Dagenham,307345.0,2.9,,96.0,1238.0,1.554533,2025,38467.0,,False,7.99,0.39,9.6,,
2020-07-01,E09000002,Barking and Dagenham,311582.0,1.4,,108.0,1239.0,0.986623,2025,38467.0,,False,8.1,0.39,9.7,,
2020-08-01,E09000002,Barking and Dagenham,312479.0,0.3,,121.0,1240.0,0.998087,2025,38467.0,,False,8.12,0.39,9.7,,
2020-09-01,E09000002,Barking and Dagenham,309235.0,-1.0,,121.0,1242.0,1.116104,2025,38467.0,,False,8.04,0.39,9.6,,
2020-10-01,E09000002,Barking and Dagenham,311275.0,0.7,,159.0,1243.0,1.262245,2025,38467.0,,False,8.09,0.39,9.7,,
2020-11-01,E09000002,Barking and Dagenham,312061.0,0.3,,127.0,1245.0,1.321851,2025,38467.0,,False,8.11,0.39,9.7,,
2020-12-01,E09000002,Barking and Dagenham,316866.0,1.5,,143.0,1246.0,1.326332,2025,38467.0,,False,8.24,0.39,9.9,,
2021-01-01,E09000002,Barking and Dagenham,318877.0,0.6,,117.0,1249.0,1.372404,2025,38467.0,,False,8.29,0.39,9.9,,
2021-02-01,E09000002,Barking and Dagenham,318730.0,0.0,,196.0,1252.0,1.404415,2025,38467.0,,False,8.29,0.39,9.9,,
2021-03-01,E09000002,Barking and Dagenham,313310.0,-1.7,,258.0,1255.0,1.427486,2025,38467.0,,False,8.14,0.39,9.8,,
2021-04-01,E09000002,Barking and Dagenham,313086.0,-0.1,,166.0,1255.0,1.370815,2025,38467.0,,False,8.14,0.39,9.8,,
2021-05-01,E09000002,Barking and Dagenham,313020.0,0.0,,148.0,1252.0,1.155031,2025,38467.0,,False,8.14,0.39,9.8,,
2021-06-01,E09000002,Barking and Dagenham,318847.0,1.9,,311.0,1250.0,0.986831,2025,38467.0,,False,8.29,0.39,9.9,,
2021-07-01,E09000002,Barking and Dagenham,312394.0,-2.0,,66.0,1249.0,0.820505,2025,38467.0,,False,8.12,0.39,9.7,,
2021-08-01,E09000002,Barking and Dagenham,315716.0,1.1,,107.0,1251.0,0.876921,2025,38467.0,,False,8.21,0.39,9.8,,
2021-09-01,E09000002,Barking and Dagenham,316978.0,0.4,,230.0,1254.0,0.989758,2025,38467.0,,False,8.24,0.39,9.9,,
2021-10-01,E09000002,Barking and Dagenham,325457.0,2.7,,112.0,1257.0,1.078794,2025,38467.0,,False,8.46,0.39,10.2,,
2021-11-01,E09000002,Barking and Dagenham,323183.0,-0.7,,141.0,1258.0,1.070945,2025,38467.0,,False,8.4,0.39,10.1,,
2021-12-01,E09000002,Barking and Dagenham,322533.0,-0.2,,133.0,1259.0,1.009315,2025,38467.0,,False,8.38,0.39,10.1,,
2022-01-01,E09000002,Barking and Dagenham,329845.0,2.3,,116.0,1260.0,0.855025,2025,38467.0,,False,8.57,0.39,10.3,,
2022-02-01,E09000002,Barking and Dagenham,335989.0,1.9,,120.0,1262.0,0.823668,2025,38467.0,,False,8.73,0.39,10.5,,
2022-03-01,E09000002,Barking and Dagenham,336821.0,0.2,,193.0,1266.0,0.921809,2025,38467.0,,False,8.76,0.39,10.5,,
2022-04-01,E09000002,Barking and Dagenham,333590.0,-1.0,,122.0,1271.0,1.236669,2025,38467.0,,False,8.67,0.4,10.4,,
2022-05-01,E09000002,Barking and Dagenham,333783.0,0.1,,120.0,1274.0,1.717521,2025,38467.0,,False,8.68,0.4,10.4,,
2022-06-01,E09000002,Barking and Dagenham,341627.0,2.4,,117.0,1276.0,2.071369,2025,38467.0,,False,8.88,0.4,10.7,,
2022-07-01,E09000002,Barking and Dagenham,345410.0,1.1,,156.0,1280.0,2.45295,2025,38467.0,,False,8.98,0.4,10.8,,
2022-08-01,E09000002,Barking and Dagenham,348217.0,0.8,,156.0,1284.0,2.623541,2025,38467.0,,False,9.05,0.4,10.9,,
2022-09-01,E09000002,Barking and Dagenham,348132.0,0.0,,176.0,1289.0,2.766213,2025,38467.0,,False,9.05,0.4,10.9,,
2022-10-01,E09000002,Barking and Dagenham,351148.0,0.9,,130.0,1293.0,2.917627,2025,38467.0,,False,9.13,0.4,11.0,,
2022-11-01,E09000002,Barking and Dagenham,352996.0,0.5,,135.0,1297.0,3.061814,2025,38467.0,,False,9.18,0.4,11.0,,
2022-12-01,E09000002,Barking and Dagenham,355046.0,0.6,,128.0,1299.0,3.200381,2025,38467.0,,False,9.23,0.41,11.1,,
2023-01-01,E09000002,Barking and Dagenham,352455.0,-0.7,,114.0,1301.0,3.288881,2025,38467.0,,False,9.16,0.41,11.0,,
2023-02-01,E09000002,Barking and Dagenham,348623.0,-1.1,,95.0,1304.0,3.30236,2025,38467.0,,False,9.06,0.41,10.9,,
2023-03-01,E09000002,Barking and Dagenham,344642.0,-1.1,,107.0,1309.0,3.3402,2025,38467.0,,False,8.96,0.41,10.8,,
2023-04-01,E09000002,Barking and Dagenham,346673.0,0.6,,67.0,1315.0,3.463257,2025,38467.0,,False,9.01,0.41,10.8,,
2023-05-01,E09000002,Barking and Dagenham,347444.0,0.2,,90.0,1320.0,3.621531,2025,38467.0,,False,9.03,0.41,10.8,,
2023-06-01,E09000002,Barking and Dagenham,348447.0,0.3,,94.0,1329.0,4.096481,2025,38467.0,,False,9.06,0.41,10.9,,
2023-07-01,E09000002,Barking and Dagenham,347658.0,-0.2,,85.0,1335.0,4.299373,2025,38467.0,,False,9.04,0.42,10.8,,
2023-08-01,E09000002,Barking and Dagenham,348326.0,0.2,,99.0,1341.0,4.450823,2025,38467.0,,False,9.06,0.42,10.9,,
2023-09-01,E09000002,Barking and Dagenham,345057.0,-0.9,,92.0,1347.0,4.476149,2025,38467.0,,False,8.97,0.42,10.8,,
2023-10-01,E09000002,Barking and Dagenham,344222.0,-0.2,,102.0,1355.0,4.738101,2025,38467.0,,False,8.95,0.42,10.7,,
2023-11-01,E09000002,Barking and Dagenham,345932.0,0.5,,100.0,1365.0,5.236726,2025,38467.0,,False,8.99,0.43,10.8,,
2023-12-01,E09000002,Barking and Dagenham,343985.0,-0.6,,71.0,1373.0,5.691888,2025,38467.0,,False,8.94,0.43,10.7,,
2024-01-01,E09000002,Barking and Dagenham,337600.0,-1.9,,102.0,1382.0,6.205943,2025,38467.0,,False,8.78,0.43,10.5,,
2024-02-01,E09000002,Barking and Dagenham,337057.0,-0.2,,90.0,1391.0,6.71208,2025,38467.0,,False,8.76,0.43,10.5,,
2024-03-01,E09000002,Barking and Dagenham,341999.0,1.5,,89.0,1403.0,7.235603,2025,38467.0,,False,8.89,0.44,10.7,,
2024-04-01,E09000002,Barking and Dagenham,343686.0,0.5,,73.0,1414.0,7.520668,2025,38467.0,,False,8.93,0.44,10.7,,
2024-05-01,E09000002,Barking and Dagenham,342340.0,-0.4,,115.0,1425.0,7.914354,2025,38467.0,,False,8.9,0.44,10.7,,
2024-06-01,E09000002,Barking and Dagenham,336012.0,-1.8,,100.0,1434.0,7.914417,2025,38467.0,,False,8.74,0.45,10.5,,
2024-07-01,E09000002,Barking and Dagenham,334773.0,-0.4,,100.0,1447.0,8.368594,2025,38467.0,,False,8.7,0.45,10.4,,
2024-08-01,E09000002,Barking and Dagenham,331942.0,-0.8,,113.0,1460.0,8.881663,2025,38467.0,,False,8.63,0.46,10.4,,
2024-09-01,E09000002,Barking and Dagenham,336208.0,1.3,,124.0,1475.0,9.569075,2025,38467.0,,False,8.74,0.46,10.5,,
2024-10-01,E09000002,Barking and Dagenham,343525.0,2.2,,132.0,1490.0,10.021326,2025,38467.0,,False,8.93,0.46,10.7,,
2024-11-01,E09000002,Barking and Dagenham,349704.0,1.8,,164.0,1501.0,10.013696,2025,38467.0,,False,9.09,0.47,10.9,,
2024-12-01,E09000002,Barking and Dagenham,355200.0,1.6,,127.0,1513.0,10.219109,2025,38467.0,,False,9.23,0.47,11.1,,
2025-01-01,E09000002,Barking and Dagenham,355052.0,0.0,,112.0,1523.0,10.211741,2025,38467.0,,False,9.23,0.48,11.1,,
2025-02-01,E09000002,Barking and Dagenham,359905.0,1.4,,134.0,1545.0,11.065165,2025,38467.0,,False,9.36,0.48,11.2,,
