data/exports/mart_london_affordability_monthly.csv
date_month,area_code,area_name,average_price,hpi_index,house_price_yoy_pct,sales_volume,avg_monthly_rent,rent_yoy_pct,earnings_year,median_gross_annual_pay,earnings_yoy_pct,earnings_fallback_used,price_to_earnings_ratio,annual_rent_to_earnings_ratio,months_to_save_10pct_deposit,rent_growth_minus_income_growth_pct,house_price_growth_minus_income_growth_pct
2025-03-01,E09000002,Barking and Dagenham,364186.0,1.2,,242.0,1568.0,11.700922,2025,38467.0,,False,9.47,0.49,11.4,,
2025-04-01,E09000002,Barking and Dagenham,362072.0,-0.6,,42.0,1591.0,12.561189,2025,38467.0,,False,9.41,0.5,11.3,,
2025-05-01,E09000002,Barking and Dagenham,360389.0,-0.5,,82.0,1613.0,13.249588,2025,38467.0,,False,9.37,0.5,11.2,,
2025-06-01,E09000002,Barking and Dagenham,354637.0,-1.6,,68.0,1633.0,13.93845,2025,38467.0,,False,9.22,0.51,11.1,,
2025-07-01,E09000002,Barking and Dagenham,358136.0,1.0,,101.0,1650.0,14.028069,2025,38467.0,,False,9.31,0.51,11.2,,
2025-08-01,E09000002,Barking and Dagenham,354168.0,-1.1,,101.0,1655.0,13.318226,2025,38467.0,,False,9.21,0.52,11.0,,
2025-09-01,E09000002,Barking and Dagenham,356635.0,0.7,,90.0,1659.0,12.473356,2025,38467.0,,False,9.27,0.52,11.1,,
2025-10-01,E09000002,Barking and Dagenham,359834.0,0.9,,90.0,1666.0,11.80531,2025,38467.0,,False,9.35,0.52,11.2,,
2025-11-01,E09000002,Barking and Dagenham,358255.0,-0.4,,76.0,1673.0,11.406167,2025,38467.0,,False,9.31,0.52,11.2,,
2025-12-01,E09000002,Barking and Dagenham,356415.0,-0.5,,,1678.0,10.888097,2025,38467.0,,False,9.27,0.52,11.1,,
2026-01-01,E09000002,Barking and Dagenham,359807.0,1.0,,,1681.0,10.406366,2025,38467.0,,False,9.35,0.52,11.2,,
1995-01-01,E09000003,Barnet,98948.0,,,332.0,,,2025,47141.0,,False,2.1,,2.5,,
1995-02-01,E09000003,Barnet,98848.0,-0.1,,327.0,,,2025,47141.0,,False,2.1,,2.5,,
1995-03-01,E09000003,Barnet,97848.0,-1.0,,384.0,,,2025,47141.0,,False,2.08,,2.5,,
1995-04-01,E09000003,Barnet,96273.0,-1.6,,304.0,,,2025,47141.0,,False,2.04,,2.5,,
1995-05-01,E09000003,Barnet,95737.0,-0.6,,393.0,,,2025,47141.0,,False,2.03,,2.4,,
1995-06-01,E09000003,Barnet,95577.0,-0.2,,436.0,,,2025,47141.0,,False,2.03,,2.4,,
1995-07-01,E09000003,Barnet,96992.0,1.5,,429.0,,,2025,47141.0,,False,2.06,,2.5,,
1995-08-01,E09000003,Barnet,97968.0,1.0,,425.0,,,2025,47141.0,,False,2.08,,2.5,,
1995-09-01,E09000003,Barnet,98936.0,1.0,,423.0,,,2025,47141.0,,False,2.1,,2.5,,
1995-10-01,E09000003,Barnet,98187.0,-0.8,,396.0,,,2025,47141.0,,False,2.08,,2.5,,
1995-11-01,E09000003,Barnet,96401.0,-1.8,,405.0,,,2025,47141.0,,False,2.04,,2.5,,
1995-12-01,E09000003,Barnet,96666.0,0.3,,435.0,,,2025,47141.0,,False,2.05,,2.5,,
1996-01-01,E09000003,Barnet,96642.0,0.0,,357.0,,,2025,47141.0,,False,2.05,,2.5,,
1996-02-01,E09000003,Barnet,98041.0,1.4,,358.0,,,2025,47141.0,,False,2.08,,2.5,,
1996-03-01,E09000003,Barnet,96959.0,-1.1,,454.0,,,2025,47141.0,,False,2.06,,2.5,,
1996-04-01,E09000003,Barnet,98003.0,1.1,,470.0,,,2025,47141.0,,False,2.08,,2.5,,
1996-05-01,E09000003,Barnet,96587.0,-1.4,,509.0,,,2025,47141.0,,False,2.05,,2.5,,
1996-06-01,E09000003,Barnet,97562.0,1.0,,554.0,,,2025,47141.0,,False,2.07,,2.5,,
1996-07-01,E09000003,Barnet,98056.0,0.5,,643.0,,,2025,47141.0,,False,2.08,,2.5,,
1996-08-01,E09000003,Barnet,101315.0,3.3,,574.0,,,2025,47141.0,,False,2.15,,2.6,,
1996-09-01,E09000003,Barnet,103408.0,2.1,,533.0,,,2025,47141.0,,False,2.19,,2.6,,
1996-10-01,E09000003,Barnet,103784.0,0.4,,594.0,,,2025,47141.0,,False,2.2,,2.6,,
1996-11-01,E09000003,Barnet,103053.0,-0.7,,557.0,,,2025,47141.0,,False,2.19,,2.6,,
1996-12-01,E09000003,Barnet,103074.0,0.0,,548.0,,,2025,47141.0,,False,2.19,,2.6,,
1997-01-01,E09000003,Barnet,104542.0,1.4,,468.0,,,2025,47141.0,,False,2.22,,2.7,,
1997-02-01,E09000003,Barnet,106151.0,1.5,,461.0,,,2025,47141.0,,False,2.25,,2.7,,
1997-03-01,E09000003,Barnet,107269.0,1.1,,429.0,,,2025,47141.0,,False,2.28,,2.7,,
1997-04-01,E09000003,Barnet,107345.0,0.1,,516.0,,,2025,47141.0,,False,2.28,,2.7,,
1997-05-01,E09000003,Barnet,109557.0,2.1,,561.0,,,2025,47141.0,,False,2.32,,2.8,,
1997-06-01,E09000003,Barnet,110960.0,1.3,,599.0,,,2025,47141.0,,False,2.35,,2.8,,
1997-07-01,E09000003,Barnet,113745.0,2.5,,726.0,,,2025,47141.0,,False,2.41,,2.9,,
1997-08-01,E09000003,Barnet,115331.0,1.4,,604.0,,,2025,47141.0,,False,2.45,,2.9,,
1997-09-01,E09000003,Barnet,119202.0,3.4,,656.0,,,2025,47141.0,,False,2.53,,3.0,,
1997-10-01,E09000003,Barnet,121467.0,1.9,,608.0,,,2025,47141.0,,False,2.58,,3.1,,
1997-11-01,E09000003,Barnet,122359.0,0.7,,541.0,,,2025,47141.0,,False,2.6,,3.1,,
1997-12-01,E09000003,Barnet,122534.0,0.1,,519.0,,,2025,47141.0,,False,2.6,,3.1,,
1998-01-01,E09000003,Barnet,122939.0,0.3,,437.0,,,2025,47141.0,,False,2.61,,3.1,,
1998-02-01,E09000003,Barnet,124098.0,0.9,,439.0,,,2025,47141.0,,False,2.63,,3.2,,
1998-03-01,E09000003,Barnet,126082.0,1.6,,506.0,,,2025,47141.0,,False,2.67,,3.2,,
1998-04-01,E09000003,Barnet,127801.0,1.4,,539.0,,,2025,47141.0,,False,2.71,,3.3,,
1998-05-01,E09000003,Barnet,130052.0,1.8,,514.0,,,2025,47141.0,,False,2.76,,3.3,,
1998-06-01,E09000003,Barnet,129927.0,-0.1,,551.0,,,2025,47141.0,,False,2.76,,3.3,,
1998-07-01,E09000003,Barnet,131571.0,1.3,,673.0,,,2025,47141.0,,False,2.79,,3.3,,
1998-08-01,E09000003,Barnet,132633.0,0.8,,593.0,,,2025,47141.0,,False,2.81,,3.4,,
1998-09-01,E09000003,Barnet,132928.0,0.2,,601.0,,,2025,47141.0,,False,2.82,,3.4,,
1998-10-01,E09000003,Barnet,133351.0,0.3,,495.0,,,2025,47141.0,,False,2.83,,3.4,,
1998-11-01,E09000003,Barnet,132680.0,-0.5,,490.0,,,2025,47141.0,,False,2.81,,3.4,,
1998-12-01,E09000003,Barnet,133391.0,0.5,,531.0,,,2025,47141.0,,False,2.83,,3.4,,
1999-01-01,E09000003,Barnet,133850.0,0.3,,417.0,,,2025,47141.0,,False,2.84,,3.4,,
1999-02-01,E09000003,Barnet,134728.0,0.7,,412.0,,,2025,47141.0,,False,2.86,,3.4,,
1999-03-01,E09000003,Barnet,134606.0,-0.1,,583.0,,,2025,47141.0,,False,2.86,,3.4,,
1999-04-01,E09000003,Barnet,135647.0,0.8,,557.0,,,2025,47141.0,,False,2.88,,3.5,,
1999-05-01,E09000003,Barnet,137248.0,1.2,,569.0,,,2025,47141.0,,False,2.91,,3.5,,
1999-06-01,E09000003,Barnet,140658.0,2.5,,706.0,,,2025,47141.0,,False,2.98,,3.6,,
1999-07-01,E09000003,Barnet,144365.0,2.6,,865.0,,,2025,47141.0,,False,3.06,,3.7,,
1999-08-01,E09000003,Barnet,148224.0,2.7,,721.0,,,2025,47141.0,,False,3.14,,3.8,,
1999-09-01,E09000003,Barnet,152314.0,2.8,,709.0,,,2025,47141.0,,False,3.23,,3.9,,
1999-10-01,E09000003,Barnet,154107.0,1.2,,669.0,,,2025,47141.0,,False,3.27,,3.9,,
1999-11-01,E09000003,Barnet,156800.0,1.7,,660.0,,,2025,47141.0,,False,3.33,,4.0,,
1999-12-01,E09000003,Barnet,158586.0,1.1,,619.0,,,2025,47141.0,,False,3.36,,4.0,,
2000-01-01,E09000003,Barnet,163005.0,2.8,,489.0,,,2025,47141.0,,False,3.46,,4.1,,
2000-02-01,E09000003,Barnet,166316.0,2.0,,463.0,,,2025,47141.0,,False,3.53,,4.2,,
2000-03-01,E09000003,Barnet,169648.0,2.0,,659.0,,,2025,47141.0,,False,3.6,,4.3,,
2000-04-01,E09000003,Barnet,172882.0,1.9,,550.0,,,2025,47141.0,,False,3.67,,4.4,,
2000-05-01,E09000003,Barnet,175799.0,1.7,,600.0,,,2025,47141.0,,False,3.73,,4.5,,
2000-06-01,E09000003,Barnet,179286.0,2.0,,615.0,,,2025,47141.0,,False,3.8,,4.6,,
2000-07-01,E09000003,Barnet,180873.0,0.9,,542.0,,,2025,47141.0,,False,3.84,,4.6,,
2000-08-01,E09000003,Barnet,184528.0,2.0,,544.0,,,2025,47141.0,,False,3.91,,4.7,,
2000-09-01,E09000003,Barnet,186271.0,0.9,,535.0,,,2025,47141.0,,False,3.95,,4.7,,
2000-10-01,E09000003,Barnet,187324.0,0.6,,475.0,,,2025,47141.0,,False,3.97,,4.8,,
2000-11-01,E09000003,Barnet,185889.0,-0.8,,500.0,,,2025,47141.0,,False,3.94,,4.7,,
2000-12-01,E09000003,Barnet,185964.0,0.0,,553.0,,,2025,47141.0,,False,3.94,,4.7,,
2001-01-01,E09000003,Barnet,186127.0,0.1,,450.0,,,2025,47141.0,,False,3.95,,4.7,,
2001-02-01,E09000003,Barnet,188921.0,1.5,,388.0,,,2025,47141.0,,False,4.01,,4.8,,
2001-03-01,E09000003,Barnet,189046.0,0.1,,537.0,,,2025,47141.0,,False,4.01,,4.8,,
2001-04-01,E09000003,Barnet,189669.0,0.3,,527.0,,,2025,47141.0,,False,4.02,,4.8,,
2001-05-01,E09000003,Barnet,189481.0,-0.1,,613.0,,,2025,47141.0,,False,4.02,,4.8,,
2001-06-01,E09000003,Barnet,192194.0,1.4,,659.0,,,2025,47141.0,,False,4.08,,4.9,,
2001-07-01,E09000003,Barnet,195107.0,1.5,,693.0,,,2025,47141.0,,False,4.14,,5.0,,
2001-08-01,E09000003,Barnet,199085.0,2.0,,753.0,,,2025,47141.0,,False,4.22,,5.1,,
2001-09-01,E09000003,Barnet,202546.0,1.7,,569.0,,,2025,47141.0,,False,4.3,,5.2,,
2001-10-01,E09000003,Barnet,206117.0,1.8,,566.0,,,2025,47141.0,,False,4.37,,5.2,,
2001-11-01,E09000003,Barnet,210667.0,2.2,,581.0,,,2025,47141.0,,False,4.47,,5.4,,
2001-12-01,E09000003,Barnet,212982.0,1.1,,467.0,,,2025,47141.0,,False,4.52,,5.4,,
2002-01-01,E09000003,Barnet,215588.0,1.2,,501.0,,,2025,47141.0,,False,4.57,,5.5,,
2002-02-01,E09000003,Barnet,215019.0,-0.3,,482.0,,,2025,47141.0,,False,4.56,,5.5,,
2002-03-01,E09000003,Barnet,217121.0,1.0,,574.0,,,2025,47141.0,,False,4.61,,5.5,,
2002-04-01,E09000003,Barnet,220709.0,1.7,,585.0,,,2025,47141.0,,False,4.68,,5.6,,
2002-05-01,E09000003,Barnet,227621.0,3.1,,666.0,,,2025,47141.0,,False,4.83,,5.8,,
2002-06-01,E09000003,Barnet,233136.0,2.4,,603.0,,,2025,47141.0,,False,4.95,,5.9,,
2002-07-01,E09000003,Barnet,240917.0,3.3,,754.0,,,2025,47141.0,,False,5.11,,6.1,,
2002-08-01,E09000003,Barnet,244532.0,1.5,,761.0,,,2025,47141.0,,False,5.19,,6.2,,
2002-09-01,E09000003,Barnet,247938.0,1.4,,570.0,,,2025,47141.0,,False,5.26,,6.3,,
2002-10-01,E09000003,Barnet,246279.0,-0.7,,615.0,,,2025,47141.0,,False,5.22,,6.3,,
2002-11-01,E09000003,Barnet,250041.0,1.5,,570.0,,,2025,47141.0,,False,5.3,,6.4,,
2002-12-01,E09000003,Barnet,250864.0,0.3,,634.0,,,2025,47141.0,,False,5.32,,6.4,,
2003-01-01,E09000003,Barnet,259066.0,3.3,,507.0,,,2025,47141.0,,False,5.5,,6.6,,
2003-02-01,E09000003,Barnet,260672.0,0.6,,427.0,,,2025,47141.0,,False,5.53,,6.6,,
2003-03-01,E09000003,Barnet,265928.0,2.0,,421.0,,,2025,47141.0,,False,5.64,,6.8,,
2003-04-01,E09000003,Barnet,261119.0,-1.8,,434.0,,,2025,47141.0,,False,5.54,,6.6,,
2003-05-01,E09000003,Barnet,259289.0,-0.7,,450.0,,,2025,47141.0,,False,5.5,,6.6,,
2003-06-01,E09000003,Barnet,259305.0,0.0,,463.0,,,2025,47141.0,,False,5.5,,6.6,,
2003-07-01,E09000003,Barnet,266054.0,2.6,,520.0,,,2025,47141.0,,False,5.64,,6.8,,
2003-08-01,E09000003,Barnet,270356.0,1.6,,574.0,,,2025,47141.0,,False,5.74,,6.9,,
2003-09-01,E09000003,Barnet,273137.0,1.0,,588.0,,,2025,47141.0,,False,5.79,,7.0,,
2003-10-01,E09000003,Barnet,273370.0,0.1,,623.0,,,2025,47141.0,,False,5.8,,7.0,,
2003-11-01,E09000003,Barnet,273421.0,0.0,,572.0,,,2025,47141.0,,False,5.8,,7.0,,
2003-12-01,E09000003,Barnet,275846.0,0.9,,629.0,,,2025,47141.0,,False,5.85,,7.0,,
2004-01-01,E09000003,Barnet,275644.0,-0.1,,556.0,,,2025,47141.0,,False,5.85,,7.0,,
2004-02-01,E09000003,Barnet,277438.0,0.7,,500.0,,,2025,47141.0,,False,5.89,,7.1,,
2004-03-01,E09000003,Barnet,277352.0,0.0,,607.0,,,2025,47141.0,,False,5.88,,7.1,,
2004-04-01,E09000003,Barnet,279787.0,0.9,,599.0,,,2025,47141.0,,False,5.94,,7.1,,
2004-05-01,E09000003,Barnet,285355.0,2.0,,492.0,,,2025,47141.0,,False,6.05,,7.3,,
2004-06-01,E09000003,Barnet,289424.0,1.4,,713.0,,,2025,47141.0,,False,6.14,,7.4,,
2004-07-01,E09000003,Barnet,293616.0,1.4,,735.0,,,2025,47141.0,,False,6.23,,7.5,,
2004-08-01,E09000003,Barnet,293510.0,0.0,,618.0,,,2025,47141.0,,False,6.23,,7.5,,
2004-09-01,E09000003,Barnet,295110.0,0.5,,483.0,,,2025,47141.0,,False,6.26,,7.5,,
2004-10-01,E09000003,Barnet,295217.0,0.0,,491.0,,,2025,47141.0,,False,6.26,,7.5,,
2004-11-01,E09000003,Barnet,299444.0,1.4,,433.0,,,2025,47141.0,,False,6.35,,7.6,,
2004-12-01,E09000003,Barnet,298398.0,-0.3,,464.0,,,2025,47141.0,,False,6.33,,7.6,,
2005-01-01,E09000003,Barnet,299990.0,0.5,,336.0,,,2025,47141.0,,False,6.36,,7.6,,
2005-02-01,E09000003,Barnet,293980.0,-2.0,,296.0,,,2025,47141.0,,False,6.24,,7.5,,
2005-03-01,E09000003,Barnet,290863.0,-1.1,,363.0,,,2025,47141.0,,False,6.17,,7.4,,
2005-04-01,E09000003,Barnet,289332.0,-0.5,,439.0,,,2025,47141.0,,False,6.14,,7.4,,
2005-05-01,E09000003,Barnet,290466.0,0.4,,434.0,,,2025,47141.0,,False,6.16,,7.4,,
2005-06-01,E09000003,Barnet,296484.0,2.1,,502.0,,,2025,47141.0,,False,6.29,,7.5,,
2005-07-01,E09000003,Barnet,296921.0,0.1,,489.0,,,2025,47141.0,,False,6.3,,7.6,,
2005-08-01,E09000003,Barnet,299190.0,0.8,,503.0,,,2025,47141.0,,False,6.35,,7.6,,
2005-09-01,E09000003,Barnet,300337.0,0.4,,531.0,,,2025,47141.0,,False,6.37,,7.6,,
2005-10-01,E09000003,Barnet,300206.0,0.0,,474.0,,,2025,47141.0,,False,6.37,,7.6,,
2005-11-01,E09000003,Barnet,300627.0,0.1,,489.0,,,2025,47141.0,,False,6.38,,7.7,,
2005-12-01,E09000003,Barnet,298707.0,-0.6,,524.0,,,2025,47141.0,,False,6.34,,7.6,,
2006-01-01,E09000003,Barnet,299474.0,0.3,,435.0,,,2025,47141.0,,False,6.35,,7.6,,
2006-02-01,E09000003,Barnet,298187.0,-0.4,,443.0,,,2025,47141.0,,False,6.33,,7.6,,
2006-03-01,E09000003,Barnet,298774.0,0.2,,512.0,,,2025,47141.0,,False,6.34,,7.6,,
2006-04-01,E09000003,Barnet,300399.0,0.5,,459.0,,,2025,47141.0,,False,6.37,,7.6,,
2006-05-01,E09000003,Barnet,303852.0,1.1,,497.0,,,2025,47141.0,,False,6.45,,7.7,,
2006-06-01,E09000003,Barnet,305192.0,0.4,,633.0,,,2025,47141.0,,False,6.47,,7.8,,
2006-07-01,E09000003,Barnet,310189.0,1.6,,660.0,,,2025,47141.0,,False,6.58,,7.9,,
2006-08-01,E09000003,Barnet,314080.0,1.3,,696.0,,,2025,47141.0,,False,6.66,,8.0,,
2006-09-01,E09000003,Barnet,318616.0,1.4,,604.0,,,2025,47141.0,,False,6.76,,8.1,,
2006-10-01,E09000003,Barnet,318034.0,-0.2,,586.0,,,2025,47141.0,,False,6.75,,8.1,,
2006-11-01,E09000003,Barnet,319024.0,0.3,,619.0,,,2025,47141.0,,False,6.77,,8.1,,
2006-12-01,E09000003,Barnet,322472.0,1.1,,608.0,,,2025,47141.0,,False,6.84,,8.2,,
2007-01-01,E09000003,Barnet,325090.0,0.8,,505.0,,,2025,47141.0,,False,6.9,,8.3,,
2007-02-01,E09000003,Barnet,328724.0,1.1,,494.0,,,2025,47141.0,,False,6.97,,8.4,,
2007-03-01,E09000003,Barnet,329220.0,0.2,,593.0,,,2025,47141.0,,False,6.98,,8.4,,
2007-04-01,E09000003,Barnet,332555.0,1.0,,511.0,,,2025,47141.0,,False,7.05,,8.5,,
2007-05-01,E09000003,Barnet,338187.0,1.7,,568.0,,,2025,47141.0,,False,7.17,,8.6,,
2007-06-01,E09000003,Barnet,343462.0,1.6,,679.0,,,2025,47141.0,,False,7.29,,8.7,,
2007-07-01,E09000003,Barnet,351885.0,2.5,,661.0,,,2025,47141.0,,False,7.46,,9.0,,
2007-08-01,E09000003,Barnet,355007.0,0.9,,688.0,,,2025,47141.0,,False,7.53,,9.0,,
2007-09-01,E09000003,Barnet,361688.0,1.9,,629.0,,,2025,47141.0,,False,7.67,,9.2,,
2007-10-01,E09000003,Barnet,363344.0,0.5,,638.0,,,2025,47141.0,,False,7.71,,9.2,,
2007-11-01,E09000003,Barnet,366867.0,1.0,,528.0,,,2025,47141.0,,False,7.78,,9.3,,
2007-12-01,E09000003,Barnet,365116.0,-0.5,,367.0,,,2025,47141.0,,False,7.75,,9.3,,
2008-01-01,E09000003,Barnet,365392.0,0.1,,354.0,,,2025,47141.0,,False,7.75,,9.3,,
2008-02-01,E09000003,Barnet,360263.0,-1.4,,347.0,,,2025,47141.0,,False,7.64,,9.2,,
2008-03-01,E09000003,Barnet,356287.0,-1.1,,333.0,,,2025,47141.0,,False,7.56,,9.1,,
2008-04-01,E09000003,Barnet,354103.0,-0.6,,314.0,,,2025,47141.0,,False,7.51,,9.0,,
2008-05-01,E09000003,Barnet,358555.0,1.3,,372.0,,,2025,47141.0,,False,7.61,,9.1,,
2008-06-01,E09000003,Barnet,361515.0,0.8,,317.0,,,2025,47141.0,,False,7.67,,9.2,,
2008-07-01,E09000003,Barnet,358031.0,-1.0,,326.0,,,2025,47141.0,,False,7.59,,9.1,,
2008-08-01,E09000003,Barnet,349259.0,-2.5,,244.0,,,2025,47141.0,,False,7.41,,8.9,,
2008-09-01,E09000003,Barnet,340308.0,-2.6,,234.0,,,2025,47141.0,,False,7.22,,8.7,,
2008-10-01,E09000003,Barnet,338311.0,-0.6,,231.0,,,2025,47141.0,,False,7.18,,8.6,,
2008-11-01,E09000003,Barnet,333984.0,-1.3,,176.0,,,2025,47141.0,,False,7.08,,8.5,,
2008-12-01,E09000003,Barnet,324693.0,-2.8,,190.0,,,2025,47141.0,,False,6.89,,8.3,,
2009-01-01,E09000003,Barnet,312482.0,-3.8,,139.0,,,2025,47141.0,,False,6.63,,8.0,,
2009-02-01,E09000003,Barnet,306811.0,-1.8,,153.0,,,2025,47141.0,,False,6.51,,7.8,,
2009-03-01,E09000003,Barnet,306247.0,-0.2,,157.0,,,2025,47141.0,,False,6.5,,7.8,,
2009-04-01,E09000003,Barnet,304000.0,-0.7,,184.0,,,2025,47141.0,,False,6.45,,7.7,,
2009-05-01,E09000003,Barnet,305904.0,0.6,,191.0,,,2025,47141.0,,False,6.49,,7.8,,
2009-06-01,E09000003,Barnet,309311.0,1.1,,212.0,,,2025,47141.0,,False,6.56,,7.9,,
2009-07-01,E09000003,Barnet,319423.0,3.3,,327.0,,,2025,47141.0,,False,6.78,,8.1,,
2009-08-01,E09000003,Barnet,323597.0,1.3,,314.0,,,2025,47141.0,,False,6.86,,8.2,,
2009-09-01,E09000003,Barnet,329530.0,1.8,,362.0,,,2025,47141.0,,False,6.99,,8.4,,
2009-10-01,E09000003,Barnet,328788.0,-0.2,,395.0,,,2025,47141.0,,False,6.97,,8.4,,
2009-11-01,E09000003,Barnet,329848.0,0.3,,366.0,,,2025,47141.0,,False,7.0,,8.4,,
2009-12-01,E09000003,Barnet,331191.0,0.4,,370.0,,,2025,47141.0,,False,7.03,,8.4,,
2010-01-01,E09000003,Barnet,336166.0,1.5,,268.0,,,2025,47141.0,,False,7.13,,8.6,,
2010-02-01,E09000003,Barnet,338361.0,0.7,,272.0,,,2025,47141.0,,False,7.18,,8.6,,
2010-03-01,E09000003,Barnet,344596.0,1.8,,321.0,,,2025,47141.0,,False,7.31,,8.8,,
2010-04-01,E09000003,Barnet,347865.0,0.9,,260.0,,,2025,47141.0,,False,7.38,,8.9,,
2010-05-01,E09000003,Barnet,351273.0,1.0,,333.0,,,2025,47141.0,,False,7.45,,8.9,,
2010-06-01,E09000003,Barnet,351058.0,-0.1,,400.0,,,2025,47141.0,,False,7.45,,8.9,,
2010-07-01,E09000003,Barnet,356801.0,1.6,,424.0,,,2025,47141.0,,False,7.57,,9.1,,
2010-08-01,E09000003,Barnet,362563.0,1.6,,425.0,,,2025,47141.0,,False,7.69,,9.2,,
2010-09-01,E09000003,Barnet,368858.0,1.7,,395.0,,,2025,47141.0,,False,7.82,,9.4,,
2010-10-01,E09000003,Barnet,364894.0,-1.1,,374.0,,,2025,47141.0,,False,7.74,,9.3,,
2010-11-01,E09000003,Barnet,362446.0,-0.7,,368.0,,,2025,47141.0,,False,7.69,,9.2,,
2010-12-01,E09000003,Barnet,355342.0,-2.0,,303.0,,,2025,47141.0,,False,7.54,,9.0,,
2011-01-01,E09000003,Barnet,358068.0,0.8,,246.0,,,2025,47141.0,,False,7.6,,9.1,,
2011-02-01,E09000003,Barnet,360241.0,0.6,,231.0,,,2025,47141.0,,False,7.64,,9.2,,
2011-03-01,E09000003,Barnet,366218.0,1.7,,298.0,,,2025,47141.0,,False,7.77,,9.3,,
2011-04-01,E09000003,Barnet,361109.0,-1.4,,250.0,,,2025,47141.0,,False,7.66,,9.2,,
2011-05-01,E09000003,Barnet,355660.0,-1.5,,295.0,,,2025,47141.0,,False,7.54,,9.1,,
2011-06-01,E09000003,Barnet,350308.0,-1.5,,322.0,,,2025,47141.0,,False,7.43,,8.9,,
2011-07-01,E09000003,Barnet,352426.0,0.6,,372.0,,,2025,47141.0,,False,7.48,,9.0,,
