data/exports/mart_london_affordability_monthly.csv
date_month,area_code,area_name,average_price,hpi_index,house_price_yoy_pct,sales_volume,avg_monthly_rent,rent_yoy_pct,earnings_year,median_gross_annual_pay,earnings_yoy_pct,earnings_fallback_used,price_to_earnings_ratio,annual_rent_to_earnings_ratio,months_to_save_10pct_deposit,rent_growth_minus_income_growth_pct,house_price_growth_minus_income_growth_pct
2011-08-01,E09000003,Barnet,354506.0,0.6,,374.0,,,2025,47141.0,,False,7.52,,9.0,,
2011-09-01,E09000003,Barnet,359713.0,1.5,,399.0,,,2025,47141.0,,False,7.63,,9.2,,
2011-10-01,E09000003,Barnet,361355.0,0.5,,357.0,,,2025,47141.0,,False,7.67,,9.2,,
2011-11-01,E09000003,Barnet,367379.0,1.7,,369.0,,,2025,47141.0,,False,7.79,,9.4,,
2011-12-01,E09000003,Barnet,367698.0,0.1,,395.0,,,2025,47141.0,,False,7.8,,9.4,,
2012-01-01,E09000003,Barnet,372606.0,1.3,,300.0,,,2025,47141.0,,False,7.9,,9.5,,
2012-02-01,E09000003,Barnet,373420.0,0.2,,311.0,,,2025,47141.0,,False,7.92,,9.5,,
2012-03-01,E09000003,Barnet,369775.0,-1.0,,364.0,,,2025,47141.0,,False,7.84,,9.4,,
2012-04-01,E09000003,Barnet,372468.0,0.7,,279.0,,,2025,47141.0,,False,7.9,,9.5,,
2012-05-01,E09000003,Barnet,374927.0,0.7,,341.0,,,2025,47141.0,,False,7.95,,9.5,,
2012-06-01,E09000003,Barnet,383623.0,2.3,,380.0,,,2025,47141.0,,False,8.14,,9.8,,
2012-07-01,E09000003,Barnet,384332.0,0.2,,321.0,,,2025,47141.0,,False,8.15,,9.8,,
2012-08-01,E09000003,Barnet,384598.0,0.1,,392.0,,,2025,47141.0,,False,8.16,,9.8,,
2012-09-01,E09000003,Barnet,389395.0,1.2,,379.0,,,2025,47141.0,,False,8.26,,9.9,,
2012-10-01,E09000003,Barnet,388778.0,-0.2,,337.0,,,2025,47141.0,,False,8.25,,9.9,,
2012-11-01,E09000003,Barnet,387557.0,-0.3,,339.0,,,2025,47141.0,,False,8.22,,9.9,,
2012-12-01,E09000003,Barnet,383309.0,-1.1,,312.0,,,2025,47141.0,,False,8.13,,9.8,,
2013-01-01,E09000003,Barnet,384910.0,0.4,,337.0,,,2025,47141.0,,False,8.17,,9.8,,
2013-02-01,E09000003,Barnet,385105.0,0.1,,321.0,,,2025,47141.0,,False,8.17,,9.8,,
2013-03-01,E09000003,Barnet,385837.0,0.2,,417.0,,,2025,47141.0,,False,8.18,,9.8,,
2013-04-01,E09000003,Barnet,383878.0,-0.5,,338.0,,,2025,47141.0,,False,8.14,,9.8,,
2013-05-01,E09000003,Barnet,386773.0,0.8,,402.0,,,2025,47141.0,,False,8.2,,9.8,,
2013-06-01,E09000003,Barnet,390080.0,0.9,,325.0,,,2025,47141.0,,False,8.27,,9.9,,
2013-07-01,E09000003,Barnet,400439.0,2.7,,457.0,,,2025,47141.0,,False,8.49,,10.2,,
2013-08-01,E09000003,Barnet,405225.0,1.2,,505.0,,,2025,47141.0,,False,8.6,,10.3,,
2013-09-01,E09000003,Barnet,408695.0,0.9,,418.0,,,2025,47141.0,,False,8.67,,10.4,,
2013-10-01,E09000003,Barnet,409039.0,0.1,,445.0,,,2025,47141.0,,False,8.68,,10.4,,
2013-11-01,E09000003,Barnet,414310.0,1.3,,438.0,,,2025,47141.0,,False,8.79,,10.5,,
2013-12-01,E09000003,Barnet,415976.0,0.4,,368.0,,,2025,47141.0,,False,8.82,,10.6,,
2014-01-01,E09000003,Barnet,422570.0,1.6,,410.0,,,2025,47141.0,,False,8.96,,10.8,,
2014-02-01,E09000003,Barnet,428359.0,1.4,,397.0,,,2025,47141.0,,False,9.09,,10.9,,
2014-03-01,E09000003,Barnet,436431.0,1.9,,388.0,,,2025,47141.0,,False,9.26,,11.1,,
2014-04-01,E09000003,Barnet,440040.0,0.8,,416.0,,,2025,47141.0,,False,9.33,,11.2,,
2014-05-01,E09000003,Barnet,446773.0,1.5,,383.0,,,2025,47141.0,,False,9.48,,11.4,,
2014-06-01,E09000003,Barnet,454838.0,1.8,,427.0,,,2025,47141.0,,False,9.65,,11.6,,
2014-07-01,E09000003,Barnet,465126.0,2.3,,516.0,,,2025,47141.0,,False,9.87,,11.8,,
2014-08-01,E09000003,Barnet,473545.0,1.8,,465.0,,,2025,47141.0,,False,10.05,,12.1,,
2014-09-01,E09000003,Barnet,478091.0,1.0,,432.0,,,2025,47141.0,,False,10.14,,12.2,,
2014-10-01,E09000003,Barnet,478423.0,0.1,,451.0,,,2025,47141.0,,False,10.15,,12.2,,
2014-11-01,E09000003,Barnet,475753.0,-0.6,,376.0,,,2025,47141.0,,False,10.09,,12.1,,
2014-12-01,E09000003,Barnet,477930.0,0.5,,397.0,,,2025,47141.0,,False,10.14,,12.2,,
2015-01-01,E09000003,Barnet,489392.0,2.4,,353.0,1332.0,,2025,47141.0,,False,10.38,0.34,12.5,,
2015-02-01,E09000003,Barnet,499978.0,2.2,,378.0,1337.0,,2025,47141.0,,False,10.61,0.34,12.7,,
2015-03-01,E09000003,Barnet,501962.0,0.4,,421.0,1345.0,,2025,47141.0,,False,10.65,0.34,12.8,,
2015-04-01,E09000003,Barnet,500690.0,-0.3,,325.0,1353.0,,2025,47141.0,,False,10.62,0.34,12.7,,
2015-05-01,E09000003,Barnet,494422.0,-1.3,,375.0,1369.0,,2025,47141.0,,False,10.49,0.35,12.6,,
2015-06-01,E09000003,Barnet,502056.0,1.5,,449.0,1381.0,,2025,47141.0,,False,10.65,0.35,12.8,,
2015-07-01,E09000003,Barnet,498811.0,-0.6,,470.0,1393.0,,2025,47141.0,,False,10.58,0.35,12.7,,
2015-08-01,E09000003,Barnet,507863.0,1.8,,416.0,1400.0,,2025,47141.0,,False,10.77,0.36,12.9,,
2015-09-01,E09000003,Barnet,513899.0,1.2,,440.0,1405.0,,2025,47141.0,,False,10.9,0.36,13.1,,
2015-10-01,E09000003,Barnet,521985.0,1.6,,547.0,1411.0,,2025,47141.0,,False,11.07,0.36,13.3,,
2015-11-01,E09000003,Barnet,530195.0,1.6,,506.0,1413.0,,2025,47141.0,,False,11.25,0.36,13.5,,
2015-12-01,E09000003,Barnet,531726.0,0.3,,445.0,1417.0,,2025,47141.0,,False,11.28,0.36,13.5,,
2016-01-01,E09000003,Barnet,543259.0,2.2,,357.0,1422.0,6.754398,2025,47141.0,,False,11.52,0.36,13.8,,
2016-02-01,E09000003,Barnet,540816.0,-0.4,,395.0,1431.0,7.025583,2025,47141.0,,False,11.47,0.36,13.8,,
2016-03-01,E09000003,Barnet,544506.0,0.7,,891.0,1439.0,6.931896,2025,47141.0,,False,11.55,0.37,13.9,,
2016-04-01,E09000003,Barnet,548819.0,0.8,,237.0,1441.0,6.471841,2025,47141.0,,False,11.64,0.37,14.0,,
2016-05-01,E09000003,Barnet,566074.0,3.1,,396.0,1444.0,5.467313,2025,47141.0,,False,12.01,0.37,14.4,,
2016-06-01,E09000003,Barnet,572602.0,1.2,,486.0,1447.0,4.769631,2025,47141.0,,False,12.15,0.37,14.6,,
2016-07-01,E09000003,Barnet,567768.0,-0.8,,395.0,1453.0,4.289571,2025,47141.0,,False,12.04,0.37,14.5,,
2016-08-01,E09000003,Barnet,564676.0,-0.5,,386.0,1460.0,4.315558,2025,47141.0,,False,11.98,0.37,14.4,,
2016-09-01,E09000003,Barnet,567395.0,0.5,,436.0,1464.0,4.207411,2025,47141.0,,False,12.04,0.37,14.4,,
2016-10-01,E09000003,Barnet,566198.0,-0.2,,361.0,1470.0,4.160295,2025,47141.0,,False,12.01,0.37,14.4,,
2016-11-01,E09000003,Barnet,558380.0,-1.4,,376.0,1473.0,4.197137,2025,47141.0,,False,11.84,0.37,14.2,,
2016-12-01,E09000003,Barnet,553927.0,-0.8,,383.0,1473.0,3.908936,2025,47141.0,,False,11.75,0.37,14.1,,
2017-01-01,E09000003,Barnet,565277.0,2.0,,251.0,1473.0,3.565549,2025,47141.0,,False,11.99,0.37,14.4,,
2017-02-01,E09000003,Barnet,573314.0,1.4,,319.0,1470.0,2.782329,2025,47141.0,,False,12.16,0.37,14.6,,
2017-03-01,E09000003,Barnet,582754.0,1.6,,405.0,1471.0,2.229681,2025,47141.0,,False,12.36,0.37,14.8,,
2017-04-01,E09000003,Barnet,576706.0,-1.0,,293.0,1469.0,1.947209,2025,47141.0,,False,12.23,0.37,14.7,,
2017-05-01,E09000003,Barnet,578080.0,0.2,,353.0,1469.0,1.736963,2025,47141.0,,False,12.26,0.37,14.7,,
2017-06-01,E09000003,Barnet,563601.0,-2.5,,410.0,1466.0,1.314649,2025,47141.0,,False,11.96,0.37,14.3,,
2017-07-01,E09000003,Barnet,559978.0,-0.6,,325.0,1465.0,0.79878,2025,47141.0,,False,11.88,0.37,14.3,,
2017-08-01,E09000003,Barnet,558169.0,-0.3,,368.0,1462.0,0.160156,2025,47141.0,,False,11.84,0.37,14.2,,
2017-09-01,E09000003,Barnet,570646.0,2.2,,328.0,1456.0,-0.544746,2025,47141.0,,False,12.11,0.37,14.5,,
2017-10-01,E09000003,Barnet,577121.0,1.1,,347.0,1450.0,-1.361755,2025,47141.0,,False,12.24,0.37,14.7,,
2017-11-01,E09000003,Barnet,574440.0,-0.5,,319.0,1445.0,-1.877124,2025,47141.0,,False,12.19,0.37,14.6,,
2017-12-01,E09000003,Barnet,571422.0,-0.5,,310.0,1442.0,-2.062842,2025,47141.0,,False,12.12,0.37,14.5,,
2018-01-01,E09000003,Barnet,564119.0,-1.3,,247.0,1440.0,-2.221444,2025,47141.0,,False,11.97,0.37,14.4,,
2018-02-01,E09000003,Barnet,564017.0,0.0,,273.0,1440.0,-2.045589,2025,47141.0,,False,11.96,0.37,14.4,,
2018-03-01,E09000003,Barnet,570788.0,1.2,,314.0,1445.0,-1.754905,2025,47141.0,,False,12.11,0.37,14.5,,
2018-04-01,E09000003,Barnet,574376.0,0.6,,295.0,1449.0,-1.342207,2025,47141.0,,False,12.18,0.37,14.6,,
2018-05-01,E09000003,Barnet,565451.0,-1.6,,245.0,1451.0,-1.220785,2025,47141.0,,False,11.99,0.37,14.4,,
2018-06-01,E09000003,Barnet,556556.0,-1.6,,447.0,1449.0,-1.148324,2025,47141.0,,False,11.81,0.37,14.2,,
2018-07-01,E09000003,Barnet,555172.0,-0.2,,335.0,1449.0,-1.076969,2025,47141.0,,False,11.78,0.37,14.1,,
2018-08-01,E09000003,Barnet,566116.0,2.0,,411.0,1451.0,-0.743551,2025,47141.0,,False,12.01,0.37,14.4,,
2018-09-01,E09000003,Barnet,567427.0,0.2,,349.0,1455.0,-0.100946,2025,47141.0,,False,12.04,0.37,14.4,,
2018-10-01,E09000003,Barnet,569721.0,0.4,,335.0,1458.0,0.600605,2025,47141.0,,False,12.09,0.37,14.5,,
2018-11-01,E09000003,Barnet,567267.0,-0.4,,319.0,1461.0,1.129394,2025,47141.0,,False,12.03,0.37,14.4,,
2018-12-01,E09000003,Barnet,566030.0,-0.2,,346.0,1465.0,1.568468,2025,47141.0,,False,12.01,0.37,14.4,,
2019-01-01,E09000003,Barnet,560732.0,-0.9,,291.0,1464.0,1.679645,2025,47141.0,,False,11.89,0.37,14.3,,
2019-02-01,E09000003,Barnet,555470.0,-0.9,,261.0,1464.0,1.647501,2025,47141.0,,False,11.78,0.37,14.1,,
2019-03-01,E09000003,Barnet,547889.0,-1.4,,290.0,1460.0,1.012782,2025,47141.0,,False,11.62,0.37,13.9,,
2019-04-01,E09000003,Barnet,543403.0,-0.8,,332.0,1459.0,0.701459,2025,47141.0,,False,11.53,0.37,13.8,,
2019-05-01,E09000003,Barnet,534695.0,-1.6,,335.0,1460.0,0.625225,2025,47141.0,,False,11.34,0.37,13.6,,
2019-06-01,E09000003,Barnet,543582.0,1.7,,392.0,1461.0,0.842468,2025,47141.0,,False,11.53,0.37,13.8,,
2019-07-01,E09000003,Barnet,545419.0,0.3,,334.0,1464.0,1.070371,2025,47141.0,,False,11.57,0.37,13.9,,
2019-08-01,E09000003,Barnet,560643.0,2.8,,385.0,1464.0,0.871988,2025,47141.0,,False,11.89,0.37,14.3,,
2019-09-01,E09000003,Barnet,563119.0,0.4,,298.0,1467.0,0.79775,2025,47141.0,,False,11.95,0.37,14.3,,
2019-10-01,E09000003,Barnet,563429.0,0.1,,307.0,1464.0,0.393165,2025,47141.0,,False,11.95,0.37,14.3,,
2019-11-01,E09000003,Barnet,562539.0,-0.2,,313.0,1464.0,0.178515,2025,47141.0,,False,11.93,0.37,14.3,,
2019-12-01,E09000003,Barnet,554361.0,-1.5,,268.0,1460.0,-0.312814,2025,47141.0,,False,11.76,0.37,14.1,,
2020-01-01,E09000003,Barnet,553336.0,-0.2,,242.0,1464.0,-0.006973,2025,47141.0,,False,11.74,0.37,14.1,,
2020-02-01,E09000003,Barnet,548717.0,-0.8,,279.0,1465.0,0.040095,2025,47141.0,,False,11.64,0.37,14.0,,
2020-03-01,E09000003,Barnet,553895.0,0.9,,307.0,1470.0,0.705005,2025,47141.0,,False,11.75,0.37,14.1,,
2020-04-01,E09000003,Barnet,562849.0,1.6,,116.0,1471.0,0.787176,2025,47141.0,,False,11.94,0.37,14.3,,
2020-05-01,E09000003,Barnet,559968.0,-0.5,,83.0,1477.0,1.148907,2025,47141.0,,False,11.88,0.38,14.3,,
2020-06-01,E09000003,Barnet,553303.0,-1.2,,179.0,1482.0,1.398258,2025,47141.0,,False,11.74,0.38,14.1,,
2020-07-01,E09000003,Barnet,551273.0,-0.4,,252.0,1486.0,1.458655,2025,47141.0,,False,11.69,0.38,14.0,,
2020-08-01,E09000003,Barnet,558856.0,1.4,,269.0,1488.0,1.656784,2025,47141.0,,False,11.85,0.38,14.2,,
2020-09-01,E09000003,Barnet,565007.0,1.1,,343.0,1488.0,1.441852,2025,47141.0,,False,11.99,0.38,14.4,,
2020-10-01,E09000003,Barnet,562925.0,-0.4,,364.0,1488.0,1.649592,2025,47141.0,,False,11.94,0.38,14.3,,
2020-11-01,E09000003,Barnet,561616.0,-0.2,,361.0,1487.0,1.593326,2025,47141.0,,False,11.91,0.38,14.3,,
2020-12-01,E09000003,Barnet,560354.0,-0.2,,446.0,1487.0,1.848355,2025,47141.0,,False,11.89,0.38,14.3,,
2021-01-01,E09000003,Barnet,568521.0,1.5,,362.0,1484.0,1.329527,2025,47141.0,,False,12.06,0.38,14.5,,
2021-02-01,E09000003,Barnet,571256.0,0.5,,430.0,1481.0,1.142371,2025,47141.0,,False,12.12,0.38,14.5,,
2021-03-01,E09000003,Barnet,577034.0,1.0,,694.0,1472.0,0.136205,2025,47141.0,,False,12.24,0.37,14.7,,
2021-04-01,E09000003,Barnet,572891.0,-0.7,,372.0,1466.0,-0.319778,2025,47141.0,,False,12.15,0.37,14.6,,
2021-05-01,E09000003,Barnet,574178.0,0.2,,298.0,1461.0,-1.032456,2025,47141.0,,False,12.18,0.37,14.6,,
2021-06-01,E09000003,Barnet,582382.0,1.4,,1189.0,1463.0,-1.299797,2025,47141.0,,False,12.35,0.37,14.8,,
2021-07-01,E09000003,Barnet,587044.0,0.8,,111.0,1465.0,-1.423646,2025,47141.0,,False,12.45,0.37,14.9,,
2021-08-01,E09000003,Barnet,604412.0,3.0,,252.0,1462.0,-1.746693,2025,47141.0,,False,12.82,0.37,15.4,,
2021-09-01,E09000003,Barnet,603347.0,-0.2,,606.0,1466.0,-1.43709,2025,47141.0,,False,12.8,0.37,15.4,,
2021-10-01,E09000003,Barnet,609087.0,1.0,,244.0,1471.0,-1.183161,2025,47141.0,,False,12.92,0.37,15.5,,
2021-11-01,E09000003,Barnet,608294.0,-0.1,,294.0,1477.0,-0.663389,2025,47141.0,,False,12.9,0.38,15.5,,
2021-12-01,E09000003,Barnet,615292.0,1.2,,350.0,1479.0,-0.575997,2025,47141.0,,False,13.05,0.38,15.7,,
2022-01-01,E09000003,Barnet,616863.0,0.3,,269.0,1483.0,-0.083794,2025,47141.0,,False,13.09,0.38,15.7,,
2022-02-01,E09000003,Barnet,617716.0,0.1,,347.0,1488.0,0.463957,2025,47141.0,,False,13.1,0.38,15.7,,
2022-03-01,E09000003,Barnet,617685.0,0.0,,456.0,1495.0,1.569914,2025,47141.0,,False,13.1,0.38,15.7,,
2022-04-01,E09000003,Barnet,625647.0,1.3,,321.0,1499.0,2.214749,2025,47141.0,,False,13.27,0.38,15.9,,
2022-05-01,E09000003,Barnet,623219.0,-0.4,,376.0,1504.0,2.886258,2025,47141.0,,False,13.22,0.38,15.9,,
2022-06-01,E09000003,Barnet,633598.0,1.7,,462.0,1508.0,3.101299,2025,47141.0,,False,13.44,0.38,16.1,,
2022-07-01,E09000003,Barnet,632847.0,-0.1,,377.0,1514.0,3.362049,2025,47141.0,,False,13.42,0.39,16.1,,
2022-08-01,E09000003,Barnet,643459.0,1.7,,366.0,1521.0,3.995837,2025,47141.0,,False,13.65,0.39,16.4,,
2022-09-01,E09000003,Barnet,638764.0,-0.7,,399.0,1528.0,4.173701,2025,47141.0,,False,13.55,0.39,16.3,,
2022-10-01,E09000003,Barnet,645194.0,1.0,,353.0,1534.0,4.328304,2025,47141.0,,False,13.69,0.39,16.4,,
2022-11-01,E09000003,Barnet,640820.0,-0.7,,391.0,1543.0,4.463985,2025,47141.0,,False,13.59,0.39,16.3,,
2022-12-01,E09000003,Barnet,643883.0,0.5,,369.0,1553.0,5.027276,2025,47141.0,,False,13.66,0.4,16.4,,
2023-01-01,E09000003,Barnet,639514.0,-0.7,,254.0,1563.0,5.429406,2025,47141.0,,False,13.57,0.4,16.3,,
2023-02-01,E09000003,Barnet,639190.0,-0.1,,205.0,1569.0,5.420358,2025,47141.0,,False,13.56,0.4,16.3,,
2023-03-01,E09000003,Barnet,630148.0,-1.4,,251.0,1576.0,5.440775,2025,47141.0,,False,13.37,0.4,16.0,,
2023-04-01,E09000003,Barnet,621364.0,-1.4,,172.0,1591.0,6.149366,2025,47141.0,,False,13.18,0.4,15.8,,
2023-05-01,E09000003,Barnet,614497.0,-1.1,,230.0,1609.0,6.998887,2025,47141.0,,False,13.04,0.41,15.6,,
2023-06-01,E09000003,Barnet,617569.0,0.5,,244.0,1631.0,8.186713,2025,47141.0,,False,13.1,0.42,15.7,,
2023-07-01,E09000003,Barnet,623461.0,1.0,,241.0,1650.0,8.968786,2025,47141.0,,False,13.23,0.42,15.9,,
2023-08-01,E09000003,Barnet,625854.0,0.4,,260.0,1666.0,9.538219,2025,47141.0,,False,13.28,0.42,15.9,,
2023-09-01,E09000003,Barnet,622619.0,-0.5,,257.0,1679.0,9.923032,2025,47141.0,,False,13.21,0.43,15.8,,
2023-10-01,E09000003,Barnet,616306.0,-1.0,,231.0,1691.0,10.212402,2025,47141.0,,False,13.07,0.43,15.7,,
2023-11-01,E09000003,Barnet,620681.0,0.7,,289.0,1703.0,10.322645,2025,47141.0,,False,13.17,0.43,15.8,,
2023-12-01,E09000003,Barnet,614915.0,-0.9,,217.0,1709.0,10.018351,2025,47141.0,,False,13.04,0.44,15.7,,
2024-01-01,E09000003,Barnet,611415.0,-0.6,,232.0,1711.0,9.485635,2025,47141.0,,False,12.97,0.44,15.6,,
2024-02-01,E09000003,Barnet,598511.0,-2.1,,235.0,1714.0,9.267151,2025,47141.0,,False,12.7,0.44,15.2,,
2024-03-01,E09000003,Barnet,603844.0,0.9,,249.0,1720.0,9.116619,2025,47141.0,,False,12.81,0.44,15.4,,
2024-04-01,E09000003,Barnet,608554.0,0.8,,232.0,1728.0,8.617621,2025,47141.0,,False,12.91,0.44,15.5,,
2024-05-01,E09000003,Barnet,615678.0,1.2,,285.0,1736.0,7.883504,2025,47141.0,,False,13.06,0.44,15.7,,
2024-06-01,E09000003,Barnet,620871.0,0.8,,292.0,1745.0,6.971617,2025,47141.0,,False,13.17,0.44,15.8,,
2024-07-01,E09000003,Barnet,627406.0,1.1,,317.0,1754.0,6.308971,2025,47141.0,,False,13.31,0.45,16.0,,
2024-08-01,E09000003,Barnet,631786.0,0.7,,341.0,1766.0,6.009756,2025,47141.0,,False,13.4,0.45,16.1,,
2024-09-01,E09000003,Barnet,626774.0,-0.8,,279.0,1775.0,5.688427,2025,47141.0,,False,13.3,0.45,16.0,,
2024-10-01,E09000003,Barnet,627676.0,0.1,,362.0,1787.0,5.650657,2025,47141.0,,False,13.31,0.45,16.0,,
2024-11-01,E09000003,Barnet,628074.0,0.1,,295.0,1793.0,5.308433,2025,47141.0,,False,13.32,0.46,16.0,,
2024-12-01,E09000003,Barnet,622080.0,-1.0,,335.0,1799.0,5.288529,2025,47141.0,,False,13.2,0.46,15.8,,
2025-01-01,E09000003,Barnet,614123.0,-1.3,,291.0,1808.0,5.676663,2025,47141.0,,False,13.03,0.46,15.6,,
2025-02-01,E09000003,Barnet,606110.0,-1.3,,303.0,1820.0,6.148722,2025,47141.0,,False,12.86,0.46,15.4,,
2025-03-01,E09000003,Barnet,611347.0,0.9,,727.0,1838.0,6.85614,2025,47141.0,,False,12.97,0.47,15.6,,
2025-04-01,E09000003,Barnet,611920.0,0.1,,130.0,1852.0,7.209289,2025,47141.0,,False,12.98,0.47,15.6,,
2025-05-01,E09000003,Barnet,614475.0,0.4,,218.0,1867.0,7.541447,2025,47141.0,,False,13.03,0.48,15.6,,
2025-06-01,E09000003,Barnet,617339.0,0.5,,239.0,1872.0,7.288771,2025,47141.0,,False,13.1,0.48,15.7,,
2025-07-01,E09000003,Barnet,622587.0,0.9,,234.0,1878.0,7.066334,2025,47141.0,,False,13.21,0.48,15.8,,
2025-08-01,E09000003,Barnet,617194.0,-0.9,,244.0,1886.0,6.812429,2025,47141.0,,False,13.09,0.48,15.7,,
2025-09-01,E09000003,Barnet,610219.0,-1.1,,245.0,1898.0,6.937722,2025,47141.0,,False,12.94,0.48,15.5,,
2025-10-01,E09000003,Barnet,602308.0,-1.3,,202.0,1910.0,6.88098,2025,47141.0,,False,12.78,0.49,15.3,,
2025-11-01,E09000003,Barnet,601778.0,-0.1,,151.0,1916.0,6.87349,2025,47141.0,,False,12.77,0.49,15.3,,
2025-12-01,E09000003,Barnet,594853.0,-1.2,,,1921.0,6.769778,2025,47141.0,,False,12.62,0.49,15.1,,
2026-01-01,E09000003,Barnet,588123.0,-1.1,,,1923.0,6.345713,2025,47141.0,,False,12.48,0.49,15.0,,
1995-01-01,E09000004,Bexley,64956.0,,,269.0,,,2025,43969.0,,False,1.48,,1.8,,
1995-02-01,E09000004,Bexley,64786.0,-0.3,,207.0,,,2025,43969.0,,False,1.47,,1.8,,
1995-03-01,E09000004,Bexley,64366.0,-0.6,,318.0,,,2025,43969.0,,False,1.46,,1.8,,
1995-04-01,E09000004,Bexley,64276.0,-0.1,,253.0,,,2025,43969.0,,False,1.46,,1.8,,
1995-05-01,E09000004,Bexley,63995.0,-0.4,,317.0,,,2025,43969.0,,False,1.46,,1.7,,
1995-06-01,E09000004,Bexley,64251.0,0.4,,324.0,,,2025,43969.0,,False,1.46,,1.8,,
1995-07-01,E09000004,Bexley,63721.0,-0.8,,314.0,,,2025,43969.0,,False,1.45,,1.7,,
1995-08-01,E09000004,Bexley,64431.0,1.1,,297.0,,,2025,43969.0,,False,1.47,,1.8,,
