data/exports/mart_london_affordability_monthly.csv
date_month,area_code,area_name,average_price,hpi_index,house_price_yoy_pct,sales_volume,avg_monthly_rent,rent_yoy_pct,earnings_year,median_gross_annual_pay,earnings_yoy_pct,earnings_fallback_used,price_to_earnings_ratio,annual_rent_to_earnings_ratio,months_to_save_10pct_deposit,rent_growth_minus_income_growth_pct,house_price_growth_minus_income_growth_pct
1995-09-01,E09000004,Bexley,64508.0,0.1,,281.0,,,2025,43969.0,,False,1.47,,1.8,,
1995-10-01,E09000004,Bexley,64528.0,0.0,,274.0,,,2025,43969.0,,False,1.47,,1.8,,
1995-11-01,E09000004,Bexley,63844.0,-1.1,,299.0,,,2025,43969.0,,False,1.45,,1.7,,
1995-12-01,E09000004,Bexley,63815.0,0.0,,259.0,,,2025,43969.0,,False,1.45,,1.7,,
1996-01-01,E09000004,Bexley,63994.0,0.3,,210.0,,,2025,43969.0,,False,1.46,,1.7,,
1996-02-01,E09000004,Bexley,64502.0,0.8,,228.0,,,2025,43969.0,,False,1.47,,1.8,,
1996-03-01,E09000004,Bexley,64786.0,0.4,,283.0,,,2025,43969.0,,False,1.47,,1.8,,
1996-04-01,E09000004,Bexley,65284.0,0.8,,291.0,,,2025,43969.0,,False,1.48,,1.8,,
1996-05-01,E09000004,Bexley,65079.0,-0.3,,344.0,,,2025,43969.0,,False,1.48,,1.8,,
1996-06-01,E09000004,Bexley,65118.0,0.1,,345.0,,,2025,43969.0,,False,1.48,,1.8,,
1996-07-01,E09000004,Bexley,65149.0,0.0,,418.0,,,2025,43969.0,,False,1.48,,1.8,,
1996-08-01,E09000004,Bexley,65958.0,1.2,,373.0,,,2025,43969.0,,False,1.5,,1.8,,
1996-09-01,E09000004,Bexley,66499.0,0.8,,301.0,,,2025,43969.0,,False,1.51,,1.8,,
1996-10-01,E09000004,Bexley,66658.0,0.2,,384.0,,,2025,43969.0,,False,1.52,,1.8,,
1996-11-01,E09000004,Bexley,66352.0,-0.5,,391.0,,,2025,43969.0,,False,1.51,,1.8,,
1996-12-01,E09000004,Bexley,66485.0,0.2,,387.0,,,2025,43969.0,,False,1.51,,1.8,,
1997-01-01,E09000004,Bexley,67349.0,1.3,,360.0,,,2025,43969.0,,False,1.53,,1.8,,
1997-02-01,E09000004,Bexley,67979.0,0.9,,347.0,,,2025,43969.0,,False,1.55,,1.9,,
1997-03-01,E09000004,Bexley,67822.0,-0.2,,365.0,,,2025,43969.0,,False,1.54,,1.9,,
1997-04-01,E09000004,Bexley,68469.0,1.0,,379.0,,,2025,43969.0,,False,1.56,,1.9,,
1997-05-01,E09000004,Bexley,69352.0,1.3,,403.0,,,2025,43969.0,,False,1.58,,1.9,,
1997-06-01,E09000004,Bexley,70762.0,2.0,,442.0,,,2025,43969.0,,False,1.61,,1.9,,
1997-07-01,E09000004,Bexley,71128.0,0.5,,437.0,,,2025,43969.0,,False,1.62,,1.9,,
1997-08-01,E09000004,Bexley,72139.0,1.4,,466.0,,,2025,43969.0,,False,1.64,,2.0,,
1997-09-01,E09000004,Bexley,72828.0,1.0,,390.0,,,2025,43969.0,,False,1.66,,2.0,,
1997-10-01,E09000004,Bexley,73377.0,0.8,,389.0,,,2025,43969.0,,False,1.67,,2.0,,
1997-11-01,E09000004,Bexley,73618.0,0.3,,373.0,,,2025,43969.0,,False,1.67,,2.0,,
1997-12-01,E09000004,Bexley,74628.0,1.4,,355.0,,,2025,43969.0,,False,1.7,,2.0,,
1998-01-01,E09000004,Bexley,76861.0,3.0,,293.0,,,2025,43969.0,,False,1.75,,2.1,,
1998-02-01,E09000004,Bexley,78063.0,1.6,,302.0,,,2025,43969.0,,False,1.78,,2.1,,
1998-03-01,E09000004,Bexley,79060.0,1.3,,367.0,,,2025,43969.0,,False,1.8,,2.2,,
1998-04-01,E09000004,Bexley,78421.0,-0.8,,340.0,,,2025,43969.0,,False,1.78,,2.1,,
1998-05-01,E09000004,Bexley,79406.0,1.3,,350.0,,,2025,43969.0,,False,1.81,,2.2,,
1998-06-01,E09000004,Bexley,80320.0,1.2,,359.0,,,2025,43969.0,,False,1.83,,2.2,,
1998-07-01,E09000004,Bexley,81577.0,1.6,,430.0,,,2025,43969.0,,False,1.86,,2.2,,
1998-08-01,E09000004,Bexley,81773.0,0.2,,345.0,,,2025,43969.0,,False,1.86,,2.2,,
1998-09-01,E09000004,Bexley,82215.0,0.5,,384.0,,,2025,43969.0,,False,1.87,,2.2,,
1998-10-01,E09000004,Bexley,82765.0,0.7,,382.0,,,2025,43969.0,,False,1.88,,2.3,,
1998-11-01,E09000004,Bexley,83836.0,1.3,,357.0,,,2025,43969.0,,False,1.91,,2.3,,
1998-12-01,E09000004,Bexley,83261.0,-0.7,,364.0,,,2025,43969.0,,False,1.89,,2.3,,
1999-01-01,E09000004,Bexley,83061.0,-0.2,,292.0,,,2025,43969.0,,False,1.89,,2.3,,
1999-02-01,E09000004,Bexley,82926.0,-0.2,,293.0,,,2025,43969.0,,False,1.89,,2.3,,
1999-03-01,E09000004,Bexley,83331.0,0.5,,401.0,,,2025,43969.0,,False,1.9,,2.3,,
1999-04-01,E09000004,Bexley,84265.0,1.1,,361.0,,,2025,43969.0,,False,1.92,,2.3,,
1999-05-01,E09000004,Bexley,84511.0,0.3,,428.0,,,2025,43969.0,,False,1.92,,2.3,,
1999-06-01,E09000004,Bexley,85019.0,0.6,,442.0,,,2025,43969.0,,False,1.93,,2.3,,
1999-07-01,E09000004,Bexley,85711.0,0.8,,550.0,,,2025,43969.0,,False,1.95,,2.3,,
1999-08-01,E09000004,Bexley,86487.0,0.9,,468.0,,,2025,43969.0,,False,1.97,,2.4,,
1999-09-01,E09000004,Bexley,88716.0,2.6,,456.0,,,2025,43969.0,,False,2.02,,2.4,,
1999-10-01,E09000004,Bexley,90655.0,2.2,,430.0,,,2025,43969.0,,False,2.06,,2.5,,
1999-11-01,E09000004,Bexley,92719.0,2.3,,479.0,,,2025,43969.0,,False,2.11,,2.5,,
1999-12-01,E09000004,Bexley,93903.0,1.3,,460.0,,,2025,43969.0,,False,2.14,,2.6,,
2000-01-01,E09000004,Bexley,94976.0,1.1,,337.0,,,2025,43969.0,,False,2.16,,2.6,,
2000-02-01,E09000004,Bexley,96817.0,1.9,,330.0,,,2025,43969.0,,False,2.2,,2.6,,
2000-03-01,E09000004,Bexley,98304.0,1.5,,368.0,,,2025,43969.0,,False,2.24,,2.7,,
2000-04-01,E09000004,Bexley,99375.0,1.1,,359.0,,,2025,43969.0,,False,2.26,,2.7,,
2000-05-01,E09000004,Bexley,101271.0,1.9,,393.0,,,2025,43969.0,,False,2.3,,2.8,,
2000-06-01,E09000004,Bexley,102651.0,1.4,,407.0,,,2025,43969.0,,False,2.33,,2.8,,
2000-07-01,E09000004,Bexley,104523.0,1.8,,420.0,,,2025,43969.0,,False,2.38,,2.9,,
2000-08-01,E09000004,Bexley,106693.0,2.1,,387.0,,,2025,43969.0,,False,2.43,,2.9,,
2000-09-01,E09000004,Bexley,108167.0,1.4,,343.0,,,2025,43969.0,,False,2.46,,3.0,,
2000-10-01,E09000004,Bexley,108287.0,0.1,,325.0,,,2025,43969.0,,False,2.46,,3.0,,
2000-11-01,E09000004,Bexley,108059.0,-0.2,,320.0,,,2025,43969.0,,False,2.46,,2.9,,
2000-12-01,E09000004,Bexley,109081.0,0.9,,380.0,,,2025,43969.0,,False,2.48,,3.0,,
2001-01-01,E09000004,Bexley,111191.0,1.9,,369.0,,,2025,43969.0,,False,2.53,,3.0,,
2001-02-01,E09000004,Bexley,111436.0,0.2,,331.0,,,2025,43969.0,,False,2.53,,3.0,,
2001-03-01,E09000004,Bexley,112502.0,1.0,,379.0,,,2025,43969.0,,False,2.56,,3.1,,
2001-04-01,E09000004,Bexley,111826.0,-0.6,,328.0,,,2025,43969.0,,False,2.54,,3.1,,
2001-05-01,E09000004,Bexley,112374.0,0.5,,422.0,,,2025,43969.0,,False,2.56,,3.1,,
2001-06-01,E09000004,Bexley,113773.0,1.2,,442.0,,,2025,43969.0,,False,2.59,,3.1,,
2001-07-01,E09000004,Bexley,116935.0,2.8,,506.0,,,2025,43969.0,,False,2.66,,3.2,,
2001-08-01,E09000004,Bexley,119309.0,2.0,,538.0,,,2025,43969.0,,False,2.71,,3.3,,
2001-09-01,E09000004,Bexley,121236.0,1.6,,435.0,,,2025,43969.0,,False,2.76,,3.3,,
2001-10-01,E09000004,Bexley,121897.0,0.5,,514.0,,,2025,43969.0,,False,2.77,,3.3,,
2001-11-01,E09000004,Bexley,123377.0,1.2,,540.0,,,2025,43969.0,,False,2.81,,3.4,,
2001-12-01,E09000004,Bexley,122431.0,-0.8,,466.0,,,2025,43969.0,,False,2.78,,3.3,,
2002-01-01,E09000004,Bexley,124280.0,1.5,,319.0,,,2025,43969.0,,False,2.83,,3.4,,
2002-02-01,E09000004,Bexley,124607.0,0.3,,367.0,,,2025,43969.0,,False,2.83,,3.4,,
2002-03-01,E09000004,Bexley,126572.0,1.6,,470.0,,,2025,43969.0,,False,2.88,,3.5,,
2002-04-01,E09000004,Bexley,127710.0,0.9,,458.0,,,2025,43969.0,,False,2.9,,3.5,,
2002-05-01,E09000004,Bexley,131289.0,2.8,,633.0,,,2025,43969.0,,False,2.99,,3.6,,
2002-06-01,E09000004,Bexley,134077.0,2.1,,481.0,,,2025,43969.0,,False,3.05,,3.7,,
2002-07-01,E09000004,Bexley,137172.0,2.3,,584.0,,,2025,43969.0,,False,3.12,,3.7,,
2002-08-01,E09000004,Bexley,139791.0,1.9,,515.0,,,2025,43969.0,,False,3.18,,3.8,,
2002-09-01,E09000004,Bexley,143732.0,2.8,,528.0,,,2025,43969.0,,False,3.27,,3.9,,
2002-10-01,E09000004,Bexley,147670.0,2.7,,461.0,,,2025,43969.0,,False,3.36,,4.0,,
2002-11-01,E09000004,Bexley,150894.0,2.2,,469.0,,,2025,43969.0,,False,3.43,,4.1,,
2002-12-01,E09000004,Bexley,153735.0,1.9,,453.0,,,2025,43969.0,,False,3.5,,4.2,,
2003-01-01,E09000004,Bexley,156076.0,1.5,,342.0,,,2025,43969.0,,False,3.55,,4.3,,
2003-02-01,E09000004,Bexley,156967.0,0.6,,369.0,,,2025,43969.0,,False,3.57,,4.3,,
2003-03-01,E09000004,Bexley,159461.0,1.6,,397.0,,,2025,43969.0,,False,3.63,,4.4,,
2003-04-01,E09000004,Bexley,161240.0,1.1,,375.0,,,2025,43969.0,,False,3.67,,4.4,,
2003-05-01,E09000004,Bexley,163921.0,1.7,,444.0,,,2025,43969.0,,False,3.73,,4.5,,
2003-06-01,E09000004,Bexley,166070.0,1.3,,378.0,,,2025,43969.0,,False,3.78,,4.5,,
2003-07-01,E09000004,Bexley,168186.0,1.3,,422.0,,,2025,43969.0,,False,3.83,,4.6,,
2003-08-01,E09000004,Bexley,168923.0,0.4,,468.0,,,2025,43969.0,,False,3.84,,4.6,,
2003-09-01,E09000004,Bexley,167858.0,-0.6,,475.0,,,2025,43969.0,,False,3.82,,4.6,,
2003-10-01,E09000004,Bexley,168099.0,0.1,,542.0,,,2025,43969.0,,False,3.82,,4.6,,
2003-11-01,E09000004,Bexley,167056.0,-0.6,,500.0,,,2025,43969.0,,False,3.8,,4.6,,
2003-12-01,E09000004,Bexley,169873.0,1.7,,482.0,,,2025,43969.0,,False,3.86,,4.6,,
2004-01-01,E09000004,Bexley,169110.0,-0.4,,454.0,,,2025,43969.0,,False,3.85,,4.6,,
2004-02-01,E09000004,Bexley,173110.0,2.4,,413.0,,,2025,43969.0,,False,3.94,,4.7,,
2004-03-01,E09000004,Bexley,173000.0,-0.1,,411.0,,,2025,43969.0,,False,3.93,,4.7,,
2004-04-01,E09000004,Bexley,176031.0,1.8,,456.0,,,2025,43969.0,,False,4.0,,4.8,,
2004-05-01,E09000004,Bexley,176744.0,0.4,,455.0,,,2025,43969.0,,False,4.02,,4.8,,
2004-06-01,E09000004,Bexley,179972.0,1.8,,459.0,,,2025,43969.0,,False,4.09,,4.9,,
2004-07-01,E09000004,Bexley,181010.0,0.6,,575.0,,,2025,43969.0,,False,4.12,,4.9,,
2004-08-01,E09000004,Bexley,183345.0,1.3,,459.0,,,2025,43969.0,,False,4.17,,5.0,,
2004-09-01,E09000004,Bexley,183683.0,0.2,,397.0,,,2025,43969.0,,False,4.18,,5.0,,
2004-10-01,E09000004,Bexley,183933.0,0.1,,336.0,,,2025,43969.0,,False,4.18,,5.0,,
2004-11-01,E09000004,Bexley,185349.0,0.8,,314.0,,,2025,43969.0,,False,4.22,,5.1,,
2004-12-01,E09000004,Bexley,184349.0,-0.5,,337.0,,,2025,43969.0,,False,4.19,,5.0,,
2005-01-01,E09000004,Bexley,186449.0,1.1,,229.0,,,2025,43969.0,,False,4.24,,5.1,,
2005-02-01,E09000004,Bexley,183910.0,-1.4,,226.0,,,2025,43969.0,,False,4.18,,5.0,,
2005-03-01,E09000004,Bexley,184114.0,0.1,,247.0,,,2025,43969.0,,False,4.19,,5.0,,
2005-04-01,E09000004,Bexley,183306.0,-0.4,,286.0,,,2025,43969.0,,False,4.17,,5.0,,
2005-05-01,E09000004,Bexley,184681.0,0.7,,332.0,,,2025,43969.0,,False,4.2,,5.0,,
2005-06-01,E09000004,Bexley,187763.0,1.7,,358.0,,,2025,43969.0,,False,4.27,,5.1,,
2005-07-01,E09000004,Bexley,186662.0,-0.6,,464.0,,,2025,43969.0,,False,4.25,,5.1,,
2005-08-01,E09000004,Bexley,188101.0,0.8,,394.0,,,2025,43969.0,,False,4.28,,5.1,,
2005-09-01,E09000004,Bexley,187903.0,-0.1,,397.0,,,2025,43969.0,,False,4.27,,5.1,,
2005-10-01,E09000004,Bexley,189429.0,0.8,,378.0,,,2025,43969.0,,False,4.31,,5.2,,
2005-11-01,E09000004,Bexley,188690.0,-0.4,,409.0,,,2025,43969.0,,False,4.29,,5.1,,
2005-12-01,E09000004,Bexley,187075.0,-0.9,,335.0,,,2025,43969.0,,False,4.25,,5.1,,
2006-01-01,E09000004,Bexley,188008.0,0.5,,285.0,,,2025,43969.0,,False,4.28,,5.1,,
2006-02-01,E09000004,Bexley,187230.0,-0.4,,303.0,,,2025,43969.0,,False,4.26,,5.1,,
2006-03-01,E09000004,Bexley,187445.0,0.1,,439.0,,,2025,43969.0,,False,4.26,,5.1,,
2006-04-01,E09000004,Bexley,189189.0,0.9,,326.0,,,2025,43969.0,,False,4.3,,5.2,,
2006-05-01,E09000004,Bexley,189821.0,0.3,,379.0,,,2025,43969.0,,False,4.32,,5.2,,
2006-06-01,E09000004,Bexley,191151.0,0.7,,473.0,,,2025,43969.0,,False,4.35,,5.2,,
2006-07-01,E09000004,Bexley,189332.0,-1.0,,457.0,,,2025,43969.0,,False,4.31,,5.2,,
2006-08-01,E09000004,Bexley,193373.0,2.1,,469.0,,,2025,43969.0,,False,4.4,,5.3,,
2006-09-01,E09000004,Bexley,194011.0,0.3,,449.0,,,2025,43969.0,,False,4.41,,5.3,,
2006-10-01,E09000004,Bexley,196526.0,1.3,,481.0,,,2025,43969.0,,False,4.47,,5.4,,
2006-11-01,E09000004,Bexley,196832.0,0.2,,446.0,,,2025,43969.0,,False,4.48,,5.4,,
2006-12-01,E09000004,Bexley,198990.0,1.1,,491.0,,,2025,43969.0,,False,4.53,,5.4,,
2007-01-01,E09000004,Bexley,199808.0,0.4,,391.0,,,2025,43969.0,,False,4.54,,5.5,,
2007-02-01,E09000004,Bexley,199935.0,0.1,,388.0,,,2025,43969.0,,False,4.55,,5.5,,
2007-03-01,E09000004,Bexley,201593.0,0.8,,413.0,,,2025,43969.0,,False,4.58,,5.5,,
2007-04-01,E09000004,Bexley,203218.0,0.8,,361.0,,,2025,43969.0,,False,4.62,,5.5,,
2007-05-01,E09000004,Bexley,205843.0,1.3,,394.0,,,2025,43969.0,,False,4.68,,5.6,,
2007-06-01,E09000004,Bexley,208168.0,1.1,,466.0,,,2025,43969.0,,False,4.73,,5.7,,
2007-07-01,E09000004,Bexley,211313.0,1.5,,496.0,,,2025,43969.0,,False,4.81,,5.8,,
2007-08-01,E09000004,Bexley,211456.0,0.1,,549.0,,,2025,43969.0,,False,4.81,,5.8,,
2007-09-01,E09000004,Bexley,210587.0,-0.4,,389.0,,,2025,43969.0,,False,4.79,,5.7,,
2007-10-01,E09000004,Bexley,211451.0,0.4,,454.0,,,2025,43969.0,,False,4.81,,5.8,,
2007-11-01,E09000004,Bexley,215165.0,1.8,,400.0,,,2025,43969.0,,False,4.89,,5.9,,
2007-12-01,E09000004,Bexley,218426.0,1.5,,303.0,,,2025,43969.0,,False,4.97,,6.0,,
2008-01-01,E09000004,Bexley,220079.0,0.8,,252.0,,,2025,43969.0,,False,5.01,,6.0,,
2008-02-01,E09000004,Bexley,219343.0,-0.3,,285.0,,,2025,43969.0,,False,4.99,,6.0,,
2008-03-01,E09000004,Bexley,218903.0,-0.2,,233.0,,,2025,43969.0,,False,4.98,,6.0,,
2008-04-01,E09000004,Bexley,215948.0,-1.4,,229.0,,,2025,43969.0,,False,4.91,,5.9,,
2008-05-01,E09000004,Bexley,215610.0,-0.2,,232.0,,,2025,43969.0,,False,4.9,,5.9,,
2008-06-01,E09000004,Bexley,212626.0,-1.4,,217.0,,,2025,43969.0,,False,4.84,,5.8,,
2008-07-01,E09000004,Bexley,210794.0,-0.9,,211.0,,,2025,43969.0,,False,4.79,,5.8,,
2008-08-01,E09000004,Bexley,208147.0,-1.3,,195.0,,,2025,43969.0,,False,4.73,,5.7,,
2008-09-01,E09000004,Bexley,207079.0,-0.5,,187.0,,,2025,43969.0,,False,4.71,,5.7,,
2008-10-01,E09000004,Bexley,203003.0,-2.0,,158.0,,,2025,43969.0,,False,4.62,,5.5,,
2008-11-01,E09000004,Bexley,197915.0,-2.5,,136.0,,,2025,43969.0,,False,4.5,,5.4,,
2008-12-01,E09000004,Bexley,192874.0,-2.5,,152.0,,,2025,43969.0,,False,4.39,,5.3,,
2009-01-01,E09000004,Bexley,193099.0,0.1,,82.0,,,2025,43969.0,,False,4.39,,5.3,,
2009-02-01,E09000004,Bexley,188780.0,-2.2,,101.0,,,2025,43969.0,,False,4.29,,5.2,,
2009-03-01,E09000004,Bexley,187071.0,-0.9,,125.0,,,2025,43969.0,,False,4.25,,5.1,,
2009-04-01,E09000004,Bexley,181648.0,-2.9,,134.0,,,2025,43969.0,,False,4.13,,5.0,,
2009-05-01,E09000004,Bexley,182450.0,0.4,,174.0,,,2025,43969.0,,False,4.15,,5.0,,
2009-06-01,E09000004,Bexley,183339.0,0.5,,173.0,,,2025,43969.0,,False,4.17,,5.0,,
2009-07-01,E09000004,Bexley,186836.0,1.9,,230.0,,,2025,43969.0,,False,4.25,,5.1,,
2009-08-01,E09000004,Bexley,189652.0,1.5,,225.0,,,2025,43969.0,,False,4.31,,5.2,,
2009-09-01,E09000004,Bexley,191205.0,0.8,,213.0,,,2025,43969.0,,False,4.35,,5.2,,
2009-10-01,E09000004,Bexley,193411.0,1.2,,233.0,,,2025,43969.0,,False,4.4,,5.3,,
2009-11-01,E09000004,Bexley,194439.0,0.5,,194.0,,,2025,43969.0,,False,4.42,,5.3,,
2009-12-01,E09000004,Bexley,196618.0,1.1,,289.0,,,2025,43969.0,,False,4.47,,5.4,,
2010-01-01,E09000004,Bexley,197732.0,0.6,,126.0,,,2025,43969.0,,False,4.5,,5.4,,
2010-02-01,E09000004,Bexley,201278.0,1.8,,179.0,,,2025,43969.0,,False,4.58,,5.5,,
2010-03-01,E09000004,Bexley,202286.0,0.5,,192.0,,,2025,43969.0,,False,4.6,,5.5,,
2010-04-01,E09000004,Bexley,202733.0,0.2,,201.0,,,2025,43969.0,,False,4.61,,5.5,,
2010-05-01,E09000004,Bexley,199914.0,-1.4,,234.0,,,2025,43969.0,,False,4.55,,5.5,,
2010-06-01,E09000004,Bexley,199802.0,-0.1,,208.0,,,2025,43969.0,,False,4.54,,5.5,,
2010-07-01,E09000004,Bexley,200246.0,0.2,,249.0,,,2025,43969.0,,False,4.55,,5.5,,
2010-08-01,E09000004,Bexley,201930.0,0.8,,249.0,,,2025,43969.0,,False,4.59,,5.5,,
2010-09-01,E09000004,Bexley,202864.0,0.5,,230.0,,,2025,43969.0,,False,4.61,,5.5,,
2010-10-01,E09000004,Bexley,200651.0,-1.1,,231.0,,,2025,43969.0,,False,4.56,,5.5,,
2010-11-01,E09000004,Bexley,200642.0,0.0,,209.0,,,2025,43969.0,,False,4.56,,5.5,,
2010-12-01,E09000004,Bexley,200346.0,-0.1,,162.0,,,2025,43969.0,,False,4.56,,5.5,,
2011-01-01,E09000004,Bexley,200369.0,0.0,,166.0,,,2025,43969.0,,False,4.56,,5.5,,
2011-02-01,E09000004,Bexley,200393.0,0.0,,148.0,,,2025,43969.0,,False,4.56,,5.5,,
2011-03-01,E09000004,Bexley,198328.0,-1.0,,181.0,,,2025,43969.0,,False,4.51,,5.4,,
2011-04-01,E09000004,Bexley,201053.0,1.4,,197.0,,,2025,43969.0,,False,4.57,,5.5,,
2011-05-01,E09000004,Bexley,201333.0,0.1,,195.0,,,2025,43969.0,,False,4.58,,5.5,,
2011-06-01,E09000004,Bexley,201067.0,-0.1,,248.0,,,2025,43969.0,,False,4.57,,5.5,,
2011-07-01,E09000004,Bexley,199894.0,-0.6,,224.0,,,2025,43969.0,,False,4.55,,5.5,,
2011-08-01,E09000004,Bexley,199480.0,-0.2,,220.0,,,2025,43969.0,,False,4.54,,5.4,,
2011-09-01,E09000004,Bexley,202293.0,1.4,,248.0,,,2025,43969.0,,False,4.6,,5.5,,
2011-10-01,E09000004,Bexley,202901.0,0.3,,233.0,,,2025,43969.0,,False,4.61,,5.5,,
2011-11-01,E09000004,Bexley,201372.0,-0.8,,237.0,,,2025,43969.0,,False,4.58,,5.5,,
2011-12-01,E09000004,Bexley,199518.0,-0.9,,248.0,,,2025,43969.0,,False,4.54,,5.4,,
2012-01-01,E09000004,Bexley,197421.0,-1.1,,186.0,,,2025,43969.0,,False,4.49,,5.4,,
2012-02-01,E09000004,Bexley,199180.0,0.9,,181.0,,,2025,43969.0,,False,4.53,,5.4,,
2012-03-01,E09000004,Bexley,198633.0,-0.3,,281.0,,,2025,43969.0,,False,4.52,,5.4,,
2012-04-01,E09000004,Bexley,199587.0,0.5,,187.0,,,2025,43969.0,,False,4.54,,5.4,,
2012-05-01,E09000004,Bexley,200110.0,0.3,,212.0,,,2025,43969.0,,False,4.55,,5.5,,
2012-06-01,E09000004,Bexley,202545.0,1.2,,252.0,,,2025,43969.0,,False,4.61,,5.5,,
2012-07-01,E09000004,Bexley,203969.0,0.7,,281.0,,,2025,43969.0,,False,4.64,,5.6,,
2012-08-01,E09000004,Bexley,205191.0,0.6,,288.0,,,2025,43969.0,,False,4.67,,5.6,,
2012-09-01,E09000004,Bexley,205404.0,0.1,,210.0,,,2025,43969.0,,False,4.67,,5.6,,
2012-10-01,E09000004,Bexley,205913.0,0.2,,266.0,,,2025,43969.0,,False,4.68,,5.6,,
2012-11-01,E09000004,Bexley,205586.0,-0.2,,283.0,,,2025,43969.0,,False,4.68,,5.6,,
2012-12-01,E09000004,Bexley,206950.0,0.7,,247.0,,,2025,43969.0,,False,4.71,,5.6,,
2013-01-01,E09000004,Bexley,209186.0,1.1,,183.0,,,2025,43969.0,,False,4.76,,5.7,,
2013-02-01,E09000004,Bexley,210770.0,0.8,,195.0,,,2025,43969.0,,False,4.79,,5.8,,
2013-03-01,E09000004,Bexley,210524.0,-0.1,,225.0,,,2025,43969.0,,False,4.79,,5.7,,
2013-04-01,E09000004,Bexley,210858.0,0.2,,237.0,,,2025,43969.0,,False,4.8,,5.8,,
2013-05-01,E09000004,Bexley,210201.0,-0.3,,282.0,,,2025,43969.0,,False,4.78,,5.7,,
2013-06-01,E09000004,Bexley,210383.0,0.1,,252.0,,,2025,43969.0,,False,4.78,,5.7,,
