data/exports/mart_london_affordability_monthly.csv
date_month,area_code,area_name,average_price,hpi_index,house_price_yoy_pct,sales_volume,avg_monthly_rent,rent_yoy_pct,earnings_year,median_gross_annual_pay,earnings_yoy_pct,earnings_fallback_used,price_to_earnings_ratio,annual_rent_to_earnings_ratio,months_to_save_10pct_deposit,rent_growth_minus_income_growth_pct,house_price_growth_minus_income_growth_pct
2013-07-01,E09000004,Bexley,209979.0,-0.2,,299.0,,,2025,43969.0,,False,4.78,,5.7,,
2013-08-01,E09000004,Bexley,213348.0,1.6,,379.0,,,2025,43969.0,,False,4.85,,5.8,,
2013-09-01,E09000004,Bexley,216042.0,1.3,,319.0,,,2025,43969.0,,False,4.91,,5.9,,
2013-10-01,E09000004,Bexley,218828.0,1.3,,331.0,,,2025,43969.0,,False,4.98,,6.0,,
2013-11-01,E09000004,Bexley,219384.0,0.3,,357.0,,,2025,43969.0,,False,4.99,,6.0,,
2013-12-01,E09000004,Bexley,222070.0,1.2,,319.0,,,2025,43969.0,,False,5.05,,6.1,,
2014-01-01,E09000004,Bexley,224314.0,1.0,,316.0,,,2025,43969.0,,False,5.1,,6.1,,
2014-02-01,E09000004,Bexley,226513.0,1.0,,306.0,,,2025,43969.0,,False,5.15,,6.2,,
2014-03-01,E09000004,Bexley,227496.0,0.4,,296.0,,,2025,43969.0,,False,5.17,,6.2,,
2014-04-01,E09000004,Bexley,232018.0,2.0,,277.0,,,2025,43969.0,,False,5.28,,6.3,,
2014-05-01,E09000004,Bexley,236197.0,1.8,,279.0,,,2025,43969.0,,False,5.37,,6.4,,
2014-06-01,E09000004,Bexley,242488.0,2.7,,334.0,,,2025,43969.0,,False,5.51,,6.6,,
2014-07-01,E09000004,Bexley,249846.0,3.0,,382.0,,,2025,43969.0,,False,5.68,,6.8,,
2014-08-01,E09000004,Bexley,255176.0,2.1,,377.0,,,2025,43969.0,,False,5.8,,7.0,,
2014-09-01,E09000004,Bexley,258612.0,1.3,,342.0,,,2025,43969.0,,False,5.88,,7.1,,
2014-10-01,E09000004,Bexley,258260.0,-0.1,,353.0,,,2025,43969.0,,False,5.87,,7.0,,
2014-11-01,E09000004,Bexley,260531.0,0.9,,324.0,,,2025,43969.0,,False,5.93,,7.1,,
2014-12-01,E09000004,Bexley,261980.0,0.6,,358.0,,,2025,43969.0,,False,5.96,,7.1,,
2015-01-01,E09000004,Bexley,261744.0,-0.1,,278.0,903.0,,2025,43969.0,,False,5.95,0.25,7.1,,
2015-02-01,E09000004,Bexley,261289.0,-0.2,,244.0,908.0,,2025,43969.0,,False,5.94,0.25,7.1,,
2015-03-01,E09000004,Bexley,261077.0,-0.1,,261.0,912.0,,2025,43969.0,,False,5.94,0.25,7.1,,
2015-04-01,E09000004,Bexley,261858.0,0.3,,281.0,918.0,,2025,43969.0,,False,5.96,0.25,7.1,,
2015-05-01,E09000004,Bexley,264480.0,1.0,,343.0,922.0,,2025,43969.0,,False,6.02,0.25,7.2,,
2015-06-01,E09000004,Bexley,267385.0,1.1,,390.0,925.0,,2025,43969.0,,False,6.08,0.25,7.3,,
2015-07-01,E09000004,Bexley,275323.0,3.0,,425.0,926.0,,2025,43969.0,,False,6.26,0.25,7.5,,
2015-08-01,E09000004,Bexley,280363.0,1.8,,355.0,929.0,,2025,43969.0,,False,6.38,0.25,7.7,,
2015-09-01,E09000004,Bexley,286273.0,2.1,,342.0,933.0,,2025,43969.0,,False,6.51,0.25,7.8,,
2015-10-01,E09000004,Bexley,286182.0,0.0,,374.0,938.0,,2025,43969.0,,False,6.51,0.26,7.8,,
2015-11-01,E09000004,Bexley,288710.0,0.9,,331.0,945.0,,2025,43969.0,,False,6.57,0.26,7.9,,
2015-12-01,E09000004,Bexley,295736.0,2.4,,318.0,952.0,,2025,43969.0,,False,6.73,0.26,8.1,,
2016-01-01,E09000004,Bexley,307542.0,4.0,,232.0,958.0,6.072409,2025,43969.0,,False,6.99,0.26,8.4,,
2016-02-01,E09000004,Bexley,315281.0,2.5,,307.0,961.0,5.945306,2025,43969.0,,False,7.17,0.26,8.6,,
2016-03-01,E09000004,Bexley,314132.0,-0.4,,445.0,966.0,5.948937,2025,43969.0,,False,7.14,0.26,8.6,,
2016-04-01,E09000004,Bexley,311880.0,-0.7,,214.0,969.0,5.593953,2025,43969.0,,False,7.09,0.26,8.5,,
2016-05-01,E09000004,Bexley,314422.0,0.8,,233.0,972.0,5.387863,2025,43969.0,,False,7.15,0.27,8.6,,
2016-06-01,E09000004,Bexley,320627.0,2.0,,266.0,975.0,5.352798,2025,43969.0,,False,7.29,0.27,8.8,,
2016-07-01,E09000004,Bexley,325372.0,1.5,,303.0,981.0,5.854736,2025,43969.0,,False,7.4,0.27,8.9,,
2016-08-01,E09000004,Bexley,326869.0,0.5,,297.0,986.0,6.085677,2025,43969.0,,False,7.43,0.27,8.9,,
2016-09-01,E09000004,Bexley,329399.0,0.8,,305.0,990.0,6.167659,2025,43969.0,,False,7.49,0.27,9.0,,
2016-10-01,E09000004,Bexley,330185.0,0.2,,287.0,991.0,5.614525,2025,43969.0,,False,7.51,0.27,9.0,,
2016-11-01,E09000004,Bexley,331934.0,0.5,,278.0,993.0,5.08737,2025,43969.0,,False,7.55,0.27,9.1,,
2016-12-01,E09000004,Bexley,331015.0,-0.3,,261.0,996.0,4.600448,2025,43969.0,,False,7.53,0.27,9.0,,
2017-01-01,E09000004,Bexley,330057.0,-0.3,,228.0,1000.0,4.360342,2025,43969.0,,False,7.51,0.27,9.0,,
2017-02-01,E09000004,Bexley,328815.0,-0.4,,254.0,1004.0,4.371994,2025,43969.0,,False,7.48,0.27,9.0,,
2017-03-01,E09000004,Bexley,328849.0,0.0,,256.0,1006.0,4.071932,2025,43969.0,,False,7.48,0.27,9.0,,
2017-04-01,E09000004,Bexley,329037.0,0.1,,238.0,1009.0,4.099066,2025,43969.0,,False,7.48,0.28,9.0,,
2017-05-01,E09000004,Bexley,333642.0,1.4,,234.0,1011.0,3.973879,2025,43969.0,,False,7.59,0.28,9.1,,
2017-06-01,E09000004,Bexley,336970.0,1.0,,303.0,1014.0,4.051166,2025,43969.0,,False,7.66,0.28,9.2,,
2017-07-01,E09000004,Bexley,344032.0,2.1,,289.0,1016.0,3.608481,2025,43969.0,,False,7.82,0.28,9.4,,
2017-08-01,E09000004,Bexley,344507.0,0.1,,351.0,1018.0,3.257147,2025,43969.0,,False,7.84,0.28,9.4,,
2017-09-01,E09000004,Bexley,339798.0,-1.4,,264.0,1019.0,2.908604,2025,43969.0,,False,7.73,0.28,9.3,,
2017-10-01,E09000004,Bexley,335696.0,-1.2,,294.0,1020.0,2.942243,2025,43969.0,,False,7.63,0.28,9.2,,
2017-11-01,E09000004,Bexley,336229.0,0.2,,298.0,1020.0,2.779075,2025,43969.0,,False,7.65,0.28,9.2,,
2017-12-01,E09000004,Bexley,340589.0,1.3,,270.0,1023.0,2.711542,2025,43969.0,,False,7.75,0.28,9.3,,
2018-01-01,E09000004,Bexley,342086.0,0.4,,234.0,1024.0,2.398966,2025,43969.0,,False,7.78,0.28,9.3,,
2018-02-01,E09000004,Bexley,341245.0,-0.2,,228.0,1022.0,1.79904,2025,43969.0,,False,7.76,0.28,9.3,,
2018-03-01,E09000004,Bexley,339622.0,-0.5,,241.0,1018.0,1.205746,2025,43969.0,,False,7.72,0.28,9.3,,
2018-04-01,E09000004,Bexley,338467.0,-0.3,,232.0,1015.0,0.603934,2025,43969.0,,False,7.7,0.28,9.2,,
2018-05-01,E09000004,Bexley,336401.0,-0.6,,235.0,1017.0,0.615817,2025,43969.0,,False,7.65,0.28,9.2,,
2018-06-01,E09000004,Bexley,341471.0,1.5,,250.0,1019.0,0.477895,2025,43969.0,,False,7.77,0.28,9.3,,
2018-07-01,E09000004,Bexley,345683.0,1.2,,264.0,1022.0,0.567821,2025,43969.0,,False,7.86,0.28,9.4,,
2018-08-01,E09000004,Bexley,347521.0,0.5,,294.0,1023.0,0.491267,2025,43969.0,,False,7.9,0.28,9.5,,
2018-09-01,E09000004,Bexley,346141.0,-0.4,,245.0,1022.0,0.294914,2025,43969.0,,False,7.87,0.28,9.4,,
2018-10-01,E09000004,Bexley,345092.0,-0.3,,282.0,1020.0,0.032637,2025,43969.0,,False,7.85,0.28,9.4,,
2018-11-01,E09000004,Bexley,344417.0,-0.2,,317.0,1020.0,-0.091629,2025,43969.0,,False,7.83,0.28,9.4,,
2018-12-01,E09000004,Bexley,343812.0,-0.2,,237.0,1022.0,-0.093789,2025,43969.0,,False,7.82,0.28,9.4,,
2019-01-01,E09000004,Bexley,338698.0,-1.5,,215.0,1025.0,0.118795,2025,43969.0,,False,7.7,0.28,9.2,,
2019-02-01,E09000004,Bexley,339177.0,0.1,,219.0,1029.0,0.695457,2025,43969.0,,False,7.71,0.28,9.3,,
2019-03-01,E09000004,Bexley,336670.0,-0.7,,225.0,1032.0,1.43984,2025,43969.0,,False,7.66,0.28,9.2,,
2019-04-01,E09000004,Bexley,339279.0,0.8,,226.0,1036.0,2.035758,2025,43969.0,,False,7.72,0.28,9.3,,
2019-05-01,E09000004,Bexley,336781.0,-0.7,,237.0,1037.0,2.001975,2025,43969.0,,False,7.66,0.28,9.2,,
2019-06-01,E09000004,Bexley,339038.0,0.7,,242.0,1040.0,2.009057,2025,43969.0,,False,7.71,0.28,9.3,,
2019-07-01,E09000004,Bexley,338571.0,-0.1,,279.0,1040.0,1.817314,2025,43969.0,,False,7.7,0.28,9.2,,
2019-08-01,E09000004,Bexley,337736.0,-0.2,,308.0,1042.0,1.853624,2025,43969.0,,False,7.68,0.28,9.2,,
2019-09-01,E09000004,Bexley,332811.0,-1.5,,274.0,1044.0,2.133777,2025,43969.0,,False,7.57,0.28,9.1,,
2019-10-01,E09000004,Bexley,332019.0,-0.2,,273.0,1049.0,2.779322,2025,43969.0,,False,7.55,0.29,9.1,,
2019-11-01,E09000004,Bexley,333161.0,0.3,,271.0,1054.0,3.339733,2025,43969.0,,False,7.58,0.29,9.1,,
2019-12-01,E09000004,Bexley,338416.0,1.6,,244.0,1058.0,3.519428,2025,43969.0,,False,7.7,0.29,9.2,,
2020-01-01,E09000004,Bexley,336654.0,-0.5,,206.0,1061.0,3.498328,2025,43969.0,,False,7.66,0.29,9.2,,
2020-02-01,E09000004,Bexley,338863.0,0.7,,255.0,1063.0,3.314065,2025,43969.0,,False,7.71,0.29,9.2,,
2020-03-01,E09000004,Bexley,339101.0,0.1,,275.0,1063.0,3.001577,2025,43969.0,,False,7.71,0.29,9.3,,
2020-04-01,E09000004,Bexley,342030.0,0.9,,105.0,1062.0,2.603898,2025,43969.0,,False,7.78,0.29,9.3,,
2020-05-01,E09000004,Bexley,339455.0,-0.8,,101.0,1062.0,2.328681,2025,43969.0,,False,7.72,0.29,9.3,,
2020-06-01,E09000004,Bexley,341309.0,0.5,,200.0,1061.0,2.074792,2025,43969.0,,False,7.76,0.29,9.3,,
2020-07-01,E09000004,Bexley,344299.0,0.9,,226.0,1062.0,2.049877,2025,43969.0,,False,7.83,0.29,9.4,,
2020-08-01,E09000004,Bexley,347933.0,1.1,,241.0,1063.0,2.002325,2025,43969.0,,False,7.91,0.29,9.5,,
2020-09-01,E09000004,Bexley,345477.0,-0.7,,232.0,1065.0,2.016916,2025,43969.0,,False,7.86,0.29,9.4,,
2020-10-01,E09000004,Bexley,345406.0,0.0,,328.0,1069.0,1.911263,2025,43969.0,,False,7.86,0.29,9.4,,
2020-11-01,E09000004,Bexley,346735.0,0.4,,263.0,1073.0,1.833316,2025,43969.0,,False,7.89,0.29,9.5,,
2020-12-01,E09000004,Bexley,352541.0,1.7,,315.0,1076.0,1.724816,2025,43969.0,,False,8.02,0.29,9.6,,
2021-01-01,E09000004,Bexley,356652.0,1.2,,285.0,1079.0,1.694204,2025,43969.0,,False,8.11,0.29,9.7,,
2021-02-01,E09000004,Bexley,360812.0,1.2,,424.0,1081.0,1.706982,2025,43969.0,,False,8.21,0.3,9.8,,
2021-03-01,E09000004,Bexley,362409.0,0.4,,567.0,1088.0,2.327312,2025,43969.0,,False,8.24,0.3,9.9,,
2021-04-01,E09000004,Bexley,363085.0,0.2,,330.0,1095.0,3.032321,2025,43969.0,,False,8.26,0.3,9.9,,
2021-05-01,E09000004,Bexley,363082.0,0.0,,271.0,1104.0,4.036044,2025,43969.0,,False,8.26,0.3,9.9,,
2021-06-01,E09000004,Bexley,366448.0,0.9,,761.0,1115.0,5.06097,2025,43969.0,,False,8.33,0.3,10.0,,
2021-07-01,E09000004,Bexley,370348.0,1.1,,136.0,1124.0,5.842612,2025,43969.0,,False,8.42,0.31,10.1,,
2021-08-01,E09000004,Bexley,375146.0,1.3,,231.0,1130.0,6.283008,2025,43969.0,,False,8.53,0.31,10.2,,
2021-09-01,E09000004,Bexley,374937.0,-0.1,,463.0,1133.0,6.42978,2025,43969.0,,False,8.53,0.31,10.2,,
2021-10-01,E09000004,Bexley,377490.0,0.7,,171.0,1139.0,6.583125,2025,43969.0,,False,8.59,0.31,10.3,,
2021-11-01,E09000004,Bexley,380311.0,0.7,,261.0,1147.0,6.904408,2025,43969.0,,False,8.65,0.31,10.4,,
2021-12-01,E09000004,Bexley,382824.0,0.7,,281.0,1151.0,7.018698,2025,43969.0,,False,8.71,0.31,10.4,,
2022-01-01,E09000004,Bexley,383575.0,0.2,,192.0,1155.0,7.061447,2025,43969.0,,False,8.72,0.32,10.5,,
2022-02-01,E09000004,Bexley,385930.0,0.6,,235.0,1159.0,7.265244,2025,43969.0,,False,8.78,0.32,10.5,,
2022-03-01,E09000004,Bexley,388408.0,0.6,,278.0,1159.0,6.497173,2025,43969.0,,False,8.83,0.32,10.6,,
2022-04-01,E09000004,Bexley,390903.0,0.6,,243.0,1159.0,5.884625,2025,43969.0,,False,8.89,0.32,10.7,,
2022-05-01,E09000004,Bexley,391043.0,0.0,,248.0,1160.0,5.016087,2025,43969.0,,False,8.89,0.32,10.7,,
2022-06-01,E09000004,Bexley,398979.0,2.0,,261.0,1168.0,4.79472,2025,43969.0,,False,9.07,0.32,10.9,,
2022-07-01,E09000004,Bexley,403194.0,1.1,,286.0,1177.0,4.728638,2025,43969.0,,False,9.17,0.32,11.0,,
2022-08-01,E09000004,Bexley,408233.0,1.2,,288.0,1184.0,4.825242,2025,43969.0,,False,9.28,0.32,11.1,,
2022-09-01,E09000004,Bexley,410334.0,0.5,,304.0,1191.0,5.03569,2025,43969.0,,False,9.33,0.33,11.2,,
2022-10-01,E09000004,Bexley,413905.0,0.9,,308.0,1196.0,4.960618,2025,43969.0,,False,9.41,0.33,11.3,,
2022-11-01,E09000004,Bexley,415943.0,0.5,,323.0,1201.0,4.713967,2025,43969.0,,False,9.46,0.33,11.4,,
2022-12-01,E09000004,Bexley,417727.0,0.4,,321.0,1209.0,4.992869,2025,43969.0,,False,9.5,0.33,11.4,,
2023-01-01,E09000004,Bexley,415224.0,-0.6,,237.0,1216.0,5.292324,2025,43969.0,,False,9.44,0.33,11.3,,
2023-02-01,E09000004,Bexley,412892.0,-0.6,,173.0,1221.0,5.302738,2025,43969.0,,False,9.39,0.33,11.3,,
2023-03-01,E09000004,Bexley,407303.0,-1.4,,226.0,1226.0,5.782757,2025,43969.0,,False,9.26,0.33,11.1,,
2023-04-01,E09000004,Bexley,402483.0,-1.2,,143.0,1230.0,6.077124,2025,43969.0,,False,9.15,0.34,11.0,,
2023-05-01,E09000004,Bexley,396326.0,-1.5,,163.0,1239.0,6.786855,2025,43969.0,,False,9.01,0.34,10.8,,
2023-06-01,E09000004,Bexley,393294.0,-0.8,,221.0,1246.0,6.675941,2025,43969.0,,False,8.94,0.34,10.7,,
2023-07-01,E09000004,Bexley,396119.0,0.7,,177.0,1253.0,6.466272,2025,43969.0,,False,9.01,0.34,10.8,,
2023-08-01,E09000004,Bexley,396277.0,0.0,,233.0,1259.0,6.369215,2025,43969.0,,False,9.01,0.34,10.8,,
2023-09-01,E09000004,Bexley,397357.0,0.3,,216.0,1263.0,6.052723,2025,43969.0,,False,9.04,0.34,10.8,,
2023-10-01,E09000004,Bexley,392995.0,-1.1,,196.0,1271.0,6.302518,2025,43969.0,,False,8.94,0.35,10.7,,
2023-11-01,E09000004,Bexley,396066.0,0.8,,203.0,1277.0,6.321736,2025,43969.0,,False,9.01,0.35,10.8,,
2023-12-01,E09000004,Bexley,392041.0,-1.0,,158.0,1284.0,6.261942,2025,43969.0,,False,8.92,0.35,10.7,,
2024-01-01,E09000004,Bexley,394243.0,0.6,,155.0,1291.0,6.19085,2025,43969.0,,False,8.97,0.35,10.8,,
2024-02-01,E09000004,Bexley,393996.0,-0.1,,178.0,1295.0,6.071458,2025,43969.0,,False,8.96,0.35,10.8,,
2024-03-01,E09000004,Bexley,396732.0,0.7,,193.0,1301.0,6.10987,2025,43969.0,,False,9.02,0.36,10.8,,
2024-04-01,E09000004,Bexley,399426.0,0.7,,186.0,1308.0,6.410314,2025,43969.0,,False,9.08,0.36,10.9,,
2024-05-01,E09000004,Bexley,397779.0,-0.4,,242.0,1319.0,6.511485,2025,43969.0,,False,9.05,0.36,10.9,,
2024-06-01,E09000004,Bexley,400578.0,0.7,,177.0,1329.0,6.630508,2025,43969.0,,False,9.11,0.36,10.9,,
2024-07-01,E09000004,Bexley,399296.0,-0.3,,280.0,1334.0,6.479276,2025,43969.0,,False,9.08,0.36,10.9,,
2024-08-01,E09000004,Bexley,403181.0,1.0,,284.0,1343.0,6.611798,2025,43969.0,,False,9.17,0.37,11.0,,
2024-09-01,E09000004,Bexley,404533.0,0.3,,268.0,1359.0,7.653151,2025,43969.0,,False,9.2,0.37,11.0,,
2024-10-01,E09000004,Bexley,406935.0,0.6,,281.0,1378.0,8.422685,2025,43969.0,,False,9.26,0.38,11.1,,
2024-11-01,E09000004,Bexley,406441.0,-0.1,,250.0,1396.0,9.31527,2025,43969.0,,False,9.24,0.38,11.1,,
2024-12-01,E09000004,Bexley,404910.0,-0.4,,237.0,1404.0,9.316867,2025,43969.0,,False,9.21,0.38,11.1,,
2025-01-01,E09000004,Bexley,404331.0,-0.1,,265.0,1411.0,9.249954,2025,43969.0,,False,9.2,0.39,11.0,,
2025-02-01,E09000004,Bexley,405399.0,0.3,,289.0,1416.0,9.337264,2025,43969.0,,False,9.22,0.39,11.1,,
2025-03-01,E09000004,Bexley,403907.0,-0.4,,520.0,1422.0,9.351945,2025,43969.0,,False,9.19,0.39,11.0,,
2025-04-01,E09000004,Bexley,397552.0,-1.6,,73.0,1428.0,9.167378,2025,43969.0,,False,9.04,0.39,10.8,,
2025-05-01,E09000004,Bexley,398614.0,0.3,,124.0,1457.0,10.467616,2025,43969.0,,False,9.07,0.4,10.9,,
2025-06-01,E09000004,Bexley,399785.0,0.3,,171.0,1485.0,11.710448,2025,43969.0,,False,9.09,0.41,10.9,,
2025-07-01,E09000004,Bexley,406991.0,1.8,,211.0,1512.0,13.323919,2025,43969.0,,False,9.26,0.41,11.1,,
2025-08-01,E09000004,Bexley,409876.0,0.7,,231.0,1512.0,12.634769,2025,43969.0,,False,9.32,0.41,11.2,,
2025-09-01,E09000004,Bexley,412191.0,0.6,,203.0,1514.0,11.380741,2025,43969.0,,False,9.37,0.41,11.2,,
2025-10-01,E09000004,Bexley,413433.0,0.3,,192.0,1514.0,9.887996,2025,43969.0,,False,9.4,0.41,11.3,,
2025-11-01,E09000004,Bexley,415485.0,0.5,,161.0,1521.0,8.968907,2025,43969.0,,False,9.45,0.42,11.3,,
2025-12-01,E09000004,Bexley,412947.0,-0.6,,,1530.0,8.945472,2025,43969.0,,False,9.39,0.42,11.3,,
2026-01-01,E09000004,Bexley,412226.0,-0.2,,,1539.0,9.093203,2025,43969.0,,False,9.38,0.42,11.3,,
1995-01-01,E09000005,Brent,76880.0,,,233.0,,,2025,39944.0,,False,1.92,,2.3,,
1995-02-01,E09000005,Brent,77651.0,1.0,,220.0,,,2025,39944.0,,False,1.94,,2.3,,
1995-03-01,E09000005,Brent,77644.0,0.0,,320.0,,,2025,39944.0,,False,1.94,,2.3,,
1995-04-01,E09000005,Brent,78668.0,1.3,,249.0,,,2025,39944.0,,False,1.97,,2.4,,
1995-05-01,E09000005,Brent,79464.0,1.0,,293.0,,,2025,39944.0,,False,1.99,,2.4,,
1995-06-01,E09000005,Brent,80118.0,0.8,,311.0,,,2025,39944.0,,False,2.01,,2.4,,
1995-07-01,E09000005,Brent,79920.0,-0.2,,303.0,,,2025,39944.0,,False,2.0,,2.4,,
1995-08-01,E09000005,Brent,79295.0,-0.8,,341.0,,,2025,39944.0,,False,1.99,,2.4,,
1995-09-01,E09000005,Brent,79557.0,0.3,,277.0,,,2025,39944.0,,False,1.99,,2.4,,
1995-10-01,E09000005,Brent,78990.0,-0.7,,282.0,,,2025,39944.0,,False,1.98,,2.4,,
1995-11-01,E09000005,Brent,78470.0,-0.7,,300.0,,,2025,39944.0,,False,1.96,,2.4,,
1995-12-01,E09000005,Brent,78192.0,-0.4,,283.0,,,2025,39944.0,,False,1.96,,2.3,,
1996-01-01,E09000005,Brent,78497.0,0.4,,251.0,,,2025,39944.0,,False,1.97,,2.4,,
1996-02-01,E09000005,Brent,78796.0,0.4,,209.0,,,2025,39944.0,,False,1.97,,2.4,,
1996-03-01,E09000005,Brent,78468.0,-0.4,,335.0,,,2025,39944.0,,False,1.96,,2.4,,
1996-04-01,E09000005,Brent,78026.0,-0.6,,275.0,,,2025,39944.0,,False,1.95,,2.3,,
1996-05-01,E09000005,Brent,78700.0,0.9,,294.0,,,2025,39944.0,,False,1.97,,2.4,,
1996-06-01,E09000005,Brent,79242.0,0.7,,291.0,,,2025,39944.0,,False,1.98,,2.4,,
1996-07-01,E09000005,Brent,81456.0,2.8,,343.0,,,2025,39944.0,,False,2.04,,2.4,,
1996-08-01,E09000005,Brent,82925.0,1.8,,347.0,,,2025,39944.0,,False,2.08,,2.5,,
1996-09-01,E09000005,Brent,84815.0,2.3,,328.0,,,2025,39944.0,,False,2.12,,2.5,,
1996-10-01,E09000005,Brent,84086.0,-0.9,,350.0,,,2025,39944.0,,False,2.11,,2.5,,
1996-11-01,E09000005,Brent,84004.0,-0.1,,389.0,,,2025,39944.0,,False,2.1,,2.5,,
1996-12-01,E09000005,Brent,84378.0,0.4,,344.0,,,2025,39944.0,,False,2.11,,2.5,,
1997-01-01,E09000005,Brent,85890.0,1.8,,320.0,,,2025,39944.0,,False,2.15,,2.6,,
1997-02-01,E09000005,Brent,87560.0,1.9,,283.0,,,2025,39944.0,,False,2.19,,2.6,,
1997-03-01,E09000005,Brent,88756.0,1.4,,327.0,,,2025,39944.0,,False,2.22,,2.7,,
1997-04-01,E09000005,Brent,89240.0,0.5,,315.0,,,2025,39944.0,,False,2.23,,2.7,,
1997-05-01,E09000005,Brent,89195.0,0.0,,342.0,,,2025,39944.0,,False,2.23,,2.7,,
1997-06-01,E09000005,Brent,90432.0,1.4,,364.0,,,2025,39944.0,,False,2.26,,2.7,,
1997-07-01,E09000005,Brent,94486.0,4.5,,474.0,,,2025,39944.0,,False,2.37,,2.8,,
1997-08-01,E09000005,Brent,97211.0,2.9,,398.0,,,2025,39944.0,,False,2.43,,2.9,,
1997-09-01,E09000005,Brent,98622.0,1.5,,336.0,,,2025,39944.0,,False,2.47,,3.0,,
1997-10-01,E09000005,Brent,99415.0,0.8,,412.0,,,2025,39944.0,,False,2.49,,3.0,,
1997-11-01,E09000005,Brent,100156.0,0.7,,343.0,,,2025,39944.0,,False,2.51,,3.0,,
