data/exports/mart_london_affordability_monthly.csv
date_month,area_code,area_name,average_price,hpi_index,house_price_yoy_pct,sales_volume,avg_monthly_rent,rent_yoy_pct,earnings_year,median_gross_annual_pay,earnings_yoy_pct,earnings_fallback_used,price_to_earnings_ratio,annual_rent_to_earnings_ratio,months_to_save_10pct_deposit,rent_growth_minus_income_growth_pct,house_price_growth_minus_income_growth_pct
1997-12-01,E09000005,Brent,101385.0,1.2,,335.0,,,2025,39944.0,,False,2.54,,3.0,,
1998-01-01,E09000005,Brent,101073.0,-0.3,,299.0,,,2025,39944.0,,False,2.53,,3.0,,
1998-02-01,E09000005,Brent,102610.0,1.5,,256.0,,,2025,39944.0,,False,2.57,,3.1,,
1998-03-01,E09000005,Brent,103607.0,1.0,,367.0,,,2025,39944.0,,False,2.59,,3.1,,
1998-04-01,E09000005,Brent,105496.0,1.8,,364.0,,,2025,39944.0,,False,2.64,,3.2,,
1998-05-01,E09000005,Brent,107933.0,2.3,,363.0,,,2025,39944.0,,False,2.7,,3.2,,
1998-06-01,E09000005,Brent,109325.0,1.3,,400.0,,,2025,39944.0,,False,2.74,,3.3,,
1998-07-01,E09000005,Brent,110969.0,1.5,,472.0,,,2025,39944.0,,False,2.78,,3.3,,
1998-08-01,E09000005,Brent,111309.0,0.3,,346.0,,,2025,39944.0,,False,2.79,,3.3,,
1998-09-01,E09000005,Brent,112316.0,0.9,,372.0,,,2025,39944.0,,False,2.81,,3.4,,
1998-10-01,E09000005,Brent,112558.0,0.2,,358.0,,,2025,39944.0,,False,2.82,,3.4,,
1998-11-01,E09000005,Brent,113020.0,0.4,,344.0,,,2025,39944.0,,False,2.83,,3.4,,
1998-12-01,E09000005,Brent,112532.0,-0.4,,350.0,,,2025,39944.0,,False,2.82,,3.4,,
1999-01-01,E09000005,Brent,113704.0,1.0,,261.0,,,2025,39944.0,,False,2.85,,3.4,,
1999-02-01,E09000005,Brent,114088.0,0.3,,304.0,,,2025,39944.0,,False,2.86,,3.4,,
1999-03-01,E09000005,Brent,115932.0,1.6,,391.0,,,2025,39944.0,,False,2.9,,3.5,,
1999-04-01,E09000005,Brent,114537.0,-1.2,,386.0,,,2025,39944.0,,False,2.87,,3.4,,
1999-05-01,E09000005,Brent,114380.0,-0.1,,329.0,,,2025,39944.0,,False,2.86,,3.4,,
1999-06-01,E09000005,Brent,115700.0,1.2,,381.0,,,2025,39944.0,,False,2.9,,3.5,,
1999-07-01,E09000005,Brent,119467.0,3.3,,450.0,,,2025,39944.0,,False,2.99,,3.6,,
1999-08-01,E09000005,Brent,123211.0,3.1,,437.0,,,2025,39944.0,,False,3.08,,3.7,,
1999-09-01,E09000005,Brent,126220.0,2.4,,441.0,,,2025,39944.0,,False,3.16,,3.8,,
1999-10-01,E09000005,Brent,128548.0,1.8,,434.0,,,2025,39944.0,,False,3.22,,3.9,,
1999-11-01,E09000005,Brent,132249.0,2.9,,409.0,,,2025,39944.0,,False,3.31,,4.0,,
1999-12-01,E09000005,Brent,133042.0,0.6,,395.0,,,2025,39944.0,,False,3.33,,4.0,,
2000-01-01,E09000005,Brent,136694.0,2.7,,346.0,,,2025,39944.0,,False,3.42,,4.1,,
2000-02-01,E09000005,Brent,139735.0,2.2,,339.0,,,2025,39944.0,,False,3.5,,4.2,,
2000-03-01,E09000005,Brent,144579.0,3.5,,425.0,,,2025,39944.0,,False,3.62,,4.3,,
2000-04-01,E09000005,Brent,147989.0,2.4,,354.0,,,2025,39944.0,,False,3.7,,4.4,,
2000-05-01,E09000005,Brent,151063.0,2.1,,393.0,,,2025,39944.0,,False,3.78,,4.5,,
2000-06-01,E09000005,Brent,153804.0,1.8,,440.0,,,2025,39944.0,,False,3.85,,4.6,,
2000-07-01,E09000005,Brent,154933.0,0.7,,390.0,,,2025,39944.0,,False,3.88,,4.7,,
2000-08-01,E09000005,Brent,155414.0,0.3,,386.0,,,2025,39944.0,,False,3.89,,4.7,,
2000-09-01,E09000005,Brent,158116.0,1.7,,341.0,,,2025,39944.0,,False,3.96,,4.8,,
2000-10-01,E09000005,Brent,161127.0,1.9,,316.0,,,2025,39944.0,,False,4.03,,4.8,,
2000-11-01,E09000005,Brent,160163.0,-0.6,,311.0,,,2025,39944.0,,False,4.01,,4.8,,
2000-12-01,E09000005,Brent,160137.0,0.0,,384.0,,,2025,39944.0,,False,4.01,,4.8,,
2001-01-01,E09000005,Brent,159897.0,-0.1,,306.0,,,2025,39944.0,,False,4.0,,4.8,,
2001-02-01,E09000005,Brent,161842.0,1.2,,297.0,,,2025,39944.0,,False,4.05,,4.9,,
2001-03-01,E09000005,Brent,162400.0,0.3,,363.0,,,2025,39944.0,,False,4.07,,4.9,,
2001-04-01,E09000005,Brent,163744.0,0.8,,399.0,,,2025,39944.0,,False,4.1,,4.9,,
2001-05-01,E09000005,Brent,166858.0,1.9,,345.0,,,2025,39944.0,,False,4.18,,5.0,,
2001-06-01,E09000005,Brent,168085.0,0.7,,425.0,,,2025,39944.0,,False,4.21,,5.0,,
2001-07-01,E09000005,Brent,170085.0,1.2,,457.0,,,2025,39944.0,,False,4.26,,5.1,,
2001-08-01,E09000005,Brent,173402.0,2.0,,491.0,,,2025,39944.0,,False,4.34,,5.2,,
2001-09-01,E09000005,Brent,175889.0,1.4,,408.0,,,2025,39944.0,,False,4.4,,5.3,,
2001-10-01,E09000005,Brent,177159.0,0.7,,463.0,,,2025,39944.0,,False,4.44,,5.3,,
2001-11-01,E09000005,Brent,176809.0,-0.2,,430.0,,,2025,39944.0,,False,4.43,,5.3,,
2001-12-01,E09000005,Brent,178793.0,1.1,,341.0,,,2025,39944.0,,False,4.48,,5.4,,
2002-01-01,E09000005,Brent,181853.0,1.7,,315.0,,,2025,39944.0,,False,4.55,,5.5,,
2002-02-01,E09000005,Brent,184523.0,1.5,,313.0,,,2025,39944.0,,False,4.62,,5.5,,
2002-03-01,E09000005,Brent,184749.0,0.1,,408.0,,,2025,39944.0,,False,4.63,,5.6,,
2002-04-01,E09000005,Brent,185547.0,0.4,,384.0,,,2025,39944.0,,False,4.65,,5.6,,
2002-05-01,E09000005,Brent,189273.0,2.0,,451.0,,,2025,39944.0,,False,4.74,,5.7,,
2002-06-01,E09000005,Brent,196763.0,4.0,,396.0,,,2025,39944.0,,False,4.93,,5.9,,
2002-07-01,E09000005,Brent,202678.0,3.0,,490.0,,,2025,39944.0,,False,5.07,,6.1,,
2002-08-01,E09000005,Brent,207268.0,2.3,,459.0,,,2025,39944.0,,False,5.19,,6.2,,
2002-09-01,E09000005,Brent,212610.0,2.6,,432.0,,,2025,39944.0,,False,5.32,,6.4,,
2002-10-01,E09000005,Brent,216117.0,1.6,,383.0,,,2025,39944.0,,False,5.41,,6.5,,
2002-11-01,E09000005,Brent,219728.0,1.7,,426.0,,,2025,39944.0,,False,5.5,,6.6,,
2002-12-01,E09000005,Brent,224014.0,2.0,,346.0,,,2025,39944.0,,False,5.61,,6.7,,
2003-01-01,E09000005,Brent,224029.0,0.0,,359.0,,,2025,39944.0,,False,5.61,,6.7,,
2003-02-01,E09000005,Brent,227068.0,1.4,,300.0,,,2025,39944.0,,False,5.68,,6.8,,
2003-03-01,E09000005,Brent,225211.0,-0.8,,304.0,,,2025,39944.0,,False,5.64,,6.8,,
2003-04-01,E09000005,Brent,228005.0,1.2,,271.0,,,2025,39944.0,,False,5.71,,6.8,,
2003-05-01,E09000005,Brent,230508.0,1.1,,309.0,,,2025,39944.0,,False,5.77,,6.9,,
2003-06-01,E09000005,Brent,234859.0,1.9,,346.0,,,2025,39944.0,,False,5.88,,7.1,,
2003-07-01,E09000005,Brent,236586.0,0.7,,363.0,,,2025,39944.0,,False,5.92,,7.1,,
2003-08-01,E09000005,Brent,236322.0,-0.1,,395.0,,,2025,39944.0,,False,5.92,,7.1,,
2003-09-01,E09000005,Brent,236171.0,-0.1,,394.0,,,2025,39944.0,,False,5.91,,7.1,,
2003-10-01,E09000005,Brent,241138.0,2.1,,409.0,,,2025,39944.0,,False,6.04,,7.2,,
2003-11-01,E09000005,Brent,239856.0,-0.5,,377.0,,,2025,39944.0,,False,6.0,,7.2,,
2003-12-01,E09000005,Brent,241316.0,0.6,,399.0,,,2025,39944.0,,False,6.04,,7.2,,
2004-01-01,E09000005,Brent,241475.0,0.1,,360.0,,,2025,39944.0,,False,6.05,,7.3,,
2004-02-01,E09000005,Brent,244859.0,1.4,,313.0,,,2025,39944.0,,False,6.13,,7.4,,
2004-03-01,E09000005,Brent,245553.0,0.3,,368.0,,,2025,39944.0,,False,6.15,,7.4,,
2004-04-01,E09000005,Brent,248924.0,1.4,,344.0,,,2025,39944.0,,False,6.23,,7.5,,
2004-05-01,E09000005,Brent,253688.0,1.9,,316.0,,,2025,39944.0,,False,6.35,,7.6,,
2004-06-01,E09000005,Brent,257895.0,1.7,,411.0,,,2025,39944.0,,False,6.46,,7.7,,
2004-07-01,E09000005,Brent,260939.0,1.2,,434.0,,,2025,39944.0,,False,6.53,,7.8,,
2004-08-01,E09000005,Brent,263252.0,0.9,,377.0,,,2025,39944.0,,False,6.59,,7.9,,
2004-09-01,E09000005,Brent,260574.0,-1.0,,278.0,,,2025,39944.0,,False,6.52,,7.8,,
2004-10-01,E09000005,Brent,258673.0,-0.7,,314.0,,,2025,39944.0,,False,6.48,,7.8,,
2004-11-01,E09000005,Brent,258437.0,-0.1,,265.0,,,2025,39944.0,,False,6.47,,7.8,,
2004-12-01,E09000005,Brent,259369.0,0.4,,296.0,,,2025,39944.0,,False,6.49,,7.8,,
2005-01-01,E09000005,Brent,257946.0,-0.5,,243.0,,,2025,39944.0,,False,6.46,,7.7,,
2005-02-01,E09000005,Brent,255114.0,-1.1,,217.0,,,2025,39944.0,,False,6.39,,7.7,,
2005-03-01,E09000005,Brent,255984.0,0.3,,235.0,,,2025,39944.0,,False,6.41,,7.7,,
2005-04-01,E09000005,Brent,255385.0,-0.2,,226.0,,,2025,39944.0,,False,6.39,,7.7,,
2005-05-01,E09000005,Brent,256129.0,0.3,,268.0,,,2025,39944.0,,False,6.41,,7.7,,
2005-06-01,E09000005,Brent,258636.0,1.0,,277.0,,,2025,39944.0,,False,6.47,,7.8,,
2005-07-01,E09000005,Brent,263541.0,1.9,,317.0,,,2025,39944.0,,False,6.6,,7.9,,
2005-08-01,E09000005,Brent,265384.0,0.7,,282.0,,,2025,39944.0,,False,6.64,,8.0,,
2005-09-01,E09000005,Brent,263880.0,-0.6,,294.0,,,2025,39944.0,,False,6.61,,7.9,,
2005-10-01,E09000005,Brent,262428.0,-0.6,,310.0,,,2025,39944.0,,False,6.57,,7.9,,
2005-11-01,E09000005,Brent,266052.0,1.4,,302.0,,,2025,39944.0,,False,6.66,,8.0,,
2005-12-01,E09000005,Brent,266474.0,0.2,,303.0,,,2025,39944.0,,False,6.67,,8.0,,
2006-01-01,E09000005,Brent,267130.0,0.2,,251.0,,,2025,39944.0,,False,6.69,,8.0,,
2006-02-01,E09000005,Brent,265285.0,-0.7,,211.0,,,2025,39944.0,,False,6.64,,8.0,,
2006-03-01,E09000005,Brent,266052.0,0.3,,320.0,,,2025,39944.0,,False,6.66,,8.0,,
2006-04-01,E09000005,Brent,266283.0,0.1,,276.0,,,2025,39944.0,,False,6.67,,8.0,,
2006-05-01,E09000005,Brent,268553.0,0.9,,326.0,,,2025,39944.0,,False,6.72,,8.1,,
2006-06-01,E09000005,Brent,272641.0,1.5,,335.0,,,2025,39944.0,,False,6.83,,8.2,,
2006-07-01,E09000005,Brent,274517.0,0.7,,364.0,,,2025,39944.0,,False,6.87,,8.2,,
2006-08-01,E09000005,Brent,274171.0,-0.1,,409.0,,,2025,39944.0,,False,6.86,,8.2,,
2006-09-01,E09000005,Brent,274281.0,0.0,,398.0,,,2025,39944.0,,False,6.87,,8.2,,
2006-10-01,E09000005,Brent,280637.0,2.3,,362.0,,,2025,39944.0,,False,7.03,,8.4,,
2006-11-01,E09000005,Brent,282018.0,0.5,,350.0,,,2025,39944.0,,False,7.06,,8.5,,
2006-12-01,E09000005,Brent,284988.0,1.1,,335.0,,,2025,39944.0,,False,7.13,,8.6,,
2007-01-01,E09000005,Brent,284120.0,-0.3,,368.0,,,2025,39944.0,,False,7.11,,8.5,,
2007-02-01,E09000005,Brent,292273.0,2.9,,291.0,,,2025,39944.0,,False,7.32,,8.8,,
2007-03-01,E09000005,Brent,294579.0,0.8,,339.0,,,2025,39944.0,,False,7.37,,8.8,,
2007-04-01,E09000005,Brent,300485.0,2.0,,315.0,,,2025,39944.0,,False,7.52,,9.0,,
2007-05-01,E09000005,Brent,301493.0,0.3,,380.0,,,2025,39944.0,,False,7.55,,9.1,,
2007-06-01,E09000005,Brent,309346.0,2.6,,397.0,,,2025,39944.0,,False,7.74,,9.3,,
2007-07-01,E09000005,Brent,317924.0,2.8,,420.0,,,2025,39944.0,,False,7.96,,9.6,,
2007-08-01,E09000005,Brent,321792.0,1.2,,469.0,,,2025,39944.0,,False,8.06,,9.7,,
2007-09-01,E09000005,Brent,326003.0,1.3,,332.0,,,2025,39944.0,,False,8.16,,9.8,,
2007-10-01,E09000005,Brent,321515.0,-1.4,,351.0,,,2025,39944.0,,False,8.05,,9.7,,
2007-11-01,E09000005,Brent,322748.0,0.4,,367.0,,,2025,39944.0,,False,8.08,,9.7,,
2007-12-01,E09000005,Brent,320827.0,-0.6,,256.0,,,2025,39944.0,,False,8.03,,9.6,,
2008-01-01,E09000005,Brent,324411.0,1.1,,207.0,,,2025,39944.0,,False,8.12,,9.7,,
2008-02-01,E09000005,Brent,323944.0,-0.1,,233.0,,,2025,39944.0,,False,8.11,,9.7,,
2008-03-01,E09000005,Brent,322389.0,-0.5,,240.0,,,2025,39944.0,,False,8.07,,9.7,,
2008-04-01,E09000005,Brent,320162.0,-0.7,,242.0,,,2025,39944.0,,False,8.02,,9.6,,
2008-05-01,E09000005,Brent,320578.0,0.1,,188.0,,,2025,39944.0,,False,8.03,,9.6,,
2008-06-01,E09000005,Brent,320386.0,-0.1,,166.0,,,2025,39944.0,,False,8.02,,9.6,,
2008-07-01,E09000005,Brent,324351.0,1.2,,159.0,,,2025,39944.0,,False,8.12,,9.7,,
2008-08-01,E09000005,Brent,318893.0,-1.7,,139.0,,,2025,39944.0,,False,7.98,,9.6,,
2008-09-01,E09000005,Brent,317703.0,-0.4,,140.0,,,2025,39944.0,,False,7.95,,9.5,,
2008-10-01,E09000005,Brent,305404.0,-3.9,,141.0,,,2025,39944.0,,False,7.65,,9.2,,
2008-11-01,E09000005,Brent,299137.0,-2.1,,116.0,,,2025,39944.0,,False,7.49,,9.0,,
2008-12-01,E09000005,Brent,290302.0,-3.0,,89.0,,,2025,39944.0,,False,7.27,,8.7,,
2009-01-01,E09000005,Brent,280774.0,-3.3,,73.0,,,2025,39944.0,,False,7.03,,8.4,,
2009-02-01,E09000005,Brent,284510.0,1.3,,58.0,,,2025,39944.0,,False,7.12,,8.5,,
2009-03-01,E09000005,Brent,286670.0,0.8,,70.0,,,2025,39944.0,,False,7.18,,8.6,,
2009-04-01,E09000005,Brent,290608.0,1.4,,96.0,,,2025,39944.0,,False,7.28,,8.7,,
2009-05-01,E09000005,Brent,281895.0,-3.0,,92.0,,,2025,39944.0,,False,7.06,,8.5,,
2009-06-01,E09000005,Brent,283875.0,0.7,,104.0,,,2025,39944.0,,False,7.11,,8.5,,
2009-07-01,E09000005,Brent,279000.0,-1.7,,145.0,,,2025,39944.0,,False,6.98,,8.4,,
2009-08-01,E09000005,Brent,283407.0,1.6,,149.0,,,2025,39944.0,,False,7.1,,8.5,,
2009-09-01,E09000005,Brent,279241.0,-1.5,,149.0,,,2025,39944.0,,False,6.99,,8.4,,
2009-10-01,E09000005,Brent,287421.0,2.9,,187.0,,,2025,39944.0,,False,7.2,,8.6,,
2009-11-01,E09000005,Brent,289661.0,0.8,,185.0,,,2025,39944.0,,False,7.25,,8.7,,
2009-12-01,E09000005,Brent,293736.0,1.4,,263.0,,,2025,39944.0,,False,7.35,,8.8,,
2010-01-01,E09000005,Brent,294571.0,0.3,,149.0,,,2025,39944.0,,False,7.37,,8.8,,
2010-02-01,E09000005,Brent,298989.0,1.5,,144.0,,,2025,39944.0,,False,7.49,,9.0,,
2010-03-01,E09000005,Brent,304780.0,1.9,,218.0,,,2025,39944.0,,False,7.63,,9.2,,
2010-04-01,E09000005,Brent,310403.0,1.8,,184.0,,,2025,39944.0,,False,7.77,,9.3,,
2010-05-01,E09000005,Brent,311669.0,0.4,,191.0,,,2025,39944.0,,False,7.8,,9.4,,
2010-06-01,E09000005,Brent,310303.0,-0.4,,219.0,,,2025,39944.0,,False,7.77,,9.3,,
2010-07-01,E09000005,Brent,313402.0,1.0,,245.0,,,2025,39944.0,,False,7.85,,9.4,,
2010-08-01,E09000005,Brent,319542.0,2.0,,227.0,,,2025,39944.0,,False,8.0,,9.6,,
2010-09-01,E09000005,Brent,323300.0,1.2,,204.0,,,2025,39944.0,,False,8.09,,9.7,,
2010-10-01,E09000005,Brent,322328.0,-0.3,,208.0,,,2025,39944.0,,False,8.07,,9.7,,
2010-11-01,E09000005,Brent,319970.0,-0.7,,197.0,,,2025,39944.0,,False,8.01,,9.6,,
2010-12-01,E09000005,Brent,317065.0,-0.9,,203.0,,,2025,39944.0,,False,7.94,,9.5,,
2011-01-01,E09000005,Brent,315354.0,-0.5,,149.0,,,2025,39944.0,,False,7.89,,9.5,,
2011-02-01,E09000005,Brent,312181.0,-1.0,,133.0,,,2025,39944.0,,False,7.82,,9.4,,
2011-03-01,E09000005,Brent,314490.0,0.7,,164.0,,,2025,39944.0,,False,7.87,,9.4,,
2011-04-01,E09000005,Brent,318699.0,1.3,,179.0,,,2025,39944.0,,False,7.98,,9.6,,
2011-05-01,E09000005,Brent,322545.0,1.2,,170.0,,,2025,39944.0,,False,8.07,,9.7,,
2011-06-01,E09000005,Brent,322002.0,-0.2,,182.0,,,2025,39944.0,,False,8.06,,9.7,,
2011-07-01,E09000005,Brent,323302.0,0.4,,197.0,,,2025,39944.0,,False,8.09,,9.7,,
2011-08-01,E09000005,Brent,324813.0,0.5,,199.0,,,2025,39944.0,,False,8.13,,9.8,,
2011-09-01,E09000005,Brent,330567.0,1.8,,206.0,,,2025,39944.0,,False,8.28,,9.9,,
2011-10-01,E09000005,Brent,328490.0,-0.6,,202.0,,,2025,39944.0,,False,8.22,,9.9,,
2011-11-01,E09000005,Brent,330175.0,0.5,,203.0,,,2025,39944.0,,False,8.27,,9.9,,
2011-12-01,E09000005,Brent,325344.0,-1.5,,207.0,,,2025,39944.0,,False,8.15,,9.8,,
2012-01-01,E09000005,Brent,333737.0,2.6,,171.0,,,2025,39944.0,,False,8.36,,10.0,,
2012-02-01,E09000005,Brent,329105.0,-1.4,,152.0,,,2025,39944.0,,False,8.24,,9.9,,
2012-03-01,E09000005,Brent,329441.0,0.1,,198.0,,,2025,39944.0,,False,8.25,,9.9,,
2012-04-01,E09000005,Brent,320778.0,-2.6,,132.0,,,2025,39944.0,,False,8.03,,9.6,,
2012-05-01,E09000005,Brent,325521.0,1.5,,126.0,,,2025,39944.0,,False,8.15,,9.8,,
2012-06-01,E09000005,Brent,337016.0,3.5,,148.0,,,2025,39944.0,,False,8.44,,10.1,,
2012-07-01,E09000005,Brent,349069.0,3.6,,192.0,,,2025,39944.0,,False,8.74,,10.5,,
2012-08-01,E09000005,Brent,359817.0,3.1,,181.0,,,2025,39944.0,,False,9.01,,10.8,,
2012-09-01,E09000005,Brent,348918.0,-3.0,,195.0,,,2025,39944.0,,False,8.74,,10.5,,
2012-10-01,E09000005,Brent,344327.0,-1.3,,170.0,,,2025,39944.0,,False,8.62,,10.3,,
2012-11-01,E09000005,Brent,338868.0,-1.6,,204.0,,,2025,39944.0,,False,8.48,,10.2,,
2012-12-01,E09000005,Brent,347350.0,2.5,,188.0,,,2025,39944.0,,False,8.7,,10.4,,
2013-01-01,E09000005,Brent,351215.0,1.1,,132.0,,,2025,39944.0,,False,8.79,,10.6,,
2013-02-01,E09000005,Brent,349133.0,-0.6,,166.0,,,2025,39944.0,,False,8.74,,10.5,,
2013-03-01,E09000005,Brent,348277.0,-0.2,,185.0,,,2025,39944.0,,False,8.72,,10.5,,
2013-04-01,E09000005,Brent,351957.0,1.1,,154.0,,,2025,39944.0,,False,8.81,,10.6,,
2013-05-01,E09000005,Brent,354309.0,0.7,,195.0,,,2025,39944.0,,False,8.87,,10.6,,
2013-06-01,E09000005,Brent,360471.0,1.7,,205.0,,,2025,39944.0,,False,9.02,,10.8,,
2013-07-01,E09000005,Brent,362510.0,0.6,,207.0,,,2025,39944.0,,False,9.08,,10.9,,
2013-08-01,E09000005,Brent,374897.0,3.4,,232.0,,,2025,39944.0,,False,9.39,,11.3,,
2013-09-01,E09000005,Brent,380892.0,1.6,,204.0,,,2025,39944.0,,False,9.54,,11.4,,
2013-10-01,E09000005,Brent,383526.0,0.7,,254.0,,,2025,39944.0,,False,9.6,,11.5,,
2013-11-01,E09000005,Brent,389258.0,1.5,,283.0,,,2025,39944.0,,False,9.75,,11.7,,
2013-12-01,E09000005,Brent,387970.0,-0.3,,248.0,,,2025,39944.0,,False,9.71,,11.7,,
2014-01-01,E09000005,Brent,393731.0,1.5,,232.0,,,2025,39944.0,,False,9.86,,11.8,,
2014-02-01,E09000005,Brent,393087.0,-0.2,,243.0,,,2025,39944.0,,False,9.84,,11.8,,
2014-03-01,E09000005,Brent,396129.0,0.8,,240.0,,,2025,39944.0,,False,9.92,,11.9,,
2014-04-01,E09000005,Brent,408810.0,3.2,,255.0,,,2025,39944.0,,False,10.23,,12.3,,
2014-05-01,E09000005,Brent,421801.0,3.2,,233.0,,,2025,39944.0,,False,10.56,,12.7,,
2014-06-01,E09000005,Brent,432235.0,2.5,,254.0,,,2025,39944.0,,False,10.82,,13.0,,
2014-07-01,E09000005,Brent,435751.0,0.8,,281.0,,,2025,39944.0,,False,10.91,,13.1,,
2014-08-01,E09000005,Brent,438399.0,0.6,,248.0,,,2025,39944.0,,False,10.98,,13.2,,
2014-09-01,E09000005,Brent,446386.0,1.8,,255.0,,,2025,39944.0,,False,11.18,,13.4,,
2014-10-01,E09000005,Brent,442398.0,-0.9,,263.0,,,2025,39944.0,,False,11.08,,13.3,,
2014-11-01,E09000005,Brent,445244.0,0.6,,234.0,,,2025,39944.0,,False,11.15,,13.4,,
2014-12-01,E09000005,Brent,452440.0,1.6,,246.0,,,2025,39944.0,,False,11.33,,13.6,,
2015-01-01,E09000005,Brent,455999.0,0.8,,199.0,1334.0,,2025,39944.0,,False,11.42,0.4,13.7,,
2015-02-01,E09000005,Brent,453768.0,-0.5,,196.0,1335.0,,2025,39944.0,,False,11.36,0.4,13.6,,
2015-03-01,E09000005,Brent,457088.0,0.7,,248.0,1346.0,,2025,39944.0,,False,11.44,0.4,13.7,,
2015-04-01,E09000005,Brent,463521.0,1.4,,207.0,1361.0,,2025,39944.0,,False,11.6,0.41,13.9,,
2015-05-01,E09000005,Brent,474613.0,2.4,,176.0,1379.0,,2025,39944.0,,False,11.88,0.41,14.3,,
2015-06-01,E09000005,Brent,470022.0,-1.0,,341.0,1395.0,,2025,39944.0,,False,11.77,0.42,14.1,,
2015-07-01,E09000005,Brent,472785.0,0.6,,404.0,1411.0,,2025,39944.0,,False,11.84,0.42,14.2,,
2015-08-01,E09000005,Brent,478014.0,1.1,,325.0,1417.0,,2025,39944.0,,False,11.97,0.43,14.4,,
2015-09-01,E09000005,Brent,484979.0,1.5,,342.0,1420.0,,2025,39944.0,,False,12.14,0.43,14.6,,
