data/exports/mart_london_affordability_monthly.csv
date_month,area_code,area_name,average_price,hpi_index,house_price_yoy_pct,sales_volume,avg_monthly_rent,rent_yoy_pct,earnings_year,median_gross_annual_pay,earnings_yoy_pct,earnings_fallback_used,price_to_earnings_ratio,annual_rent_to_earnings_ratio,months_to_save_10pct_deposit,rent_growth_minus_income_growth_pct,house_price_growth_minus_income_growth_pct
2015-10-01,E09000005,Brent,497956.0,2.7,,249.0,1423.0,,2025,39944.0,,False,12.47,0.43,15.0,,
2015-11-01,E09000005,Brent,491019.0,-1.4,,237.0,1424.0,,2025,39944.0,,False,12.29,0.43,14.8,,
2015-12-01,E09000005,Brent,505206.0,2.9,,202.0,1423.0,,2025,39944.0,,False,12.65,0.43,15.2,,
2016-01-01,E09000005,Brent,506211.0,0.2,,239.0,1429.0,7.068484,2025,39944.0,,False,12.67,0.43,15.2,,
2016-02-01,E09000005,Brent,520269.0,2.8,,209.0,1442.0,8.006201,2025,39944.0,,False,13.02,0.43,15.6,,
2016-03-01,E09000005,Brent,510565.0,-1.9,,542.0,1457.0,8.198114,2025,39944.0,,False,12.78,0.44,15.3,,
2016-04-01,E09000005,Brent,523011.0,2.4,,155.0,1462.0,7.391192,2025,39944.0,,False,13.09,0.44,15.7,,
2016-05-01,E09000005,Brent,526462.0,0.7,,155.0,1461.0,5.966825,2025,39944.0,,False,13.18,0.44,15.8,,
2016-06-01,E09000005,Brent,532209.0,1.1,,252.0,1465.0,4.987614,2025,39944.0,,False,13.32,0.44,16.0,,
2016-07-01,E09000005,Brent,533299.0,0.2,,267.0,1474.0,4.52814,2025,39944.0,,False,13.35,0.44,16.0,,
2016-08-01,E09000005,Brent,527672.0,-1.1,,197.0,1485.0,4.817121,2025,39944.0,,False,13.21,0.45,15.9,,
2016-09-01,E09000005,Brent,538196.0,2.0,,295.0,1493.0,5.147045,2025,39944.0,,False,13.47,0.45,16.2,,
2016-10-01,E09000005,Brent,544107.0,1.1,,239.0,1497.0,5.218207,2025,39944.0,,False,13.62,0.45,16.3,,
2016-11-01,E09000005,Brent,541939.0,-0.4,,267.0,1499.0,5.252812,2025,39944.0,,False,13.57,0.45,16.3,,
2016-12-01,E09000005,Brent,528746.0,-2.4,,175.0,1501.0,5.434628,2025,39944.0,,False,13.24,0.45,15.9,,
2017-01-01,E09000005,Brent,509291.0,-3.7,,170.0,1508.0,5.550665,2025,39944.0,,False,12.75,0.45,15.3,,
2017-02-01,E09000005,Brent,512779.0,0.7,,164.0,1517.0,5.183992,2025,39944.0,,False,12.84,0.46,15.4,,
2017-03-01,E09000005,Brent,522845.0,2.0,,185.0,1520.0,4.374209,2025,39944.0,,False,13.09,0.46,15.7,,
2017-04-01,E09000005,Brent,526588.0,0.7,,176.0,1513.0,3.529622,2025,39944.0,,False,13.18,0.45,15.8,,
2017-05-01,E09000005,Brent,528362.0,0.3,,239.0,1507.0,3.162478,2025,39944.0,,False,13.23,0.45,15.9,,
2017-06-01,E09000005,Brent,530813.0,0.5,,246.0,1506.0,2.808327,2025,39944.0,,False,13.29,0.45,15.9,,
2017-07-01,E09000005,Brent,529378.0,-0.3,,210.0,1510.0,2.401507,2025,39944.0,,False,13.25,0.45,15.9,,
2017-08-01,E09000005,Brent,537128.0,1.5,,181.0,1506.0,1.397605,2025,39944.0,,False,13.45,0.45,16.1,,
2017-09-01,E09000005,Brent,529022.0,-1.5,,161.0,1496.0,0.199877,2025,39944.0,,False,13.24,0.45,15.9,,
2017-10-01,E09000005,Brent,527260.0,-0.3,,125.0,1489.0,-0.525228,2025,39944.0,,False,13.2,0.45,15.8,,
2017-11-01,E09000005,Brent,523212.0,-0.8,,205.0,1486.0,-0.847286,2025,39944.0,,False,13.1,0.45,15.7,,
2017-12-01,E09000005,Brent,533164.0,1.9,,161.0,1493.0,-0.509253,2025,39944.0,,False,13.35,0.45,16.0,,
2018-01-01,E09000005,Brent,532482.0,-0.1,,123.0,1493.0,-0.96892,2025,39944.0,,False,13.33,0.45,16.0,,
2018-02-01,E09000005,Brent,532200.0,-0.1,,121.0,1491.0,-1.728653,2025,39944.0,,False,13.32,0.45,16.0,,
2018-03-01,E09000005,Brent,520714.0,-2.2,,148.0,1481.0,-2.579728,2025,39944.0,,False,13.04,0.44,15.6,,
2018-04-01,E09000005,Brent,523373.0,0.5,,138.0,1473.0,-2.629867,2025,39944.0,,False,13.1,0.44,15.7,,
2018-05-01,E09000005,Brent,518416.0,-0.9,,138.0,1472.0,-2.316851,2025,39944.0,,False,12.98,0.44,15.6,,
2018-06-01,E09000005,Brent,531254.0,2.5,,162.0,1475.0,-2.043301,2025,39944.0,,False,13.3,0.44,16.0,,
2018-07-01,E09000005,Brent,544498.0,2.5,,237.0,1477.0,-2.186285,2025,39944.0,,False,13.63,0.44,16.4,,
2018-08-01,E09000005,Brent,560375.0,2.9,,233.0,1479.0,-1.816151,2025,39944.0,,False,14.03,0.44,16.8,,
2018-09-01,E09000005,Brent,550862.0,-1.7,,171.0,1479.0,-1.114374,2025,39944.0,,False,13.79,0.44,16.5,,
2018-10-01,E09000005,Brent,532225.0,-3.4,,177.0,1482.0,-0.481037,2025,39944.0,,False,13.32,0.45,16.0,,
2018-11-01,E09000005,Brent,516719.0,-2.9,,176.0,1484.0,-0.15816,2025,39944.0,,False,12.94,0.45,15.5,,
2018-12-01,E09000005,Brent,514431.0,-0.4,,171.0,1489.0,-0.28173,2025,39944.0,,False,12.88,0.45,15.5,,
2019-01-01,E09000005,Brent,516550.0,0.4,,126.0,1492.0,-0.094491,2025,39944.0,,False,12.93,0.45,15.5,,
2019-02-01,E09000005,Brent,515891.0,-0.1,,120.0,1496.0,0.354737,2025,39944.0,,False,12.92,0.45,15.5,,
2019-03-01,E09000005,Brent,512587.0,-0.6,,127.0,1495.0,0.916657,2025,39944.0,,False,12.83,0.45,15.4,,
2019-04-01,E09000005,Brent,524259.0,2.3,,108.0,1494.0,1.423591,2025,39944.0,,False,13.12,0.45,15.7,,
2019-05-01,E09000005,Brent,519618.0,-0.9,,152.0,1493.0,1.415069,2025,39944.0,,False,13.01,0.45,15.6,,
2019-06-01,E09000005,Brent,512734.0,-1.3,,107.0,1494.0,1.275187,2025,39944.0,,False,12.84,0.45,15.4,,
2019-07-01,E09000005,Brent,509762.0,-0.6,,147.0,1491.0,0.988814,2025,39944.0,,False,12.76,0.45,15.3,,
2019-08-01,E09000005,Brent,524598.0,2.9,,147.0,1487.0,0.551559,2025,39944.0,,False,13.13,0.45,15.8,,
2019-09-01,E09000005,Brent,541405.0,3.2,,153.0,1477.0,-0.111973,2025,39944.0,,False,13.55,0.44,16.3,,
2019-10-01,E09000005,Brent,533564.0,-1.4,,151.0,1467.0,-1.027557,2025,39944.0,,False,13.36,0.44,16.0,,
2019-11-01,E09000005,Brent,470055.0,-11.9,,259.0,1458.0,-1.743383,2025,39944.0,,False,11.77,0.44,14.1,,
2019-12-01,E09000005,Brent,459257.0,-2.3,,141.0,1456.0,-2.19495,2025,39944.0,,False,11.5,0.44,13.8,,
2020-01-01,E09000005,Brent,462054.0,0.6,,139.0,1456.0,-2.436745,2025,39944.0,,False,11.57,0.44,13.9,,
2020-02-01,E09000005,Brent,504495.0,9.2,,172.0,1447.0,-3.272245,2025,39944.0,,False,12.63,0.43,15.2,,
2020-03-01,E09000005,Brent,504142.0,-0.1,,147.0,1445.0,-3.307869,2025,39944.0,,False,12.62,0.43,15.1,,
2020-04-01,E09000005,Brent,508193.0,0.8,,61.0,1447.0,-3.154459,2025,39944.0,,False,12.72,0.43,15.3,,
2020-05-01,E09000005,Brent,521532.0,2.6,,72.0,1458.0,-2.366325,2025,39944.0,,False,13.06,0.44,15.7,,
2020-06-01,E09000005,Brent,524157.0,0.5,,75.0,1461.0,-2.172725,2025,39944.0,,False,13.12,0.44,15.7,,
2020-07-01,E09000005,Brent,523608.0,-0.1,,130.0,1461.0,-2.010092,2025,39944.0,,False,13.11,0.44,15.7,,
2020-08-01,E09000005,Brent,536864.0,2.5,,152.0,1459.0,-1.854245,2025,39944.0,,False,13.44,0.44,16.1,,
2020-09-01,E09000005,Brent,563715.0,5.0,,161.0,1460.0,-1.207007,2025,39944.0,,False,14.11,0.44,16.9,,
2020-10-01,E09000005,Brent,564860.0,0.2,,179.0,1462.0,-0.285198,2025,39944.0,,False,14.14,0.44,17.0,,
2020-11-01,E09000005,Brent,558799.0,-1.1,,162.0,1467.0,0.627339,2025,39944.0,,False,13.99,0.44,16.8,,
2020-12-01,E09000005,Brent,537132.0,-3.9,,197.0,1473.0,1.154279,2025,39944.0,,False,13.45,0.44,16.1,,
2021-01-01,E09000005,Brent,543205.0,1.1,,200.0,1477.0,1.497504,2025,39944.0,,False,13.6,0.44,16.3,,
2021-02-01,E09000005,Brent,532717.0,-1.9,,224.0,1479.0,2.227873,2025,39944.0,,False,13.34,0.44,16.0,,
2021-03-01,E09000005,Brent,531327.0,-0.3,,360.0,1479.0,2.317943,2025,39944.0,,False,13.3,0.44,16.0,,
2021-04-01,E09000005,Brent,518281.0,-2.5,,284.0,1477.0,2.042087,2025,39944.0,,False,12.98,0.44,15.6,,
2021-05-01,E09000005,Brent,524435.0,1.2,,208.0,1471.0,0.903026,2025,39944.0,,False,13.13,0.44,15.8,,
2021-06-01,E09000005,Brent,533007.0,1.6,,590.0,1462.0,0.079126,2025,39944.0,,False,13.34,0.44,16.0,,
2021-07-01,E09000005,Brent,534962.0,0.4,,79.0,1456.0,-0.338389,2025,39944.0,,False,13.39,0.44,16.1,,
2021-08-01,E09000005,Brent,526208.0,-1.6,,107.0,1456.0,-0.228324,2025,39944.0,,False,13.17,0.44,15.8,,
2021-09-01,E09000005,Brent,524789.0,-0.3,,263.0,1459.0,-0.031603,2025,39944.0,,False,13.14,0.44,15.8,,
2021-10-01,E09000005,Brent,519209.0,-1.1,,79.0,1462.0,-0.047989,2025,39944.0,,False,13.0,0.44,15.6,,
2021-11-01,E09000005,Brent,529478.0,2.0,,125.0,1463.0,-0.288514,2025,39944.0,,False,13.26,0.44,15.9,,
2021-12-01,E09000005,Brent,527680.0,-0.3,,136.0,1464.0,-0.592318,2025,39944.0,,False,13.21,0.44,15.9,,
2022-01-01,E09000005,Brent,534434.0,1.3,,139.0,1466.0,-0.769618,2025,39944.0,,False,13.38,0.44,16.1,,
2022-02-01,E09000005,Brent,532233.0,-0.4,,170.0,1469.0,-0.66519,2025,39944.0,,False,13.32,0.44,16.0,,
2022-03-01,E09000005,Brent,531852.0,-0.1,,212.0,1473.0,-0.423316,2025,39944.0,,False,13.31,0.44,16.0,,
2022-04-01,E09000005,Brent,541519.0,1.8,,185.0,1478.0,0.064137,2025,39944.0,,False,13.56,0.44,16.3,,
2022-05-01,E09000005,Brent,549582.0,1.5,,187.0,1482.0,0.777562,2025,39944.0,,False,13.76,0.45,16.5,,
2022-06-01,E09000005,Brent,556764.0,1.3,,257.0,1487.0,1.643723,2025,39944.0,,False,13.94,0.45,16.7,,
2022-07-01,E09000005,Brent,575625.0,3.4,,275.0,1488.0,2.190238,2025,39944.0,,False,14.41,0.45,17.3,,
2022-08-01,E09000005,Brent,585518.0,1.7,,262.0,1492.0,2.473852,2025,39944.0,,False,14.66,0.45,17.6,,
2022-09-01,E09000005,Brent,599334.0,2.4,,205.0,1496.0,2.533558,2025,39944.0,,False,15.0,0.45,18.0,,
2022-10-01,E09000005,Brent,591605.0,-1.3,,209.0,1499.0,2.581924,2025,39944.0,,False,14.81,0.45,17.8,,
2022-11-01,E09000005,Brent,580415.0,-1.9,,209.0,1502.0,2.645348,2025,39944.0,,False,14.53,0.45,17.4,,
2022-12-01,E09000005,Brent,574148.0,-1.1,,168.0,1504.0,2.711201,2025,39944.0,,False,14.37,0.45,17.2,,
2023-01-01,E09000005,Brent,564558.0,-1.7,,137.0,1512.0,3.113861,2025,39944.0,,False,14.13,0.45,17.0,,
2023-02-01,E09000005,Brent,552866.0,-2.1,,114.0,1518.0,3.34527,2025,39944.0,,False,13.84,0.46,16.6,,
2023-03-01,E09000005,Brent,546370.0,-1.2,,201.0,1526.0,3.613626,2025,39944.0,,False,13.68,0.46,16.4,,
2023-04-01,E09000005,Brent,551776.0,1.0,,107.0,1530.0,3.513222,2025,39944.0,,False,13.81,0.46,16.6,,
2023-05-01,E09000005,Brent,553290.0,0.3,,91.0,1544.0,4.193365,2025,39944.0,,False,13.85,0.46,16.6,,
2023-06-01,E09000005,Brent,557808.0,0.8,,165.0,1560.0,4.969395,2025,39944.0,,False,13.96,0.47,16.8,,
2023-07-01,E09000005,Brent,553966.0,-0.7,,129.0,1579.0,6.116675,2025,39944.0,,False,13.87,0.47,16.6,,
2023-08-01,E09000005,Brent,574122.0,3.6,,148.0,1590.0,6.531142,2025,39944.0,,False,14.37,0.48,17.2,,
2023-09-01,E09000005,Brent,571631.0,-0.4,,143.0,1610.0,7.635639,2025,39944.0,,False,14.31,0.48,17.2,,
2023-10-01,E09000005,Brent,575394.0,0.7,,123.0,1627.0,8.505112,2025,39944.0,,False,14.41,0.49,17.3,,
2023-11-01,E09000005,Brent,560694.0,-2.6,,136.0,1651.0,9.925585,2025,39944.0,,False,14.04,0.5,16.8,,
2023-12-01,E09000005,Brent,547550.0,-2.3,,98.0,1667.0,10.824593,2025,39944.0,,False,13.71,0.5,16.4,,
2024-01-01,E09000005,Brent,555786.0,1.5,,132.0,1704.0,12.744312,2025,39944.0,,False,13.91,0.51,16.7,,
2024-02-01,E09000005,Brent,560057.0,0.8,,122.0,1818.0,19.749766,2025,39944.0,,False,14.02,0.55,16.8,,
2024-03-01,E09000005,Brent,552740.0,-1.3,,96.0,1927.0,26.309414,2025,39944.0,,False,13.84,0.58,16.6,,
2024-04-01,E09000005,Brent,539330.0,-2.4,,132.0,2012.0,31.508612,2025,39944.0,,False,13.5,0.6,16.2,,
2024-05-01,E09000005,Brent,541343.0,0.4,,125.0,2032.0,31.589182,2025,39944.0,,False,13.55,0.61,16.3,,
2024-06-01,E09000005,Brent,563549.0,4.1,,135.0,2063.0,32.205044,2025,39944.0,,False,14.11,0.62,16.9,,
2024-07-01,E09000005,Brent,562637.0,-0.2,,153.0,2096.0,32.728579,2025,39944.0,,False,14.09,0.63,16.9,,
2024-08-01,E09000005,Brent,569447.0,1.2,,175.0,2108.0,32.59984,2025,39944.0,,False,14.26,0.63,17.1,,
2024-09-01,E09000005,Brent,575460.0,1.1,,167.0,2110.0,31.042604,2025,39944.0,,False,14.41,0.63,17.3,,
2024-10-01,E09000005,Brent,589304.0,2.4,,213.0,2112.0,29.80757,2025,39944.0,,False,14.75,0.63,17.7,,
2024-11-01,E09000005,Brent,588564.0,-0.1,,178.0,2110.0,27.837971,2025,39944.0,,False,14.73,0.63,17.7,,
2024-12-01,E09000005,Brent,576022.0,-2.1,,166.0,2107.0,26.433834,2025,39944.0,,False,14.42,0.63,17.3,,
2025-01-01,E09000005,Brent,567555.0,-1.5,,176.0,2107.0,23.600258,2025,39944.0,,False,14.21,0.63,17.1,,
2025-02-01,E09000005,Brent,559469.0,-1.4,,169.0,2105.0,15.759763,2025,39944.0,,False,14.01,0.63,16.8,,
2025-03-01,E09000005,Brent,559136.0,-0.1,,371.0,2105.0,9.207991,2025,39944.0,,False,14.0,0.63,16.8,,
2025-04-01,E09000005,Brent,559698.0,0.1,,53.0,2067.0,2.747235,2025,39944.0,,False,14.01,0.62,16.8,,
2025-05-01,E09000005,Brent,574401.0,2.6,,187.0,2031.0,-0.069402,2025,39944.0,,False,14.38,0.61,17.3,,
2025-06-01,E09000005,Brent,568191.0,-1.1,,156.0,1999.0,-3.121313,2025,39944.0,,False,14.22,0.6,17.1,,
2025-07-01,E09000005,Brent,561925.0,-1.1,,147.0,1972.0,-5.919965,2025,39944.0,,False,14.07,0.59,16.9,,
2025-08-01,E09000005,Brent,555609.0,-1.1,,135.0,1948.0,-7.578365,2025,39944.0,,False,13.91,0.59,16.7,,
2025-09-01,E09000005,Brent,558743.0,0.6,,108.0,1923.0,-8.86478,2025,39944.0,,False,13.99,0.58,16.8,,
2025-10-01,E09000005,Brent,554476.0,-0.8,,122.0,1926.0,-8.791299,2025,39944.0,,False,13.88,0.58,16.7,,
2025-11-01,E09000005,Brent,554927.0,0.1,,92.0,1928.0,-8.663079,2025,39944.0,,False,13.89,0.58,16.7,,
2025-12-01,E09000005,Brent,557629.0,0.5,,,1927.0,-8.564696,2025,39944.0,,False,13.96,0.58,16.8,,
2026-01-01,E09000005,Brent,552414.0,-0.9,,,1933.0,-8.262954,2025,39944.0,,False,13.83,0.58,16.6,,
1995-01-01,E09000006,Bromley,83082.0,,,323.0,,,2025,51225.0,,False,1.62,,1.9,,
1995-02-01,E09000006,Bromley,83068.0,0.0,,326.0,,,2025,51225.0,,False,1.62,,1.9,,
1995-03-01,E09000006,Bromley,82856.0,-0.3,,449.0,,,2025,51225.0,,False,1.62,,1.9,,
1995-04-01,E09000006,Bromley,82525.0,-0.4,,362.0,,,2025,51225.0,,False,1.61,,1.9,,
1995-05-01,E09000006,Bromley,82951.0,0.5,,428.0,,,2025,51225.0,,False,1.62,,1.9,,
1995-06-01,E09000006,Bromley,83806.0,1.0,,431.0,,,2025,51225.0,,False,1.64,,2.0,,
1995-07-01,E09000006,Bromley,84330.0,0.6,,399.0,,,2025,51225.0,,False,1.65,,2.0,,
1995-08-01,E09000006,Bromley,83471.0,-1.0,,453.0,,,2025,51225.0,,False,1.63,,2.0,,
1995-09-01,E09000006,Bromley,82847.0,-0.7,,408.0,,,2025,51225.0,,False,1.62,,1.9,,
1995-10-01,E09000006,Bromley,83276.0,0.5,,392.0,,,2025,51225.0,,False,1.63,,2.0,,
1995-11-01,E09000006,Bromley,83984.0,0.8,,372.0,,,2025,51225.0,,False,1.64,,2.0,,
1995-12-01,E09000006,Bromley,84399.0,0.5,,399.0,,,2025,51225.0,,False,1.65,,2.0,,
1996-01-01,E09000006,Bromley,83630.0,-0.9,,352.0,,,2025,51225.0,,False,1.63,,2.0,,
1996-02-01,E09000006,Bromley,82825.0,-1.0,,375.0,,,2025,51225.0,,False,1.62,,1.9,,
1996-03-01,E09000006,Bromley,83043.0,0.3,,447.0,,,2025,51225.0,,False,1.62,,1.9,,
1996-04-01,E09000006,Bromley,82888.0,-0.2,,441.0,,,2025,51225.0,,False,1.62,,1.9,,
1996-05-01,E09000006,Bromley,83795.0,1.1,,578.0,,,2025,51225.0,,False,1.64,,2.0,,
1996-06-01,E09000006,Bromley,84379.0,0.7,,485.0,,,2025,51225.0,,False,1.65,,2.0,,
1996-07-01,E09000006,Bromley,85541.0,1.4,,645.0,,,2025,51225.0,,False,1.67,,2.0,,
1996-08-01,E09000006,Bromley,85858.0,0.4,,635.0,,,2025,51225.0,,False,1.68,,2.0,,
1996-09-01,E09000006,Bromley,86138.0,0.3,,553.0,,,2025,51225.0,,False,1.68,,2.0,,
1996-10-01,E09000006,Bromley,86990.0,1.0,,625.0,,,2025,51225.0,,False,1.7,,2.0,,
1996-11-01,E09000006,Bromley,87262.0,0.3,,693.0,,,2025,51225.0,,False,1.7,,2.0,,
1996-12-01,E09000006,Bromley,87535.0,0.3,,602.0,,,2025,51225.0,,False,1.71,,2.1,,
1997-01-01,E09000006,Bromley,88346.0,0.9,,499.0,,,2025,51225.0,,False,1.72,,2.1,,
1997-02-01,E09000006,Bromley,89724.0,1.6,,522.0,,,2025,51225.0,,False,1.75,,2.1,,
1997-03-01,E09000006,Bromley,91315.0,1.8,,555.0,,,2025,51225.0,,False,1.78,,2.1,,
1997-04-01,E09000006,Bromley,91555.0,0.3,,570.0,,,2025,51225.0,,False,1.79,,2.1,,
1997-05-01,E09000006,Bromley,92805.0,1.4,,569.0,,,2025,51225.0,,False,1.81,,2.2,,
1997-06-01,E09000006,Bromley,93792.0,1.1,,664.0,,,2025,51225.0,,False,1.83,,2.2,,
1997-07-01,E09000006,Bromley,96353.0,2.7,,783.0,,,2025,51225.0,,False,1.88,,2.3,,
1997-08-01,E09000006,Bromley,98425.0,2.2,,652.0,,,2025,51225.0,,False,1.92,,2.3,,
1997-09-01,E09000006,Bromley,100628.0,2.2,,630.0,,,2025,51225.0,,False,1.96,,2.4,,
1997-10-01,E09000006,Bromley,101946.0,1.3,,687.0,,,2025,51225.0,,False,1.99,,2.4,,
1997-11-01,E09000006,Bromley,102646.0,0.7,,556.0,,,2025,51225.0,,False,2.0,,2.4,,
1997-12-01,E09000006,Bromley,102689.0,0.0,,577.0,,,2025,51225.0,,False,2.0,,2.4,,
1998-01-01,E09000006,Bromley,104109.0,1.4,,429.0,,,2025,51225.0,,False,2.03,,2.4,,
1998-02-01,E09000006,Bromley,105331.0,1.2,,425.0,,,2025,51225.0,,False,2.06,,2.5,,
1998-03-01,E09000006,Bromley,106404.0,1.0,,549.0,,,2025,51225.0,,False,2.08,,2.5,,
1998-04-01,E09000006,Bromley,107057.0,0.6,,553.0,,,2025,51225.0,,False,2.09,,2.5,,
1998-05-01,E09000006,Bromley,107586.0,0.5,,560.0,,,2025,51225.0,,False,2.1,,2.5,,
1998-06-01,E09000006,Bromley,109049.0,1.4,,611.0,,,2025,51225.0,,False,2.13,,2.6,,
1998-07-01,E09000006,Bromley,110872.0,1.7,,565.0,,,2025,51225.0,,False,2.16,,2.6,,
1998-08-01,E09000006,Bromley,113382.0,2.3,,506.0,,,2025,51225.0,,False,2.21,,2.7,,
1998-09-01,E09000006,Bromley,114656.0,1.1,,514.0,,,2025,51225.0,,False,2.24,,2.7,,
1998-10-01,E09000006,Bromley,114537.0,-0.1,,508.0,,,2025,51225.0,,False,2.24,,2.7,,
1998-11-01,E09000006,Bromley,114134.0,-0.4,,449.0,,,2025,51225.0,,False,2.23,,2.7,,
1998-12-01,E09000006,Bromley,114762.0,0.6,,469.0,,,2025,51225.0,,False,2.24,,2.7,,
1999-01-01,E09000006,Bromley,114488.0,-0.2,,406.0,,,2025,51225.0,,False,2.24,,2.7,,
1999-02-01,E09000006,Bromley,113821.0,-0.6,,396.0,,,2025,51225.0,,False,2.22,,2.7,,
1999-03-01,E09000006,Bromley,114429.0,0.5,,536.0,,,2025,51225.0,,False,2.23,,2.7,,
1999-04-01,E09000006,Bromley,116980.0,2.2,,540.0,,,2025,51225.0,,False,2.28,,2.7,,
1999-05-01,E09000006,Bromley,119981.0,2.6,,521.0,,,2025,51225.0,,False,2.34,,2.8,,
1999-06-01,E09000006,Bromley,121966.0,1.7,,644.0,,,2025,51225.0,,False,2.38,,2.9,,
1999-07-01,E09000006,Bromley,123801.0,1.5,,816.0,,,2025,51225.0,,False,2.42,,2.9,,
1999-08-01,E09000006,Bromley,125634.0,1.5,,640.0,,,2025,51225.0,,False,2.45,,2.9,,
1999-09-01,E09000006,Bromley,127954.0,1.8,,615.0,,,2025,51225.0,,False,2.5,,3.0,,
1999-10-01,E09000006,Bromley,130233.0,1.8,,711.0,,,2025,51225.0,,False,2.54,,3.1,,
1999-11-01,E09000006,Bromley,132243.0,1.5,,668.0,,,2025,51225.0,,False,2.58,,3.1,,
1999-12-01,E09000006,Bromley,134010.0,1.3,,654.0,,,2025,51225.0,,False,2.62,,3.1,,
