data/exports/mart_london_affordability_monthly.csv
date_month,area_code,area_name,average_price,hpi_index,house_price_yoy_pct,sales_volume,avg_monthly_rent,rent_yoy_pct,earnings_year,median_gross_annual_pay,earnings_yoy_pct,earnings_fallback_used,price_to_earnings_ratio,annual_rent_to_earnings_ratio,months_to_save_10pct_deposit,rent_growth_minus_income_growth_pct,house_price_growth_minus_income_growth_pct
2000-01-01,E09000006,Bromley,136311.0,1.7,,451.0,,,2025,51225.0,,False,2.66,,3.2,,
2000-02-01,E09000006,Bromley,140005.0,2.7,,552.0,,,2025,51225.0,,False,2.73,,3.3,,
2000-03-01,E09000006,Bromley,143530.0,2.5,,618.0,,,2025,51225.0,,False,2.8,,3.4,,
2000-04-01,E09000006,Bromley,147030.0,2.4,,589.0,,,2025,51225.0,,False,2.87,,3.4,,
2000-05-01,E09000006,Bromley,150104.0,2.1,,622.0,,,2025,51225.0,,False,2.93,,3.5,,
2000-06-01,E09000006,Bromley,153025.0,1.9,,642.0,,,2025,51225.0,,False,2.99,,3.6,,
2000-07-01,E09000006,Bromley,154053.0,0.7,,561.0,,,2025,51225.0,,False,3.01,,3.6,,
2000-08-01,E09000006,Bromley,155971.0,1.2,,616.0,,,2025,51225.0,,False,3.04,,3.7,,
2000-09-01,E09000006,Bromley,156509.0,0.3,,455.0,,,2025,51225.0,,False,3.06,,3.7,,
2000-10-01,E09000006,Bromley,156424.0,-0.1,,456.0,,,2025,51225.0,,False,3.05,,3.7,,
2000-11-01,E09000006,Bromley,155920.0,-0.3,,502.0,,,2025,51225.0,,False,3.04,,3.7,,
2000-12-01,E09000006,Bromley,155673.0,-0.2,,485.0,,,2025,51225.0,,False,3.04,,3.6,,
2001-01-01,E09000006,Bromley,156268.0,0.4,,407.0,,,2025,51225.0,,False,3.05,,3.7,,
2001-02-01,E09000006,Bromley,156758.0,0.3,,410.0,,,2025,51225.0,,False,3.06,,3.7,,
2001-03-01,E09000006,Bromley,157608.0,0.5,,550.0,,,2025,51225.0,,False,3.08,,3.7,,
2001-04-01,E09000006,Bromley,159593.0,1.3,,547.0,,,2025,51225.0,,False,3.12,,3.7,,
2001-05-01,E09000006,Bromley,161338.0,1.1,,711.0,,,2025,51225.0,,False,3.15,,3.8,,
2001-06-01,E09000006,Bromley,162863.0,0.9,,656.0,,,2025,51225.0,,False,3.18,,3.8,,
2001-07-01,E09000006,Bromley,164560.0,1.0,,794.0,,,2025,51225.0,,False,3.21,,3.9,,
2001-08-01,E09000006,Bromley,167696.0,1.9,,830.0,,,2025,51225.0,,False,3.27,,3.9,,
2001-09-01,E09000006,Bromley,169972.0,1.4,,665.0,,,2025,51225.0,,False,3.32,,4.0,,
2001-10-01,E09000006,Bromley,173142.0,1.9,,704.0,,,2025,51225.0,,False,3.38,,4.1,,
2001-11-01,E09000006,Bromley,173821.0,0.4,,681.0,,,2025,51225.0,,False,3.39,,4.1,,
2001-12-01,E09000006,Bromley,175563.0,1.0,,567.0,,,2025,51225.0,,False,3.43,,4.1,,
2002-01-01,E09000006,Bromley,176140.0,0.3,,445.0,,,2025,51225.0,,False,3.44,,4.1,,
2002-02-01,E09000006,Bromley,175818.0,-0.2,,498.0,,,2025,51225.0,,False,3.43,,4.1,,
2002-03-01,E09000006,Bromley,175959.0,0.1,,620.0,,,2025,51225.0,,False,3.44,,4.1,,
2002-04-01,E09000006,Bromley,176897.0,0.5,,680.0,,,2025,51225.0,,False,3.45,,4.1,,
2002-05-01,E09000006,Bromley,180936.0,2.3,,807.0,,,2025,51225.0,,False,3.53,,4.2,,
2002-06-01,E09000006,Bromley,186034.0,2.8,,729.0,,,2025,51225.0,,False,3.63,,4.4,,
2002-07-01,E09000006,Bromley,191374.0,2.9,,870.0,,,2025,51225.0,,False,3.74,,4.5,,
2002-08-01,E09000006,Bromley,196882.0,2.9,,852.0,,,2025,51225.0,,False,3.84,,4.6,,
2002-09-01,E09000006,Bromley,201643.0,2.4,,666.0,,,2025,51225.0,,False,3.94,,4.7,,
2002-10-01,E09000006,Bromley,204139.0,1.2,,618.0,,,2025,51225.0,,False,3.99,,4.8,,
2002-11-01,E09000006,Bromley,204995.0,0.4,,663.0,,,2025,51225.0,,False,4.0,,4.8,,
2002-12-01,E09000006,Bromley,207615.0,1.3,,610.0,,,2025,51225.0,,False,4.05,,4.9,,
2003-01-01,E09000006,Bromley,210878.0,1.6,,519.0,,,2025,51225.0,,False,4.12,,4.9,,
2003-02-01,E09000006,Bromley,214781.0,1.9,,466.0,,,2025,51225.0,,False,4.19,,5.0,,
2003-03-01,E09000006,Bromley,215052.0,0.1,,418.0,,,2025,51225.0,,False,4.2,,5.0,,
2003-04-01,E09000006,Bromley,216254.0,0.6,,488.0,,,2025,51225.0,,False,4.22,,5.1,,
2003-05-01,E09000006,Bromley,217344.0,0.5,,468.0,,,2025,51225.0,,False,4.24,,5.1,,
2003-06-01,E09000006,Bromley,219021.0,0.8,,505.0,,,2025,51225.0,,False,4.28,,5.1,,
2003-07-01,E09000006,Bromley,220201.0,0.5,,586.0,,,2025,51225.0,,False,4.3,,5.2,,
2003-08-01,E09000006,Bromley,220230.0,0.0,,695.0,,,2025,51225.0,,False,4.3,,5.2,,
2003-09-01,E09000006,Bromley,223283.0,1.4,,664.0,,,2025,51225.0,,False,4.36,,5.2,,
2003-10-01,E09000006,Bromley,225176.0,0.8,,703.0,,,2025,51225.0,,False,4.4,,5.3,,
2003-11-01,E09000006,Bromley,226741.0,0.7,,655.0,,,2025,51225.0,,False,4.43,,5.3,,
2003-12-01,E09000006,Bromley,227715.0,0.4,,708.0,,,2025,51225.0,,False,4.45,,5.3,,
2004-01-01,E09000006,Bromley,228158.0,0.2,,531.0,,,2025,51225.0,,False,4.45,,5.3,,
2004-02-01,E09000006,Bromley,231782.0,1.6,,539.0,,,2025,51225.0,,False,4.52,,5.4,,
2004-03-01,E09000006,Bromley,233602.0,0.8,,645.0,,,2025,51225.0,,False,4.56,,5.5,,
2004-04-01,E09000006,Bromley,236615.0,1.3,,672.0,,,2025,51225.0,,False,4.62,,5.5,,
2004-05-01,E09000006,Bromley,235878.0,-0.3,,682.0,,,2025,51225.0,,False,4.6,,5.5,,
2004-06-01,E09000006,Bromley,236707.0,0.4,,786.0,,,2025,51225.0,,False,4.62,,5.5,,
2004-07-01,E09000006,Bromley,237187.0,0.2,,755.0,,,2025,51225.0,,False,4.63,,5.6,,
2004-08-01,E09000006,Bromley,241388.0,1.8,,719.0,,,2025,51225.0,,False,4.71,,5.7,,
2004-09-01,E09000006,Bromley,243305.0,0.8,,611.0,,,2025,51225.0,,False,4.75,,5.7,,
2004-10-01,E09000006,Bromley,244806.0,0.6,,538.0,,,2025,51225.0,,False,4.78,,5.7,,
2004-11-01,E09000006,Bromley,244591.0,-0.1,,518.0,,,2025,51225.0,,False,4.77,,5.7,,
2004-12-01,E09000006,Bromley,248122.0,1.4,,537.0,,,2025,51225.0,,False,4.84,,5.8,,
2005-01-01,E09000006,Bromley,247977.0,-0.1,,346.0,,,2025,51225.0,,False,4.84,,5.8,,
2005-02-01,E09000006,Bromley,246583.0,-0.6,,335.0,,,2025,51225.0,,False,4.81,,5.8,,
2005-03-01,E09000006,Bromley,243030.0,-1.4,,411.0,,,2025,51225.0,,False,4.74,,5.7,,
2005-04-01,E09000006,Bromley,243054.0,0.0,,518.0,,,2025,51225.0,,False,4.74,,5.7,,
2005-05-01,E09000006,Bromley,245473.0,1.0,,483.0,,,2025,51225.0,,False,4.79,,5.8,,
2005-06-01,E09000006,Bromley,246272.0,0.3,,623.0,,,2025,51225.0,,False,4.81,,5.8,,
2005-07-01,E09000006,Bromley,245050.0,-0.5,,605.0,,,2025,51225.0,,False,4.78,,5.7,,
2005-08-01,E09000006,Bromley,243678.0,-0.6,,615.0,,,2025,51225.0,,False,4.76,,5.7,,
2005-09-01,E09000006,Bromley,242080.0,-0.7,,591.0,,,2025,51225.0,,False,4.73,,5.7,,
2005-10-01,E09000006,Bromley,241623.0,-0.2,,563.0,,,2025,51225.0,,False,4.72,,5.7,,
2005-11-01,E09000006,Bromley,240679.0,-0.4,,565.0,,,2025,51225.0,,False,4.7,,5.6,,
2005-12-01,E09000006,Bromley,241627.0,0.4,,680.0,,,2025,51225.0,,False,4.72,,5.7,,
2006-01-01,E09000006,Bromley,244404.0,1.1,,517.0,,,2025,51225.0,,False,4.77,,5.7,,
2006-02-01,E09000006,Bromley,245892.0,0.6,,529.0,,,2025,51225.0,,False,4.8,,5.8,,
2006-03-01,E09000006,Bromley,247340.0,0.6,,672.0,,,2025,51225.0,,False,4.83,,5.8,,
2006-04-01,E09000006,Bromley,248127.0,0.3,,570.0,,,2025,51225.0,,False,4.84,,5.8,,
2006-05-01,E09000006,Bromley,248795.0,0.3,,682.0,,,2025,51225.0,,False,4.86,,5.8,,
2006-06-01,E09000006,Bromley,251377.0,1.0,,824.0,,,2025,51225.0,,False,4.91,,5.9,,
2006-07-01,E09000006,Bromley,254092.0,1.1,,806.0,,,2025,51225.0,,False,4.96,,6.0,,
2006-08-01,E09000006,Bromley,257782.0,1.5,,856.0,,,2025,51225.0,,False,5.03,,6.0,,
2006-09-01,E09000006,Bromley,259074.0,0.5,,705.0,,,2025,51225.0,,False,5.06,,6.1,,
2006-10-01,E09000006,Bromley,261763.0,1.0,,684.0,,,2025,51225.0,,False,5.11,,6.1,,
2006-11-01,E09000006,Bromley,263379.0,0.6,,730.0,,,2025,51225.0,,False,5.14,,6.2,,
2006-12-01,E09000006,Bromley,266022.0,1.0,,792.0,,,2025,51225.0,,False,5.19,,6.2,,
2007-01-01,E09000006,Bromley,266331.0,0.1,,611.0,,,2025,51225.0,,False,5.2,,6.2,,
2007-02-01,E09000006,Bromley,268421.0,0.8,,585.0,,,2025,51225.0,,False,5.24,,6.3,,
2007-03-01,E09000006,Bromley,269213.0,0.3,,735.0,,,2025,51225.0,,False,5.26,,6.3,,
2007-04-01,E09000006,Bromley,274098.0,1.8,,628.0,,,2025,51225.0,,False,5.35,,6.4,,
2007-05-01,E09000006,Bromley,276461.0,0.9,,666.0,,,2025,51225.0,,False,5.4,,6.5,,
2007-06-01,E09000006,Bromley,280028.0,1.3,,817.0,,,2025,51225.0,,False,5.47,,6.6,,
2007-07-01,E09000006,Bromley,283132.0,1.1,,738.0,,,2025,51225.0,,False,5.53,,6.6,,
2007-08-01,E09000006,Bromley,286937.0,1.3,,812.0,,,2025,51225.0,,False,5.6,,6.7,,
2007-09-01,E09000006,Bromley,290752.0,1.3,,618.0,,,2025,51225.0,,False,5.68,,6.8,,
2007-10-01,E09000006,Bromley,293119.0,0.8,,658.0,,,2025,51225.0,,False,5.72,,6.9,,
2007-11-01,E09000006,Bromley,296823.0,1.3,,661.0,,,2025,51225.0,,False,5.79,,7.0,,
2007-12-01,E09000006,Bromley,298898.0,0.7,,439.0,,,2025,51225.0,,False,5.84,,7.0,,
2008-01-01,E09000006,Bromley,298160.0,-0.2,,337.0,,,2025,51225.0,,False,5.82,,7.0,,
2008-02-01,E09000006,Bromley,295162.0,-1.0,,399.0,,,2025,51225.0,,False,5.76,,6.9,,
2008-03-01,E09000006,Bromley,291021.0,-1.4,,341.0,,,2025,51225.0,,False,5.68,,6.8,,
2008-04-01,E09000006,Bromley,289011.0,-0.7,,371.0,,,2025,51225.0,,False,5.64,,6.8,,
2008-05-01,E09000006,Bromley,288708.0,-0.1,,360.0,,,2025,51225.0,,False,5.64,,6.8,,
2008-06-01,E09000006,Bromley,287262.0,-0.5,,364.0,,,2025,51225.0,,False,5.61,,6.7,,
2008-07-01,E09000006,Bromley,285180.0,-0.7,,314.0,,,2025,51225.0,,False,5.57,,6.7,,
2008-08-01,E09000006,Bromley,280481.0,-1.6,,305.0,,,2025,51225.0,,False,5.48,,6.6,,
2008-09-01,E09000006,Bromley,275870.0,-1.6,,234.0,,,2025,51225.0,,False,5.39,,6.5,,
2008-10-01,E09000006,Bromley,270845.0,-1.8,,270.0,,,2025,51225.0,,False,5.29,,6.3,,
2008-11-01,E09000006,Bromley,266579.0,-1.6,,202.0,,,2025,51225.0,,False,5.2,,6.2,,
2008-12-01,E09000006,Bromley,262005.0,-1.7,,232.0,,,2025,51225.0,,False,5.11,,6.1,,
2009-01-01,E09000006,Bromley,259584.0,-0.9,,168.0,,,2025,51225.0,,False,5.07,,6.1,,
2009-02-01,E09000006,Bromley,253685.0,-2.3,,158.0,,,2025,51225.0,,False,4.95,,5.9,,
2009-03-01,E09000006,Bromley,249683.0,-1.6,,195.0,,,2025,51225.0,,False,4.87,,5.8,,
2009-04-01,E09000006,Bromley,245544.0,-1.7,,230.0,,,2025,51225.0,,False,4.79,,5.8,,
2009-05-01,E09000006,Bromley,246825.0,0.5,,260.0,,,2025,51225.0,,False,4.82,,5.8,,
2009-06-01,E09000006,Bromley,250671.0,1.6,,299.0,,,2025,51225.0,,False,4.89,,5.9,,
2009-07-01,E09000006,Bromley,252792.0,0.8,,414.0,,,2025,51225.0,,False,4.93,,5.9,,
2009-08-01,E09000006,Bromley,252961.0,0.1,,393.0,,,2025,51225.0,,False,4.94,,5.9,,
2009-09-01,E09000006,Bromley,255474.0,1.0,,435.0,,,2025,51225.0,,False,4.99,,6.0,,
2009-10-01,E09000006,Bromley,258872.0,1.3,,466.0,,,2025,51225.0,,False,5.05,,6.1,,
2009-11-01,E09000006,Bromley,261487.0,1.0,,386.0,,,2025,51225.0,,False,5.1,,6.1,,
2009-12-01,E09000006,Bromley,263122.0,0.6,,502.0,,,2025,51225.0,,False,5.14,,6.2,,
2010-01-01,E09000006,Bromley,265216.0,0.8,,299.0,,,2025,51225.0,,False,5.18,,6.2,,
2010-02-01,E09000006,Bromley,267763.0,1.0,,301.0,,,2025,51225.0,,False,5.23,,6.3,,
2010-03-01,E09000006,Bromley,269341.0,0.6,,318.0,,,2025,51225.0,,False,5.26,,6.3,,
2010-04-01,E09000006,Bromley,271506.0,0.8,,353.0,,,2025,51225.0,,False,5.3,,6.4,,
2010-05-01,E09000006,Bromley,275497.0,1.5,,355.0,,,2025,51225.0,,False,5.38,,6.5,,
2010-06-01,E09000006,Bromley,277317.0,0.7,,441.0,,,2025,51225.0,,False,5.41,,6.5,,
2010-07-01,E09000006,Bromley,278537.0,0.4,,456.0,,,2025,51225.0,,False,5.44,,6.5,,
2010-08-01,E09000006,Bromley,280872.0,0.8,,416.0,,,2025,51225.0,,False,5.48,,6.6,,
2010-09-01,E09000006,Bromley,281671.0,0.3,,381.0,,,2025,51225.0,,False,5.5,,6.6,,
2010-10-01,E09000006,Bromley,281153.0,-0.2,,371.0,,,2025,51225.0,,False,5.49,,6.6,,
2010-11-01,E09000006,Bromley,280286.0,-0.3,,336.0,,,2025,51225.0,,False,5.47,,6.6,,
2010-12-01,E09000006,Bromley,279600.0,-0.2,,352.0,,,2025,51225.0,,False,5.46,,6.5,,
2011-01-01,E09000006,Bromley,279893.0,0.1,,230.0,,,2025,51225.0,,False,5.46,,6.6,,
2011-02-01,E09000006,Bromley,276070.0,-1.4,,310.0,,,2025,51225.0,,False,5.39,,6.5,,
2011-03-01,E09000006,Bromley,275340.0,-0.3,,308.0,,,2025,51225.0,,False,5.38,,6.5,,
2011-04-01,E09000006,Bromley,275898.0,0.2,,354.0,,,2025,51225.0,,False,5.39,,6.5,,
2011-05-01,E09000006,Bromley,281181.0,1.9,,297.0,,,2025,51225.0,,False,5.49,,6.6,,
2011-06-01,E09000006,Bromley,280007.0,-0.4,,378.0,,,2025,51225.0,,False,5.47,,6.6,,
2011-07-01,E09000006,Bromley,280285.0,0.1,,439.0,,,2025,51225.0,,False,5.47,,6.6,,
2011-08-01,E09000006,Bromley,277346.0,-1.0,,395.0,,,2025,51225.0,,False,5.41,,6.5,,
2011-09-01,E09000006,Bromley,280876.0,1.3,,389.0,,,2025,51225.0,,False,5.48,,6.6,,
2011-10-01,E09000006,Bromley,282071.0,0.4,,360.0,,,2025,51225.0,,False,5.51,,6.6,,
2011-11-01,E09000006,Bromley,282826.0,0.3,,387.0,,,2025,51225.0,,False,5.52,,6.6,,
2011-12-01,E09000006,Bromley,283665.0,0.3,,488.0,,,2025,51225.0,,False,5.54,,6.6,,
2012-01-01,E09000006,Bromley,280792.0,-1.0,,337.0,,,2025,51225.0,,False,5.48,,6.6,,
2012-02-01,E09000006,Bromley,283283.0,0.9,,339.0,,,2025,51225.0,,False,5.53,,6.6,,
2012-03-01,E09000006,Bromley,280780.0,-0.9,,429.0,,,2025,51225.0,,False,5.48,,6.6,,
2012-04-01,E09000006,Bromley,282132.0,0.5,,276.0,,,2025,51225.0,,False,5.51,,6.6,,
2012-05-01,E09000006,Bromley,282553.0,0.1,,384.0,,,2025,51225.0,,False,5.52,,6.6,,
2012-06-01,E09000006,Bromley,286833.0,1.5,,454.0,,,2025,51225.0,,False,5.6,,6.7,,
2012-07-01,E09000006,Bromley,289298.0,0.9,,459.0,,,2025,51225.0,,False,5.65,,6.8,,
2012-08-01,E09000006,Bromley,291867.0,0.9,,520.0,,,2025,51225.0,,False,5.7,,6.8,,
2012-09-01,E09000006,Bromley,289888.0,-0.7,,347.0,,,2025,51225.0,,False,5.66,,6.8,,
2012-10-01,E09000006,Bromley,291028.0,0.4,,464.0,,,2025,51225.0,,False,5.68,,6.8,,
2012-11-01,E09000006,Bromley,290625.0,-0.1,,454.0,,,2025,51225.0,,False,5.67,,6.8,,
2012-12-01,E09000006,Bromley,293667.0,1.0,,382.0,,,2025,51225.0,,False,5.73,,6.9,,
2013-01-01,E09000006,Bromley,291800.0,-0.6,,302.0,,,2025,51225.0,,False,5.7,,6.8,,
2013-02-01,E09000006,Bromley,290635.0,-0.4,,303.0,,,2025,51225.0,,False,5.67,,6.8,,
2013-03-01,E09000006,Bromley,289058.0,-0.5,,310.0,,,2025,51225.0,,False,5.64,,6.8,,
2013-04-01,E09000006,Bromley,292149.0,1.1,,342.0,,,2025,51225.0,,False,5.7,,6.8,,
2013-05-01,E09000006,Bromley,294505.0,0.8,,475.0,,,2025,51225.0,,False,5.75,,6.9,,
2013-06-01,E09000006,Bromley,299324.0,1.6,,434.0,,,2025,51225.0,,False,5.84,,7.0,,
2013-07-01,E09000006,Bromley,302276.0,1.0,,536.0,,,2025,51225.0,,False,5.9,,7.1,,
2013-08-01,E09000006,Bromley,306980.0,1.6,,567.0,,,2025,51225.0,,False,5.99,,7.2,,
2013-09-01,E09000006,Bromley,308811.0,0.6,,508.0,,,2025,51225.0,,False,6.03,,7.2,,
2013-10-01,E09000006,Bromley,311725.0,0.9,,563.0,,,2025,51225.0,,False,6.09,,7.3,,
2013-11-01,E09000006,Bromley,314515.0,0.9,,624.0,,,2025,51225.0,,False,6.14,,7.4,,
2013-12-01,E09000006,Bromley,319730.0,1.7,,522.0,,,2025,51225.0,,False,6.24,,7.5,,
2014-01-01,E09000006,Bromley,321161.0,0.4,,520.0,,,2025,51225.0,,False,6.27,,7.5,,
2014-02-01,E09000006,Bromley,323986.0,0.9,,521.0,,,2025,51225.0,,False,6.32,,7.6,,
2014-03-01,E09000006,Bromley,324590.0,0.2,,443.0,,,2025,51225.0,,False,6.34,,7.6,,
2014-04-01,E09000006,Bromley,333525.0,2.8,,487.0,,,2025,51225.0,,False,6.51,,7.8,,
2014-05-01,E09000006,Bromley,342683.0,2.7,,484.0,,,2025,51225.0,,False,6.69,,8.0,,
2014-06-01,E09000006,Bromley,353899.0,3.3,,511.0,,,2025,51225.0,,False,6.91,,8.3,,
2014-07-01,E09000006,Bromley,363259.0,2.6,,587.0,,,2025,51225.0,,False,7.09,,8.5,,
2014-08-01,E09000006,Bromley,368435.0,1.4,,618.0,,,2025,51225.0,,False,7.19,,8.6,,
2014-09-01,E09000006,Bromley,376170.0,2.1,,490.0,,,2025,51225.0,,False,7.34,,8.8,,
2014-10-01,E09000006,Bromley,378443.0,0.6,,578.0,,,2025,51225.0,,False,7.39,,8.9,,
2014-11-01,E09000006,Bromley,380886.0,0.6,,429.0,,,2025,51225.0,,False,7.44,,8.9,,
2014-12-01,E09000006,Bromley,379339.0,-0.4,,501.0,,,2025,51225.0,,False,7.41,,8.9,,
2015-01-01,E09000006,Bromley,379295.0,0.0,,418.0,1140.0,,2025,51225.0,,False,7.4,0.27,8.9,,
2015-02-01,E09000006,Bromley,376855.0,-0.6,,402.0,1144.0,,2025,51225.0,,False,7.36,0.27,8.8,,
2015-03-01,E09000006,Bromley,376321.0,-0.1,,410.0,1148.0,,2025,51225.0,,False,7.35,0.27,8.8,,
2015-04-01,E09000006,Bromley,376848.0,0.1,,463.0,1153.0,,2025,51225.0,,False,7.36,0.27,8.8,,
2015-05-01,E09000006,Bromley,383630.0,1.8,,516.0,1154.0,,2025,51225.0,,False,7.49,0.27,9.0,,
2015-06-01,E09000006,Bromley,388867.0,1.4,,475.0,1157.0,,2025,51225.0,,False,7.59,0.27,9.1,,
2015-07-01,E09000006,Bromley,390950.0,0.5,,649.0,1160.0,,2025,51225.0,,False,7.63,0.27,9.2,,
2015-08-01,E09000006,Bromley,395971.0,1.3,,548.0,1167.0,,2025,51225.0,,False,7.73,0.27,9.3,,
2015-09-01,E09000006,Bromley,400632.0,1.2,,539.0,1176.0,,2025,51225.0,,False,7.82,0.28,9.4,,
2015-10-01,E09000006,Bromley,408766.0,2.0,,601.0,1185.0,,2025,51225.0,,False,7.98,0.28,9.6,,
2015-11-01,E09000006,Bromley,411744.0,0.7,,503.0,1187.0,,2025,51225.0,,False,8.04,0.28,9.6,,
2015-12-01,E09000006,Bromley,418224.0,1.6,,530.0,1190.0,,2025,51225.0,,False,8.16,0.28,9.8,,
2016-01-01,E09000006,Bromley,420600.0,0.6,,412.0,1191.0,4.504387,2025,51225.0,,False,8.21,0.28,9.9,,
2016-02-01,E09000006,Bromley,424096.0,0.8,,393.0,1194.0,4.381058,2025,51225.0,,False,8.28,0.28,9.9,,
2016-03-01,E09000006,Bromley,425872.0,0.4,,743.0,1197.0,4.283787,2025,51225.0,,False,8.31,0.28,10.0,,
2016-04-01,E09000006,Bromley,429594.0,0.9,,341.0,1201.0,4.225108,2025,51225.0,,False,8.39,0.28,10.1,,
2016-05-01,E09000006,Bromley,432553.0,0.7,,402.0,1206.0,4.433208,2025,51225.0,,False,8.44,0.28,10.1,,
2016-06-01,E09000006,Bromley,439738.0,1.7,,428.0,1211.0,4.725279,2025,51225.0,,False,8.58,0.28,10.3,,
2016-07-01,E09000006,Bromley,446918.0,1.6,,441.0,1218.0,5.057872,2025,51225.0,,False,8.72,0.29,10.5,,
2016-08-01,E09000006,Bromley,450668.0,0.8,,434.0,1225.0,4.895821,2025,51225.0,,False,8.8,0.29,10.6,,
2016-09-01,E09000006,Bromley,445897.0,-1.1,,385.0,1230.0,4.59674,2025,51225.0,,False,8.7,0.29,10.4,,
2016-10-01,E09000006,Bromley,437517.0,-1.9,,447.0,1230.0,3.818146,2025,51225.0,,False,8.54,0.29,10.2,,
2016-11-01,E09000006,Bromley,434743.0,-0.6,,363.0,1230.0,3.590643,2025,51225.0,,False,8.49,0.29,10.2,,
2016-12-01,E09000006,Bromley,436599.0,0.4,,458.0,1229.0,3.284064,2025,51225.0,,False,8.52,0.29,10.2,,
2017-01-01,E09000006,Bromley,444077.0,1.7,,344.0,1232.0,3.414227,2025,51225.0,,False,8.67,0.29,10.4,,
2017-02-01,E09000006,Bromley,443606.0,-0.1,,313.0,1234.0,3.361367,2025,51225.0,,False,8.66,0.29,10.4,,
