data/exports/mart_london_affordability_monthly.csv
date_month,area_code,area_name,average_price,hpi_index,house_price_yoy_pct,sales_volume,avg_monthly_rent,rent_yoy_pct,earnings_year,median_gross_annual_pay,earnings_yoy_pct,earnings_fallback_used,price_to_earnings_ratio,annual_rent_to_earnings_ratio,months_to_save_10pct_deposit,rent_growth_minus_income_growth_pct,house_price_growth_minus_income_growth_pct
2017-03-01,E09000006,Bromley,443104.0,-0.1,,414.0,1238.0,3.434841,2025,51225.0,,False,8.65,0.29,10.4,,
2017-04-01,E09000006,Bromley,442652.0,-0.1,,330.0,1241.0,3.342347,2025,51225.0,,False,8.64,0.29,10.4,,
2017-05-01,E09000006,Bromley,447753.0,1.2,,368.0,1243.0,3.112446,2025,51225.0,,False,8.74,0.29,10.5,,
2017-06-01,E09000006,Bromley,451427.0,0.8,,478.0,1242.0,2.538725,2025,51225.0,,False,8.81,0.29,10.6,,
2017-07-01,E09000006,Bromley,452947.0,0.3,,427.0,1241.0,1.885308,2025,51225.0,,False,8.84,0.29,10.6,,
2017-08-01,E09000006,Bromley,451786.0,-0.3,,504.0,1240.0,1.23123,2025,51225.0,,False,8.82,0.29,10.6,,
2017-09-01,E09000006,Bromley,451620.0,0.0,,425.0,1238.0,0.700737,2025,51225.0,,False,8.82,0.29,10.6,,
2017-10-01,E09000006,Bromley,450949.0,-0.1,,418.0,1237.0,0.588742,2025,51225.0,,False,8.8,0.29,10.6,,
2017-11-01,E09000006,Bromley,452940.0,0.4,,381.0,1235.0,0.448516,2025,51225.0,,False,8.84,0.29,10.6,,
2017-12-01,E09000006,Bromley,453197.0,0.1,,404.0,1236.0,0.542039,2025,51225.0,,False,8.85,0.29,10.6,,
2018-01-01,E09000006,Bromley,454452.0,0.3,,299.0,1234.0,0.166604,2025,51225.0,,False,8.87,0.29,10.6,,
2018-02-01,E09000006,Bromley,453646.0,-0.2,,314.0,1232.0,-0.203685,2025,51225.0,,False,8.86,0.29,10.6,,
2018-03-01,E09000006,Bromley,449053.0,-1.0,,391.0,1232.0,-0.523445,2025,51225.0,,False,8.77,0.29,10.5,,
2018-04-01,E09000006,Bromley,448472.0,-0.1,,374.0,1232.0,-0.713467,2025,51225.0,,False,8.75,0.29,10.5,,
2018-05-01,E09000006,Bromley,445442.0,-0.7,,354.0,1233.0,-0.794844,2025,51225.0,,False,8.7,0.29,10.4,,
2018-06-01,E09000006,Bromley,444517.0,-0.2,,407.0,1234.0,-0.626862,2025,51225.0,,False,8.68,0.29,10.4,,
2018-07-01,E09000006,Bromley,448612.0,0.9,,411.0,1236.0,-0.402395,2025,51225.0,,False,8.76,0.29,10.5,,
2018-08-01,E09000006,Bromley,452250.0,0.8,,532.0,1240.0,0.035279,2025,51225.0,,False,8.83,0.29,10.6,,
2018-09-01,E09000006,Bromley,457052.0,1.1,,363.0,1242.0,0.266058,2025,51225.0,,False,8.92,0.29,10.7,,
2018-10-01,E09000006,Bromley,455290.0,-0.4,,432.0,1244.0,0.541424,2025,51225.0,,False,8.89,0.29,10.7,,
2018-11-01,E09000006,Bromley,453074.0,-0.5,,424.0,1245.0,0.803837,2025,51225.0,,False,8.84,0.29,10.6,,
2018-12-01,E09000006,Bromley,451029.0,-0.5,,347.0,1247.0,0.904632,2025,51225.0,,False,8.8,0.29,10.6,,
2019-01-01,E09000006,Bromley,448233.0,-0.6,,280.0,1247.0,1.096037,2025,51225.0,,False,8.75,0.29,10.5,,
2019-02-01,E09000006,Bromley,447310.0,-0.2,,340.0,1248.0,1.264789,2025,51225.0,,False,8.73,0.29,10.5,,
2019-03-01,E09000006,Bromley,443526.0,-0.8,,341.0,1248.0,1.323953,2025,51225.0,,False,8.66,0.29,10.4,,
2019-04-01,E09000006,Bromley,439107.0,-1.0,,349.0,1249.0,1.377027,2025,51225.0,,False,8.57,0.29,10.3,,
2019-05-01,E09000006,Bromley,435057.0,-0.9,,372.0,1250.0,1.37366,2025,51225.0,,False,8.49,0.29,10.2,,
2019-06-01,E09000006,Bromley,436588.0,0.4,,350.0,1250.0,1.315814,2025,51225.0,,False,8.52,0.29,10.2,,
2019-07-01,E09000006,Bromley,440789.0,1.0,,498.0,1249.0,1.056713,2025,51225.0,,False,8.6,0.29,10.3,,
2019-08-01,E09000006,Bromley,448580.0,1.8,,489.0,1246.0,0.465844,2025,51225.0,,False,8.76,0.29,10.5,,
2019-09-01,E09000006,Bromley,449231.0,0.1,,387.0,1243.0,0.116588,2025,51225.0,,False,8.77,0.29,10.5,,
2019-10-01,E09000006,Bromley,446823.0,-0.5,,459.0,1242.0,-0.172739,2025,51225.0,,False,8.72,0.29,10.5,,
2019-11-01,E09000006,Bromley,444222.0,-0.6,,424.0,1244.0,-0.129826,2025,51225.0,,False,8.67,0.29,10.4,,
2019-12-01,E09000006,Bromley,445680.0,0.3,,376.0,1246.0,-0.071366,2025,51225.0,,False,8.7,0.29,10.4,,
2020-01-01,E09000006,Bromley,441520.0,-0.9,,378.0,1249.0,0.176632,2025,51225.0,,False,8.62,0.29,10.3,,
2020-02-01,E09000006,Bromley,440331.0,-0.3,,368.0,1253.0,0.427383,2025,51225.0,,False,8.6,0.29,10.3,,
2020-03-01,E09000006,Bromley,438748.0,-0.4,,395.0,1257.0,0.698548,2025,51225.0,,False,8.57,0.29,10.3,,
2020-04-01,E09000006,Bromley,440285.0,0.4,,134.0,1259.0,0.725246,2025,51225.0,,False,8.6,0.29,10.3,,
2020-05-01,E09000006,Bromley,433420.0,-1.6,,170.0,1259.0,0.736085,2025,51225.0,,False,8.46,0.29,10.2,,
2020-06-01,E09000006,Bromley,432758.0,-0.2,,269.0,1259.0,0.722966,2025,51225.0,,False,8.45,0.29,10.1,,
2020-07-01,E09000006,Bromley,436493.0,0.9,,344.0,1261.0,0.947201,2025,51225.0,,False,8.52,0.3,10.2,,
2020-08-01,E09000006,Bromley,441736.0,1.2,,347.0,1263.0,1.353813,2025,51225.0,,False,8.62,0.3,10.3,,
2020-09-01,E09000006,Bromley,444664.0,0.7,,408.0,1266.0,1.844956,2025,51225.0,,False,8.68,0.3,10.4,,
2020-10-01,E09000006,Bromley,445564.0,0.2,,489.0,1272.0,2.442261,2025,51225.0,,False,8.7,0.3,10.4,,
2020-11-01,E09000006,Bromley,454616.0,2.0,,452.0,1282.0,3.042363,2025,51225.0,,False,8.87,0.3,10.6,,
2020-12-01,E09000006,Bromley,460597.0,1.3,,534.0,1290.0,3.49391,2025,51225.0,,False,8.99,0.3,10.8,,
2021-01-01,E09000006,Bromley,464690.0,0.9,,443.0,1293.0,3.528427,2025,51225.0,,False,9.07,0.3,10.9,,
2021-02-01,E09000006,Bromley,462291.0,-0.5,,553.0,1292.0,3.121545,2025,51225.0,,False,9.02,0.3,10.8,,
2021-03-01,E09000006,Bromley,463719.0,0.3,,871.0,1291.0,2.712544,2025,51225.0,,False,9.05,0.3,10.9,,
2021-04-01,E09000006,Bromley,468479.0,1.0,,467.0,1290.0,2.534839,2025,51225.0,,False,9.15,0.3,11.0,,
2021-05-01,E09000006,Bromley,472019.0,0.8,,376.0,1293.0,2.70181,2025,51225.0,,False,9.21,0.3,11.1,,
2021-06-01,E09000006,Bromley,477155.0,1.1,,1364.0,1296.0,2.921411,2025,51225.0,,False,9.31,0.3,11.2,,
2021-07-01,E09000006,Bromley,477286.0,0.0,,141.0,1302.0,3.190635,2025,51225.0,,False,9.32,0.31,11.2,,
2021-08-01,E09000006,Bromley,479758.0,0.5,,328.0,1306.0,3.415371,2025,51225.0,,False,9.37,0.31,11.2,,
2021-09-01,E09000006,Bromley,480220.0,0.1,,666.0,1312.0,3.604657,2025,51225.0,,False,9.37,0.31,11.2,,
2021-10-01,E09000006,Bromley,482469.0,0.5,,262.0,1318.0,3.631592,2025,51225.0,,False,9.42,0.31,11.3,,
2021-11-01,E09000006,Bromley,484901.0,0.5,,354.0,1324.0,3.294694,2025,51225.0,,False,9.47,0.31,11.4,,
2021-12-01,E09000006,Bromley,485643.0,0.2,,393.0,1329.0,3.07359,2025,51225.0,,False,9.48,0.31,11.4,,
2022-01-01,E09000006,Bromley,488573.0,0.6,,318.0,1333.0,3.080819,2025,51225.0,,False,9.54,0.31,11.4,,
2022-02-01,E09000006,Bromley,492855.0,0.9,,385.0,1337.0,3.515962,2025,51225.0,,False,9.62,0.31,11.5,,
2022-03-01,E09000006,Bromley,495299.0,0.5,,398.0,1342.0,3.960637,2025,51225.0,,False,9.67,0.31,11.6,,
2022-04-01,E09000006,Bromley,497771.0,0.5,,392.0,1348.0,4.451003,2025,51225.0,,False,9.72,0.32,11.7,,
2022-05-01,E09000006,Bromley,502566.0,1.0,,375.0,1355.0,4.760551,2025,51225.0,,False,9.81,0.32,11.8,,
2022-06-01,E09000006,Bromley,511405.0,1.8,,401.0,1361.0,4.976296,2025,51225.0,,False,9.98,0.32,12.0,,
2022-07-01,E09000006,Bromley,515508.0,0.8,,469.0,1366.0,4.948885,2025,51225.0,,False,10.06,0.32,12.1,,
2022-08-01,E09000006,Bromley,521841.0,1.2,,459.0,1370.0,4.900828,2025,51225.0,,False,10.19,0.32,12.2,,
2022-09-01,E09000006,Bromley,523868.0,0.4,,485.0,1374.0,4.723665,2025,51225.0,,False,10.23,0.32,12.3,,
2022-10-01,E09000006,Bromley,528385.0,0.9,,437.0,1376.0,4.418445,2025,51225.0,,False,10.31,0.32,12.4,,
2022-11-01,E09000006,Bromley,528626.0,0.0,,464.0,1379.0,4.19291,2025,51225.0,,False,10.32,0.32,12.4,,
2022-12-01,E09000006,Bromley,529819.0,0.2,,432.0,1384.0,4.131246,2025,51225.0,,False,10.34,0.32,12.4,,
2023-01-01,E09000006,Bromley,526961.0,-0.5,,256.0,1391.0,4.339699,2025,51225.0,,False,10.29,0.33,12.3,,
2023-02-01,E09000006,Bromley,519882.0,-1.3,,285.0,1397.0,4.484039,2025,51225.0,,False,10.15,0.33,12.2,,
2023-03-01,E09000006,Bromley,507496.0,-2.4,,301.0,1403.0,4.550628,2025,51225.0,,False,9.91,0.33,11.9,,
2023-04-01,E09000006,Bromley,507045.0,-0.1,,211.0,1409.0,4.533916,2025,51225.0,,False,9.9,0.33,11.9,,
2023-05-01,E09000006,Bromley,504910.0,-0.4,,232.0,1416.0,4.522474,2025,51225.0,,False,9.86,0.33,11.8,,
2023-06-01,E09000006,Bromley,505784.0,0.2,,260.0,1424.0,4.654291,2025,51225.0,,False,9.87,0.33,11.8,,
2023-07-01,E09000006,Bromley,505665.0,0.0,,284.0,1432.0,4.853802,2025,51225.0,,False,9.87,0.34,11.8,,
2023-08-01,E09000006,Bromley,505540.0,0.0,,354.0,1440.0,5.097555,2025,51225.0,,False,9.87,0.34,11.8,,
2023-09-01,E09000006,Bromley,506484.0,0.2,,334.0,1449.0,5.492312,2025,51225.0,,False,9.89,0.34,11.9,,
2023-10-01,E09000006,Bromley,504496.0,-0.4,,350.0,1460.0,6.079439,2025,51225.0,,False,9.85,0.34,11.8,,
2023-11-01,E09000006,Bromley,498178.0,-1.3,,299.0,1473.0,6.794152,2025,51225.0,,False,9.73,0.35,11.7,,
2023-12-01,E09000006,Bromley,498493.0,0.1,,269.0,1485.0,7.292135,2025,51225.0,,False,9.73,0.35,11.7,,
2024-01-01,E09000006,Bromley,496773.0,-0.3,,276.0,1496.0,7.510891,2025,51225.0,,False,9.7,0.35,11.6,,
2024-02-01,E09000006,Bromley,495477.0,-0.3,,265.0,1503.0,7.585542,2025,51225.0,,False,9.67,0.35,11.6,,
2024-03-01,E09000006,Bromley,488761.0,-1.4,,291.0,1510.0,7.635448,2025,51225.0,,False,9.54,0.35,11.4,,
2024-04-01,E09000006,Bromley,483981.0,-1.0,,277.0,1518.0,7.743591,2025,51225.0,,False,9.45,0.36,11.3,,
2024-05-01,E09000006,Bromley,488587.0,1.0,,345.0,1527.0,7.794915,2025,51225.0,,False,9.54,0.36,11.4,,
2024-06-01,E09000006,Bromley,492447.0,0.8,,353.0,1537.0,7.893108,2025,51225.0,,False,9.61,0.36,11.5,,
2024-07-01,E09000006,Bromley,497124.0,0.9,,439.0,1546.0,7.913784,2025,51225.0,,False,9.7,0.36,11.6,,
2024-08-01,E09000006,Bromley,501497.0,0.9,,465.0,1555.0,8.039842,2025,51225.0,,False,9.79,0.36,11.7,,
2024-09-01,E09000006,Bromley,506316.0,1.0,,368.0,1564.0,7.962098,2025,51225.0,,False,9.88,0.37,11.9,,
2024-10-01,E09000006,Bromley,505839.0,-0.1,,388.0,1574.0,7.783968,2025,51225.0,,False,9.87,0.37,11.8,,
2024-11-01,E09000006,Bromley,504376.0,-0.3,,431.0,1584.0,7.510152,2025,51225.0,,False,9.85,0.37,11.8,,
2024-12-01,E09000006,Bromley,501178.0,-0.6,,371.0,1591.0,7.159676,2025,51225.0,,False,9.78,0.37,11.7,,
2025-01-01,E09000006,Bromley,503544.0,0.5,,317.0,1598.0,6.874665,2025,51225.0,,False,9.83,0.37,11.8,,
2025-02-01,E09000006,Bromley,509686.0,1.2,,387.0,1604.0,6.715664,2025,51225.0,,False,9.95,0.38,11.9,,
2025-03-01,E09000006,Bromley,519308.0,1.9,,816.0,1611.0,6.677418,2025,51225.0,,False,10.14,0.38,12.2,,
2025-04-01,E09000006,Bromley,521710.0,0.5,,114.0,1617.0,6.538558,2025,51225.0,,False,10.18,0.38,12.2,,
2025-05-01,E09000006,Bromley,526762.0,1.0,,225.0,1625.0,6.439798,2025,51225.0,,False,10.28,0.38,12.3,,
2025-06-01,E09000006,Bromley,529895.0,0.6,,302.0,1634.0,6.347792,2025,51225.0,,False,10.34,0.38,12.4,,
2025-07-01,E09000006,Bromley,533953.0,0.8,,339.0,1638.0,6.000889,2025,51225.0,,False,10.42,0.38,12.5,,
2025-08-01,E09000006,Bromley,529901.0,-0.8,,350.0,1640.0,5.456895,2025,51225.0,,False,10.34,0.38,12.4,,
2025-09-01,E09000006,Bromley,525517.0,-0.8,,314.0,1640.0,4.844616,2025,51225.0,,False,10.26,0.38,12.3,,
2025-10-01,E09000006,Bromley,530082.0,0.9,,259.0,1644.0,4.464602,2025,51225.0,,False,10.35,0.39,12.4,,
2025-11-01,E09000006,Bromley,536924.0,1.3,,256.0,1648.0,4.067231,2025,51225.0,,False,10.48,0.39,12.6,,
2025-12-01,E09000006,Bromley,537156.0,0.0,,,1652.0,3.786455,2025,51225.0,,False,10.49,0.39,12.6,,
2026-01-01,E09000006,Bromley,528759.0,-1.6,,,1658.0,3.711543,2025,51225.0,,False,10.32,0.39,12.4,,
1995-01-01,E09000007,Camden,119775.0,,,198.0,,,2025,53133.0,,False,2.25,,2.7,,
1995-02-01,E09000007,Camden,118365.0,-1.2,,194.0,,,2025,53133.0,,False,2.23,,2.7,,
1995-03-01,E09000007,Camden,119131.0,0.6,,207.0,,,2025,53133.0,,False,2.24,,2.7,,
1995-04-01,E09000007,Camden,118948.0,-0.2,,174.0,,,2025,53133.0,,False,2.24,,2.7,,
1995-05-01,E09000007,Camden,118781.0,-0.1,,220.0,,,2025,53133.0,,False,2.24,,2.7,,
1995-06-01,E09000007,Camden,120721.0,1.6,,248.0,,,2025,53133.0,,False,2.27,,2.7,,
1995-07-01,E09000007,Camden,122840.0,1.8,,248.0,,,2025,53133.0,,False,2.31,,2.8,,
1995-08-01,E09000007,Camden,124328.0,1.2,,259.0,,,2025,53133.0,,False,2.34,,2.8,,
1995-09-01,E09000007,Camden,119442.0,-3.9,,263.0,,,2025,53133.0,,False,2.25,,2.7,,
1995-10-01,E09000007,Camden,116334.0,-2.6,,245.0,,,2025,53133.0,,False,2.19,,2.6,,
1995-11-01,E09000007,Camden,114314.0,-1.7,,208.0,,,2025,53133.0,,False,2.15,,2.6,,
1995-12-01,E09000007,Camden,117602.0,2.9,,224.0,,,2025,53133.0,,False,2.21,,2.7,,
1996-01-01,E09000007,Camden,118416.0,0.7,,193.0,,,2025,53133.0,,False,2.23,,2.7,,
1996-02-01,E09000007,Camden,122190.0,3.2,,181.0,,,2025,53133.0,,False,2.3,,2.8,,
1996-03-01,E09000007,Camden,123529.0,1.1,,214.0,,,2025,53133.0,,False,2.32,,2.8,,
1996-04-01,E09000007,Camden,127922.0,3.6,,260.0,,,2025,53133.0,,False,2.41,,2.9,,
1996-05-01,E09000007,Camden,134040.0,4.8,,287.0,,,2025,53133.0,,False,2.52,,3.0,,
1996-06-01,E09000007,Camden,142485.0,6.3,,282.0,,,2025,53133.0,,False,2.68,,3.2,,
1996-07-01,E09000007,Camden,146558.0,2.9,,355.0,,,2025,53133.0,,False,2.76,,3.3,,
1996-08-01,E09000007,Camden,141098.0,-3.7,,340.0,,,2025,53133.0,,False,2.66,,3.2,,
1996-09-01,E09000007,Camden,135245.0,-4.1,,349.0,,,2025,53133.0,,False,2.55,,3.1,,
1996-10-01,E09000007,Camden,132568.0,-2.0,,344.0,,,2025,53133.0,,False,2.5,,3.0,,
1996-11-01,E09000007,Camden,132844.0,0.2,,369.0,,,2025,53133.0,,False,2.5,,3.0,,
1996-12-01,E09000007,Camden,133459.0,0.5,,354.0,,,2025,53133.0,,False,2.51,,3.0,,
1997-01-01,E09000007,Camden,134655.0,0.9,,273.0,,,2025,53133.0,,False,2.53,,3.0,,
1997-02-01,E09000007,Camden,140176.0,4.1,,293.0,,,2025,53133.0,,False,2.64,,3.2,,
1997-03-01,E09000007,Camden,142071.0,1.4,,300.0,,,2025,53133.0,,False,2.67,,3.2,,
1997-04-01,E09000007,Camden,142217.0,0.1,,336.0,,,2025,53133.0,,False,2.68,,3.2,,
1997-05-01,E09000007,Camden,147194.0,3.5,,303.0,,,2025,53133.0,,False,2.77,,3.3,,
1997-06-01,E09000007,Camden,146916.0,-0.2,,330.0,,,2025,53133.0,,False,2.77,,3.3,,
1997-07-01,E09000007,Camden,147515.0,0.4,,374.0,,,2025,53133.0,,False,2.78,,3.3,,
1997-08-01,E09000007,Camden,144229.0,-2.2,,334.0,,,2025,53133.0,,False,2.71,,3.3,,
1997-09-01,E09000007,Camden,150295.0,4.2,,337.0,,,2025,53133.0,,False,2.83,,3.4,,
1997-10-01,E09000007,Camden,156387.0,4.1,,374.0,,,2025,53133.0,,False,2.94,,3.5,,
1997-11-01,E09000007,Camden,165588.0,5.9,,290.0,,,2025,53133.0,,False,3.12,,3.7,,
1997-12-01,E09000007,Camden,167223.0,1.0,,323.0,,,2025,53133.0,,False,3.15,,3.8,,
1998-01-01,E09000007,Camden,167394.0,0.1,,294.0,,,2025,53133.0,,False,3.15,,3.8,,
1998-02-01,E09000007,Camden,160791.0,-3.9,,206.0,,,2025,53133.0,,False,3.03,,3.6,,
1998-03-01,E09000007,Camden,162260.0,0.9,,297.0,,,2025,53133.0,,False,3.05,,3.7,,
1998-04-01,E09000007,Camden,164066.0,1.1,,305.0,,,2025,53133.0,,False,3.09,,3.7,,
1998-05-01,E09000007,Camden,167431.0,2.1,,311.0,,,2025,53133.0,,False,3.15,,3.8,,
1998-06-01,E09000007,Camden,170930.0,2.1,,335.0,,,2025,53133.0,,False,3.22,,3.9,,
1998-07-01,E09000007,Camden,174165.0,1.9,,374.0,,,2025,53133.0,,False,3.28,,3.9,,
1998-08-01,E09000007,Camden,174886.0,0.4,,290.0,,,2025,53133.0,,False,3.29,,3.9,,
1998-09-01,E09000007,Camden,171676.0,-1.8,,343.0,,,2025,53133.0,,False,3.23,,3.9,,
1998-10-01,E09000007,Camden,170734.0,-0.5,,289.0,,,2025,53133.0,,False,3.21,,3.9,,
1998-11-01,E09000007,Camden,172911.0,1.3,,258.0,,,2025,53133.0,,False,3.25,,3.9,,
1998-12-01,E09000007,Camden,171415.0,-0.9,,240.0,,,2025,53133.0,,False,3.23,,3.9,,
1999-01-01,E09000007,Camden,169324.0,-1.2,,208.0,,,2025,53133.0,,False,3.19,,3.8,,
1999-02-01,E09000007,Camden,171820.0,1.5,,210.0,,,2025,53133.0,,False,3.23,,3.9,,
1999-03-01,E09000007,Camden,177165.0,3.1,,310.0,,,2025,53133.0,,False,3.33,,4.0,,
1999-04-01,E09000007,Camden,181175.0,2.3,,289.0,,,2025,53133.0,,False,3.41,,4.1,,
1999-05-01,E09000007,Camden,179050.0,-1.2,,278.0,,,2025,53133.0,,False,3.37,,4.0,,
1999-06-01,E09000007,Camden,184066.0,2.8,,367.0,,,2025,53133.0,,False,3.46,,4.2,,
1999-07-01,E09000007,Camden,189972.0,3.2,,446.0,,,2025,53133.0,,False,3.58,,4.3,,
1999-08-01,E09000007,Camden,196748.0,3.6,,356.0,,,2025,53133.0,,False,3.7,,4.4,,
1999-09-01,E09000007,Camden,201564.0,2.4,,391.0,,,2025,53133.0,,False,3.79,,4.6,,
1999-10-01,E09000007,Camden,204728.0,1.6,,431.0,,,2025,53133.0,,False,3.85,,4.6,,
1999-11-01,E09000007,Camden,207296.0,1.3,,338.0,,,2025,53133.0,,False,3.9,,4.7,,
1999-12-01,E09000007,Camden,208227.0,0.4,,357.0,,,2025,53133.0,,False,3.92,,4.7,,
2000-01-01,E09000007,Camden,215615.0,3.5,,269.0,,,2025,53133.0,,False,4.06,,4.9,,
2000-02-01,E09000007,Camden,225979.0,4.8,,282.0,,,2025,53133.0,,False,4.25,,5.1,,
2000-03-01,E09000007,Camden,228333.0,1.0,,351.0,,,2025,53133.0,,False,4.3,,5.2,,
2000-04-01,E09000007,Camden,237364.0,4.0,,301.0,,,2025,53133.0,,False,4.47,,5.4,,
2000-05-01,E09000007,Camden,246433.0,3.8,,292.0,,,2025,53133.0,,False,4.64,,5.6,,
2000-06-01,E09000007,Camden,259267.0,5.2,,312.0,,,2025,53133.0,,False,4.88,,5.9,,
2000-07-01,E09000007,Camden,262113.0,1.1,,310.0,,,2025,53133.0,,False,4.93,,5.9,,
2000-08-01,E09000007,Camden,259614.0,-1.0,,290.0,,,2025,53133.0,,False,4.89,,5.9,,
2000-09-01,E09000007,Camden,256304.0,-1.3,,266.0,,,2025,53133.0,,False,4.82,,5.8,,
2000-10-01,E09000007,Camden,246838.0,-3.7,,258.0,,,2025,53133.0,,False,4.65,,5.6,,
2000-11-01,E09000007,Camden,248525.0,0.7,,257.0,,,2025,53133.0,,False,4.68,,5.6,,
2000-12-01,E09000007,Camden,250600.0,0.8,,289.0,,,2025,53133.0,,False,4.72,,5.7,,
2001-01-01,E09000007,Camden,262973.0,4.9,,275.0,,,2025,53133.0,,False,4.95,,5.9,,
2001-02-01,E09000007,Camden,265222.0,0.9,,210.0,,,2025,53133.0,,False,4.99,,6.0,,
2001-03-01,E09000007,Camden,270445.0,2.0,,263.0,,,2025,53133.0,,False,5.09,,6.1,,
2001-04-01,E09000007,Camden,266373.0,-1.5,,267.0,,,2025,53133.0,,False,5.01,,6.0,,
2001-05-01,E09000007,Camden,267254.0,0.3,,308.0,,,2025,53133.0,,False,5.03,,6.0,,
2001-06-01,E09000007,Camden,268958.0,0.6,,352.0,,,2025,53133.0,,False,5.06,,6.1,,
2001-07-01,E09000007,Camden,277797.0,3.3,,333.0,,,2025,53133.0,,False,5.23,,6.3,,
2001-08-01,E09000007,Camden,284126.0,2.3,,389.0,,,2025,53133.0,,False,5.35,,6.4,,
