data/exports/mart_london_affordability_monthly.csv
date_month,area_code,area_name,average_price,hpi_index,house_price_yoy_pct,sales_volume,avg_monthly_rent,rent_yoy_pct,earnings_year,median_gross_annual_pay,earnings_yoy_pct,earnings_fallback_used,price_to_earnings_ratio,annual_rent_to_earnings_ratio,months_to_save_10pct_deposit,rent_growth_minus_income_growth_pct,house_price_growth_minus_income_growth_pct
2001-09-01,E09000007,Camden,285051.0,0.3,,350.0,,,2025,53133.0,,False,5.36,,6.4,,
2001-10-01,E09000007,Camden,286072.0,0.4,,281.0,,,2025,53133.0,,False,5.38,,6.5,,
2001-11-01,E09000007,Camden,288083.0,0.7,,291.0,,,2025,53133.0,,False,5.42,,6.5,,
2001-12-01,E09000007,Camden,288768.0,0.2,,271.0,,,2025,53133.0,,False,5.43,,6.5,,
2002-01-01,E09000007,Camden,287681.0,-0.4,,237.0,,,2025,53133.0,,False,5.41,,6.5,,
2002-02-01,E09000007,Camden,286501.0,-0.4,,243.0,,,2025,53133.0,,False,5.39,,6.5,,
2002-03-01,E09000007,Camden,286842.0,0.1,,296.0,,,2025,53133.0,,False,5.4,,6.5,,
2002-04-01,E09000007,Camden,294136.0,2.5,,341.0,,,2025,53133.0,,False,5.54,,6.6,,
2002-05-01,E09000007,Camden,305956.0,4.0,,406.0,,,2025,53133.0,,False,5.76,,6.9,,
2002-06-01,E09000007,Camden,316407.0,3.4,,325.0,,,2025,53133.0,,False,5.95,,7.1,,
2002-07-01,E09000007,Camden,320060.0,1.2,,386.0,,,2025,53133.0,,False,6.02,,7.2,,
2002-08-01,E09000007,Camden,321962.0,0.6,,379.0,,,2025,53133.0,,False,6.06,,7.3,,
2002-09-01,E09000007,Camden,329188.0,2.2,,331.0,,,2025,53133.0,,False,6.2,,7.4,,
2002-10-01,E09000007,Camden,330624.0,0.4,,323.0,,,2025,53133.0,,False,6.22,,7.5,,
2002-11-01,E09000007,Camden,328857.0,-0.5,,301.0,,,2025,53133.0,,False,6.19,,7.4,,
2002-12-01,E09000007,Camden,325847.0,-0.9,,283.0,,,2025,53133.0,,False,6.13,,7.4,,
2003-01-01,E09000007,Camden,319424.0,-2.0,,265.0,,,2025,53133.0,,False,6.01,,7.2,,
2003-02-01,E09000007,Camden,303252.0,-5.1,,205.0,,,2025,53133.0,,False,5.71,,6.8,,
2003-03-01,E09000007,Camden,296890.0,-2.1,,235.0,,,2025,53133.0,,False,5.59,,6.7,,
2003-04-01,E09000007,Camden,303203.0,2.1,,198.0,,,2025,53133.0,,False,5.71,,6.8,,
2003-05-01,E09000007,Camden,318303.0,5.0,,203.0,,,2025,53133.0,,False,5.99,,7.2,,
2003-06-01,E09000007,Camden,324205.0,1.9,,250.0,,,2025,53133.0,,False,6.1,,7.3,,
2003-07-01,E09000007,Camden,331690.0,2.3,,277.0,,,2025,53133.0,,False,6.24,,7.5,,
2003-08-01,E09000007,Camden,334524.0,0.9,,296.0,,,2025,53133.0,,False,6.3,,7.6,,
2003-09-01,E09000007,Camden,335081.0,0.2,,342.0,,,2025,53133.0,,False,6.31,,7.6,,
2003-10-01,E09000007,Camden,328211.0,-2.1,,305.0,,,2025,53133.0,,False,6.18,,7.4,,
2003-11-01,E09000007,Camden,324068.0,-1.3,,310.0,,,2025,53133.0,,False,6.1,,7.3,,
2003-12-01,E09000007,Camden,320682.0,-1.0,,264.0,,,2025,53133.0,,False,6.04,,7.2,,
2004-01-01,E09000007,Camden,326504.0,1.8,,282.0,,,2025,53133.0,,False,6.15,,7.4,,
2004-02-01,E09000007,Camden,329119.0,0.8,,274.0,,,2025,53133.0,,False,6.19,,7.4,,
2004-03-01,E09000007,Camden,336465.0,2.2,,321.0,,,2025,53133.0,,False,6.33,,7.6,,
2004-04-01,E09000007,Camden,333447.0,-0.9,,346.0,,,2025,53133.0,,False,6.28,,7.5,,
2004-05-01,E09000007,Camden,339817.0,1.9,,304.0,,,2025,53133.0,,False,6.4,,7.7,,
2004-06-01,E09000007,Camden,351146.0,3.3,,396.0,,,2025,53133.0,,False,6.61,,7.9,,
2004-07-01,E09000007,Camden,365280.0,4.0,,409.0,,,2025,53133.0,,False,6.87,,8.2,,
2004-08-01,E09000007,Camden,366595.0,0.4,,384.0,,,2025,53133.0,,False,6.9,,8.3,,
2004-09-01,E09000007,Camden,361040.0,-1.5,,310.0,,,2025,53133.0,,False,6.8,,8.2,,
2004-10-01,E09000007,Camden,358437.0,-0.7,,267.0,,,2025,53133.0,,False,6.75,,8.1,,
2004-11-01,E09000007,Camden,360920.0,0.7,,254.0,,,2025,53133.0,,False,6.79,,8.2,,
2004-12-01,E09000007,Camden,352983.0,-2.2,,213.0,,,2025,53133.0,,False,6.64,,8.0,,
2005-01-01,E09000007,Camden,341827.0,-3.2,,228.0,,,2025,53133.0,,False,6.43,,7.7,,
2005-02-01,E09000007,Camden,338474.0,-1.0,,198.0,,,2025,53133.0,,False,6.37,,7.6,,
2005-03-01,E09000007,Camden,345446.0,2.1,,216.0,,,2025,53133.0,,False,6.5,,7.8,,
2005-04-01,E09000007,Camden,356284.0,3.1,,257.0,,,2025,53133.0,,False,6.71,,8.0,,
2005-05-01,E09000007,Camden,365874.0,2.7,,260.0,,,2025,53133.0,,False,6.89,,8.3,,
2005-06-01,E09000007,Camden,375745.0,2.7,,317.0,,,2025,53133.0,,False,7.07,,8.5,,
2005-07-01,E09000007,Camden,377328.0,0.4,,316.0,,,2025,53133.0,,False,7.1,,8.5,,
2005-08-01,E09000007,Camden,387421.0,2.7,,295.0,,,2025,53133.0,,False,7.29,,8.7,,
2005-09-01,E09000007,Camden,382796.0,-1.2,,336.0,,,2025,53133.0,,False,7.2,,8.6,,
2005-10-01,E09000007,Camden,380040.0,-0.7,,299.0,,,2025,53133.0,,False,7.15,,8.6,,
2005-11-01,E09000007,Camden,362844.0,-4.5,,301.0,,,2025,53133.0,,False,6.83,,8.2,,
2005-12-01,E09000007,Camden,363743.0,0.2,,296.0,,,2025,53133.0,,False,6.85,,8.2,,
2006-01-01,E09000007,Camden,365180.0,0.4,,313.0,,,2025,53133.0,,False,6.87,,8.2,,
2006-02-01,E09000007,Camden,370093.0,1.3,,267.0,,,2025,53133.0,,False,6.97,,8.4,,
2006-03-01,E09000007,Camden,373727.0,1.0,,361.0,,,2025,53133.0,,False,7.03,,8.4,,
2006-04-01,E09000007,Camden,379266.0,1.5,,310.0,,,2025,53133.0,,False,7.14,,8.6,,
2006-05-01,E09000007,Camden,385866.0,1.7,,328.0,,,2025,53133.0,,False,7.26,,8.7,,
2006-06-01,E09000007,Camden,389088.0,0.8,,360.0,,,2025,53133.0,,False,7.32,,8.8,,
2006-07-01,E09000007,Camden,396599.0,1.9,,384.0,,,2025,53133.0,,False,7.46,,9.0,,
2006-08-01,E09000007,Camden,402772.0,1.6,,429.0,,,2025,53133.0,,False,7.58,,9.1,,
2006-09-01,E09000007,Camden,402138.0,-0.2,,391.0,,,2025,53133.0,,False,7.57,,9.1,,
2006-10-01,E09000007,Camden,399361.0,-0.7,,342.0,,,2025,53133.0,,False,7.52,,9.0,,
2006-11-01,E09000007,Camden,403714.0,1.1,,331.0,,,2025,53133.0,,False,7.6,,9.1,,
2006-12-01,E09000007,Camden,424670.0,5.2,,340.0,,,2025,53133.0,,False,7.99,,9.6,,
2007-01-01,E09000007,Camden,429747.0,1.2,,297.0,,,2025,53133.0,,False,8.09,,9.7,,
2007-02-01,E09000007,Camden,437383.0,1.8,,283.0,,,2025,53133.0,,False,8.23,,9.9,,
2007-03-01,E09000007,Camden,435762.0,-0.4,,327.0,,,2025,53133.0,,False,8.2,,9.8,,
2007-04-01,E09000007,Camden,447639.0,2.7,,265.0,,,2025,53133.0,,False,8.42,,10.1,,
2007-05-01,E09000007,Camden,437043.0,-2.4,,310.0,,,2025,53133.0,,False,8.23,,9.9,,
2007-06-01,E09000007,Camden,449774.0,2.9,,330.0,,,2025,53133.0,,False,8.47,,10.2,,
2007-07-01,E09000007,Camden,461651.0,2.6,,340.0,,,2025,53133.0,,False,8.69,,10.4,,
2007-08-01,E09000007,Camden,485798.0,5.2,,368.0,,,2025,53133.0,,False,9.14,,11.0,,
2007-09-01,E09000007,Camden,495127.0,1.9,,300.0,,,2025,53133.0,,False,9.32,,11.2,,
2007-10-01,E09000007,Camden,495855.0,0.1,,303.0,,,2025,53133.0,,False,9.33,,11.2,,
2007-11-01,E09000007,Camden,490508.0,-1.1,,267.0,,,2025,53133.0,,False,9.23,,11.1,,
2007-12-01,E09000007,Camden,477949.0,-2.6,,240.0,,,2025,53133.0,,False,9.0,,10.8,,
2008-01-01,E09000007,Camden,482000.0,0.8,,217.0,,,2025,53133.0,,False,9.07,,10.9,,
2008-02-01,E09000007,Camden,500633.0,3.9,,189.0,,,2025,53133.0,,False,9.42,,11.3,,
2008-03-01,E09000007,Camden,505176.0,0.9,,162.0,,,2025,53133.0,,False,9.51,,11.4,,
2008-04-01,E09000007,Camden,505189.0,0.0,,162.0,,,2025,53133.0,,False,9.51,,11.4,,
2008-05-01,E09000007,Camden,501051.0,-0.8,,206.0,,,2025,53133.0,,False,9.43,,11.3,,
2008-06-01,E09000007,Camden,501325.0,0.1,,237.0,,,2025,53133.0,,False,9.44,,11.3,,
2008-07-01,E09000007,Camden,516994.0,3.1,,200.0,,,2025,53133.0,,False,9.73,,11.7,,
2008-08-01,E09000007,Camden,520267.0,0.6,,164.0,,,2025,53133.0,,False,9.79,,11.8,,
2008-09-01,E09000007,Camden,510089.0,-2.0,,159.0,,,2025,53133.0,,False,9.6,,11.5,,
2008-10-01,E09000007,Camden,493622.0,-3.2,,117.0,,,2025,53133.0,,False,9.29,,11.1,,
2008-11-01,E09000007,Camden,467840.0,-5.2,,117.0,,,2025,53133.0,,False,8.81,,10.6,,
2008-12-01,E09000007,Camden,452912.0,-3.2,,122.0,,,2025,53133.0,,False,8.52,,10.2,,
2009-01-01,E09000007,Camden,442619.0,-2.3,,96.0,,,2025,53133.0,,False,8.33,,10.0,,
2009-02-01,E09000007,Camden,448803.0,1.4,,89.0,,,2025,53133.0,,False,8.45,,10.1,,
2009-03-01,E09000007,Camden,461106.0,2.7,,118.0,,,2025,53133.0,,False,8.68,,10.4,,
2009-04-01,E09000007,Camden,447319.0,-3.0,,125.0,,,2025,53133.0,,False,8.42,,10.1,,
2009-05-01,E09000007,Camden,438368.0,-2.0,,157.0,,,2025,53133.0,,False,8.25,,9.9,,
2009-06-01,E09000007,Camden,430735.0,-1.7,,181.0,,,2025,53133.0,,False,8.11,,9.7,,
2009-07-01,E09000007,Camden,446884.0,3.7,,224.0,,,2025,53133.0,,False,8.41,,10.1,,
2009-08-01,E09000007,Camden,462699.0,3.5,,214.0,,,2025,53133.0,,False,8.71,,10.4,,
2009-09-01,E09000007,Camden,470662.0,1.7,,251.0,,,2025,53133.0,,False,8.86,,10.6,,
2009-10-01,E09000007,Camden,466786.0,-0.8,,241.0,,,2025,53133.0,,False,8.79,,10.5,,
2009-11-01,E09000007,Camden,445187.0,-4.6,,212.0,,,2025,53133.0,,False,8.38,,10.1,,
2009-12-01,E09000007,Camden,442139.0,-0.7,,278.0,,,2025,53133.0,,False,8.32,,10.0,,
2010-01-01,E09000007,Camden,450196.0,1.8,,210.0,,,2025,53133.0,,False,8.47,,10.2,,
2010-02-01,E09000007,Camden,475997.0,5.7,,185.0,,,2025,53133.0,,False,8.96,,10.8,,
2010-03-01,E09000007,Camden,494116.0,3.8,,218.0,,,2025,53133.0,,False,9.3,,11.2,,
2010-04-01,E09000007,Camden,494982.0,0.2,,163.0,,,2025,53133.0,,False,9.32,,11.2,,
2010-05-01,E09000007,Camden,485551.0,-1.9,,181.0,,,2025,53133.0,,False,9.14,,11.0,,
2010-06-01,E09000007,Camden,487877.0,0.5,,231.0,,,2025,53133.0,,False,9.18,,11.0,,
2010-07-01,E09000007,Camden,519184.0,6.4,,304.0,,,2025,53133.0,,False,9.77,,11.7,,
2010-08-01,E09000007,Camden,544698.0,4.9,,273.0,,,2025,53133.0,,False,10.25,,12.3,,
2010-09-01,E09000007,Camden,545103.0,0.1,,270.0,,,2025,53133.0,,False,10.26,,12.3,,
2010-10-01,E09000007,Camden,535436.0,-1.8,,228.0,,,2025,53133.0,,False,10.08,,12.1,,
2010-11-01,E09000007,Camden,527874.0,-1.4,,249.0,,,2025,53133.0,,False,9.93,,11.9,,
2010-12-01,E09000007,Camden,538680.0,2.0,,221.0,,,2025,53133.0,,False,10.14,,12.2,,
2011-01-01,E09000007,Camden,535129.0,-0.7,,221.0,,,2025,53133.0,,False,10.07,,12.1,,
2011-02-01,E09000007,Camden,537530.0,0.4,,177.0,,,2025,53133.0,,False,10.12,,12.1,,
2011-03-01,E09000007,Camden,542307.0,0.9,,190.0,,,2025,53133.0,,False,10.21,,12.2,,
2011-04-01,E09000007,Camden,551082.0,1.6,,212.0,,,2025,53133.0,,False,10.37,,12.4,,
2011-05-01,E09000007,Camden,539408.0,-2.1,,162.0,,,2025,53133.0,,False,10.15,,12.2,,
2011-06-01,E09000007,Camden,540074.0,0.1,,227.0,,,2025,53133.0,,False,10.16,,12.2,,
2011-07-01,E09000007,Camden,542147.0,0.4,,256.0,,,2025,53133.0,,False,10.2,,12.2,,
2011-08-01,E09000007,Camden,558293.0,3.0,,263.0,,,2025,53133.0,,False,10.51,,12.6,,
2011-09-01,E09000007,Camden,570963.0,2.3,,267.0,,,2025,53133.0,,False,10.75,,12.9,,
2011-10-01,E09000007,Camden,568044.0,-0.5,,249.0,,,2025,53133.0,,False,10.69,,12.8,,
2011-11-01,E09000007,Camden,561635.0,-1.1,,204.0,,,2025,53133.0,,False,10.57,,12.7,,
2011-12-01,E09000007,Camden,542413.0,-3.4,,192.0,,,2025,53133.0,,False,10.21,,12.3,,
2012-01-01,E09000007,Camden,543166.0,0.1,,174.0,,,2025,53133.0,,False,10.22,,12.3,,
2012-02-01,E09000007,Camden,545567.0,0.4,,165.0,,,2025,53133.0,,False,10.27,,12.3,,
2012-03-01,E09000007,Camden,563532.0,3.3,,210.0,,,2025,53133.0,,False,10.61,,12.7,,
2012-04-01,E09000007,Camden,569457.0,1.1,,153.0,,,2025,53133.0,,False,10.72,,12.9,,
2012-05-01,E09000007,Camden,570482.0,0.2,,198.0,,,2025,53133.0,,False,10.74,,12.9,,
2012-06-01,E09000007,Camden,569841.0,-0.1,,204.0,,,2025,53133.0,,False,10.72,,12.9,,
2012-07-01,E09000007,Camden,594658.0,4.4,,259.0,,,2025,53133.0,,False,11.19,,13.4,,
2012-08-01,E09000007,Camden,608542.0,2.3,,245.0,,,2025,53133.0,,False,11.45,,13.7,,
2012-09-01,E09000007,Camden,607610.0,-0.2,,224.0,,,2025,53133.0,,False,11.44,,13.7,,
2012-10-01,E09000007,Camden,588814.0,-3.1,,172.0,,,2025,53133.0,,False,11.08,,13.3,,
2012-11-01,E09000007,Camden,590570.0,0.3,,211.0,,,2025,53133.0,,False,11.11,,13.3,,
2012-12-01,E09000007,Camden,614412.0,4.0,,198.0,,,2025,53133.0,,False,11.56,,13.9,,
2013-01-01,E09000007,Camden,621533.0,1.2,,235.0,,,2025,53133.0,,False,11.7,,14.0,,
2013-02-01,E09000007,Camden,645756.0,3.9,,156.0,,,2025,53133.0,,False,12.15,,14.6,,
2013-03-01,E09000007,Camden,629019.0,-2.6,,169.0,,,2025,53133.0,,False,11.84,,14.2,,
2013-04-01,E09000007,Camden,643322.0,2.3,,214.0,,,2025,53133.0,,False,12.11,,14.5,,
2013-05-01,E09000007,Camden,645239.0,0.3,,253.0,,,2025,53133.0,,False,12.14,,14.6,,
2013-06-01,E09000007,Camden,665011.0,3.1,,213.0,,,2025,53133.0,,False,12.52,,15.0,,
2013-07-01,E09000007,Camden,678769.0,2.1,,318.0,,,2025,53133.0,,False,12.77,,15.3,,
2013-08-01,E09000007,Camden,700587.0,3.2,,289.0,,,2025,53133.0,,False,13.19,,15.8,,
2013-09-01,E09000007,Camden,698998.0,-0.2,,282.0,,,2025,53133.0,,False,13.16,,15.8,,
2013-10-01,E09000007,Camden,683313.0,-2.2,,243.0,,,2025,53133.0,,False,12.86,,15.4,,
2013-11-01,E09000007,Camden,656356.0,-3.9,,263.0,,,2025,53133.0,,False,12.35,,14.8,,
2013-12-01,E09000007,Camden,664789.0,1.3,,295.0,,,2025,53133.0,,False,12.51,,15.0,,
2014-01-01,E09000007,Camden,688812.0,3.6,,245.0,,,2025,53133.0,,False,12.96,,15.6,,
2014-02-01,E09000007,Camden,712957.0,3.5,,187.0,,,2025,53133.0,,False,13.42,,16.1,,
2014-03-01,E09000007,Camden,713171.0,0.0,,242.0,,,2025,53133.0,,False,13.42,,16.1,,
2014-04-01,E09000007,Camden,721963.0,1.2,,293.0,,,2025,53133.0,,False,13.59,,16.3,,
2014-05-01,E09000007,Camden,739787.0,2.5,,228.0,,,2025,53133.0,,False,13.92,,16.7,,
2014-06-01,E09000007,Camden,762260.0,3.0,,225.0,,,2025,53133.0,,False,14.35,,17.2,,
2014-07-01,E09000007,Camden,779824.0,2.3,,281.0,,,2025,53133.0,,False,14.68,,17.6,,
2014-08-01,E09000007,Camden,786438.0,0.8,,261.0,,,2025,53133.0,,False,14.8,,17.8,,
2014-09-01,E09000007,Camden,795769.0,1.2,,232.0,,,2025,53133.0,,False,14.98,,18.0,,
2014-10-01,E09000007,Camden,773164.0,-2.8,,232.0,,,2025,53133.0,,False,14.55,,17.5,,
2014-11-01,E09000007,Camden,762482.0,-1.4,,164.0,,,2025,53133.0,,False,14.35,,17.2,,
2014-12-01,E09000007,Camden,754303.0,-1.1,,190.0,,,2025,53133.0,,False,14.2,,17.0,,
2015-01-01,E09000007,Camden,762355.0,1.1,,181.0,2070.0,,2025,53133.0,,False,14.35,0.47,17.2,,
2015-02-01,E09000007,Camden,761807.0,-0.1,,153.0,2105.0,,2025,53133.0,,False,14.34,0.48,17.2,,
2015-03-01,E09000007,Camden,749669.0,-1.6,,224.0,2120.0,,2025,53133.0,,False,14.11,0.48,16.9,,
2015-04-01,E09000007,Camden,742445.0,-1.0,,160.0,2110.0,,2025,53133.0,,False,13.97,0.48,16.8,,
2015-05-01,E09000007,Camden,738545.0,-0.5,,187.0,2106.0,,2025,53133.0,,False,13.9,0.48,16.7,,
2015-06-01,E09000007,Camden,762781.0,3.3,,199.0,2112.0,,2025,53133.0,,False,14.36,0.48,17.2,,
2015-07-01,E09000007,Camden,785619.0,3.0,,273.0,2133.0,,2025,53133.0,,False,14.79,0.48,17.7,,
2015-08-01,E09000007,Camden,811896.0,3.3,,214.0,2152.0,,2025,53133.0,,False,15.28,0.49,18.3,,
2015-09-01,E09000007,Camden,825356.0,1.7,,243.0,2181.0,,2025,53133.0,,False,15.53,0.49,18.6,,
2015-10-01,E09000007,Camden,820386.0,-0.6,,216.0,2195.0,,2025,53133.0,,False,15.44,0.5,18.5,,
2015-11-01,E09000007,Camden,808829.0,-1.4,,249.0,2176.0,,2025,53133.0,,False,15.22,0.49,18.3,,
2015-12-01,E09000007,Camden,789139.0,-2.4,,188.0,2145.0,,2025,53133.0,,False,14.85,0.48,17.8,,
2016-01-01,E09000007,Camden,800790.0,1.5,,171.0,2133.0,3.05782,2025,53133.0,,False,15.07,0.48,18.1,,
2016-02-01,E09000007,Camden,819667.0,2.4,,169.0,2129.0,1.115484,2025,53133.0,,False,15.43,0.48,18.5,,
2016-03-01,E09000007,Camden,846504.0,3.3,,438.0,2129.0,0.423435,2025,53133.0,,False,15.93,0.48,19.1,,
2016-04-01,E09000007,Camden,830229.0,-1.9,,133.0,2116.0,0.260252,2025,53133.0,,False,15.63,0.48,18.8,,
2016-05-01,E09000007,Camden,799671.0,-3.7,,114.0,2119.0,0.609667,2025,53133.0,,False,15.05,0.48,18.1,,
2016-06-01,E09000007,Camden,763525.0,-4.5,,193.0,2125.0,0.585809,2025,53133.0,,False,14.37,0.48,17.2,,
2016-07-01,E09000007,Camden,746738.0,-2.2,,163.0,2133.0,0.027461,2025,53133.0,,False,14.05,0.48,16.9,,
2016-08-01,E09000007,Camden,762145.0,2.1,,136.0,2140.0,-0.556297,2025,53133.0,,False,14.34,0.48,17.2,,
2016-09-01,E09000007,Camden,779332.0,2.3,,157.0,2146.0,-1.585178,2025,53133.0,,False,14.67,0.48,17.6,,
2016-10-01,E09000007,Camden,797438.0,2.3,,162.0,2154.0,-1.865422,2025,53133.0,,False,15.01,0.49,18.0,,
2016-11-01,E09000007,Camden,822504.0,3.1,,152.0,2163.0,-0.604028,2025,53133.0,,False,15.48,0.49,18.6,,
2016-12-01,E09000007,Camden,824159.0,0.2,,209.0,2164.0,0.877816,2025,53133.0,,False,15.51,0.49,18.6,,
2017-01-01,E09000007,Camden,847875.0,2.9,,154.0,2165.0,1.498205,2025,53133.0,,False,15.96,0.49,19.1,,
2017-02-01,E09000007,Camden,816510.0,-3.7,,149.0,2161.0,1.511143,2025,53133.0,,False,15.37,0.49,18.4,,
2017-03-01,E09000007,Camden,806115.0,-1.3,,221.0,2148.0,0.881244,2025,53133.0,,False,15.17,0.49,18.2,,
2017-04-01,E09000007,Camden,791574.0,-1.8,,177.0,2135.0,0.8923,2025,53133.0,,False,14.9,0.48,17.9,,
2017-05-01,E09000007,Camden,807686.0,2.0,,161.0,2120.0,0.065675,2025,53133.0,,False,15.2,0.48,18.2,,
2017-06-01,E09000007,Camden,835166.0,3.4,,244.0,2124.0,-0.00783,2025,53133.0,,False,15.72,0.48,18.9,,
2017-07-01,E09000007,Camden,856794.0,2.6,,153.0,2133.0,-0.039581,2025,53133.0,,False,16.13,0.48,19.4,,
2017-08-01,E09000007,Camden,856303.0,-0.1,,198.0,2153.0,0.610341,2025,53133.0,,False,16.12,0.49,19.3,,
2017-09-01,E09000007,Camden,856326.0,0.0,,187.0,2158.0,0.546347,2025,53133.0,,False,16.12,0.49,19.3,,
2017-10-01,E09000007,Camden,826810.0,-3.4,,184.0,2147.0,-0.328904,2025,53133.0,,False,15.56,0.48,18.7,,
2017-11-01,E09000007,Camden,838251.0,1.4,,194.0,2119.0,-2.031127,2025,53133.0,,False,15.78,0.48,18.9,,
2017-12-01,E09000007,Camden,836332.0,-0.2,,173.0,2100.0,-2.978661,2025,53133.0,,False,15.74,0.47,18.9,,
2018-01-01,E09000007,Camden,851363.0,1.8,,127.0,2078.0,-4.024817,2025,53133.0,,False,16.02,0.47,19.2,,
2018-02-01,E09000007,Camden,866701.0,1.8,,152.0,2088.0,-3.354478,2025,53133.0,,False,16.31,0.47,19.6,,
2018-03-01,E09000007,Camden,845226.0,-2.5,,153.0,2080.0,-3.189613,2025,53133.0,,False,15.91,0.47,19.1,,
2018-04-01,E09000007,Camden,858143.0,1.5,,132.0,2088.0,-2.182282,2025,53133.0,,False,16.15,0.47,19.4,,
2018-05-01,E09000007,Camden,829906.0,-3.3,,142.0,2090.0,-1.432285,2025,53133.0,,False,15.62,0.47,18.7,,
2018-06-01,E09000007,Camden,842469.0,1.5,,160.0,2108.0,-0.762172,2025,53133.0,,False,15.86,0.48,19.0,,
