data/exports/mart_london_affordability_monthly.csv
date_month,area_code,area_name,average_price,hpi_index,house_price_yoy_pct,sales_volume,avg_monthly_rent,rent_yoy_pct,earnings_year,median_gross_annual_pay,earnings_yoy_pct,earnings_fallback_used,price_to_earnings_ratio,annual_rent_to_earnings_ratio,months_to_save_10pct_deposit,rent_growth_minus_income_growth_pct,house_price_growth_minus_income_growth_pct
2018-07-01,E09000007,Camden,829692.0,-1.5,,161.0,2119.0,-0.652877,2025,53133.0,,False,15.62,0.48,18.7,,
2018-08-01,E09000007,Camden,819442.0,-1.2,,189.0,2118.0,-1.596343,2025,53133.0,,False,15.42,0.48,18.5,,
2018-09-01,E09000007,Camden,809638.0,-1.2,,137.0,2120.0,-1.755526,2025,53133.0,,False,15.24,0.48,18.3,,
2018-10-01,E09000007,Camden,800734.0,-1.1,,127.0,2138.0,-0.415805,2025,53133.0,,False,15.07,0.48,18.1,,
2018-11-01,E09000007,Camden,799838.0,-0.1,,163.0,2158.0,1.803804,2025,53133.0,,False,15.05,0.49,18.1,,
2018-12-01,E09000007,Camden,856338.0,7.1,,198.0,2184.0,4.01218,2025,53133.0,,False,16.12,0.49,19.3,,
2019-01-01,E09000007,Camden,859500.0,0.4,,102.0,2197.0,5.749867,2025,53133.0,,False,16.18,0.5,19.4,,
2019-02-01,E09000007,Camden,855742.0,-0.4,,119.0,2205.0,5.575354,2025,53133.0,,False,16.11,0.5,19.3,,
2019-03-01,E09000007,Camden,801116.0,-6.4,,133.0,2209.0,6.240922,2025,53133.0,,False,15.08,0.5,18.1,,
2019-04-01,E09000007,Camden,813273.0,1.5,,128.0,2206.0,5.654691,2025,53133.0,,False,15.31,0.5,18.4,,
2019-05-01,E09000007,Camden,832928.0,2.4,,107.0,2233.0,6.857667,2025,53133.0,,False,15.68,0.5,18.8,,
2019-06-01,E09000007,Camden,865461.0,3.9,,154.0,2253.0,6.88957,2025,53133.0,,False,16.29,0.51,19.5,,
2019-07-01,E09000007,Camden,886331.0,2.4,,167.0,2275.0,7.363868,2025,53133.0,,False,16.68,0.51,20.0,,
2019-08-01,E09000007,Camden,868972.0,-2.0,,135.0,2271.0,7.20116,2025,53133.0,,False,16.35,0.51,19.6,,
2019-09-01,E09000007,Camden,853657.0,-1.8,,144.0,2279.0,7.504483,2025,53133.0,,False,16.07,0.51,19.3,,
2019-10-01,E09000007,Camden,810871.0,-5.0,,154.0,2303.0,7.70916,2025,53133.0,,False,15.26,0.52,18.3,,
2019-11-01,E09000007,Camden,825758.0,1.8,,156.0,2329.0,7.938824,2025,53133.0,,False,15.54,0.53,18.6,,
2019-12-01,E09000007,Camden,806841.0,-2.3,,143.0,2332.0,6.779071,2025,53133.0,,False,15.19,0.53,18.2,,
2020-01-01,E09000007,Camden,819361.0,1.6,,173.0,2322.0,5.670805,2025,53133.0,,False,15.42,0.52,18.5,,
2020-02-01,E09000007,Camden,807901.0,-1.4,,150.0,2311.0,4.839739,2025,53133.0,,False,15.21,0.52,18.2,,
2020-03-01,E09000007,Camden,839698.0,3.9,,157.0,2315.0,4.781375,2025,53133.0,,False,15.8,0.52,19.0,,
2020-04-01,E09000007,Camden,855249.0,1.9,,88.0,2253.0,2.120172,2025,53133.0,,False,16.1,0.51,19.3,,
2020-05-01,E09000007,Camden,855142.0,0.0,,63.0,2181.0,-2.313599,2025,53133.0,,False,16.09,0.49,19.3,,
2020-06-01,E09000007,Camden,838573.0,-1.9,,77.0,2105.0,-6.610285,2025,53133.0,,False,15.78,0.48,18.9,,
2020-07-01,E09000007,Camden,810762.0,-3.3,,151.0,2096.0,-7.86636,2025,53133.0,,False,15.26,0.47,18.3,,
2020-08-01,E09000007,Camden,827652.0,2.1,,121.0,2087.0,-8.103432,2025,53133.0,,False,15.58,0.47,18.7,,
2020-09-01,E09000007,Camden,839702.0,1.5,,154.0,2081.0,-8.692506,2025,53133.0,,False,15.8,0.47,19.0,,
2020-10-01,E09000007,Camden,825440.0,-1.7,,180.0,2074.0,-9.947666,2025,53133.0,,False,15.54,0.47,18.6,,
2020-11-01,E09000007,Camden,807686.0,-2.2,,162.0,2070.0,-11.101514,2025,53133.0,,False,15.2,0.47,18.2,,
2020-12-01,E09000007,Camden,779910.0,-3.4,,163.0,2068.0,-11.339679,2025,53133.0,,False,14.68,0.47,17.6,,
2021-01-01,E09000007,Camden,795463.0,2.0,,174.0,2071.0,-10.805548,2025,53133.0,,False,14.97,0.47,18.0,,
2021-02-01,E09000007,Camden,791156.0,-0.5,,187.0,2076.0,-10.195956,2025,53133.0,,False,14.89,0.47,17.9,,
2021-03-01,E09000007,Camden,801980.0,1.4,,348.0,2066.0,-10.748525,2025,53133.0,,False,15.09,0.47,18.1,,
2021-04-01,E09000007,Camden,804365.0,0.3,,191.0,2058.0,-8.661549,2025,53133.0,,False,15.14,0.46,18.2,,
2021-05-01,E09000007,Camden,820858.0,2.1,,146.0,2039.0,-6.532106,2025,53133.0,,False,15.45,0.46,18.5,,
2021-06-01,E09000007,Camden,813498.0,-0.9,,630.0,2075.0,-1.414675,2025,53133.0,,False,15.31,0.47,18.4,,
2021-07-01,E09000007,Camden,859918.0,5.7,,46.0,2077.0,-0.905183,2025,53133.0,,False,16.18,0.47,19.4,,
2021-08-01,E09000007,Camden,858515.0,-0.2,,111.0,2093.0,0.315083,2025,53133.0,,False,16.16,0.47,19.4,,
2021-09-01,E09000007,Camden,864925.0,0.7,,263.0,2061.0,-0.968452,2025,53133.0,,False,16.28,0.47,19.5,,
2021-10-01,E09000007,Camden,827918.0,-4.3,,97.0,2055.0,-0.92771,2025,53133.0,,False,15.58,0.46,18.7,,
2021-11-01,E09000007,Camden,858680.0,3.7,,136.0,2049.0,-1.043765,2025,53133.0,,False,16.16,0.46,19.4,,
2021-12-01,E09000007,Camden,871467.0,1.5,,168.0,2062.0,-0.270986,2025,53133.0,,False,16.4,0.47,19.7,,
2022-01-01,E09000007,Camden,881564.0,1.2,,121.0,2091.0,0.936954,2025,53133.0,,False,16.59,0.47,19.9,,
2022-02-01,E09000007,Camden,867460.0,-1.6,,170.0,2114.0,1.82904,2025,53133.0,,False,16.33,0.48,19.6,,
2022-03-01,E09000007,Camden,874416.0,0.8,,164.0,2133.0,3.220941,2025,53133.0,,False,16.46,0.48,19.7,,
2022-04-01,E09000007,Camden,861341.0,-1.5,,141.0,2148.0,4.363612,2025,53133.0,,False,16.21,0.49,19.5,,
2022-05-01,E09000007,Camden,837860.0,-2.7,,171.0,2167.0,6.27689,2025,53133.0,,False,15.77,0.49,18.9,,
2022-06-01,E09000007,Camden,832560.0,-0.6,,180.0,2159.0,4.066133,2025,53133.0,,False,15.67,0.49,18.8,,
2022-07-01,E09000007,Camden,848087.0,1.9,,182.0,2141.0,3.114767,2025,53133.0,,False,15.96,0.48,19.2,,
2022-08-01,E09000007,Camden,868411.0,2.4,,197.0,2124.0,1.45404,2025,53133.0,,False,16.34,0.48,19.6,,
2022-09-01,E09000007,Camden,857361.0,-1.3,,263.0,2132.0,3.450131,2025,53133.0,,False,16.14,0.48,19.4,,
2022-10-01,E09000007,Camden,842985.0,-1.7,,171.0,2141.0,4.197489,2025,53133.0,,False,15.87,0.48,19.0,,
2022-11-01,E09000007,Camden,831734.0,-1.3,,176.0,2162.0,5.511511,2025,53133.0,,False,15.65,0.49,18.8,,
2022-12-01,E09000007,Camden,861027.0,3.5,,193.0,2198.0,6.591467,2025,53133.0,,False,16.21,0.5,19.4,,
2023-01-01,E09000007,Camden,861096.0,0.0,,149.0,2236.0,6.961654,2025,53133.0,,False,16.21,0.5,19.4,,
2023-02-01,E09000007,Camden,864562.0,0.4,,111.0,2264.0,7.098415,2025,53133.0,,False,16.27,0.51,19.5,,
2023-03-01,E09000007,Camden,844528.0,-2.3,,155.0,2261.0,5.999149,2025,53133.0,,False,15.89,0.51,19.1,,
2023-04-01,E09000007,Camden,867412.0,2.7,,109.0,2282.0,6.264561,2025,53133.0,,False,16.33,0.52,19.6,,
2023-05-01,E09000007,Camden,848866.0,-2.1,,131.0,2327.0,7.380702,2025,53133.0,,False,15.98,0.53,19.2,,
2023-06-01,E09000007,Camden,858217.0,1.1,,160.0,2391.0,10.751735,2025,53133.0,,False,16.15,0.54,19.4,,
2023-07-01,E09000007,Camden,826804.0,-3.7,,129.0,2427.0,13.335416,2025,53133.0,,False,15.56,0.55,18.7,,
2023-08-01,E09000007,Camden,851017.0,2.9,,170.0,2444.0,15.084893,2025,53133.0,,False,16.02,0.55,19.2,,
2023-09-01,E09000007,Camden,831903.0,-2.2,,209.0,2456.0,15.181279,2025,53133.0,,False,15.66,0.55,18.8,,
2023-10-01,E09000007,Camden,842389.0,1.3,,145.0,2473.0,15.505041,2025,53133.0,,False,15.85,0.56,19.0,,
2023-11-01,E09000007,Camden,828038.0,-1.7,,140.0,2482.0,14.804965,2025,53133.0,,False,15.58,0.56,18.7,,
2023-12-01,E09000007,Camden,838481.0,1.3,,118.0,2484.0,13.000586,2025,53133.0,,False,15.78,0.56,18.9,,
2024-01-01,E09000007,Camden,835092.0,-0.4,,128.0,2488.0,11.245444,2025,53133.0,,False,15.72,0.56,18.9,,
2024-02-01,E09000007,Camden,827885.0,-0.9,,109.0,2483.0,9.6659,2025,53133.0,,False,15.58,0.56,18.7,,
2024-03-01,E09000007,Camden,818394.0,-1.1,,125.0,2488.0,10.047975,2025,53133.0,,False,15.4,0.56,18.5,,
2024-04-01,E09000007,Camden,804245.0,-1.7,,124.0,2503.0,9.69108,2025,53133.0,,False,15.14,0.57,18.2,,
2024-05-01,E09000007,Camden,837539.0,4.1,,177.0,2533.0,8.842127,2025,53133.0,,False,15.76,0.57,18.9,,
2024-06-01,E09000007,Camden,841361.0,0.5,,153.0,2535.0,6.012725,2025,53133.0,,False,15.83,0.57,19.0,,
2024-07-01,E09000007,Camden,869317.0,3.3,,183.0,2524.0,4.006276,2025,53133.0,,False,16.36,0.57,19.6,,
2024-08-01,E09000007,Camden,853084.0,-1.9,,225.0,2501.0,2.344345,2025,53133.0,,False,16.06,0.56,19.3,,
2024-09-01,E09000007,Camden,845837.0,-0.8,,198.0,2516.0,2.44598,2025,53133.0,,False,15.92,0.57,19.1,,
2024-10-01,E09000007,Camden,852529.0,0.8,,274.0,2569.0,3.861478,2025,53133.0,,False,16.05,0.58,19.3,,
2024-11-01,E09000007,Camden,868481.0,1.9,,219.0,2682.0,8.052671,2025,53133.0,,False,16.35,0.61,19.6,,
2024-12-01,E09000007,Camden,881567.0,1.5,,167.0,2774.0,11.687443,2025,53133.0,,False,16.59,0.63,19.9,,
2025-01-01,E09000007,Camden,884090.0,0.3,,171.0,2834.0,13.938786,2025,53133.0,,False,16.64,0.64,20.0,,
2025-02-01,E09000007,Camden,851079.0,-3.7,,155.0,2836.0,14.244871,2025,53133.0,,False,16.02,0.64,19.2,,
2025-03-01,E09000007,Camden,826491.0,-2.9,,367.0,2840.0,14.142813,2025,53133.0,,False,15.56,0.64,18.7,,
2025-04-01,E09000007,Camden,805985.0,-2.5,,86.0,2836.0,13.297932,2025,53133.0,,False,15.17,0.64,18.2,,
2025-05-01,E09000007,Camden,863051.0,7.1,,104.0,2822.0,11.418978,2025,53133.0,,False,16.24,0.64,19.5,,
2025-06-01,E09000007,Camden,909214.0,5.3,,95.0,2804.0,10.601552,2025,53133.0,,False,17.11,0.63,20.5,,
2025-07-01,E09000007,Camden,926134.0,1.9,,143.0,2788.0,10.434016,2025,53133.0,,False,17.43,0.63,20.9,,
2025-08-01,E09000007,Camden,904917.0,-2.3,,131.0,2793.0,11.638671,2025,53133.0,,False,17.03,0.63,20.4,,
2025-09-01,E09000007,Camden,869586.0,-3.9,,148.0,2796.0,11.113944,2025,53133.0,,False,16.37,0.63,19.6,,
2025-10-01,E09000007,Camden,832224.0,-4.3,,85.0,2795.0,8.812747,2025,53133.0,,False,15.66,0.63,18.8,,
2025-11-01,E09000007,Camden,790064.0,-5.1,,71.0,2743.0,2.305988,2025,53133.0,,False,14.87,0.62,17.8,,
2025-12-01,E09000007,Camden,781021.0,-1.1,,,2684.0,-3.244691,2025,53133.0,,False,14.7,0.61,17.6,,
2026-01-01,E09000007,Camden,794413.0,1.7,,,2614.0,-7.786524,2025,53133.0,,False,14.95,0.59,17.9,,
1995-01-01,E09000008,Croydon,70118.0,,,375.0,,,2025,44326.0,,False,1.58,,1.9,,
1995-02-01,E09000008,Croydon,69908.0,-0.3,,342.0,,,2025,44326.0,,False,1.58,,1.9,,
1995-03-01,E09000008,Croydon,69666.0,-0.3,,447.0,,,2025,44326.0,,False,1.57,,1.9,,
1995-04-01,E09000008,Croydon,69562.0,-0.1,,377.0,,,2025,44326.0,,False,1.57,,1.9,,
1995-05-01,E09000008,Croydon,69800.0,0.3,,449.0,,,2025,44326.0,,False,1.57,,1.9,,
1995-06-01,E09000008,Croydon,70011.0,0.3,,466.0,,,2025,44326.0,,False,1.58,,1.9,,
1995-07-01,E09000008,Croydon,70102.0,0.1,,427.0,,,2025,44326.0,,False,1.58,,1.9,,
1995-08-01,E09000008,Croydon,69951.0,-0.2,,480.0,,,2025,44326.0,,False,1.58,,1.9,,
1995-09-01,E09000008,Croydon,70356.0,0.6,,480.0,,,2025,44326.0,,False,1.59,,1.9,,
1995-10-01,E09000008,Croydon,69891.0,-0.7,,423.0,,,2025,44326.0,,False,1.58,,1.9,,
1995-11-01,E09000008,Croydon,69836.0,-0.1,,462.0,,,2025,44326.0,,False,1.58,,1.9,,
1995-12-01,E09000008,Croydon,69356.0,-0.7,,444.0,,,2025,44326.0,,False,1.56,,1.9,,
1996-01-01,E09000008,Croydon,68950.0,-0.6,,382.0,,,2025,44326.0,,False,1.56,,1.9,,
1996-02-01,E09000008,Croydon,68976.0,0.0,,358.0,,,2025,44326.0,,False,1.56,,1.9,,
1996-03-01,E09000008,Croydon,69217.0,0.3,,512.0,,,2025,44326.0,,False,1.56,,1.9,,
1996-04-01,E09000008,Croydon,69854.0,0.9,,478.0,,,2025,44326.0,,False,1.58,,1.9,,
1996-05-01,E09000008,Croydon,69787.0,-0.1,,594.0,,,2025,44326.0,,False,1.57,,1.9,,
1996-06-01,E09000008,Croydon,70010.0,0.3,,452.0,,,2025,44326.0,,False,1.58,,1.9,,
1996-07-01,E09000008,Croydon,70363.0,0.5,,583.0,,,2025,44326.0,,False,1.59,,1.9,,
1996-08-01,E09000008,Croydon,71458.0,1.6,,617.0,,,2025,44326.0,,False,1.61,,1.9,,
1996-09-01,E09000008,Croydon,71678.0,0.3,,558.0,,,2025,44326.0,,False,1.62,,1.9,,
1996-10-01,E09000008,Croydon,72397.0,1.0,,612.0,,,2025,44326.0,,False,1.63,,2.0,,
1996-11-01,E09000008,Croydon,72389.0,0.0,,619.0,,,2025,44326.0,,False,1.63,,2.0,,
1996-12-01,E09000008,Croydon,73098.0,1.0,,660.0,,,2025,44326.0,,False,1.65,,2.0,,
1997-01-01,E09000008,Croydon,73167.0,0.1,,528.0,,,2025,44326.0,,False,1.65,,2.0,,
1997-02-01,E09000008,Croydon,73209.0,0.1,,556.0,,,2025,44326.0,,False,1.65,,2.0,,
1997-03-01,E09000008,Croydon,73232.0,0.0,,604.0,,,2025,44326.0,,False,1.65,,2.0,,
1997-04-01,E09000008,Croydon,74548.0,1.8,,595.0,,,2025,44326.0,,False,1.68,,2.0,,
1997-05-01,E09000008,Croydon,75868.0,1.8,,622.0,,,2025,44326.0,,False,1.71,,2.1,,
1997-06-01,E09000008,Croydon,77885.0,2.7,,664.0,,,2025,44326.0,,False,1.76,,2.1,,
1997-07-01,E09000008,Croydon,79782.0,2.4,,770.0,,,2025,44326.0,,False,1.8,,2.2,,
1997-08-01,E09000008,Croydon,81725.0,2.4,,692.0,,,2025,44326.0,,False,1.84,,2.2,,
1997-09-01,E09000008,Croydon,82786.0,1.3,,638.0,,,2025,44326.0,,False,1.87,,2.2,,
1997-10-01,E09000008,Croydon,83495.0,0.9,,663.0,,,2025,44326.0,,False,1.88,,2.3,,
1997-11-01,E09000008,Croydon,84332.0,1.0,,551.0,,,2025,44326.0,,False,1.9,,2.3,,
1997-12-01,E09000008,Croydon,84997.0,0.8,,553.0,,,2025,44326.0,,False,1.92,,2.3,,
1998-01-01,E09000008,Croydon,85818.0,1.0,,462.0,,,2025,44326.0,,False,1.94,,2.3,,
1998-02-01,E09000008,Croydon,86550.0,0.9,,523.0,,,2025,44326.0,,False,1.95,,2.3,,
1998-03-01,E09000008,Croydon,86941.0,0.5,,602.0,,,2025,44326.0,,False,1.96,,2.4,,
1998-04-01,E09000008,Croydon,87231.0,0.3,,583.0,,,2025,44326.0,,False,1.97,,2.4,,
1998-05-01,E09000008,Croydon,87433.0,0.2,,572.0,,,2025,44326.0,,False,1.97,,2.4,,
1998-06-01,E09000008,Croydon,88045.0,0.7,,643.0,,,2025,44326.0,,False,1.99,,2.4,,
1998-07-01,E09000008,Croydon,89355.0,1.5,,738.0,,,2025,44326.0,,False,2.02,,2.4,,
1998-08-01,E09000008,Croydon,90570.0,1.4,,696.0,,,2025,44326.0,,False,2.04,,2.5,,
1998-09-01,E09000008,Croydon,92190.0,1.8,,664.0,,,2025,44326.0,,False,2.08,,2.5,,
1998-10-01,E09000008,Croydon,92430.0,0.3,,606.0,,,2025,44326.0,,False,2.09,,2.5,,
1998-11-01,E09000008,Croydon,92730.0,0.3,,647.0,,,2025,44326.0,,False,2.09,,2.5,,
1998-12-01,E09000008,Croydon,93102.0,0.4,,550.0,,,2025,44326.0,,False,2.1,,2.5,,
1999-01-01,E09000008,Croydon,92444.0,-0.7,,442.0,,,2025,44326.0,,False,2.09,,2.5,,
1999-02-01,E09000008,Croydon,92366.0,-0.1,,441.0,,,2025,44326.0,,False,2.08,,2.5,,
1999-03-01,E09000008,Croydon,92741.0,0.4,,596.0,,,2025,44326.0,,False,2.09,,2.5,,
1999-04-01,E09000008,Croydon,94737.0,2.2,,530.0,,,2025,44326.0,,False,2.14,,2.6,,
1999-05-01,E09000008,Croydon,96212.0,1.6,,579.0,,,2025,44326.0,,False,2.17,,2.6,,
1999-06-01,E09000008,Croydon,97340.0,1.2,,739.0,,,2025,44326.0,,False,2.2,,2.6,,
1999-07-01,E09000008,Croydon,98042.0,0.7,,847.0,,,2025,44326.0,,False,2.21,,2.7,,
1999-08-01,E09000008,Croydon,99099.0,1.1,,801.0,,,2025,44326.0,,False,2.24,,2.7,,
1999-09-01,E09000008,Croydon,100701.0,1.6,,696.0,,,2025,44326.0,,False,2.27,,2.7,,
1999-10-01,E09000008,Croydon,103392.0,2.7,,764.0,,,2025,44326.0,,False,2.33,,2.8,,
1999-11-01,E09000008,Croydon,106215.0,2.7,,799.0,,,2025,44326.0,,False,2.4,,2.9,,
1999-12-01,E09000008,Croydon,108972.0,2.6,,673.0,,,2025,44326.0,,False,2.46,,3.0,,
2000-01-01,E09000008,Croydon,110633.0,1.5,,505.0,,,2025,44326.0,,False,2.5,,3.0,,
2000-02-01,E09000008,Croydon,112480.0,1.7,,550.0,,,2025,44326.0,,False,2.54,,3.0,,
2000-03-01,E09000008,Croydon,113441.0,0.9,,655.0,,,2025,44326.0,,False,2.56,,3.1,,
2000-04-01,E09000008,Croydon,116277.0,2.5,,589.0,,,2025,44326.0,,False,2.62,,3.1,,
2000-05-01,E09000008,Croydon,119467.0,2.7,,505.0,,,2025,44326.0,,False,2.7,,3.2,,
2000-06-01,E09000008,Croydon,121790.0,1.9,,585.0,,,2025,44326.0,,False,2.75,,3.3,,
2000-07-01,E09000008,Croydon,122918.0,0.9,,466.0,,,2025,44326.0,,False,2.77,,3.3,,
2000-08-01,E09000008,Croydon,122599.0,-0.3,,439.0,,,2025,44326.0,,False,2.77,,3.3,,
2000-09-01,E09000008,Croydon,124757.0,1.8,,402.0,,,2025,44326.0,,False,2.81,,3.4,,
2000-10-01,E09000008,Croydon,126391.0,1.3,,396.0,,,2025,44326.0,,False,2.85,,3.4,,
2000-11-01,E09000008,Croydon,126834.0,0.4,,461.0,,,2025,44326.0,,False,2.86,,3.4,,
2000-12-01,E09000008,Croydon,127518.0,0.5,,524.0,,,2025,44326.0,,False,2.88,,3.5,,
2001-01-01,E09000008,Croydon,129280.0,1.4,,352.0,,,2025,44326.0,,False,2.92,,3.5,,
2001-02-01,E09000008,Croydon,130549.0,1.0,,407.0,,,2025,44326.0,,False,2.95,,3.5,,
2001-03-01,E09000008,Croydon,129506.0,-0.8,,500.0,,,2025,44326.0,,False,2.92,,3.5,,
2001-04-01,E09000008,Croydon,126754.0,-2.1,,501.0,,,2025,44326.0,,False,2.86,,3.4,,
2001-05-01,E09000008,Croydon,127746.0,0.8,,526.0,,,2025,44326.0,,False,2.88,,3.5,,
2001-06-01,E09000008,Croydon,130812.0,2.4,,665.0,,,2025,44326.0,,False,2.95,,3.5,,
2001-07-01,E09000008,Croydon,134741.0,3.0,,754.0,,,2025,44326.0,,False,3.04,,3.6,,
2001-08-01,E09000008,Croydon,137439.0,2.0,,753.0,,,2025,44326.0,,False,3.1,,3.7,,
2001-09-01,E09000008,Croydon,139060.0,1.2,,549.0,,,2025,44326.0,,False,3.14,,3.8,,
2001-10-01,E09000008,Croydon,140615.0,1.1,,607.0,,,2025,44326.0,,False,3.17,,3.8,,
2001-11-01,E09000008,Croydon,142063.0,1.0,,738.0,,,2025,44326.0,,False,3.2,,3.8,,
2001-12-01,E09000008,Croydon,143610.0,1.1,,560.0,,,2025,44326.0,,False,3.24,,3.9,,
2002-01-01,E09000008,Croydon,145093.0,1.0,,455.0,,,2025,44326.0,,False,3.27,,3.9,,
2002-02-01,E09000008,Croydon,146648.0,1.1,,561.0,,,2025,44326.0,,False,3.31,,4.0,,
2002-03-01,E09000008,Croydon,148076.0,1.0,,637.0,,,2025,44326.0,,False,3.34,,4.0,,
2002-04-01,E09000008,Croydon,150598.0,1.7,,611.0,,,2025,44326.0,,False,3.4,,4.1,,
2002-05-01,E09000008,Croydon,153901.0,2.2,,894.0,,,2025,44326.0,,False,3.47,,4.2,,
2002-06-01,E09000008,Croydon,156654.0,1.8,,644.0,,,2025,44326.0,,False,3.53,,4.2,,
2002-07-01,E09000008,Croydon,159511.0,1.8,,916.0,,,2025,44326.0,,False,3.6,,4.3,,
2002-08-01,E09000008,Croydon,162710.0,2.0,,841.0,,,2025,44326.0,,False,3.67,,4.4,,
2002-09-01,E09000008,Croydon,166249.0,2.2,,694.0,,,2025,44326.0,,False,3.75,,4.5,,
2002-10-01,E09000008,Croydon,169762.0,2.1,,774.0,,,2025,44326.0,,False,3.83,,4.6,,
2002-11-01,E09000008,Croydon,173996.0,2.5,,816.0,,,2025,44326.0,,False,3.93,,4.7,,
2002-12-01,E09000008,Croydon,177222.0,1.9,,661.0,,,2025,44326.0,,False,4.0,,4.8,,
2003-01-01,E09000008,Croydon,180348.0,1.8,,576.0,,,2025,44326.0,,False,4.07,,4.9,,
2003-02-01,E09000008,Croydon,182364.0,1.1,,548.0,,,2025,44326.0,,False,4.11,,4.9,,
2003-03-01,E09000008,Croydon,184059.0,0.9,,564.0,,,2025,44326.0,,False,4.15,,5.0,,
2003-04-01,E09000008,Croydon,186351.0,1.2,,551.0,,,2025,44326.0,,False,4.2,,5.0,,
