data/exports/mart_london_affordability_monthly.csv
date_month,area_code,area_name,average_price,hpi_index,house_price_yoy_pct,sales_volume,avg_monthly_rent,rent_yoy_pct,earnings_year,median_gross_annual_pay,earnings_yoy_pct,earnings_fallback_used,price_to_earnings_ratio,annual_rent_to_earnings_ratio,months_to_save_10pct_deposit,rent_growth_minus_income_growth_pct,house_price_growth_minus_income_growth_pct
2003-05-01,E09000008,Croydon,188513.0,1.2,,570.0,,,2025,44326.0,,False,4.25,,5.1,,
2003-06-01,E09000008,Croydon,190155.0,0.9,,571.0,,,2025,44326.0,,False,4.29,,5.1,,
2003-07-01,E09000008,Croydon,190366.0,0.1,,601.0,,,2025,44326.0,,False,4.29,,5.2,,
2003-08-01,E09000008,Croydon,189292.0,-0.6,,707.0,,,2025,44326.0,,False,4.27,,5.1,,
2003-09-01,E09000008,Croydon,190881.0,0.8,,672.0,,,2025,44326.0,,False,4.31,,5.2,,
2003-10-01,E09000008,Croydon,191983.0,0.6,,727.0,,,2025,44326.0,,False,4.33,,5.2,,
2003-11-01,E09000008,Croydon,193394.0,0.7,,788.0,,,2025,44326.0,,False,4.36,,5.2,,
2003-12-01,E09000008,Croydon,192639.0,-0.4,,671.0,,,2025,44326.0,,False,4.35,,5.2,,
2004-01-01,E09000008,Croydon,193043.0,0.2,,556.0,,,2025,44326.0,,False,4.36,,5.2,,
2004-02-01,E09000008,Croydon,192996.0,0.0,,575.0,,,2025,44326.0,,False,4.35,,5.2,,
2004-03-01,E09000008,Croydon,194943.0,1.0,,647.0,,,2025,44326.0,,False,4.4,,5.3,,
2004-04-01,E09000008,Croydon,196974.0,1.0,,692.0,,,2025,44326.0,,False,4.44,,5.3,,
2004-05-01,E09000008,Croydon,199240.0,1.2,,611.0,,,2025,44326.0,,False,4.49,,5.4,,
2004-06-01,E09000008,Croydon,201795.0,1.3,,696.0,,,2025,44326.0,,False,4.55,,5.5,,
2004-07-01,E09000008,Croydon,202905.0,0.6,,788.0,,,2025,44326.0,,False,4.58,,5.5,,
2004-08-01,E09000008,Croydon,204598.0,0.8,,674.0,,,2025,44326.0,,False,4.62,,5.5,,
2004-09-01,E09000008,Croydon,205115.0,0.3,,657.0,,,2025,44326.0,,False,4.63,,5.6,,
2004-10-01,E09000008,Croydon,207160.0,1.0,,640.0,,,2025,44326.0,,False,4.67,,5.6,,
2004-11-01,E09000008,Croydon,208370.0,0.6,,548.0,,,2025,44326.0,,False,4.7,,5.6,,
2004-12-01,E09000008,Croydon,208993.0,0.3,,502.0,,,2025,44326.0,,False,4.71,,5.7,,
2005-01-01,E09000008,Croydon,209695.0,0.3,,373.0,,,2025,44326.0,,False,4.73,,5.7,,
2005-02-01,E09000008,Croydon,207595.0,-1.0,,343.0,,,2025,44326.0,,False,4.68,,5.6,,
2005-03-01,E09000008,Croydon,207644.0,0.0,,438.0,,,2025,44326.0,,False,4.68,,5.6,,
2005-04-01,E09000008,Croydon,205792.0,-0.9,,465.0,,,2025,44326.0,,False,4.64,,5.6,,
2005-05-01,E09000008,Croydon,207276.0,0.7,,513.0,,,2025,44326.0,,False,4.68,,5.6,,
2005-06-01,E09000008,Croydon,206630.0,-0.3,,537.0,,,2025,44326.0,,False,4.66,,5.6,,
2005-07-01,E09000008,Croydon,207437.0,0.4,,597.0,,,2025,44326.0,,False,4.68,,5.6,,
2005-08-01,E09000008,Croydon,206077.0,-0.7,,604.0,,,2025,44326.0,,False,4.65,,5.6,,
2005-09-01,E09000008,Croydon,206711.0,0.3,,642.0,,,2025,44326.0,,False,4.66,,5.6,,
2005-10-01,E09000008,Croydon,206846.0,0.1,,571.0,,,2025,44326.0,,False,4.67,,5.6,,
2005-11-01,E09000008,Croydon,207615.0,0.4,,617.0,,,2025,44326.0,,False,4.68,,5.6,,
2005-12-01,E09000008,Croydon,207608.0,0.0,,547.0,,,2025,44326.0,,False,4.68,,5.6,,
2006-01-01,E09000008,Croydon,207375.0,-0.1,,467.0,,,2025,44326.0,,False,4.68,,5.6,,
2006-02-01,E09000008,Croydon,210189.0,1.4,,556.0,,,2025,44326.0,,False,4.74,,5.7,,
2006-03-01,E09000008,Croydon,211546.0,0.6,,663.0,,,2025,44326.0,,False,4.77,,5.7,,
2006-04-01,E09000008,Croydon,212008.0,0.2,,496.0,,,2025,44326.0,,False,4.78,,5.7,,
2006-05-01,E09000008,Croydon,211271.0,-0.3,,598.0,,,2025,44326.0,,False,4.77,,5.7,,
2006-06-01,E09000008,Croydon,212777.0,0.7,,741.0,,,2025,44326.0,,False,4.8,,5.8,,
2006-07-01,E09000008,Croydon,215130.0,1.1,,725.0,,,2025,44326.0,,False,4.85,,5.8,,
2006-08-01,E09000008,Croydon,217470.0,1.1,,816.0,,,2025,44326.0,,False,4.91,,5.9,,
2006-09-01,E09000008,Croydon,219164.0,0.8,,715.0,,,2025,44326.0,,False,4.94,,5.9,,
2006-10-01,E09000008,Croydon,219706.0,0.2,,785.0,,,2025,44326.0,,False,4.96,,5.9,,
2006-11-01,E09000008,Croydon,221427.0,0.8,,760.0,,,2025,44326.0,,False,5.0,,6.0,,
2006-12-01,E09000008,Croydon,222595.0,0.5,,723.0,,,2025,44326.0,,False,5.02,,6.0,,
2007-01-01,E09000008,Croydon,225781.0,1.4,,599.0,,,2025,44326.0,,False,5.09,,6.1,,
2007-02-01,E09000008,Croydon,226565.0,0.3,,587.0,,,2025,44326.0,,False,5.11,,6.1,,
2007-03-01,E09000008,Croydon,228852.0,1.0,,696.0,,,2025,44326.0,,False,5.16,,6.2,,
2007-04-01,E09000008,Croydon,229754.0,0.4,,623.0,,,2025,44326.0,,False,5.18,,6.2,,
2007-05-01,E09000008,Croydon,231249.0,0.7,,678.0,,,2025,44326.0,,False,5.22,,6.3,,
2007-06-01,E09000008,Croydon,233383.0,0.9,,714.0,,,2025,44326.0,,False,5.27,,6.3,,
2007-07-01,E09000008,Croydon,237080.0,1.6,,757.0,,,2025,44326.0,,False,5.35,,6.4,,
2007-08-01,E09000008,Croydon,241846.0,2.0,,891.0,,,2025,44326.0,,False,5.46,,6.5,,
2007-09-01,E09000008,Croydon,243583.0,0.7,,665.0,,,2025,44326.0,,False,5.5,,6.6,,
2007-10-01,E09000008,Croydon,246093.0,1.0,,745.0,,,2025,44326.0,,False,5.55,,6.7,,
2007-11-01,E09000008,Croydon,247598.0,0.6,,694.0,,,2025,44326.0,,False,5.59,,6.7,,
2007-12-01,E09000008,Croydon,251114.0,1.4,,531.0,,,2025,44326.0,,False,5.67,,6.8,,
2008-01-01,E09000008,Croydon,251446.0,0.1,,400.0,,,2025,44326.0,,False,5.67,,6.8,,
2008-02-01,E09000008,Croydon,250405.0,-0.4,,438.0,,,2025,44326.0,,False,5.65,,6.8,,
2008-03-01,E09000008,Croydon,248529.0,-0.7,,399.0,,,2025,44326.0,,False,5.61,,6.7,,
2008-04-01,E09000008,Croydon,246847.0,-0.7,,382.0,,,2025,44326.0,,False,5.57,,6.7,,
2008-05-01,E09000008,Croydon,245778.0,-0.4,,395.0,,,2025,44326.0,,False,5.54,,6.7,,
2008-06-01,E09000008,Croydon,243158.0,-1.1,,326.0,,,2025,44326.0,,False,5.49,,6.6,,
2008-07-01,E09000008,Croydon,241228.0,-0.8,,292.0,,,2025,44326.0,,False,5.44,,6.5,,
2008-08-01,E09000008,Croydon,241954.0,0.3,,265.0,,,2025,44326.0,,False,5.46,,6.6,,
2008-09-01,E09000008,Croydon,236399.0,-2.3,,246.0,,,2025,44326.0,,False,5.33,,6.4,,
2008-10-01,E09000008,Croydon,229992.0,-2.7,,254.0,,,2025,44326.0,,False,5.19,,6.2,,
2008-11-01,E09000008,Croydon,219999.0,-4.3,,198.0,,,2025,44326.0,,False,4.96,,6.0,,
2008-12-01,E09000008,Croydon,215547.0,-2.0,,237.0,,,2025,44326.0,,False,4.86,,5.8,,
2009-01-01,E09000008,Croydon,209945.0,-2.6,,142.0,,,2025,44326.0,,False,4.74,,5.7,,
2009-02-01,E09000008,Croydon,207754.0,-1.0,,160.0,,,2025,44326.0,,False,4.69,,5.6,,
2009-03-01,E09000008,Croydon,205274.0,-1.2,,221.0,,,2025,44326.0,,False,4.63,,5.6,,
2009-04-01,E09000008,Croydon,205449.0,0.1,,209.0,,,2025,44326.0,,False,4.63,,5.6,,
2009-05-01,E09000008,Croydon,203261.0,-1.1,,210.0,,,2025,44326.0,,False,4.59,,5.5,,
2009-06-01,E09000008,Croydon,202182.0,-0.5,,278.0,,,2025,44326.0,,False,4.56,,5.5,,
2009-07-01,E09000008,Croydon,202879.0,0.3,,306.0,,,2025,44326.0,,False,4.58,,5.5,,
2009-08-01,E09000008,Croydon,204238.0,0.7,,351.0,,,2025,44326.0,,False,4.61,,5.5,,
2009-09-01,E09000008,Croydon,206746.0,1.2,,318.0,,,2025,44326.0,,False,4.66,,5.6,,
2009-10-01,E09000008,Croydon,207969.0,0.6,,375.0,,,2025,44326.0,,False,4.69,,5.6,,
2009-11-01,E09000008,Croydon,209437.0,0.7,,306.0,,,2025,44326.0,,False,4.72,,5.7,,
2009-12-01,E09000008,Croydon,213262.0,1.8,,471.0,,,2025,44326.0,,False,4.81,,5.8,,
2010-01-01,E09000008,Croydon,214837.0,0.7,,225.0,,,2025,44326.0,,False,4.85,,5.8,,
2010-02-01,E09000008,Croydon,220626.0,2.7,,296.0,,,2025,44326.0,,False,4.98,,6.0,,
2010-03-01,E09000008,Croydon,222526.0,0.9,,303.0,,,2025,44326.0,,False,5.02,,6.0,,
2010-04-01,E09000008,Croydon,225940.0,1.5,,263.0,,,2025,44326.0,,False,5.1,,6.1,,
2010-05-01,E09000008,Croydon,223338.0,-1.2,,290.0,,,2025,44326.0,,False,5.04,,6.0,,
2010-06-01,E09000008,Croydon,222340.0,-0.4,,327.0,,,2025,44326.0,,False,5.02,,6.0,,
2010-07-01,E09000008,Croydon,220854.0,-0.7,,326.0,,,2025,44326.0,,False,4.98,,6.0,,
2010-08-01,E09000008,Croydon,222904.0,0.9,,365.0,,,2025,44326.0,,False,5.03,,6.0,,
2010-09-01,E09000008,Croydon,223982.0,0.5,,307.0,,,2025,44326.0,,False,5.05,,6.1,,
2010-10-01,E09000008,Croydon,224039.0,0.0,,324.0,,,2025,44326.0,,False,5.05,,6.1,,
2010-11-01,E09000008,Croydon,220871.0,-1.4,,280.0,,,2025,44326.0,,False,4.98,,6.0,,
2010-12-01,E09000008,Croydon,217827.0,-1.4,,319.0,,,2025,44326.0,,False,4.91,,5.9,,
2011-01-01,E09000008,Croydon,216959.0,-0.4,,197.0,,,2025,44326.0,,False,4.89,,5.9,,
2011-02-01,E09000008,Croydon,217051.0,0.0,,229.0,,,2025,44326.0,,False,4.9,,5.9,,
2011-03-01,E09000008,Croydon,216514.0,-0.2,,269.0,,,2025,44326.0,,False,4.88,,5.9,,
2011-04-01,E09000008,Croydon,216944.0,0.2,,237.0,,,2025,44326.0,,False,4.89,,5.9,,
2011-05-01,E09000008,Croydon,216380.0,-0.3,,245.0,,,2025,44326.0,,False,4.88,,5.9,,
2011-06-01,E09000008,Croydon,217085.0,0.3,,276.0,,,2025,44326.0,,False,4.9,,5.9,,
2011-07-01,E09000008,Croydon,218220.0,0.5,,340.0,,,2025,44326.0,,False,4.92,,5.9,,
2011-08-01,E09000008,Croydon,218866.0,0.3,,352.0,,,2025,44326.0,,False,4.94,,5.9,,
2011-09-01,E09000008,Croydon,220611.0,0.8,,323.0,,,2025,44326.0,,False,4.98,,6.0,,
2011-10-01,E09000008,Croydon,219706.0,-0.4,,339.0,,,2025,44326.0,,False,4.96,,5.9,,
2011-11-01,E09000008,Croydon,221836.0,1.0,,317.0,,,2025,44326.0,,False,5.0,,6.0,,
2011-12-01,E09000008,Croydon,220831.0,-0.5,,369.0,,,2025,44326.0,,False,4.98,,6.0,,
2012-01-01,E09000008,Croydon,220223.0,-0.3,,226.0,,,2025,44326.0,,False,4.97,,6.0,,
2012-02-01,E09000008,Croydon,220932.0,0.3,,261.0,,,2025,44326.0,,False,4.98,,6.0,,
2012-03-01,E09000008,Croydon,221227.0,0.1,,421.0,,,2025,44326.0,,False,4.99,,6.0,,
2012-04-01,E09000008,Croydon,224302.0,1.4,,192.0,,,2025,44326.0,,False,5.06,,6.1,,
2012-05-01,E09000008,Croydon,224895.0,0.3,,299.0,,,2025,44326.0,,False,5.07,,6.1,,
2012-06-01,E09000008,Croydon,226422.0,0.7,,275.0,,,2025,44326.0,,False,5.11,,6.1,,
2012-07-01,E09000008,Croydon,225378.0,-0.5,,312.0,,,2025,44326.0,,False,5.08,,6.1,,
2012-08-01,E09000008,Croydon,225107.0,-0.1,,334.0,,,2025,44326.0,,False,5.08,,6.1,,
2012-09-01,E09000008,Croydon,226131.0,0.5,,287.0,,,2025,44326.0,,False,5.1,,6.1,,
2012-10-01,E09000008,Croydon,226705.0,0.3,,350.0,,,2025,44326.0,,False,5.11,,6.1,,
2012-11-01,E09000008,Croydon,227532.0,0.4,,372.0,,,2025,44326.0,,False,5.13,,6.2,,
2012-12-01,E09000008,Croydon,229888.0,1.0,,288.0,,,2025,44326.0,,False,5.19,,6.2,,
2013-01-01,E09000008,Croydon,228960.0,-0.4,,253.0,,,2025,44326.0,,False,5.17,,6.2,,
2013-02-01,E09000008,Croydon,227310.0,-0.7,,299.0,,,2025,44326.0,,False,5.13,,6.2,,
2013-03-01,E09000008,Croydon,226606.0,-0.3,,358.0,,,2025,44326.0,,False,5.11,,6.1,,
2013-04-01,E09000008,Croydon,227888.0,0.6,,297.0,,,2025,44326.0,,False,5.14,,6.2,,
2013-05-01,E09000008,Croydon,233543.0,2.5,,385.0,,,2025,44326.0,,False,5.27,,6.3,,
2013-06-01,E09000008,Croydon,237970.0,1.9,,411.0,,,2025,44326.0,,False,5.37,,6.4,,
2013-07-01,E09000008,Croydon,241475.0,1.5,,440.0,,,2025,44326.0,,False,5.45,,6.5,,
2013-08-01,E09000008,Croydon,243437.0,0.8,,436.0,,,2025,44326.0,,False,5.49,,6.6,,
2013-09-01,E09000008,Croydon,243437.0,0.0,,404.0,,,2025,44326.0,,False,5.49,,6.6,,
2013-10-01,E09000008,Croydon,245585.0,0.9,,535.0,,,2025,44326.0,,False,5.54,,6.6,,
2013-11-01,E09000008,Croydon,246474.0,0.4,,486.0,,,2025,44326.0,,False,5.56,,6.7,,
2013-12-01,E09000008,Croydon,249632.0,1.3,,548.0,,,2025,44326.0,,False,5.63,,6.8,,
2014-01-01,E09000008,Croydon,252771.0,1.3,,455.0,,,2025,44326.0,,False,5.7,,6.8,,
2014-02-01,E09000008,Croydon,256705.0,1.6,,468.0,,,2025,44326.0,,False,5.79,,6.9,,
2014-03-01,E09000008,Croydon,260795.0,1.6,,532.0,,,2025,44326.0,,False,5.88,,7.1,,
2014-04-01,E09000008,Croydon,269353.0,3.3,,517.0,,,2025,44326.0,,False,6.08,,7.3,,
2014-05-01,E09000008,Croydon,274805.0,2.0,,469.0,,,2025,44326.0,,False,6.2,,7.4,,
2014-06-01,E09000008,Croydon,278151.0,1.2,,507.0,,,2025,44326.0,,False,6.28,,7.5,,
2014-07-01,E09000008,Croydon,280196.0,0.7,,531.0,,,2025,44326.0,,False,6.32,,7.6,,
2014-08-01,E09000008,Croydon,287740.0,2.7,,552.0,,,2025,44326.0,,False,6.49,,7.8,,
2014-09-01,E09000008,Croydon,294491.0,2.3,,539.0,,,2025,44326.0,,False,6.64,,8.0,,
2014-10-01,E09000008,Croydon,298662.0,1.4,,541.0,,,2025,44326.0,,False,6.74,,8.1,,
2014-11-01,E09000008,Croydon,295778.0,-1.0,,460.0,,,2025,44326.0,,False,6.67,,8.0,,
2014-12-01,E09000008,Croydon,294247.0,-0.5,,439.0,,,2025,44326.0,,False,6.64,,8.0,,
2015-01-01,E09000008,Croydon,292827.0,-0.5,,403.0,1028.0,,2025,44326.0,,False,6.61,0.28,7.9,,
2015-02-01,E09000008,Croydon,294181.0,0.5,,412.0,1035.0,,2025,44326.0,,False,6.64,0.28,8.0,,
2015-03-01,E09000008,Croydon,296812.0,0.9,,479.0,1043.0,,2025,44326.0,,False,6.7,0.28,8.0,,
2015-04-01,E09000008,Croydon,299964.0,1.1,,415.0,1054.0,,2025,44326.0,,False,6.77,0.29,8.1,,
2015-05-01,E09000008,Croydon,301694.0,0.6,,489.0,1062.0,,2025,44326.0,,False,6.81,0.29,8.2,,
2015-06-01,E09000008,Croydon,304037.0,0.8,,492.0,1068.0,,2025,44326.0,,False,6.86,0.29,8.2,,
2015-07-01,E09000008,Croydon,310455.0,2.1,,554.0,1071.0,,2025,44326.0,,False,7.0,0.29,8.4,,
2015-08-01,E09000008,Croydon,317457.0,2.3,,494.0,1073.0,,2025,44326.0,,False,7.16,0.29,8.6,,
2015-09-01,E09000008,Croydon,324618.0,2.3,,538.0,1075.0,,2025,44326.0,,False,7.32,0.29,8.8,,
2015-10-01,E09000008,Croydon,327749.0,1.0,,510.0,1079.0,,2025,44326.0,,False,7.39,0.29,8.9,,
2015-11-01,E09000008,Croydon,331035.0,1.0,,505.0,1084.0,,2025,44326.0,,False,7.47,0.29,9.0,,
2015-12-01,E09000008,Croydon,335072.0,1.2,,475.0,1088.0,,2025,44326.0,,False,7.56,0.29,9.1,,
2016-01-01,E09000008,Croydon,337430.0,0.7,,375.0,1092.0,6.15671,2025,44326.0,,False,7.61,0.3,9.1,,
2016-02-01,E09000008,Croydon,342509.0,1.5,,413.0,1093.0,5.657347,2025,44326.0,,False,7.73,0.3,9.3,,
2016-03-01,E09000008,Croydon,346784.0,1.2,,832.0,1095.0,4.956468,2025,44326.0,,False,7.82,0.3,9.4,,
2016-04-01,E09000008,Croydon,353021.0,1.8,,312.0,1100.0,4.365914,2025,44326.0,,False,7.96,0.3,9.6,,
2016-05-01,E09000008,Croydon,357704.0,1.3,,389.0,1105.0,3.979909,2025,44326.0,,False,8.07,0.3,9.7,,
2016-06-01,E09000008,Croydon,363463.0,1.6,,411.0,1111.0,4.010173,2025,44326.0,,False,8.2,0.3,9.8,,
2016-07-01,E09000008,Croydon,368948.0,1.5,,487.0,1113.0,3.935813,2025,44326.0,,False,8.32,0.3,10.0,,
2016-08-01,E09000008,Croydon,374852.0,1.6,,491.0,1114.0,3.866087,2025,44326.0,,False,8.46,0.3,10.1,,
2016-09-01,E09000008,Croydon,374191.0,-0.2,,436.0,1116.0,3.874629,2025,44326.0,,False,8.44,0.3,10.1,,
2016-10-01,E09000008,Croydon,373190.0,-0.3,,430.0,1119.0,3.646651,2025,44326.0,,False,8.42,0.3,10.1,,
2016-11-01,E09000008,Croydon,368709.0,-1.2,,369.0,1121.0,3.422948,2025,44326.0,,False,8.32,0.3,10.0,,
2016-12-01,E09000008,Croydon,368616.0,0.0,,367.0,1122.0,3.118726,2025,44326.0,,False,8.32,0.3,10.0,,
2017-01-01,E09000008,Croydon,368282.0,-0.1,,360.0,1122.0,2.78847,2025,44326.0,,False,8.31,0.3,10.0,,
2017-02-01,E09000008,Croydon,372317.0,1.1,,423.0,1122.0,2.66238,2025,44326.0,,False,8.4,0.3,10.1,,
2017-03-01,E09000008,Croydon,373885.0,0.4,,447.0,1122.0,2.528555,2025,44326.0,,False,8.43,0.3,10.1,,
2017-04-01,E09000008,Croydon,374690.0,0.2,,408.0,1123.0,2.13953,2025,44326.0,,False,8.45,0.3,10.1,,
2017-05-01,E09000008,Croydon,373919.0,-0.2,,404.0,1125.0,1.831697,2025,44326.0,,False,8.44,0.3,10.1,,
2017-06-01,E09000008,Croydon,378299.0,1.2,,451.0,1127.0,1.394183,2025,44326.0,,False,8.53,0.31,10.2,,
2017-07-01,E09000008,Croydon,382270.0,1.0,,430.0,1130.0,1.522426,2025,44326.0,,False,8.62,0.31,10.3,,
2017-08-01,E09000008,Croydon,383522.0,0.3,,434.0,1133.0,1.684555,2025,44326.0,,False,8.65,0.31,10.4,,
2017-09-01,E09000008,Croydon,384117.0,0.2,,460.0,1137.0,1.840926,2025,44326.0,,False,8.67,0.31,10.4,,
2017-10-01,E09000008,Croydon,380901.0,-0.8,,420.0,1139.0,1.794656,2025,44326.0,,False,8.59,0.31,10.3,,
2017-11-01,E09000008,Croydon,380853.0,0.0,,384.0,1140.0,1.712802,2025,44326.0,,False,8.59,0.31,10.3,,
2017-12-01,E09000008,Croydon,379637.0,-0.3,,394.0,1142.0,1.8062,2025,44326.0,,False,8.56,0.31,10.3,,
2018-01-01,E09000008,Croydon,377479.0,-0.6,,326.0,1145.0,2.032186,2025,44326.0,,False,8.52,0.31,10.2,,
2018-02-01,E09000008,Croydon,376189.0,-0.3,,277.0,1148.0,2.292433,2025,44326.0,,False,8.49,0.31,10.2,,
2018-03-01,E09000008,Croydon,371125.0,-1.3,,314.0,1151.0,2.51673,2025,44326.0,,False,8.37,0.31,10.0,,
2018-04-01,E09000008,Croydon,373392.0,0.6,,283.0,1151.0,2.48065,2025,44326.0,,False,8.42,0.31,10.1,,
2018-05-01,E09000008,Croydon,375683.0,0.6,,329.0,1150.0,2.259445,2025,44326.0,,False,8.48,0.31,10.2,,
2018-06-01,E09000008,Croydon,379074.0,0.9,,389.0,1149.0,1.9567,2025,44326.0,,False,8.55,0.31,10.3,,
2018-07-01,E09000008,Croydon,379556.0,0.1,,385.0,1147.0,1.56572,2025,44326.0,,False,8.56,0.31,10.3,,
2018-08-01,E09000008,Croydon,377198.0,-0.6,,417.0,1147.0,1.224984,2025,44326.0,,False,8.51,0.31,10.2,,
2018-09-01,E09000008,Croydon,376952.0,-0.1,,350.0,1146.0,0.793029,2025,44326.0,,False,8.5,0.31,10.2,,
2018-10-01,E09000008,Croydon,375595.0,-0.4,,420.0,1145.0,0.534144,2025,44326.0,,False,8.47,0.31,10.2,,
2018-11-01,E09000008,Croydon,373840.0,-0.5,,407.0,1144.0,0.333966,2025,44326.0,,False,8.43,0.31,10.1,,
2018-12-01,E09000008,Croydon,369038.0,-1.3,,294.0,1144.0,0.197797,2025,44326.0,,False,8.33,0.31,10.0,,
2019-01-01,E09000008,Croydon,370162.0,0.3,,271.0,1144.0,-0.070379,2025,44326.0,,False,8.35,0.31,10.0,,
2019-02-01,E09000008,Croydon,369462.0,-0.2,,300.0,1146.0,-0.194407,2025,44326.0,,False,8.34,0.31,10.0,,
2019-03-01,E09000008,Croydon,372539.0,0.8,,361.0,1146.0,-0.360593,2025,44326.0,,False,8.4,0.31,10.1,,
2019-04-01,E09000008,Croydon,368770.0,-1.0,,294.0,1146.0,-0.387517,2025,44326.0,,False,8.32,0.31,10.0,,
2019-05-01,E09000008,Croydon,369170.0,0.1,,329.0,1146.0,-0.368914,2025,44326.0,,False,8.33,0.31,10.0,,
2019-06-01,E09000008,Croydon,368604.0,-0.2,,334.0,1148.0,-0.047619,2025,44326.0,,False,8.32,0.31,10.0,,
2019-07-01,E09000008,Croydon,370504.0,0.5,,412.0,1151.0,0.352608,2025,44326.0,,False,8.36,0.31,10.0,,
2019-08-01,E09000008,Croydon,370506.0,0.0,,393.0,1155.0,0.686191,2025,44326.0,,False,8.36,0.31,10.0,,
2019-09-01,E09000008,Croydon,370946.0,0.1,,363.0,1158.0,1.055258,2025,44326.0,,False,8.37,0.31,10.0,,
2019-10-01,E09000008,Croydon,371114.0,0.0,,418.0,1162.0,1.512245,2025,44326.0,,False,8.37,0.31,10.0,,
2019-11-01,E09000008,Croydon,373246.0,0.6,,375.0,1164.0,1.743589,2025,44326.0,,False,8.42,0.32,10.1,,
