data/exports/mart_london_affordability_monthly.csv
date_month,area_code,area_name,average_price,hpi_index,house_price_yoy_pct,sales_volume,avg_monthly_rent,rent_yoy_pct,earnings_year,median_gross_annual_pay,earnings_yoy_pct,earnings_fallback_used,price_to_earnings_ratio,annual_rent_to_earnings_ratio,months_to_save_10pct_deposit,rent_growth_minus_income_growth_pct,house_price_growth_minus_income_growth_pct
2019-12-01,E09000008,Croydon,377159.0,1.0,,340.0,1165.0,1.826039,2025,44326.0,,False,8.51,0.32,10.2,,
2020-01-01,E09000008,Croydon,377674.0,0.1,,306.0,1166.0,1.876422,2025,44326.0,,False,8.52,0.32,10.2,,
2020-02-01,E09000008,Croydon,377626.0,0.0,,313.0,1168.0,1.946928,2025,44326.0,,False,8.52,0.32,10.2,,
2020-03-01,E09000008,Croydon,374522.0,-0.8,,313.0,1171.0,2.121614,2025,44326.0,,False,8.45,0.32,10.1,,
2020-04-01,E09000008,Croydon,373678.0,-0.2,,134.0,1171.0,2.179587,2025,44326.0,,False,8.43,0.32,10.1,,
2020-05-01,E09000008,Croydon,376791.0,0.8,,134.0,1171.0,2.181442,2025,44326.0,,False,8.5,0.32,10.2,,
2020-06-01,E09000008,Croydon,377568.0,0.2,,231.0,1173.0,2.126638,2025,44326.0,,False,8.52,0.32,10.2,,
2020-07-01,E09000008,Croydon,382092.0,1.2,,316.0,1179.0,2.368159,2025,44326.0,,False,8.62,0.32,10.3,,
2020-08-01,E09000008,Croydon,379791.0,-0.6,,327.0,1184.0,2.518765,2025,44326.0,,False,8.57,0.32,10.3,,
2020-09-01,E09000008,Croydon,382323.0,0.7,,332.0,1187.0,2.516116,2025,44326.0,,False,8.63,0.32,10.4,,
2020-10-01,E09000008,Croydon,383854.0,0.4,,426.0,1187.0,2.126034,2025,44326.0,,False,8.66,0.32,10.4,,
2020-11-01,E09000008,Croydon,386933.0,0.8,,410.0,1188.0,2.052987,2025,44326.0,,False,8.73,0.32,10.5,,
2020-12-01,E09000008,Croydon,385287.0,-0.4,,431.0,1189.0,2.066117,2025,44326.0,,False,8.69,0.32,10.4,,
2021-01-01,E09000008,Croydon,386973.0,0.4,,416.0,1192.0,2.273884,2025,44326.0,,False,8.73,0.32,10.5,,
2021-02-01,E09000008,Croydon,387366.0,0.1,,490.0,1196.0,2.368396,2025,44326.0,,False,8.74,0.32,10.5,,
2021-03-01,E09000008,Croydon,391473.0,1.1,,807.0,1200.0,2.462154,2025,44326.0,,False,8.83,0.32,10.6,,
2021-04-01,E09000008,Croydon,392839.0,0.3,,491.0,1202.0,2.642794,2025,44326.0,,False,8.86,0.33,10.6,,
2021-05-01,E09000008,Croydon,394057.0,0.3,,414.0,1204.0,2.778029,2025,44326.0,,False,8.89,0.33,10.7,,
2021-06-01,E09000008,Croydon,396160.0,0.5,,1153.0,1205.0,2.759384,2025,44326.0,,False,8.94,0.33,10.7,,
2021-07-01,E09000008,Croydon,390685.0,-1.4,,211.0,1206.0,2.366688,2025,44326.0,,False,8.81,0.33,10.6,,
2021-08-01,E09000008,Croydon,389252.0,-0.4,,325.0,1213.0,2.471296,2025,44326.0,,False,8.78,0.33,10.5,,
2021-09-01,E09000008,Croydon,388604.0,-0.2,,657.0,1218.0,2.620376,2025,44326.0,,False,8.77,0.33,10.5,,
2021-10-01,E09000008,Croydon,394902.0,1.6,,266.0,1224.0,3.097098,2025,44326.0,,False,8.91,0.33,10.7,,
2021-11-01,E09000008,Croydon,400496.0,1.4,,368.0,1225.0,3.142173,2025,44326.0,,False,9.04,0.33,10.8,,
2021-12-01,E09000008,Croydon,402386.0,0.5,,406.0,1227.0,3.201786,2025,44326.0,,False,9.08,0.33,10.9,,
2022-01-01,E09000008,Croydon,402804.0,0.1,,294.0,1229.0,3.117784,2025,44326.0,,False,9.09,0.33,10.9,,
2022-02-01,E09000008,Croydon,403349.0,0.1,,344.0,1231.0,2.977276,2025,44326.0,,False,9.1,0.33,10.9,,
2022-03-01,E09000008,Croydon,405163.0,0.4,,432.0,1234.0,2.866208,2025,44326.0,,False,9.14,0.33,11.0,,
2022-04-01,E09000008,Croydon,406376.0,0.3,,373.0,1236.0,2.783958,2025,44326.0,,False,9.17,0.33,11.0,,
2022-05-01,E09000008,Croydon,406939.0,0.1,,360.0,1237.0,2.761682,2025,44326.0,,False,9.18,0.33,11.0,,
2022-06-01,E09000008,Croydon,408845.0,0.5,,375.0,1239.0,2.793555,2025,44326.0,,False,9.22,0.34,11.1,,
2022-07-01,E09000008,Croydon,413849.0,1.2,,432.0,1241.0,2.889009,2025,44326.0,,False,9.34,0.34,11.2,,
2022-08-01,E09000008,Croydon,422041.0,2.0,,413.0,1244.0,2.575742,2025,44326.0,,False,9.52,0.34,11.4,,
2022-09-01,E09000008,Croydon,425554.0,0.8,,451.0,1246.0,2.307916,2025,44326.0,,False,9.6,0.34,11.5,,
2022-10-01,E09000008,Croydon,424963.0,-0.1,,427.0,1245.0,1.756376,2025,44326.0,,False,9.59,0.34,11.5,,
2022-11-01,E09000008,Croydon,421886.0,-0.7,,436.0,1243.0,1.497056,2025,44326.0,,False,9.52,0.34,11.4,,
2022-12-01,E09000008,Croydon,421740.0,0.0,,404.0,1245.0,1.420913,2025,44326.0,,False,9.51,0.34,11.4,,
2023-01-01,E09000008,Croydon,430260.0,2.0,,309.0,1248.0,1.5439,2025,44326.0,,False,9.71,0.34,11.6,,
2023-02-01,E09000008,Croydon,427333.0,-0.7,,274.0,1255.0,1.892129,2025,44326.0,,False,9.64,0.34,11.6,,
2023-03-01,E09000008,Croydon,419582.0,-1.8,,308.0,1260.0,2.084007,2025,44326.0,,False,9.47,0.34,11.4,,
2023-04-01,E09000008,Croydon,405764.0,-3.3,,184.0,1265.0,2.390943,2025,44326.0,,False,9.15,0.34,11.0,,
2023-05-01,E09000008,Croydon,402881.0,-0.7,,229.0,1272.0,2.804042,2025,44326.0,,False,9.09,0.34,10.9,,
2023-06-01,E09000008,Croydon,400241.0,-0.7,,264.0,1281.0,3.436513,2025,44326.0,,False,9.03,0.35,10.8,,
2023-07-01,E09000008,Croydon,404144.0,1.0,,283.0,1292.0,4.08925,2025,44326.0,,False,9.12,0.35,10.9,,
2023-08-01,E09000008,Croydon,406760.0,0.6,,326.0,1301.0,4.517395,2025,44326.0,,False,9.18,0.35,11.0,,
2023-09-01,E09000008,Croydon,412005.0,1.3,,289.0,1311.0,5.159543,2025,44326.0,,False,9.29,0.35,11.2,,
2023-10-01,E09000008,Croydon,403740.0,-2.0,,271.0,1321.0,6.128352,2025,44326.0,,False,9.11,0.36,10.9,,
2023-11-01,E09000008,Croydon,396870.0,-1.7,,275.0,1335.0,7.377735,2025,44326.0,,False,8.95,0.36,10.7,,
2023-12-01,E09000008,Croydon,396337.0,-0.1,,266.0,1346.0,8.13939,2025,44326.0,,False,8.94,0.36,10.7,,
2024-01-01,E09000008,Croydon,396690.0,0.1,,245.0,1357.0,8.7079,2025,44326.0,,False,8.95,0.37,10.7,,
2024-02-01,E09000008,Croydon,395927.0,-0.2,,256.0,1370.0,9.225411,2025,44326.0,,False,8.93,0.37,10.7,,
2024-03-01,E09000008,Croydon,390555.0,-1.4,,253.0,1385.0,9.934748,2025,44326.0,,False,8.81,0.37,10.6,,
2024-04-01,E09000008,Croydon,396187.0,1.4,,261.0,1401.0,10.722675,2025,44326.0,,False,8.94,0.38,10.7,,
2024-05-01,E09000008,Croydon,391935.0,-1.1,,326.0,1412.0,11.057555,2025,44326.0,,False,8.84,0.38,10.6,,
2024-06-01,E09000008,Croydon,395325.0,0.9,,277.0,1420.0,10.846106,2025,44326.0,,False,8.92,0.38,10.7,,
2024-07-01,E09000008,Croydon,393118.0,-0.6,,368.0,1429.0,10.632179,2025,44326.0,,False,8.87,0.39,10.6,,
2024-08-01,E09000008,Croydon,403389.0,2.6,,374.0,1441.0,10.801339,2025,44326.0,,False,9.1,0.39,10.9,,
2024-09-01,E09000008,Croydon,404901.0,0.4,,320.0,1454.0,10.978532,2025,44326.0,,False,9.13,0.39,11.0,,
2024-10-01,E09000008,Croydon,407587.0,0.7,,378.0,1465.0,10.844195,2025,44326.0,,False,9.2,0.4,11.0,,
2024-11-01,E09000008,Croydon,406008.0,-0.4,,353.0,1472.0,10.280601,2025,44326.0,,False,9.16,0.4,11.0,,
2024-12-01,E09000008,Croydon,403623.0,-0.6,,296.0,1480.0,9.910531,2025,44326.0,,False,9.11,0.4,10.9,,
2025-01-01,E09000008,Croydon,404627.0,0.2,,295.0,1485.0,9.447214,2025,44326.0,,False,9.13,0.4,11.0,,
2025-02-01,E09000008,Croydon,401161.0,-0.9,,329.0,1494.0,9.01399,2025,44326.0,,False,9.05,0.4,10.9,,
2025-03-01,E09000008,Croydon,399942.0,-0.3,,736.0,1502.0,8.442639,2025,44326.0,,False,9.02,0.41,10.8,,
2025-04-01,E09000008,Croydon,396599.0,-0.8,,135.0,1508.0,7.632144,2025,44326.0,,False,8.95,0.41,10.7,,
2025-05-01,E09000008,Croydon,399453.0,0.7,,209.0,1516.0,7.359505,2025,44326.0,,False,9.01,0.41,10.8,,
2025-06-01,E09000008,Croydon,405256.0,1.5,,270.0,1525.0,7.363351,2025,44326.0,,False,9.14,0.41,11.0,,
2025-07-01,E09000008,Croydon,406382.0,0.3,,308.0,1531.0,7.113091,2025,44326.0,,False,9.17,0.41,11.0,,
2025-08-01,E09000008,Croydon,402511.0,-1.0,,326.0,1534.0,6.428094,2025,44326.0,,False,9.08,0.42,10.9,,
2025-09-01,E09000008,Croydon,397204.0,-1.3,,292.0,1534.0,5.461621,2025,44326.0,,False,8.96,0.42,10.8,,
2025-10-01,E09000008,Croydon,396204.0,-0.3,,268.0,1537.0,4.926697,2025,44326.0,,False,8.94,0.42,10.7,,
2025-11-01,E09000008,Croydon,402390.0,1.6,,203.0,1542.0,4.702639,2025,44326.0,,False,9.08,0.42,10.9,,
2025-12-01,E09000008,Croydon,401066.0,-0.3,,,1547.0,4.590834,2025,44326.0,,False,9.05,0.42,10.9,,
2026-01-01,E09000008,Croydon,395341.0,-1.4,,,1553.0,4.556677,2025,44326.0,,False,8.92,0.42,10.7,,
1995-01-01,E09000009,Ealing,85469.0,,,303.0,,,2025,40889.0,,False,2.09,,2.5,,
1995-02-01,E09000009,Ealing,86551.0,1.3,,242.0,,,2025,40889.0,,False,2.12,,2.5,,
1995-03-01,E09000009,Ealing,87067.0,0.6,,377.0,,,2025,40889.0,,False,2.13,,2.6,,
1995-04-01,E09000009,Ealing,87933.0,1.0,,270.0,,,2025,40889.0,,False,2.15,,2.6,,
1995-05-01,E09000009,Ealing,87813.0,-0.1,,345.0,,,2025,40889.0,,False,2.15,,2.6,,
1995-06-01,E09000009,Ealing,87336.0,-0.5,,353.0,,,2025,40889.0,,False,2.14,,2.6,,
1995-07-01,E09000009,Ealing,88108.0,0.9,,374.0,,,2025,40889.0,,False,2.15,,2.6,,
1995-08-01,E09000009,Ealing,88487.0,0.4,,377.0,,,2025,40889.0,,False,2.16,,2.6,,
1995-09-01,E09000009,Ealing,87743.0,-0.8,,327.0,,,2025,40889.0,,False,2.15,,2.6,,
1995-10-01,E09000009,Ealing,86150.0,-1.8,,352.0,,,2025,40889.0,,False,2.11,,2.5,,
1995-11-01,E09000009,Ealing,84813.0,-1.6,,329.0,,,2025,40889.0,,False,2.07,,2.5,,
1995-12-01,E09000009,Ealing,85270.0,0.5,,348.0,,,2025,40889.0,,False,2.09,,2.5,,
1996-01-01,E09000009,Ealing,85820.0,0.6,,281.0,,,2025,40889.0,,False,2.1,,2.5,,
1996-02-01,E09000009,Ealing,86486.0,0.8,,291.0,,,2025,40889.0,,False,2.12,,2.5,,
1996-03-01,E09000009,Ealing,86673.0,0.2,,376.0,,,2025,40889.0,,False,2.12,,2.5,,
1996-04-01,E09000009,Ealing,86705.0,0.0,,359.0,,,2025,40889.0,,False,2.12,,2.5,,
1996-05-01,E09000009,Ealing,87539.0,1.0,,429.0,,,2025,40889.0,,False,2.14,,2.6,,
1996-06-01,E09000009,Ealing,88333.0,0.9,,400.0,,,2025,40889.0,,False,2.16,,2.6,,
1996-07-01,E09000009,Ealing,89876.0,1.7,,429.0,,,2025,40889.0,,False,2.2,,2.6,,
1996-08-01,E09000009,Ealing,90753.0,1.0,,508.0,,,2025,40889.0,,False,2.22,,2.7,,
1996-09-01,E09000009,Ealing,91662.0,1.0,,481.0,,,2025,40889.0,,False,2.24,,2.7,,
1996-10-01,E09000009,Ealing,91577.0,-0.1,,548.0,,,2025,40889.0,,False,2.24,,2.7,,
1996-11-01,E09000009,Ealing,92257.0,0.7,,470.0,,,2025,40889.0,,False,2.26,,2.7,,
1996-12-01,E09000009,Ealing,92934.0,0.7,,500.0,,,2025,40889.0,,False,2.27,,2.7,,
1997-01-01,E09000009,Ealing,94248.0,1.4,,450.0,,,2025,40889.0,,False,2.3,,2.8,,
1997-02-01,E09000009,Ealing,96228.0,2.1,,414.0,,,2025,40889.0,,False,2.35,,2.8,,
1997-03-01,E09000009,Ealing,97389.0,1.2,,430.0,,,2025,40889.0,,False,2.38,,2.9,,
1997-04-01,E09000009,Ealing,98420.0,1.1,,455.0,,,2025,40889.0,,False,2.41,,2.9,,
1997-05-01,E09000009,Ealing,100246.0,1.9,,506.0,,,2025,40889.0,,False,2.45,,2.9,,
1997-06-01,E09000009,Ealing,102515.0,2.3,,530.0,,,2025,40889.0,,False,2.51,,3.0,,
1997-07-01,E09000009,Ealing,106724.0,4.1,,578.0,,,2025,40889.0,,False,2.61,,3.1,,
1997-08-01,E09000009,Ealing,109212.0,2.3,,545.0,,,2025,40889.0,,False,2.67,,3.2,,
1997-09-01,E09000009,Ealing,112465.0,3.0,,498.0,,,2025,40889.0,,False,2.75,,3.3,,
1997-10-01,E09000009,Ealing,112849.0,0.3,,563.0,,,2025,40889.0,,False,2.76,,3.3,,
1997-11-01,E09000009,Ealing,112383.0,-0.4,,437.0,,,2025,40889.0,,False,2.75,,3.3,,
1997-12-01,E09000009,Ealing,113016.0,0.6,,456.0,,,2025,40889.0,,False,2.76,,3.3,,
1998-01-01,E09000009,Ealing,115094.0,1.8,,412.0,,,2025,40889.0,,False,2.81,,3.4,,
1998-02-01,E09000009,Ealing,114834.0,-0.2,,341.0,,,2025,40889.0,,False,2.81,,3.4,,
1998-03-01,E09000009,Ealing,114598.0,-0.2,,414.0,,,2025,40889.0,,False,2.8,,3.4,,
1998-04-01,E09000009,Ealing,114800.0,0.2,,419.0,,,2025,40889.0,,False,2.81,,3.4,,
1998-05-01,E09000009,Ealing,117694.0,2.5,,508.0,,,2025,40889.0,,False,2.88,,3.5,,
1998-06-01,E09000009,Ealing,120542.0,2.4,,537.0,,,2025,40889.0,,False,2.95,,3.5,,
1998-07-01,E09000009,Ealing,121756.0,1.0,,567.0,,,2025,40889.0,,False,2.98,,3.6,,
1998-08-01,E09000009,Ealing,122535.0,0.6,,526.0,,,2025,40889.0,,False,3.0,,3.6,,
1998-09-01,E09000009,Ealing,122808.0,0.2,,493.0,,,2025,40889.0,,False,3.0,,3.6,,
1998-10-01,E09000009,Ealing,122171.0,-0.5,,492.0,,,2025,40889.0,,False,2.99,,3.6,,
1998-11-01,E09000009,Ealing,122138.0,0.0,,455.0,,,2025,40889.0,,False,2.99,,3.6,,
1998-12-01,E09000009,Ealing,120527.0,-1.3,,458.0,,,2025,40889.0,,False,2.95,,3.5,,
1999-01-01,E09000009,Ealing,120806.0,0.2,,371.0,,,2025,40889.0,,False,2.95,,3.5,,
1999-02-01,E09000009,Ealing,121718.0,0.8,,351.0,,,2025,40889.0,,False,2.98,,3.6,,
1999-03-01,E09000009,Ealing,123267.0,1.3,,486.0,,,2025,40889.0,,False,3.01,,3.6,,
1999-04-01,E09000009,Ealing,127150.0,3.1,,454.0,,,2025,40889.0,,False,3.11,,3.7,,
1999-05-01,E09000009,Ealing,130243.0,2.4,,479.0,,,2025,40889.0,,False,3.19,,3.8,,
1999-06-01,E09000009,Ealing,132683.0,1.9,,537.0,,,2025,40889.0,,False,3.24,,3.9,,
1999-07-01,E09000009,Ealing,135018.0,1.8,,648.0,,,2025,40889.0,,False,3.3,,4.0,,
1999-08-01,E09000009,Ealing,139451.0,3.3,,645.0,,,2025,40889.0,,False,3.41,,4.1,,
1999-09-01,E09000009,Ealing,144081.0,3.3,,571.0,,,2025,40889.0,,False,3.52,,4.2,,
1999-10-01,E09000009,Ealing,147002.0,2.0,,550.0,,,2025,40889.0,,False,3.6,,4.3,,
1999-11-01,E09000009,Ealing,148238.0,0.8,,538.0,,,2025,40889.0,,False,3.63,,4.4,,
1999-12-01,E09000009,Ealing,151589.0,2.3,,522.0,,,2025,40889.0,,False,3.71,,4.4,,
2000-01-01,E09000009,Ealing,154441.0,1.9,,361.0,,,2025,40889.0,,False,3.78,,4.5,,
2000-02-01,E09000009,Ealing,155437.0,0.6,,420.0,,,2025,40889.0,,False,3.8,,4.6,,
2000-03-01,E09000009,Ealing,156699.0,0.8,,530.0,,,2025,40889.0,,False,3.83,,4.6,,
2000-04-01,E09000009,Ealing,160163.0,2.2,,494.0,,,2025,40889.0,,False,3.92,,4.7,,
2000-05-01,E09000009,Ealing,164050.0,2.4,,411.0,,,2025,40889.0,,False,4.01,,4.8,,
2000-06-01,E09000009,Ealing,166037.0,1.2,,467.0,,,2025,40889.0,,False,4.06,,4.9,,
2000-07-01,E09000009,Ealing,167864.0,1.1,,532.0,,,2025,40889.0,,False,4.11,,4.9,,
2000-08-01,E09000009,Ealing,169748.0,1.1,,454.0,,,2025,40889.0,,False,4.15,,5.0,,
2000-09-01,E09000009,Ealing,169929.0,0.1,,396.0,,,2025,40889.0,,False,4.16,,5.0,,
2000-10-01,E09000009,Ealing,168017.0,-1.1,,422.0,,,2025,40889.0,,False,4.11,,4.9,,
2000-11-01,E09000009,Ealing,167563.0,-0.3,,392.0,,,2025,40889.0,,False,4.1,,4.9,,
2000-12-01,E09000009,Ealing,168339.0,0.5,,388.0,,,2025,40889.0,,False,4.12,,4.9,,
2001-01-01,E09000009,Ealing,170629.0,1.4,,377.0,,,2025,40889.0,,False,4.17,,5.0,,
2001-02-01,E09000009,Ealing,172244.0,0.9,,354.0,,,2025,40889.0,,False,4.21,,5.1,,
2001-03-01,E09000009,Ealing,175278.0,1.8,,476.0,,,2025,40889.0,,False,4.29,,5.1,,
2001-04-01,E09000009,Ealing,177076.0,1.0,,456.0,,,2025,40889.0,,False,4.33,,5.2,,
2001-05-01,E09000009,Ealing,179556.0,1.4,,516.0,,,2025,40889.0,,False,4.39,,5.3,,
2001-06-01,E09000009,Ealing,180442.0,0.5,,594.0,,,2025,40889.0,,False,4.41,,5.3,,
2001-07-01,E09000009,Ealing,181597.0,0.6,,575.0,,,2025,40889.0,,False,4.44,,5.3,,
2001-08-01,E09000009,Ealing,185825.0,2.3,,678.0,,,2025,40889.0,,False,4.54,,5.5,,
2001-09-01,E09000009,Ealing,190074.0,2.3,,546.0,,,2025,40889.0,,False,4.65,,5.6,,
2001-10-01,E09000009,Ealing,192426.0,1.2,,508.0,,,2025,40889.0,,False,4.71,,5.6,,
2001-11-01,E09000009,Ealing,190354.0,-1.1,,544.0,,,2025,40889.0,,False,4.66,,5.6,,
2001-12-01,E09000009,Ealing,189519.0,-0.4,,413.0,,,2025,40889.0,,False,4.63,,5.6,,
2002-01-01,E09000009,Ealing,190605.0,0.6,,412.0,,,2025,40889.0,,False,4.66,,5.6,,
2002-02-01,E09000009,Ealing,194534.0,2.1,,390.0,,,2025,40889.0,,False,4.76,,5.7,,
2002-03-01,E09000009,Ealing,198586.0,2.1,,500.0,,,2025,40889.0,,False,4.86,,5.8,,
2002-04-01,E09000009,Ealing,203782.0,2.6,,473.0,,,2025,40889.0,,False,4.98,,6.0,,
2002-05-01,E09000009,Ealing,206816.0,1.5,,662.0,,,2025,40889.0,,False,5.06,,6.1,,
2002-06-01,E09000009,Ealing,210875.0,2.0,,461.0,,,2025,40889.0,,False,5.16,,6.2,,
2002-07-01,E09000009,Ealing,213137.0,1.1,,582.0,,,2025,40889.0,,False,5.21,,6.3,,
2002-08-01,E09000009,Ealing,218467.0,2.5,,657.0,,,2025,40889.0,,False,5.34,,6.4,,
2002-09-01,E09000009,Ealing,222869.0,2.0,,567.0,,,2025,40889.0,,False,5.45,,6.5,,
2002-10-01,E09000009,Ealing,228305.0,2.4,,552.0,,,2025,40889.0,,False,5.58,,6.7,,
2002-11-01,E09000009,Ealing,228864.0,0.2,,515.0,,,2025,40889.0,,False,5.6,,6.7,,
2002-12-01,E09000009,Ealing,230696.0,0.8,,457.0,,,2025,40889.0,,False,5.64,,6.8,,
2003-01-01,E09000009,Ealing,229997.0,-0.3,,383.0,,,2025,40889.0,,False,5.62,,6.7,,
2003-02-01,E09000009,Ealing,234095.0,1.8,,400.0,,,2025,40889.0,,False,5.73,,6.9,,
2003-03-01,E09000009,Ealing,234442.0,0.1,,377.0,,,2025,40889.0,,False,5.73,,6.9,,
2003-04-01,E09000009,Ealing,237030.0,1.1,,376.0,,,2025,40889.0,,False,5.8,,7.0,,
2003-05-01,E09000009,Ealing,236842.0,-0.1,,409.0,,,2025,40889.0,,False,5.79,,7.0,,
2003-06-01,E09000009,Ealing,237059.0,0.1,,452.0,,,2025,40889.0,,False,5.8,,7.0,,
2003-07-01,E09000009,Ealing,236130.0,-0.4,,483.0,,,2025,40889.0,,False,5.77,,6.9,,
2003-08-01,E09000009,Ealing,236765.0,0.3,,575.0,,,2025,40889.0,,False,5.79,,6.9,,
2003-09-01,E09000009,Ealing,237611.0,0.4,,552.0,,,2025,40889.0,,False,5.81,,7.0,,
2003-10-01,E09000009,Ealing,239830.0,0.9,,618.0,,,2025,40889.0,,False,5.87,,7.0,,
2003-11-01,E09000009,Ealing,241869.0,0.9,,626.0,,,2025,40889.0,,False,5.92,,7.1,,
2003-12-01,E09000009,Ealing,244524.0,1.1,,498.0,,,2025,40889.0,,False,5.98,,7.2,,
2004-01-01,E09000009,Ealing,245923.0,0.6,,502.0,,,2025,40889.0,,False,6.01,,7.2,,
2004-02-01,E09000009,Ealing,246629.0,0.3,,510.0,,,2025,40889.0,,False,6.03,,7.2,,
2004-03-01,E09000009,Ealing,247847.0,0.5,,567.0,,,2025,40889.0,,False,6.06,,7.3,,
2004-04-01,E09000009,Ealing,251304.0,1.4,,554.0,,,2025,40889.0,,False,6.15,,7.4,,
2004-05-01,E09000009,Ealing,255349.0,1.6,,468.0,,,2025,40889.0,,False,6.24,,7.5,,
2004-06-01,E09000009,Ealing,260313.0,1.9,,595.0,,,2025,40889.0,,False,6.37,,7.6,,
2004-07-01,E09000009,Ealing,263422.0,1.2,,628.0,,,2025,40889.0,,False,6.44,,7.7,,
2004-08-01,E09000009,Ealing,265911.0,0.9,,521.0,,,2025,40889.0,,False,6.5,,7.8,,
2004-09-01,E09000009,Ealing,266014.0,0.0,,450.0,,,2025,40889.0,,False,6.51,,7.8,,
2004-10-01,E09000009,Ealing,263572.0,-0.9,,454.0,,,2025,40889.0,,False,6.45,,7.7,,
2004-11-01,E09000009,Ealing,264505.0,0.4,,393.0,,,2025,40889.0,,False,6.47,,7.8,,
2004-12-01,E09000009,Ealing,263825.0,-0.3,,366.0,,,2025,40889.0,,False,6.45,,7.7,,
2005-01-01,E09000009,Ealing,262055.0,-0.7,,271.0,,,2025,40889.0,,False,6.41,,7.7,,
2005-02-01,E09000009,Ealing,257899.0,-1.6,,271.0,,,2025,40889.0,,False,6.31,,7.6,,
