data/exports/mart_london_affordability_monthly.csv
date_month,area_code,area_name,average_price,hpi_index,house_price_yoy_pct,sales_volume,avg_monthly_rent,rent_yoy_pct,earnings_year,median_gross_annual_pay,earnings_yoy_pct,earnings_fallback_used,price_to_earnings_ratio,annual_rent_to_earnings_ratio,months_to_save_10pct_deposit,rent_growth_minus_income_growth_pct,house_price_growth_minus_income_growth_pct
2005-03-01,E09000009,Ealing,256162.0,-0.7,,354.0,,,2025,40889.0,,False,6.26,,7.5,,
2005-04-01,E09000009,Ealing,259919.0,1.5,,374.0,,,2025,40889.0,,False,6.36,,7.6,,
2005-05-01,E09000009,Ealing,262027.0,0.8,,367.0,,,2025,40889.0,,False,6.41,,7.7,,
2005-06-01,E09000009,Ealing,262832.0,0.3,,424.0,,,2025,40889.0,,False,6.43,,7.7,,
2005-07-01,E09000009,Ealing,264691.0,0.7,,432.0,,,2025,40889.0,,False,6.47,,7.8,,
2005-08-01,E09000009,Ealing,265744.0,0.4,,490.0,,,2025,40889.0,,False,6.5,,7.8,,
2005-09-01,E09000009,Ealing,267124.0,0.5,,508.0,,,2025,40889.0,,False,6.53,,7.8,,
2005-10-01,E09000009,Ealing,263913.0,-1.2,,441.0,,,2025,40889.0,,False,6.45,,7.7,,
2005-11-01,E09000009,Ealing,260417.0,-1.3,,474.0,,,2025,40889.0,,False,6.37,,7.6,,
2005-12-01,E09000009,Ealing,261044.0,0.2,,475.0,,,2025,40889.0,,False,6.38,,7.7,,
2006-01-01,E09000009,Ealing,264898.0,1.5,,421.0,,,2025,40889.0,,False,6.48,,7.8,,
2006-02-01,E09000009,Ealing,268798.0,1.5,,387.0,,,2025,40889.0,,False,6.57,,7.9,,
2006-03-01,E09000009,Ealing,267776.0,-0.4,,500.0,,,2025,40889.0,,False,6.55,,7.9,,
2006-04-01,E09000009,Ealing,269268.0,0.6,,443.0,,,2025,40889.0,,False,6.59,,7.9,,
2006-05-01,E09000009,Ealing,272862.0,1.3,,431.0,,,2025,40889.0,,False,6.67,,8.0,,
2006-06-01,E09000009,Ealing,277770.0,1.8,,552.0,,,2025,40889.0,,False,6.79,,8.2,,
2006-07-01,E09000009,Ealing,280308.0,0.9,,619.0,,,2025,40889.0,,False,6.86,,8.2,,
2006-08-01,E09000009,Ealing,283571.0,1.2,,664.0,,,2025,40889.0,,False,6.94,,8.3,,
2006-09-01,E09000009,Ealing,288120.0,1.6,,600.0,,,2025,40889.0,,False,7.05,,8.5,,
2006-10-01,E09000009,Ealing,289239.0,0.4,,639.0,,,2025,40889.0,,False,7.07,,8.5,,
2006-11-01,E09000009,Ealing,288357.0,-0.3,,617.0,,,2025,40889.0,,False,7.05,,8.5,,
2006-12-01,E09000009,Ealing,289734.0,0.5,,609.0,,,2025,40889.0,,False,7.09,,8.5,,
2007-01-01,E09000009,Ealing,292688.0,1.0,,521.0,,,2025,40889.0,,False,7.16,,8.6,,
2007-02-01,E09000009,Ealing,299187.0,2.2,,468.0,,,2025,40889.0,,False,7.32,,8.8,,
2007-03-01,E09000009,Ealing,301812.0,0.9,,587.0,,,2025,40889.0,,False,7.38,,8.9,,
2007-04-01,E09000009,Ealing,306144.0,1.4,,450.0,,,2025,40889.0,,False,7.49,,9.0,,
2007-05-01,E09000009,Ealing,306889.0,0.2,,540.0,,,2025,40889.0,,False,7.51,,9.0,,
2007-06-01,E09000009,Ealing,309481.0,0.8,,642.0,,,2025,40889.0,,False,7.57,,9.1,,
2007-07-01,E09000009,Ealing,316137.0,2.2,,559.0,,,2025,40889.0,,False,7.73,,9.3,,
2007-08-01,E09000009,Ealing,321593.0,1.7,,610.0,,,2025,40889.0,,False,7.87,,9.4,,
2007-09-01,E09000009,Ealing,327338.0,1.8,,467.0,,,2025,40889.0,,False,8.01,,9.6,,
2007-10-01,E09000009,Ealing,329075.0,0.5,,511.0,,,2025,40889.0,,False,8.05,,9.7,,
2007-11-01,E09000009,Ealing,331597.0,0.8,,445.0,,,2025,40889.0,,False,8.11,,9.7,,
2007-12-01,E09000009,Ealing,329850.0,-0.5,,358.0,,,2025,40889.0,,False,8.07,,9.7,,
2008-01-01,E09000009,Ealing,331851.0,0.6,,336.0,,,2025,40889.0,,False,8.12,,9.7,,
2008-02-01,E09000009,Ealing,327011.0,-1.5,,310.0,,,2025,40889.0,,False,8.0,,9.6,,
2008-03-01,E09000009,Ealing,329299.0,0.7,,276.0,,,2025,40889.0,,False,8.05,,9.7,,
2008-04-01,E09000009,Ealing,321913.0,-2.2,,269.0,,,2025,40889.0,,False,7.87,,9.4,,
2008-05-01,E09000009,Ealing,325262.0,1.0,,253.0,,,2025,40889.0,,False,7.95,,9.5,,
2008-06-01,E09000009,Ealing,320285.0,-1.5,,209.0,,,2025,40889.0,,False,7.83,,9.4,,
2008-07-01,E09000009,Ealing,318153.0,-0.7,,255.0,,,2025,40889.0,,False,7.78,,9.3,,
2008-08-01,E09000009,Ealing,313801.0,-1.4,,185.0,,,2025,40889.0,,False,7.67,,9.2,,
2008-09-01,E09000009,Ealing,313904.0,0.0,,165.0,,,2025,40889.0,,False,7.68,,9.2,,
2008-10-01,E09000009,Ealing,306957.0,-2.2,,176.0,,,2025,40889.0,,False,7.51,,9.0,,
2008-11-01,E09000009,Ealing,298844.0,-2.6,,120.0,,,2025,40889.0,,False,7.31,,8.8,,
2008-12-01,E09000009,Ealing,284294.0,-4.9,,166.0,,,2025,40889.0,,False,6.95,,8.3,,
2009-01-01,E09000009,Ealing,275538.0,-3.1,,96.0,,,2025,40889.0,,False,6.74,,8.1,,
2009-02-01,E09000009,Ealing,271702.0,-1.4,,105.0,,,2025,40889.0,,False,6.64,,8.0,,
2009-03-01,E09000009,Ealing,268681.0,-1.1,,116.0,,,2025,40889.0,,False,6.57,,7.9,,
2009-04-01,E09000009,Ealing,268454.0,-0.1,,143.0,,,2025,40889.0,,False,6.57,,7.9,,
2009-05-01,E09000009,Ealing,268624.0,0.1,,161.0,,,2025,40889.0,,False,6.57,,7.9,,
2009-06-01,E09000009,Ealing,272845.0,1.6,,212.0,,,2025,40889.0,,False,6.67,,8.0,,
2009-07-01,E09000009,Ealing,282155.0,3.4,,248.0,,,2025,40889.0,,False,6.9,,8.3,,
2009-08-01,E09000009,Ealing,287573.0,1.9,,227.0,,,2025,40889.0,,False,7.03,,8.4,,
2009-09-01,E09000009,Ealing,296793.0,3.2,,237.0,,,2025,40889.0,,False,7.26,,8.7,,
2009-10-01,E09000009,Ealing,300135.0,1.1,,268.0,,,2025,40889.0,,False,7.34,,8.8,,
2009-11-01,E09000009,Ealing,298332.0,-0.6,,243.0,,,2025,40889.0,,False,7.3,,8.8,,
2009-12-01,E09000009,Ealing,299114.0,0.3,,312.0,,,2025,40889.0,,False,7.32,,8.8,,
2010-01-01,E09000009,Ealing,303029.0,1.3,,231.0,,,2025,40889.0,,False,7.41,,8.9,,
2010-02-01,E09000009,Ealing,308002.0,1.6,,207.0,,,2025,40889.0,,False,7.53,,9.0,,
2010-03-01,E09000009,Ealing,308920.0,0.3,,254.0,,,2025,40889.0,,False,7.56,,9.1,,
2010-04-01,E09000009,Ealing,305602.0,-1.1,,246.0,,,2025,40889.0,,False,7.47,,9.0,,
2010-05-01,E09000009,Ealing,306765.0,0.4,,230.0,,,2025,40889.0,,False,7.5,,9.0,,
2010-06-01,E09000009,Ealing,307197.0,0.1,,284.0,,,2025,40889.0,,False,7.51,,9.0,,
2010-07-01,E09000009,Ealing,313817.0,2.2,,306.0,,,2025,40889.0,,False,7.67,,9.2,,
2010-08-01,E09000009,Ealing,318999.0,1.7,,266.0,,,2025,40889.0,,False,7.8,,9.4,,
2010-09-01,E09000009,Ealing,322277.0,1.0,,311.0,,,2025,40889.0,,False,7.88,,9.5,,
2010-10-01,E09000009,Ealing,323866.0,0.5,,265.0,,,2025,40889.0,,False,7.92,,9.5,,
2010-11-01,E09000009,Ealing,320866.0,-0.9,,297.0,,,2025,40889.0,,False,7.85,,9.4,,
2010-12-01,E09000009,Ealing,320151.0,-0.2,,272.0,,,2025,40889.0,,False,7.83,,9.4,,
2011-01-01,E09000009,Ealing,320057.0,0.0,,191.0,,,2025,40889.0,,False,7.83,,9.4,,
2011-02-01,E09000009,Ealing,322826.0,0.9,,218.0,,,2025,40889.0,,False,7.9,,9.5,,
2011-03-01,E09000009,Ealing,320689.0,-0.7,,224.0,,,2025,40889.0,,False,7.84,,9.4,,
2011-04-01,E09000009,Ealing,321886.0,0.4,,225.0,,,2025,40889.0,,False,7.87,,9.4,,
2011-05-01,E09000009,Ealing,318933.0,-0.9,,227.0,,,2025,40889.0,,False,7.8,,9.4,,
2011-06-01,E09000009,Ealing,323371.0,1.4,,222.0,,,2025,40889.0,,False,7.91,,9.5,,
2011-07-01,E09000009,Ealing,325067.0,0.5,,296.0,,,2025,40889.0,,False,7.95,,9.5,,
2011-08-01,E09000009,Ealing,328810.0,1.2,,285.0,,,2025,40889.0,,False,8.04,,9.6,,
2011-09-01,E09000009,Ealing,329262.0,0.1,,280.0,,,2025,40889.0,,False,8.05,,9.7,,
2011-10-01,E09000009,Ealing,325509.0,-1.1,,279.0,,,2025,40889.0,,False,7.96,,9.6,,
2011-11-01,E09000009,Ealing,320531.0,-1.5,,280.0,,,2025,40889.0,,False,7.84,,9.4,,
2011-12-01,E09000009,Ealing,324278.0,1.2,,284.0,,,2025,40889.0,,False,7.93,,9.5,,
2012-01-01,E09000009,Ealing,325985.0,0.5,,229.0,,,2025,40889.0,,False,7.97,,9.6,,
2012-02-01,E09000009,Ealing,329862.0,1.2,,194.0,,,2025,40889.0,,False,8.07,,9.7,,
2012-03-01,E09000009,Ealing,326662.0,-1.0,,300.0,,,2025,40889.0,,False,7.99,,9.6,,
2012-04-01,E09000009,Ealing,326108.0,-0.2,,173.0,,,2025,40889.0,,False,7.98,,9.6,,
2012-05-01,E09000009,Ealing,332662.0,2.0,,268.0,,,2025,40889.0,,False,8.14,,9.8,,
2012-06-01,E09000009,Ealing,344220.0,3.5,,279.0,,,2025,40889.0,,False,8.42,,10.1,,
2012-07-01,E09000009,Ealing,352327.0,2.4,,302.0,,,2025,40889.0,,False,8.62,,10.3,,
2012-08-01,E09000009,Ealing,353733.0,0.4,,312.0,,,2025,40889.0,,False,8.65,,10.4,,
2012-09-01,E09000009,Ealing,348872.0,-1.4,,252.0,,,2025,40889.0,,False,8.53,,10.2,,
2012-10-01,E09000009,Ealing,348636.0,-0.1,,307.0,,,2025,40889.0,,False,8.53,,10.2,,
2012-11-01,E09000009,Ealing,352426.0,1.1,,331.0,,,2025,40889.0,,False,8.62,,10.3,,
2012-12-01,E09000009,Ealing,350161.0,-0.6,,290.0,,,2025,40889.0,,False,8.56,,10.3,,
2013-01-01,E09000009,Ealing,347741.0,-0.7,,264.0,,,2025,40889.0,,False,8.5,,10.2,,
2013-02-01,E09000009,Ealing,344802.0,-0.8,,274.0,,,2025,40889.0,,False,8.43,,10.1,,
2013-03-01,E09000009,Ealing,344070.0,-0.2,,320.0,,,2025,40889.0,,False,8.41,,10.1,,
2013-04-01,E09000009,Ealing,351607.0,2.2,,256.0,,,2025,40889.0,,False,8.6,,10.3,,
2013-05-01,E09000009,Ealing,354243.0,0.7,,287.0,,,2025,40889.0,,False,8.66,,10.4,,
2013-06-01,E09000009,Ealing,363866.0,2.7,,316.0,,,2025,40889.0,,False,8.9,,10.7,,
2013-07-01,E09000009,Ealing,368256.0,1.2,,371.0,,,2025,40889.0,,False,9.01,,10.8,,
2013-08-01,E09000009,Ealing,371566.0,0.9,,390.0,,,2025,40889.0,,False,9.09,,10.9,,
2013-09-01,E09000009,Ealing,373219.0,0.4,,342.0,,,2025,40889.0,,False,9.13,,11.0,,
2013-10-01,E09000009,Ealing,369947.0,-0.9,,375.0,,,2025,40889.0,,False,9.05,,10.9,,
2013-11-01,E09000009,Ealing,373656.0,1.0,,329.0,,,2025,40889.0,,False,9.14,,11.0,,
2013-12-01,E09000009,Ealing,377638.0,1.1,,324.0,,,2025,40889.0,,False,9.24,,11.1,,
2014-01-01,E09000009,Ealing,389989.0,3.3,,301.0,,,2025,40889.0,,False,9.54,,11.4,,
2014-02-01,E09000009,Ealing,396522.0,1.7,,274.0,,,2025,40889.0,,False,9.7,,11.6,,
2014-03-01,E09000009,Ealing,404157.0,1.9,,287.0,,,2025,40889.0,,False,9.88,,11.9,,
2014-04-01,E09000009,Ealing,411805.0,1.9,,293.0,,,2025,40889.0,,False,10.07,,12.1,,
2014-05-01,E09000009,Ealing,422697.0,2.6,,254.0,,,2025,40889.0,,False,10.34,,12.4,,
2014-06-01,E09000009,Ealing,433515.0,2.6,,285.0,,,2025,40889.0,,False,10.6,,12.7,,
2014-07-01,E09000009,Ealing,441899.0,1.9,,293.0,,,2025,40889.0,,False,10.81,,13.0,,
2014-08-01,E09000009,Ealing,452244.0,2.3,,349.0,,,2025,40889.0,,False,11.06,,13.3,,
2014-09-01,E09000009,Ealing,453427.0,0.3,,288.0,,,2025,40889.0,,False,11.09,,13.3,,
2014-10-01,E09000009,Ealing,445906.0,-1.7,,318.0,,,2025,40889.0,,False,10.91,,13.1,,
2014-11-01,E09000009,Ealing,442123.0,-0.8,,276.0,,,2025,40889.0,,False,10.81,,13.0,,
2014-12-01,E09000009,Ealing,441688.0,-0.1,,284.0,,,2025,40889.0,,False,10.8,,13.0,,
2015-01-01,E09000009,Ealing,441204.0,-0.1,,289.0,1381.0,,2025,40889.0,,False,10.79,0.41,12.9,,
2015-02-01,E09000009,Ealing,440796.0,-0.1,,213.0,1390.0,,2025,40889.0,,False,10.78,0.41,12.9,,
2015-03-01,E09000009,Ealing,440404.0,-0.1,,283.0,1396.0,,2025,40889.0,,False,10.77,0.41,12.9,,
2015-04-01,E09000009,Ealing,448097.0,1.7,,269.0,1401.0,,2025,40889.0,,False,10.96,0.41,13.2,,
2015-05-01,E09000009,Ealing,451891.0,0.8,,294.0,1406.0,,2025,40889.0,,False,11.05,0.41,13.3,,
2015-06-01,E09000009,Ealing,460302.0,1.9,,365.0,1410.0,,2025,40889.0,,False,11.26,0.41,13.5,,
2015-07-01,E09000009,Ealing,470247.0,2.2,,381.0,1413.0,,2025,40889.0,,False,11.5,0.41,13.8,,
2015-08-01,E09000009,Ealing,476987.0,1.4,,340.0,1418.0,,2025,40889.0,,False,11.67,0.42,14.0,,
2015-09-01,E09000009,Ealing,485647.0,1.8,,306.0,1427.0,,2025,40889.0,,False,11.88,0.42,14.3,,
2015-10-01,E09000009,Ealing,494988.0,1.9,,326.0,1435.0,,2025,40889.0,,False,12.11,0.42,14.5,,
2015-11-01,E09000009,Ealing,507561.0,2.5,,273.0,1438.0,,2025,40889.0,,False,12.41,0.42,14.9,,
2015-12-01,E09000009,Ealing,509198.0,0.3,,330.0,1441.0,,2025,40889.0,,False,12.45,0.42,14.9,,
2016-01-01,E09000009,Ealing,503390.0,-1.1,,255.0,1444.0,4.55725,2025,40889.0,,False,12.31,0.42,14.8,,
2016-02-01,E09000009,Ealing,504218.0,0.2,,245.0,1447.0,4.104308,2025,40889.0,,False,12.33,0.42,14.8,,
2016-03-01,E09000009,Ealing,506170.0,0.4,,557.0,1450.0,3.874548,2025,40889.0,,False,12.38,0.43,14.9,,
2016-04-01,E09000009,Ealing,510580.0,0.9,,150.0,1452.0,3.630486,2025,40889.0,,False,12.49,0.43,15.0,,
2016-05-01,E09000009,Ealing,502730.0,-1.5,,200.0,1456.0,3.594765,2025,40889.0,,False,12.29,0.43,14.8,,
2016-06-01,E09000009,Ealing,510559.0,1.6,,247.0,1460.0,3.587178,2025,40889.0,,False,12.49,0.43,15.0,,
2016-07-01,E09000009,Ealing,511891.0,0.3,,217.0,1466.0,3.814829,2025,40889.0,,False,12.52,0.43,15.0,,
2016-08-01,E09000009,Ealing,517663.0,1.1,,276.0,1473.0,3.841246,2025,40889.0,,False,12.66,0.43,15.2,,
2016-09-01,E09000009,Ealing,510857.0,-1.3,,291.0,1481.0,3.823733,2025,40889.0,,False,12.49,0.43,15.0,,
2016-10-01,E09000009,Ealing,510621.0,0.0,,197.0,1486.0,3.523239,2025,40889.0,,False,12.49,0.44,15.0,,
2016-11-01,E09000009,Ealing,508872.0,-0.3,,269.0,1487.0,3.407194,2025,40889.0,,False,12.45,0.44,14.9,,
2016-12-01,E09000009,Ealing,519314.0,2.1,,272.0,1487.0,3.204825,2025,40889.0,,False,12.7,0.44,15.2,,
2017-01-01,E09000009,Ealing,523565.0,0.8,,200.0,1489.0,3.082934,2025,40889.0,,False,12.8,0.44,15.4,,
2017-02-01,E09000009,Ealing,523911.0,0.1,,215.0,1490.0,2.978161,2025,40889.0,,False,12.81,0.44,15.4,,
2017-03-01,E09000009,Ealing,519904.0,-0.8,,293.0,1490.0,2.790941,2025,40889.0,,False,12.72,0.44,15.3,,
2017-04-01,E09000009,Ealing,515949.0,-0.8,,195.0,1491.0,2.665699,2025,40889.0,,False,12.62,0.44,15.1,,
2017-05-01,E09000009,Ealing,520248.0,0.8,,199.0,1490.0,2.333939,2025,40889.0,,False,12.72,0.44,15.3,,
2017-06-01,E09000009,Ealing,517693.0,-0.5,,249.0,1492.0,2.156903,2025,40889.0,,False,12.66,0.44,15.2,,
2017-07-01,E09000009,Ealing,523516.0,1.1,,248.0,1490.0,1.614326,2025,40889.0,,False,12.8,0.44,15.4,,
2017-08-01,E09000009,Ealing,522553.0,-0.2,,268.0,1489.0,1.08689,2025,40889.0,,False,12.78,0.44,15.3,,
2017-09-01,E09000009,Ealing,523248.0,0.1,,233.0,1486.0,0.33958,2025,40889.0,,False,12.8,0.44,15.4,,
2017-10-01,E09000009,Ealing,516164.0,-1.4,,217.0,1485.0,-0.075031,2025,40889.0,,False,12.62,0.44,15.1,,
2017-11-01,E09000009,Ealing,512832.0,-0.6,,221.0,1483.0,-0.264976,2025,40889.0,,False,12.54,0.44,15.1,,
2017-12-01,E09000009,Ealing,501934.0,-2.1,,249.0,1480.0,-0.485194,2025,40889.0,,False,12.28,0.43,14.7,,
2018-01-01,E09000009,Ealing,506732.0,1.0,,216.0,1477.0,-0.774558,2025,40889.0,,False,12.39,0.43,14.9,,
2018-02-01,E09000009,Ealing,510049.0,0.7,,199.0,1476.0,-0.965691,2025,40889.0,,False,12.47,0.43,15.0,,
2018-03-01,E09000009,Ealing,517696.0,1.5,,236.0,1473.0,-1.129474,2025,40889.0,,False,12.66,0.43,15.2,,
2018-04-01,E09000009,Ealing,514725.0,-0.6,,211.0,1471.0,-1.322742,2025,40889.0,,False,12.59,0.43,15.1,,
2018-05-01,E09000009,Ealing,506208.0,-1.7,,220.0,1466.0,-1.609805,2025,40889.0,,False,12.38,0.43,14.9,,
2018-06-01,E09000009,Ealing,510153.0,0.8,,258.0,1463.0,-1.975058,2025,40889.0,,False,12.48,0.43,15.0,,
2018-07-01,E09000009,Ealing,511809.0,0.3,,257.0,1459.0,-2.071514,2025,40889.0,,False,12.52,0.43,15.0,,
2018-08-01,E09000009,Ealing,519534.0,1.5,,274.0,1457.0,-2.1755,2025,40889.0,,False,12.71,0.43,15.2,,
2018-09-01,E09000009,Ealing,519181.0,-0.1,,236.0,1460.0,-1.751652,2025,40889.0,,False,12.7,0.43,15.2,,
2018-10-01,E09000009,Ealing,514935.0,-0.8,,217.0,1465.0,-1.346386,2025,40889.0,,False,12.59,0.43,15.1,,
2018-11-01,E09000009,Ealing,516640.0,0.3,,280.0,1469.0,-0.989983,2025,40889.0,,False,12.64,0.43,15.2,,
2018-12-01,E09000009,Ealing,516007.0,-0.1,,193.0,1468.0,-0.815822,2025,40889.0,,False,12.62,0.43,15.1,,
2019-01-01,E09000009,Ealing,517116.0,0.2,,186.0,1465.0,-0.831265,2025,40889.0,,False,12.65,0.43,15.2,,
2019-02-01,E09000009,Ealing,509960.0,-1.4,,191.0,1463.0,-0.889072,2025,40889.0,,False,12.47,0.43,15.0,,
2019-03-01,E09000009,Ealing,499657.0,-2.0,,237.0,1461.0,-0.855332,2025,40889.0,,False,12.22,0.43,14.7,,
2019-04-01,E09000009,Ealing,493968.0,-1.1,,186.0,1459.0,-0.831555,2025,40889.0,,False,12.08,0.43,14.5,,
2019-05-01,E09000009,Ealing,498051.0,0.8,,230.0,1462.0,-0.311648,2025,40889.0,,False,12.18,0.43,14.6,,
2019-06-01,E09000009,Ealing,507184.0,1.8,,215.0,1465.0,0.188323,2025,40889.0,,False,12.4,0.43,14.9,,
2019-07-01,E09000009,Ealing,508088.0,0.2,,253.0,1471.0,0.823366,2025,40889.0,,False,12.43,0.43,14.9,,
2019-08-01,E09000009,Ealing,506684.0,-0.3,,311.0,1471.0,1.018487,2025,40889.0,,False,12.39,0.43,14.9,,
2019-09-01,E09000009,Ealing,505129.0,-0.3,,275.0,1476.0,1.078783,2025,40889.0,,False,12.35,0.43,14.8,,
2019-10-01,E09000009,Ealing,508532.0,0.7,,257.0,1477.0,0.803795,2025,40889.0,,False,12.44,0.43,14.9,,
2019-11-01,E09000009,Ealing,505611.0,-0.6,,213.0,1480.0,0.766086,2025,40889.0,,False,12.37,0.43,14.8,,
2019-12-01,E09000009,Ealing,501738.0,-0.8,,188.0,1478.0,0.704185,2025,40889.0,,False,12.27,0.43,14.7,,
2020-01-01,E09000009,Ealing,500081.0,-0.3,,220.0,1482.0,1.18708,2025,40889.0,,False,12.23,0.43,14.7,,
2020-02-01,E09000009,Ealing,500136.0,0.0,,211.0,1501.0,2.603956,2025,40889.0,,False,12.23,0.44,14.7,,
2020-03-01,E09000009,Ealing,512485.0,2.5,,260.0,1518.0,3.936135,2025,40889.0,,False,12.53,0.45,15.0,,
2020-04-01,E09000009,Ealing,510147.0,-0.5,,121.0,1538.0,5.469933,2025,40889.0,,False,12.48,0.45,15.0,,
2020-05-01,E09000009,Ealing,506046.0,-0.8,,102.0,1542.0,5.530727,2025,40889.0,,False,12.38,0.45,14.9,,
2020-06-01,E09000009,Ealing,501055.0,-1.0,,148.0,1549.0,5.734701,2025,40889.0,,False,12.25,0.45,14.7,,
2020-07-01,E09000009,Ealing,506723.0,1.1,,148.0,1549.0,5.28186,2025,40889.0,,False,12.39,0.45,14.9,,
2020-08-01,E09000009,Ealing,518898.0,2.4,,197.0,1545.0,5.025721,2025,40889.0,,False,12.69,0.45,15.2,,
2020-09-01,E09000009,Ealing,523227.0,0.8,,215.0,1543.0,4.56426,2025,40889.0,,False,12.8,0.45,15.4,,
2020-10-01,E09000009,Ealing,523059.0,0.0,,229.0,1544.0,4.593182,2025,40889.0,,False,12.79,0.45,15.4,,
2020-11-01,E09000009,Ealing,527127.0,0.8,,216.0,1551.0,4.788426,2025,40889.0,,False,12.89,0.46,15.5,,
2020-12-01,E09000009,Ealing,530267.0,0.6,,267.0,1555.0,5.18807,2025,40889.0,,False,12.97,0.46,15.6,,
2021-01-01,E09000009,Ealing,532484.0,0.4,,246.0,1560.0,5.279538,2025,40889.0,,False,13.02,0.46,15.6,,
2021-02-01,E09000009,Ealing,530445.0,-0.4,,322.0,1568.0,4.459427,2025,40889.0,,False,12.97,0.46,15.6,,
2021-03-01,E09000009,Ealing,533989.0,0.7,,558.0,1576.0,3.775092,2025,40889.0,,False,13.06,0.46,15.7,,
2021-04-01,E09000009,Ealing,534972.0,0.2,,321.0,1575.0,2.397914,2025,40889.0,,False,13.08,0.46,15.7,,
2021-05-01,E09000009,Ealing,535127.0,0.0,,285.0,1576.0,2.149714,2025,40889.0,,False,13.09,0.46,15.7,,
