data/exports/mart_london_affordability_monthly.csv
date_month,area_code,area_name,average_price,hpi_index,house_price_yoy_pct,sales_volume,avg_monthly_rent,rent_yoy_pct,earnings_year,median_gross_annual_pay,earnings_yoy_pct,earnings_fallback_used,price_to_earnings_ratio,annual_rent_to_earnings_ratio,months_to_save_10pct_deposit,rent_growth_minus_income_growth_pct,house_price_growth_minus_income_growth_pct
2021-06-01,E09000009,Ealing,537634.0,0.5,,912.0,1571.0,1.409934,2025,40889.0,,False,13.15,0.46,15.8,,
2021-07-01,E09000009,Ealing,536783.0,-0.2,,117.0,1573.0,1.541128,2025,40889.0,,False,13.13,0.46,15.8,,
2021-08-01,E09000009,Ealing,538460.0,0.3,,188.0,1567.0,1.40865,2025,40889.0,,False,13.17,0.46,15.8,,
2021-09-01,E09000009,Ealing,536941.0,-0.3,,507.0,1569.0,1.657607,2025,40889.0,,False,13.13,0.46,15.8,,
2021-10-01,E09000009,Ealing,555964.0,3.5,,173.0,1576.0,2.013174,2025,40889.0,,False,13.6,0.46,16.3,,
2021-11-01,E09000009,Ealing,559836.0,0.7,,240.0,1582.0,2.015386,2025,40889.0,,False,13.69,0.46,16.4,,
2021-12-01,E09000009,Ealing,560468.0,0.1,,279.0,1585.0,1.937245,2025,40889.0,,False,13.71,0.47,16.4,,
2022-01-01,E09000009,Ealing,555874.0,-0.8,,243.0,1580.0,1.270757,2025,40889.0,,False,13.59,0.46,16.3,,
2022-02-01,E09000009,Ealing,554799.0,-0.2,,247.0,1578.0,0.616552,2025,40889.0,,False,13.57,0.46,16.3,,
2022-03-01,E09000009,Ealing,554163.0,-0.1,,334.0,1576.0,0.02546,2025,40889.0,,False,13.55,0.46,16.3,,
2022-04-01,E09000009,Ealing,550235.0,-0.7,,277.0,1574.0,-0.068555,2025,40889.0,,False,13.46,0.46,16.1,,
2022-05-01,E09000009,Ealing,556173.0,1.1,,287.0,1573.0,-0.184493,2025,40889.0,,False,13.6,0.46,16.3,,
2022-06-01,E09000009,Ealing,565319.0,1.6,,275.0,1571.0,-0.027601,2025,40889.0,,False,13.83,0.46,16.6,,
2022-07-01,E09000009,Ealing,576514.0,2.0,,333.0,1572.0,-0.072612,2025,40889.0,,False,14.1,0.46,16.9,,
2022-08-01,E09000009,Ealing,575497.0,-0.2,,346.0,1576.0,0.593462,2025,40889.0,,False,14.07,0.46,16.9,,
2022-09-01,E09000009,Ealing,575467.0,0.0,,350.0,1584.0,0.969087,2025,40889.0,,False,14.07,0.46,16.9,,
2022-10-01,E09000009,Ealing,575696.0,0.0,,322.0,1594.0,1.189273,2025,40889.0,,False,14.08,0.47,16.9,,
2022-11-01,E09000009,Ealing,591865.0,2.8,,450.0,1600.0,1.167033,2025,40889.0,,False,14.47,0.47,17.4,,
2022-12-01,E09000009,Ealing,593867.0,0.3,,286.0,1603.0,1.148578,2025,40889.0,,False,14.52,0.47,17.4,,
2023-01-01,E09000009,Ealing,592076.0,-0.3,,199.0,1608.0,1.733754,2025,40889.0,,False,14.48,0.47,17.4,,
2023-02-01,E09000009,Ealing,580255.0,-2.0,,196.0,1612.0,2.167736,2025,40889.0,,False,14.19,0.47,17.0,,
2023-03-01,E09000009,Ealing,563579.0,-2.9,,254.0,1619.0,2.705889,2025,40889.0,,False,13.78,0.48,16.5,,
2023-04-01,E09000009,Ealing,560740.0,-0.5,,148.0,1625.0,3.230819,2025,40889.0,,False,13.71,0.48,16.5,,
2023-05-01,E09000009,Ealing,556547.0,-0.7,,174.0,1631.0,3.722876,2025,40889.0,,False,13.61,0.48,16.3,,
2023-06-01,E09000009,Ealing,561152.0,0.8,,204.0,1642.0,4.552951,2025,40889.0,,False,13.72,0.48,16.5,,
2023-07-01,E09000009,Ealing,562961.0,0.3,,210.0,1661.0,5.652579,2025,40889.0,,False,13.77,0.49,16.5,,
2023-08-01,E09000009,Ealing,566874.0,0.7,,254.0,1685.0,6.863093,2025,40889.0,,False,13.86,0.49,16.6,,
2023-09-01,E09000009,Ealing,568529.0,0.3,,237.0,1704.0,7.546765,2025,40889.0,,False,13.9,0.5,16.7,,
2023-10-01,E09000009,Ealing,560473.0,-1.4,,228.0,1720.0,7.882488,2025,40889.0,,False,13.71,0.5,16.4,,
2023-11-01,E09000009,Ealing,549736.0,-1.9,,205.0,1734.0,8.339153,2025,40889.0,,False,13.44,0.51,16.1,,
2023-12-01,E09000009,Ealing,554947.0,0.9,,203.0,1749.0,9.085827,2025,40889.0,,False,13.57,0.51,16.3,,
2024-01-01,E09000009,Ealing,559562.0,0.8,,158.0,1761.0,9.565613,2025,40889.0,,False,13.68,0.52,16.4,,
2024-02-01,E09000009,Ealing,567373.0,1.4,,214.0,1778.0,10.336864,2025,40889.0,,False,13.88,0.52,16.7,,
2024-03-01,E09000009,Ealing,561283.0,-1.1,,202.0,1796.0,10.950703,2025,40889.0,,False,13.73,0.53,16.5,,
2024-04-01,E09000009,Ealing,560665.0,-0.1,,200.0,1811.0,11.424292,2025,40889.0,,False,13.71,0.53,16.5,,
2024-05-01,E09000009,Ealing,566192.0,1.0,,233.0,1820.0,11.567271,2025,40889.0,,False,13.85,0.53,16.6,,
2024-06-01,E09000009,Ealing,573058.0,1.2,,169.0,1830.0,11.429533,2025,40889.0,,False,14.01,0.54,16.8,,
2024-07-01,E09000009,Ealing,576879.0,0.7,,284.0,1847.0,11.236441,2025,40889.0,,False,14.11,0.54,16.9,,
2024-08-01,E09000009,Ealing,577023.0,0.0,,284.0,1877.0,11.427607,2025,40889.0,,False,14.11,0.55,16.9,,
2024-09-01,E09000009,Ealing,576660.0,-0.1,,239.0,1914.0,12.339592,2025,40889.0,,False,14.1,0.56,16.9,,
2024-10-01,E09000009,Ealing,572592.0,-0.7,,339.0,1947.0,13.221492,2025,40889.0,,False,14.0,0.57,16.8,,
2024-11-01,E09000009,Ealing,570233.0,-0.4,,297.0,1977.0,14.012571,2025,40889.0,,False,13.95,0.58,16.7,,
2024-12-01,E09000009,Ealing,566203.0,-0.7,,229.0,2001.0,14.382521,2025,40889.0,,False,13.85,0.59,16.6,,
2025-01-01,E09000009,Ealing,572622.0,1.1,,201.0,2023.0,14.828276,2025,40889.0,,False,14.0,0.59,16.8,,
2025-02-01,E09000009,Ealing,569635.0,-0.5,,263.0,2031.0,14.193051,2025,40889.0,,False,13.93,0.6,16.7,,
2025-03-01,E09000009,Ealing,571394.0,0.3,,508.0,2033.0,13.200245,2025,40889.0,,False,13.97,0.6,16.8,,
2025-04-01,E09000009,Ealing,578535.0,1.2,,85.0,2035.0,12.398703,2025,40889.0,,False,14.15,0.6,17.0,,
2025-05-01,E09000009,Ealing,584676.0,1.1,,147.0,2037.0,11.934454,2025,40889.0,,False,14.3,0.6,17.2,,
2025-06-01,E09000009,Ealing,592290.0,1.3,,182.0,2041.0,11.533898,2025,40889.0,,False,14.49,0.6,17.4,,
2025-07-01,E09000009,Ealing,582037.0,-1.7,,233.0,2041.0,10.487448,2025,40889.0,,False,14.23,0.6,17.1,,
2025-08-01,E09000009,Ealing,577858.0,-0.7,,198.0,2047.0,9.045194,2025,40889.0,,False,14.13,0.6,17.0,,
2025-09-01,E09000009,Ealing,571465.0,-1.1,,178.0,2049.0,7.057355,2025,40889.0,,False,13.98,0.6,16.8,,
2025-10-01,E09000009,Ealing,570620.0,-0.1,,157.0,2050.0,5.279062,2025,40889.0,,False,13.96,0.6,16.7,,
2025-11-01,E09000009,Ealing,569696.0,-0.2,,132.0,2049.0,3.642744,2025,40889.0,,False,13.93,0.6,16.7,,
2025-12-01,E09000009,Ealing,576373.0,1.2,,,2051.0,2.532391,2025,40889.0,,False,14.1,0.6,16.9,,
2026-01-01,E09000009,Ealing,579970.0,0.6,,,2051.0,1.408118,2025,40889.0,,False,14.18,0.6,17.0,,
1995-01-01,E09000010,Enfield,77018.0,,,327.0,,,2025,43888.0,,False,1.75,,2.1,,
1995-02-01,E09000010,Enfield,77698.0,0.9,,302.0,,,2025,43888.0,,False,1.77,,2.1,,
1995-03-01,E09000010,Enfield,76674.0,-1.3,,437.0,,,2025,43888.0,,False,1.75,,2.1,,
1995-04-01,E09000010,Enfield,75880.0,-1.0,,337.0,,,2025,43888.0,,False,1.73,,2.1,,
1995-05-01,E09000010,Enfield,75017.0,-1.1,,393.0,,,2025,43888.0,,False,1.71,,2.1,,
1995-06-01,E09000010,Enfield,75779.0,1.0,,428.0,,,2025,43888.0,,False,1.73,,2.1,,
1995-07-01,E09000010,Enfield,76299.0,0.7,,390.0,,,2025,43888.0,,False,1.74,,2.1,,
1995-08-01,E09000010,Enfield,76724.0,0.6,,411.0,,,2025,43888.0,,False,1.75,,2.1,,
1995-09-01,E09000010,Enfield,76180.0,-0.7,,432.0,,,2025,43888.0,,False,1.74,,2.1,,
1995-10-01,E09000010,Enfield,76842.0,0.9,,377.0,,,2025,43888.0,,False,1.75,,2.1,,
1995-11-01,E09000010,Enfield,76459.0,-0.5,,424.0,,,2025,43888.0,,False,1.74,,2.1,,
1995-12-01,E09000010,Enfield,76886.0,0.6,,443.0,,,2025,43888.0,,False,1.75,,2.1,,
1996-01-01,E09000010,Enfield,75987.0,-1.2,,324.0,,,2025,43888.0,,False,1.73,,2.1,,
1996-02-01,E09000010,Enfield,75484.0,-0.7,,334.0,,,2025,43888.0,,False,1.72,,2.1,,
1996-03-01,E09000010,Enfield,75987.0,0.7,,460.0,,,2025,43888.0,,False,1.73,,2.1,,
1996-04-01,E09000010,Enfield,77021.0,1.4,,381.0,,,2025,43888.0,,False,1.75,,2.1,,
1996-05-01,E09000010,Enfield,78203.0,1.5,,452.0,,,2025,43888.0,,False,1.78,,2.1,,
1996-06-01,E09000010,Enfield,78764.0,0.7,,444.0,,,2025,43888.0,,False,1.79,,2.2,,
1996-07-01,E09000010,Enfield,79080.0,0.4,,531.0,,,2025,43888.0,,False,1.8,,2.2,,
1996-08-01,E09000010,Enfield,79961.0,1.1,,497.0,,,2025,43888.0,,False,1.82,,2.2,,
1996-09-01,E09000010,Enfield,80453.0,0.6,,453.0,,,2025,43888.0,,False,1.83,,2.2,,
1996-10-01,E09000010,Enfield,80649.0,0.2,,457.0,,,2025,43888.0,,False,1.84,,2.2,,
1996-11-01,E09000010,Enfield,80695.0,0.1,,589.0,,,2025,43888.0,,False,1.84,,2.2,,
1996-12-01,E09000010,Enfield,81653.0,1.2,,552.0,,,2025,43888.0,,False,1.86,,2.2,,
1997-01-01,E09000010,Enfield,82518.0,1.1,,398.0,,,2025,43888.0,,False,1.88,,2.3,,
1997-02-01,E09000010,Enfield,82930.0,0.5,,407.0,,,2025,43888.0,,False,1.89,,2.3,,
1997-03-01,E09000010,Enfield,83271.0,0.4,,460.0,,,2025,43888.0,,False,1.9,,2.3,,
1997-04-01,E09000010,Enfield,84547.0,1.5,,469.0,,,2025,43888.0,,False,1.93,,2.3,,
1997-05-01,E09000010,Enfield,86775.0,2.6,,520.0,,,2025,43888.0,,False,1.98,,2.4,,
1997-06-01,E09000010,Enfield,89067.0,2.6,,568.0,,,2025,43888.0,,False,2.03,,2.4,,
1997-07-01,E09000010,Enfield,90311.0,1.4,,625.0,,,2025,43888.0,,False,2.06,,2.5,,
1997-08-01,E09000010,Enfield,91775.0,1.6,,539.0,,,2025,43888.0,,False,2.09,,2.5,,
1997-09-01,E09000010,Enfield,92072.0,0.3,,548.0,,,2025,43888.0,,False,2.1,,2.5,,
1997-10-01,E09000010,Enfield,93375.0,1.4,,528.0,,,2025,43888.0,,False,2.13,,2.6,,
1997-11-01,E09000010,Enfield,93452.0,0.1,,500.0,,,2025,43888.0,,False,2.13,,2.6,,
1997-12-01,E09000010,Enfield,95531.0,2.2,,519.0,,,2025,43888.0,,False,2.18,,2.6,,
1998-01-01,E09000010,Enfield,96116.0,0.6,,410.0,,,2025,43888.0,,False,2.19,,2.6,,
1998-02-01,E09000010,Enfield,97630.0,1.6,,416.0,,,2025,43888.0,,False,2.22,,2.7,,
1998-03-01,E09000010,Enfield,97519.0,-0.1,,510.0,,,2025,43888.0,,False,2.22,,2.7,,
1998-04-01,E09000010,Enfield,97866.0,0.4,,467.0,,,2025,43888.0,,False,2.23,,2.7,,
1998-05-01,E09000010,Enfield,97202.0,-0.7,,443.0,,,2025,43888.0,,False,2.21,,2.7,,
1998-06-01,E09000010,Enfield,96884.0,-0.3,,540.0,,,2025,43888.0,,False,2.21,,2.6,,
1998-07-01,E09000010,Enfield,98454.0,1.6,,634.0,,,2025,43888.0,,False,2.24,,2.7,,
1998-08-01,E09000010,Enfield,100008.0,1.6,,505.0,,,2025,43888.0,,False,2.28,,2.7,,
1998-09-01,E09000010,Enfield,101403.0,1.4,,580.0,,,2025,43888.0,,False,2.31,,2.8,,
1998-10-01,E09000010,Enfield,100982.0,-0.4,,495.0,,,2025,43888.0,,False,2.3,,2.8,,
1998-11-01,E09000010,Enfield,100875.0,-0.1,,561.0,,,2025,43888.0,,False,2.3,,2.8,,
1998-12-01,E09000010,Enfield,100755.0,-0.1,,531.0,,,2025,43888.0,,False,2.3,,2.8,,
1999-01-01,E09000010,Enfield,100720.0,0.0,,399.0,,,2025,43888.0,,False,2.29,,2.8,,
1999-02-01,E09000010,Enfield,100987.0,0.3,,389.0,,,2025,43888.0,,False,2.3,,2.8,,
1999-03-01,E09000010,Enfield,101484.0,0.5,,476.0,,,2025,43888.0,,False,2.31,,2.8,,
1999-04-01,E09000010,Enfield,103509.0,2.0,,470.0,,,2025,43888.0,,False,2.36,,2.8,,
1999-05-01,E09000010,Enfield,105596.0,2.0,,478.0,,,2025,43888.0,,False,2.41,,2.9,,
1999-06-01,E09000010,Enfield,107554.0,1.9,,628.0,,,2025,43888.0,,False,2.45,,2.9,,
1999-07-01,E09000010,Enfield,108788.0,1.1,,716.0,,,2025,43888.0,,False,2.48,,3.0,,
1999-08-01,E09000010,Enfield,110647.0,1.7,,634.0,,,2025,43888.0,,False,2.52,,3.0,,
1999-09-01,E09000010,Enfield,112184.0,1.4,,586.0,,,2025,43888.0,,False,2.56,,3.1,,
1999-10-01,E09000010,Enfield,114547.0,2.1,,595.0,,,2025,43888.0,,False,2.61,,3.1,,
1999-11-01,E09000010,Enfield,116545.0,1.7,,591.0,,,2025,43888.0,,False,2.66,,3.2,,
1999-12-01,E09000010,Enfield,117286.0,0.6,,582.0,,,2025,43888.0,,False,2.67,,3.2,,
2000-01-01,E09000010,Enfield,118625.0,1.1,,451.0,,,2025,43888.0,,False,2.7,,3.2,,
2000-02-01,E09000010,Enfield,119887.0,1.1,,444.0,,,2025,43888.0,,False,2.73,,3.3,,
2000-03-01,E09000010,Enfield,123600.0,3.1,,559.0,,,2025,43888.0,,False,2.82,,3.4,,
2000-04-01,E09000010,Enfield,125559.0,1.6,,424.0,,,2025,43888.0,,False,2.86,,3.4,,
2000-05-01,E09000010,Enfield,128446.0,2.3,,501.0,,,2025,43888.0,,False,2.93,,3.5,,
2000-06-01,E09000010,Enfield,130512.0,1.6,,485.0,,,2025,43888.0,,False,2.97,,3.6,,
2000-07-01,E09000010,Enfield,132588.0,1.6,,514.0,,,2025,43888.0,,False,3.02,,3.6,,
2000-08-01,E09000010,Enfield,133450.0,0.6,,474.0,,,2025,43888.0,,False,3.04,,3.6,,
2000-09-01,E09000010,Enfield,133869.0,0.3,,483.0,,,2025,43888.0,,False,3.05,,3.7,,
2000-10-01,E09000010,Enfield,135748.0,1.4,,445.0,,,2025,43888.0,,False,3.09,,3.7,,
2000-11-01,E09000010,Enfield,135267.0,-0.4,,475.0,,,2025,43888.0,,False,3.08,,3.7,,
2000-12-01,E09000010,Enfield,135320.0,0.0,,473.0,,,2025,43888.0,,False,3.08,,3.7,,
2001-01-01,E09000010,Enfield,133666.0,-1.2,,425.0,,,2025,43888.0,,False,3.05,,3.7,,
2001-02-01,E09000010,Enfield,135500.0,1.4,,411.0,,,2025,43888.0,,False,3.09,,3.7,,
2001-03-01,E09000010,Enfield,136209.0,0.5,,506.0,,,2025,43888.0,,False,3.1,,3.7,,
2001-04-01,E09000010,Enfield,138731.0,1.9,,466.0,,,2025,43888.0,,False,3.16,,3.8,,
2001-05-01,E09000010,Enfield,140140.0,1.0,,615.0,,,2025,43888.0,,False,3.19,,3.8,,
2001-06-01,E09000010,Enfield,143289.0,2.2,,700.0,,,2025,43888.0,,False,3.26,,3.9,,
2001-07-01,E09000010,Enfield,144850.0,1.1,,698.0,,,2025,43888.0,,False,3.3,,4.0,,
2001-08-01,E09000010,Enfield,147713.0,2.0,,750.0,,,2025,43888.0,,False,3.37,,4.0,,
2001-09-01,E09000010,Enfield,149939.0,1.5,,646.0,,,2025,43888.0,,False,3.42,,4.1,,
2001-10-01,E09000010,Enfield,152290.0,1.6,,681.0,,,2025,43888.0,,False,3.47,,4.2,,
2001-11-01,E09000010,Enfield,153956.0,1.1,,671.0,,,2025,43888.0,,False,3.51,,4.2,,
2001-12-01,E09000010,Enfield,153413.0,-0.4,,504.0,,,2025,43888.0,,False,3.5,,4.2,,
2002-01-01,E09000010,Enfield,153663.0,0.2,,440.0,,,2025,43888.0,,False,3.5,,4.2,,
2002-02-01,E09000010,Enfield,154095.0,0.3,,487.0,,,2025,43888.0,,False,3.51,,4.2,,
2002-03-01,E09000010,Enfield,156178.0,1.4,,599.0,,,2025,43888.0,,False,3.56,,4.3,,
2002-04-01,E09000010,Enfield,158402.0,1.4,,623.0,,,2025,43888.0,,False,3.61,,4.3,,
2002-05-01,E09000010,Enfield,160857.0,1.5,,733.0,,,2025,43888.0,,False,3.67,,4.4,,
2002-06-01,E09000010,Enfield,164542.0,2.3,,522.0,,,2025,43888.0,,False,3.75,,4.5,,
2002-07-01,E09000010,Enfield,169493.0,3.0,,763.0,,,2025,43888.0,,False,3.86,,4.6,,
2002-08-01,E09000010,Enfield,173384.0,2.3,,736.0,,,2025,43888.0,,False,3.95,,4.7,,
2002-09-01,E09000010,Enfield,179528.0,3.5,,568.0,,,2025,43888.0,,False,4.09,,4.9,,
2002-10-01,E09000010,Enfield,184759.0,2.9,,653.0,,,2025,43888.0,,False,4.21,,5.1,,
2002-11-01,E09000010,Enfield,189862.0,2.8,,559.0,,,2025,43888.0,,False,4.33,,5.2,,
2002-12-01,E09000010,Enfield,191811.0,1.0,,554.0,,,2025,43888.0,,False,4.37,,5.2,,
2003-01-01,E09000010,Enfield,193423.0,0.8,,516.0,,,2025,43888.0,,False,4.41,,5.3,,
2003-02-01,E09000010,Enfield,196151.0,1.4,,498.0,,,2025,43888.0,,False,4.47,,5.4,,
2003-03-01,E09000010,Enfield,199756.0,1.8,,421.0,,,2025,43888.0,,False,4.55,,5.5,,
2003-04-01,E09000010,Enfield,199966.0,0.1,,456.0,,,2025,43888.0,,False,4.56,,5.5,,
2003-05-01,E09000010,Enfield,200957.0,0.5,,424.0,,,2025,43888.0,,False,4.58,,5.5,,
2003-06-01,E09000010,Enfield,201580.0,0.3,,508.0,,,2025,43888.0,,False,4.59,,5.5,,
2003-07-01,E09000010,Enfield,204534.0,1.5,,574.0,,,2025,43888.0,,False,4.66,,5.6,,
2003-08-01,E09000010,Enfield,205350.0,0.4,,526.0,,,2025,43888.0,,False,4.68,,5.6,,
2003-09-01,E09000010,Enfield,205261.0,0.0,,535.0,,,2025,43888.0,,False,4.68,,5.6,,
2003-10-01,E09000010,Enfield,206439.0,0.6,,668.0,,,2025,43888.0,,False,4.7,,5.6,,
2003-11-01,E09000010,Enfield,207295.0,0.4,,570.0,,,2025,43888.0,,False,4.72,,5.7,,
2003-12-01,E09000010,Enfield,208184.0,0.4,,625.0,,,2025,43888.0,,False,4.74,,5.7,,
2004-01-01,E09000010,Enfield,207807.0,-0.2,,437.0,,,2025,43888.0,,False,4.73,,5.7,,
2004-02-01,E09000010,Enfield,208045.0,0.1,,532.0,,,2025,43888.0,,False,4.74,,5.7,,
2004-03-01,E09000010,Enfield,209158.0,0.5,,549.0,,,2025,43888.0,,False,4.77,,5.7,,
2004-04-01,E09000010,Enfield,212560.0,1.6,,499.0,,,2025,43888.0,,False,4.84,,5.8,,
2004-05-01,E09000010,Enfield,217777.0,2.5,,506.0,,,2025,43888.0,,False,4.96,,6.0,,
2004-06-01,E09000010,Enfield,220998.0,1.5,,565.0,,,2025,43888.0,,False,5.04,,6.0,,
2004-07-01,E09000010,Enfield,222461.0,0.7,,672.0,,,2025,43888.0,,False,5.07,,6.1,,
2004-08-01,E09000010,Enfield,223240.0,0.4,,574.0,,,2025,43888.0,,False,5.09,,6.1,,
2004-09-01,E09000010,Enfield,225263.0,0.9,,534.0,,,2025,43888.0,,False,5.13,,6.2,,
2004-10-01,E09000010,Enfield,225961.0,0.3,,476.0,,,2025,43888.0,,False,5.15,,6.2,,
2004-11-01,E09000010,Enfield,225299.0,-0.3,,445.0,,,2025,43888.0,,False,5.13,,6.2,,
2004-12-01,E09000010,Enfield,225012.0,-0.1,,423.0,,,2025,43888.0,,False,5.13,,6.2,,
2005-01-01,E09000010,Enfield,224242.0,-0.3,,294.0,,,2025,43888.0,,False,5.11,,6.1,,
2005-02-01,E09000010,Enfield,224226.0,0.0,,302.0,,,2025,43888.0,,False,5.11,,6.1,,
2005-03-01,E09000010,Enfield,224530.0,0.1,,344.0,,,2025,43888.0,,False,5.12,,6.1,,
2005-04-01,E09000010,Enfield,225446.0,0.4,,357.0,,,2025,43888.0,,False,5.14,,6.2,,
2005-05-01,E09000010,Enfield,227560.0,0.9,,363.0,,,2025,43888.0,,False,5.19,,6.2,,
2005-06-01,E09000010,Enfield,226612.0,-0.4,,429.0,,,2025,43888.0,,False,5.16,,6.2,,
2005-07-01,E09000010,Enfield,226930.0,0.1,,528.0,,,2025,43888.0,,False,5.17,,6.2,,
2005-08-01,E09000010,Enfield,224830.0,-0.9,,480.0,,,2025,43888.0,,False,5.12,,6.1,,
2005-09-01,E09000010,Enfield,225584.0,0.3,,471.0,,,2025,43888.0,,False,5.14,,6.2,,
2005-10-01,E09000010,Enfield,224718.0,-0.4,,435.0,,,2025,43888.0,,False,5.12,,6.1,,
2005-11-01,E09000010,Enfield,227120.0,1.1,,497.0,,,2025,43888.0,,False,5.17,,6.2,,
2005-12-01,E09000010,Enfield,227183.0,0.0,,558.0,,,2025,43888.0,,False,5.18,,6.2,,
2006-01-01,E09000010,Enfield,227363.0,0.1,,422.0,,,2025,43888.0,,False,5.18,,6.2,,
2006-02-01,E09000010,Enfield,226373.0,-0.4,,404.0,,,2025,43888.0,,False,5.16,,6.2,,
2006-03-01,E09000010,Enfield,225595.0,-0.3,,540.0,,,2025,43888.0,,False,5.14,,6.2,,
2006-04-01,E09000010,Enfield,227633.0,0.9,,419.0,,,2025,43888.0,,False,5.19,,6.2,,
2006-05-01,E09000010,Enfield,229258.0,0.7,,515.0,,,2025,43888.0,,False,5.22,,6.3,,
2006-06-01,E09000010,Enfield,232505.0,1.4,,589.0,,,2025,43888.0,,False,5.3,,6.4,,
2006-07-01,E09000010,Enfield,233941.0,0.6,,543.0,,,2025,43888.0,,False,5.33,,6.4,,
2006-08-01,E09000010,Enfield,235882.0,0.8,,599.0,,,2025,43888.0,,False,5.37,,6.4,,
2006-09-01,E09000010,Enfield,238032.0,0.9,,611.0,,,2025,43888.0,,False,5.42,,6.5,,
2006-10-01,E09000010,Enfield,239925.0,0.8,,593.0,,,2025,43888.0,,False,5.47,,6.6,,
2006-11-01,E09000010,Enfield,240460.0,0.2,,551.0,,,2025,43888.0,,False,5.48,,6.6,,
