data/exports/mart_london_affordability_monthly.csv
date_month,area_code,area_name,average_price,hpi_index,house_price_yoy_pct,sales_volume,avg_monthly_rent,rent_yoy_pct,earnings_year,median_gross_annual_pay,earnings_yoy_pct,earnings_fallback_used,price_to_earnings_ratio,annual_rent_to_earnings_ratio,months_to_save_10pct_deposit,rent_growth_minus_income_growth_pct,house_price_growth_minus_income_growth_pct
2006-12-01,E09000010,Enfield,241142.0,0.3,,526.0,,,2025,43888.0,,False,5.49,,6.6,,
2007-01-01,E09000010,Enfield,242788.0,0.7,,447.0,,,2025,43888.0,,False,5.53,,6.6,,
2007-02-01,E09000010,Enfield,245331.0,1.0,,450.0,,,2025,43888.0,,False,5.59,,6.7,,
2007-03-01,E09000010,Enfield,246408.0,0.4,,519.0,,,2025,43888.0,,False,5.61,,6.7,,
2007-04-01,E09000010,Enfield,248064.0,0.7,,485.0,,,2025,43888.0,,False,5.65,,6.8,,
2007-05-01,E09000010,Enfield,250308.0,0.9,,583.0,,,2025,43888.0,,False,5.7,,6.8,,
2007-06-01,E09000010,Enfield,256037.0,2.3,,600.0,,,2025,43888.0,,False,5.83,,7.0,,
2007-07-01,E09000010,Enfield,263590.0,3.0,,618.0,,,2025,43888.0,,False,6.01,,7.2,,
2007-08-01,E09000010,Enfield,270073.0,2.5,,641.0,,,2025,43888.0,,False,6.15,,7.4,,
2007-09-01,E09000010,Enfield,272662.0,1.0,,542.0,,,2025,43888.0,,False,6.21,,7.5,,
2007-10-01,E09000010,Enfield,271199.0,-0.5,,577.0,,,2025,43888.0,,False,6.18,,7.4,,
2007-11-01,E09000010,Enfield,270846.0,-0.1,,545.0,,,2025,43888.0,,False,6.17,,7.4,,
2007-12-01,E09000010,Enfield,271407.0,0.2,,409.0,,,2025,43888.0,,False,6.18,,7.4,,
2008-01-01,E09000010,Enfield,272506.0,0.4,,361.0,,,2025,43888.0,,False,6.21,,7.5,,
2008-02-01,E09000010,Enfield,273135.0,0.2,,380.0,,,2025,43888.0,,False,6.22,,7.5,,
2008-03-01,E09000010,Enfield,270383.0,-1.0,,311.0,,,2025,43888.0,,False,6.16,,7.4,,
2008-04-01,E09000010,Enfield,269848.0,-0.2,,293.0,,,2025,43888.0,,False,6.15,,7.4,,
2008-05-01,E09000010,Enfield,268575.0,-0.5,,267.0,,,2025,43888.0,,False,6.12,,7.3,,
2008-06-01,E09000010,Enfield,266684.0,-0.7,,253.0,,,2025,43888.0,,False,6.08,,7.3,,
2008-07-01,E09000010,Enfield,264637.0,-0.8,,290.0,,,2025,43888.0,,False,6.03,,7.2,,
2008-08-01,E09000010,Enfield,258707.0,-2.2,,232.0,,,2025,43888.0,,False,5.89,,7.1,,
2008-09-01,E09000010,Enfield,255765.0,-1.1,,177.0,,,2025,43888.0,,False,5.83,,7.0,,
2008-10-01,E09000010,Enfield,251023.0,-1.9,,197.0,,,2025,43888.0,,False,5.72,,6.9,,
2008-11-01,E09000010,Enfield,243013.0,-3.2,,152.0,,,2025,43888.0,,False,5.54,,6.6,,
2008-12-01,E09000010,Enfield,239003.0,-1.7,,165.0,,,2025,43888.0,,False,5.45,,6.5,,
2009-01-01,E09000010,Enfield,232212.0,-2.8,,88.0,,,2025,43888.0,,False,5.29,,6.3,,
2009-02-01,E09000010,Enfield,232936.0,0.3,,149.0,,,2025,43888.0,,False,5.31,,6.4,,
2009-03-01,E09000010,Enfield,227397.0,-2.4,,137.0,,,2025,43888.0,,False,5.18,,6.2,,
2009-04-01,E09000010,Enfield,227588.0,0.1,,168.0,,,2025,43888.0,,False,5.19,,6.2,,
2009-05-01,E09000010,Enfield,226787.0,-0.4,,193.0,,,2025,43888.0,,False,5.17,,6.2,,
2009-06-01,E09000010,Enfield,234026.0,3.2,,149.0,,,2025,43888.0,,False,5.33,,6.4,,
2009-07-01,E09000010,Enfield,236715.0,1.1,,249.0,,,2025,43888.0,,False,5.39,,6.5,,
2009-08-01,E09000010,Enfield,241106.0,1.9,,254.0,,,2025,43888.0,,False,5.49,,6.6,,
2009-09-01,E09000010,Enfield,240829.0,-0.1,,249.0,,,2025,43888.0,,False,5.49,,6.6,,
2009-10-01,E09000010,Enfield,242653.0,0.8,,307.0,,,2025,43888.0,,False,5.53,,6.6,,
2009-11-01,E09000010,Enfield,243191.0,0.2,,281.0,,,2025,43888.0,,False,5.54,,6.6,,
2009-12-01,E09000010,Enfield,243914.0,0.3,,314.0,,,2025,43888.0,,False,5.56,,6.7,,
2010-01-01,E09000010,Enfield,247206.0,1.3,,200.0,,,2025,43888.0,,False,5.63,,6.8,,
2010-02-01,E09000010,Enfield,251606.0,1.8,,193.0,,,2025,43888.0,,False,5.73,,6.9,,
2010-03-01,E09000010,Enfield,254080.0,1.0,,266.0,,,2025,43888.0,,False,5.79,,6.9,,
2010-04-01,E09000010,Enfield,253897.0,-0.1,,243.0,,,2025,43888.0,,False,5.79,,6.9,,
2010-05-01,E09000010,Enfield,253836.0,0.0,,233.0,,,2025,43888.0,,False,5.78,,6.9,,
2010-06-01,E09000010,Enfield,257165.0,1.3,,240.0,,,2025,43888.0,,False,5.86,,7.0,,
2010-07-01,E09000010,Enfield,261209.0,1.6,,282.0,,,2025,43888.0,,False,5.95,,7.1,,
2010-08-01,E09000010,Enfield,263499.0,0.9,,287.0,,,2025,43888.0,,False,6.0,,7.2,,
2010-09-01,E09000010,Enfield,261547.0,-0.7,,245.0,,,2025,43888.0,,False,5.96,,7.2,,
2010-10-01,E09000010,Enfield,260299.0,-0.5,,232.0,,,2025,43888.0,,False,5.93,,7.1,,
2010-11-01,E09000010,Enfield,259835.0,-0.2,,222.0,,,2025,43888.0,,False,5.92,,7.1,,
2010-12-01,E09000010,Enfield,261793.0,0.8,,245.0,,,2025,43888.0,,False,5.97,,7.2,,
2011-01-01,E09000010,Enfield,261698.0,0.0,,182.0,,,2025,43888.0,,False,5.96,,7.2,,
2011-02-01,E09000010,Enfield,258772.0,-1.1,,201.0,,,2025,43888.0,,False,5.9,,7.1,,
2011-03-01,E09000010,Enfield,255192.0,-1.4,,174.0,,,2025,43888.0,,False,5.81,,7.0,,
2011-04-01,E09000010,Enfield,252920.0,-0.9,,203.0,,,2025,43888.0,,False,5.76,,6.9,,
2011-05-01,E09000010,Enfield,249053.0,-1.5,,183.0,,,2025,43888.0,,False,5.67,,6.8,,
2011-06-01,E09000010,Enfield,249384.0,0.1,,233.0,,,2025,43888.0,,False,5.68,,6.8,,
2011-07-01,E09000010,Enfield,251405.0,0.8,,240.0,,,2025,43888.0,,False,5.73,,6.9,,
2011-08-01,E09000010,Enfield,259099.0,3.1,,266.0,,,2025,43888.0,,False,5.9,,7.1,,
2011-09-01,E09000010,Enfield,262054.0,1.1,,234.0,,,2025,43888.0,,False,5.97,,7.2,,
2011-10-01,E09000010,Enfield,262082.0,0.0,,278.0,,,2025,43888.0,,False,5.97,,7.2,,
2011-11-01,E09000010,Enfield,261439.0,-0.2,,260.0,,,2025,43888.0,,False,5.96,,7.1,,
2011-12-01,E09000010,Enfield,261140.0,-0.1,,263.0,,,2025,43888.0,,False,5.95,,7.1,,
2012-01-01,E09000010,Enfield,260429.0,-0.3,,207.0,,,2025,43888.0,,False,5.93,,7.1,,
2012-02-01,E09000010,Enfield,256191.0,-1.6,,229.0,,,2025,43888.0,,False,5.84,,7.0,,
2012-03-01,E09000010,Enfield,252906.0,-1.3,,309.0,,,2025,43888.0,,False,5.76,,6.9,,
2012-04-01,E09000010,Enfield,253790.0,0.3,,203.0,,,2025,43888.0,,False,5.78,,6.9,,
2012-05-01,E09000010,Enfield,256605.0,1.1,,232.0,,,2025,43888.0,,False,5.85,,7.0,,
2012-06-01,E09000010,Enfield,261903.0,2.1,,234.0,,,2025,43888.0,,False,5.97,,7.2,,
2012-07-01,E09000010,Enfield,263008.0,0.4,,225.0,,,2025,43888.0,,False,5.99,,7.2,,
2012-08-01,E09000010,Enfield,267708.0,1.8,,278.0,,,2025,43888.0,,False,6.1,,7.3,,
2012-09-01,E09000010,Enfield,270010.0,0.9,,219.0,,,2025,43888.0,,False,6.15,,7.4,,
2012-10-01,E09000010,Enfield,271218.0,0.4,,201.0,,,2025,43888.0,,False,6.18,,7.4,,
2012-11-01,E09000010,Enfield,272022.0,0.3,,243.0,,,2025,43888.0,,False,6.2,,7.4,,
2012-12-01,E09000010,Enfield,270785.0,-0.5,,221.0,,,2025,43888.0,,False,6.17,,7.4,,
2013-01-01,E09000010,Enfield,273998.0,1.2,,181.0,,,2025,43888.0,,False,6.24,,7.5,,
2013-02-01,E09000010,Enfield,270434.0,-1.3,,215.0,,,2025,43888.0,,False,6.16,,7.4,,
2013-03-01,E09000010,Enfield,271057.0,0.2,,215.0,,,2025,43888.0,,False,6.18,,7.4,,
2013-04-01,E09000010,Enfield,266566.0,-1.7,,211.0,,,2025,43888.0,,False,6.07,,7.3,,
2013-05-01,E09000010,Enfield,269208.0,1.0,,284.0,,,2025,43888.0,,False,6.13,,7.4,,
2013-06-01,E09000010,Enfield,270890.0,0.6,,245.0,,,2025,43888.0,,False,6.17,,7.4,,
2013-07-01,E09000010,Enfield,276593.0,2.1,,327.0,,,2025,43888.0,,False,6.3,,7.6,,
2013-08-01,E09000010,Enfield,283087.0,2.3,,322.0,,,2025,43888.0,,False,6.45,,7.7,,
2013-09-01,E09000010,Enfield,285077.0,0.7,,324.0,,,2025,43888.0,,False,6.5,,7.8,,
2013-10-01,E09000010,Enfield,288261.0,1.1,,373.0,,,2025,43888.0,,False,6.57,,7.9,,
2013-11-01,E09000010,Enfield,287256.0,-0.3,,375.0,,,2025,43888.0,,False,6.55,,7.9,,
2013-12-01,E09000010,Enfield,291782.0,1.6,,344.0,,,2025,43888.0,,False,6.65,,8.0,,
2014-01-01,E09000010,Enfield,290435.0,-0.5,,326.0,,,2025,43888.0,,False,6.62,,7.9,,
2014-02-01,E09000010,Enfield,292253.0,0.6,,334.0,,,2025,43888.0,,False,6.66,,8.0,,
2014-03-01,E09000010,Enfield,294182.0,0.7,,333.0,,,2025,43888.0,,False,6.7,,8.0,,
2014-04-01,E09000010,Enfield,298707.0,1.5,,302.0,,,2025,43888.0,,False,6.81,,8.2,,
2014-05-01,E09000010,Enfield,303159.0,1.5,,306.0,,,2025,43888.0,,False,6.91,,8.3,,
2014-06-01,E09000010,Enfield,307645.0,1.5,,330.0,,,2025,43888.0,,False,7.01,,8.4,,
2014-07-01,E09000010,Enfield,315529.0,2.6,,336.0,,,2025,43888.0,,False,7.19,,8.6,,
2014-08-01,E09000010,Enfield,323882.0,2.6,,359.0,,,2025,43888.0,,False,7.38,,8.9,,
2014-09-01,E09000010,Enfield,328153.0,1.3,,336.0,,,2025,43888.0,,False,7.48,,9.0,,
2014-10-01,E09000010,Enfield,332138.0,1.2,,345.0,,,2025,43888.0,,False,7.57,,9.1,,
2014-11-01,E09000010,Enfield,332940.0,0.2,,323.0,,,2025,43888.0,,False,7.59,,9.1,,
2014-12-01,E09000010,Enfield,334650.0,0.5,,274.0,,,2025,43888.0,,False,7.63,,9.2,,
2015-01-01,E09000010,Enfield,335695.0,0.3,,272.0,1155.0,,2025,43888.0,,False,7.65,0.32,9.2,,
2015-02-01,E09000010,Enfield,336357.0,0.2,,281.0,1163.0,,2025,43888.0,,False,7.66,0.32,9.2,,
2015-03-01,E09000010,Enfield,339229.0,0.9,,321.0,1170.0,,2025,43888.0,,False,7.73,0.32,9.3,,
2015-04-01,E09000010,Enfield,341738.0,0.7,,265.0,1179.0,,2025,43888.0,,False,7.79,0.32,9.3,,
2015-05-01,E09000010,Enfield,344887.0,0.9,,327.0,1186.0,,2025,43888.0,,False,7.86,0.32,9.4,,
2015-06-01,E09000010,Enfield,348932.0,1.2,,286.0,1194.0,,2025,43888.0,,False,7.95,0.33,9.5,,
2015-07-01,E09000010,Enfield,356209.0,2.1,,398.0,1201.0,,2025,43888.0,,False,8.12,0.33,9.7,,
2015-08-01,E09000010,Enfield,365479.0,2.6,,317.0,1215.0,,2025,43888.0,,False,8.33,0.33,10.0,,
2015-09-01,E09000010,Enfield,371980.0,1.8,,337.0,1227.0,,2025,43888.0,,False,8.48,0.34,10.2,,
2015-10-01,E09000010,Enfield,375769.0,1.0,,341.0,1237.0,,2025,43888.0,,False,8.56,0.34,10.3,,
2015-11-01,E09000010,Enfield,377838.0,0.6,,323.0,1238.0,,2025,43888.0,,False,8.61,0.34,10.3,,
2015-12-01,E09000010,Enfield,381958.0,1.1,,303.0,1241.0,,2025,43888.0,,False,8.7,0.34,10.4,,
2016-01-01,E09000010,Enfield,386806.0,1.3,,291.0,1244.0,7.66015,2025,43888.0,,False,8.81,0.34,10.6,,
2016-02-01,E09000010,Enfield,390651.0,1.0,,248.0,1247.0,7.277238,2025,43888.0,,False,8.9,0.34,10.7,,
2016-03-01,E09000010,Enfield,395320.0,1.2,,612.0,1249.0,6.718886,2025,43888.0,,False,9.01,0.34,10.8,,
2016-04-01,E09000010,Enfield,401703.0,1.6,,157.0,1251.0,6.086475,2025,43888.0,,False,9.15,0.34,11.0,,
2016-05-01,E09000010,Enfield,405815.0,1.0,,209.0,1253.0,5.695341,2025,43888.0,,False,9.25,0.34,11.1,,
2016-06-01,E09000010,Enfield,408163.0,0.6,,243.0,1256.0,5.202459,2025,43888.0,,False,9.3,0.34,11.2,,
2016-07-01,E09000010,Enfield,411958.0,0.9,,260.0,1263.0,5.137848,2025,43888.0,,False,9.39,0.35,11.3,,
2016-08-01,E09000010,Enfield,418609.0,1.6,,281.0,1269.0,4.450689,2025,43888.0,,False,9.54,0.35,11.4,,
2016-09-01,E09000010,Enfield,426662.0,1.9,,253.0,1276.0,4.006775,2025,43888.0,,False,9.72,0.35,11.7,,
2016-10-01,E09000010,Enfield,425545.0,-0.3,,225.0,1280.0,3.537712,2025,43888.0,,False,9.7,0.35,11.6,,
2016-11-01,E09000010,Enfield,422964.0,-0.6,,249.0,1284.0,3.773684,2025,43888.0,,False,9.64,0.35,11.6,,
2016-12-01,E09000010,Enfield,418962.0,-0.9,,211.0,1287.0,3.734119,2025,43888.0,,False,9.55,0.35,11.5,,
2017-01-01,E09000010,Enfield,416211.0,-0.7,,208.0,1291.0,3.807633,2025,43888.0,,False,9.48,0.35,11.4,,
2017-02-01,E09000010,Enfield,410258.0,-1.4,,189.0,1297.0,3.97626,2025,43888.0,,False,9.35,0.35,11.2,,
2017-03-01,E09000010,Enfield,406936.0,-0.8,,274.0,1302.0,4.252233,2025,43888.0,,False,9.27,0.36,11.1,,
2017-04-01,E09000010,Enfield,413293.0,1.6,,214.0,1305.0,4.330518,2025,43888.0,,False,9.42,0.36,11.3,,
2017-05-01,E09000010,Enfield,421239.0,1.9,,244.0,1307.0,4.27944,2025,43888.0,,False,9.6,0.36,11.5,,
2017-06-01,E09000010,Enfield,426416.0,1.2,,290.0,1310.0,4.247906,2025,43888.0,,False,9.72,0.36,11.7,,
2017-07-01,E09000010,Enfield,428322.0,0.4,,239.0,1312.0,3.945675,2025,43888.0,,False,9.76,0.36,11.7,,
2017-08-01,E09000010,Enfield,428263.0,0.0,,267.0,1317.0,3.735584,2025,43888.0,,False,9.76,0.36,11.7,,
2017-09-01,E09000010,Enfield,429507.0,0.3,,215.0,1318.0,3.225179,2025,43888.0,,False,9.79,0.36,11.7,,
2017-10-01,E09000010,Enfield,423689.0,-1.4,,258.0,1316.0,2.809637,2025,43888.0,,False,9.65,0.36,11.6,,
2017-11-01,E09000010,Enfield,422243.0,-0.3,,206.0,1312.0,2.157608,2025,43888.0,,False,9.62,0.36,11.5,,
2017-12-01,E09000010,Enfield,419832.0,-0.6,,225.0,1312.0,1.944685,2025,43888.0,,False,9.57,0.36,11.5,,
2018-01-01,E09000010,Enfield,419571.0,-0.1,,186.0,1311.0,1.574631,2025,43888.0,,False,9.56,0.36,11.5,,
2018-02-01,E09000010,Enfield,422403.0,0.7,,198.0,1313.0,1.213778,2025,43888.0,,False,9.62,0.36,11.5,,
2018-03-01,E09000010,Enfield,422285.0,0.0,,237.0,1313.0,0.841515,2025,43888.0,,False,9.62,0.36,11.5,,
2018-04-01,E09000010,Enfield,421594.0,-0.2,,165.0,1311.0,0.478836,2025,43888.0,,False,9.61,0.36,11.5,,
2018-05-01,E09000010,Enfield,422938.0,0.3,,200.0,1309.0,0.187018,2025,43888.0,,False,9.64,0.36,11.6,,
2018-06-01,E09000010,Enfield,421336.0,-0.4,,240.0,1306.0,-0.245132,2025,43888.0,,False,9.6,0.36,11.5,,
2018-07-01,E09000010,Enfield,422557.0,0.3,,230.0,1306.0,-0.509567,2025,43888.0,,False,9.63,0.36,11.6,,
2018-08-01,E09000010,Enfield,419757.0,-0.7,,244.0,1306.0,-0.774852,2025,43888.0,,False,9.56,0.36,11.5,,
2018-09-01,E09000010,Enfield,419243.0,-0.1,,238.0,1307.0,-0.790531,2025,43888.0,,False,9.55,0.36,11.5,,
2018-10-01,E09000010,Enfield,421938.0,0.6,,225.0,1308.0,-0.611016,2025,43888.0,,False,9.61,0.36,11.5,,
2018-11-01,E09000010,Enfield,418601.0,-0.8,,201.0,1311.0,-0.103196,2025,43888.0,,False,9.54,0.36,11.4,,
2018-12-01,E09000010,Enfield,422085.0,0.8,,196.0,1311.0,-0.065708,2025,43888.0,,False,9.62,0.36,11.5,,
2019-01-01,E09000010,Enfield,420185.0,-0.5,,202.0,1312.0,0.015333,2025,43888.0,,False,9.57,0.36,11.5,,
2019-02-01,E09000010,Enfield,421925.0,0.4,,194.0,1308.0,-0.390516,2025,43888.0,,False,9.61,0.36,11.5,,
2019-03-01,E09000010,Enfield,418390.0,-0.8,,182.0,1307.0,-0.478351,2025,43888.0,,False,9.53,0.36,11.4,,
2019-04-01,E09000010,Enfield,418502.0,0.0,,193.0,1305.0,-0.473491,2025,43888.0,,False,9.54,0.36,11.4,,
2019-05-01,E09000010,Enfield,412169.0,-1.5,,165.0,1309.0,-0.005208,2025,43888.0,,False,9.39,0.36,11.3,,
2019-06-01,E09000010,Enfield,414402.0,0.5,,217.0,1310.0,0.252189,2025,43888.0,,False,9.44,0.36,11.3,,
2019-07-01,E09000010,Enfield,411091.0,-0.8,,231.0,1312.0,0.455333,2025,43888.0,,False,9.37,0.36,11.2,,
2019-08-01,E09000010,Enfield,417081.0,1.5,,268.0,1309.0,0.185943,2025,43888.0,,False,9.5,0.36,11.4,,
2019-09-01,E09000010,Enfield,410789.0,-1.5,,236.0,1309.0,0.101723,2025,43888.0,,False,9.36,0.36,11.2,,
2019-10-01,E09000010,Enfield,416540.0,1.4,,250.0,1306.0,-0.172676,2025,43888.0,,False,9.49,0.36,11.4,,
2019-11-01,E09000010,Enfield,416952.0,0.1,,251.0,1306.0,-0.388554,2025,43888.0,,False,9.5,0.36,11.4,,
2019-12-01,E09000010,Enfield,423700.0,1.6,,198.0,1304.0,-0.548636,2025,43888.0,,False,9.65,0.36,11.6,,
2020-01-01,E09000010,Enfield,413847.0,-2.3,,178.0,1304.0,-0.59798,2025,43888.0,,False,9.43,0.36,11.3,,
2020-02-01,E09000010,Enfield,414403.0,0.1,,189.0,1303.0,-0.323001,2025,43888.0,,False,9.44,0.36,11.3,,
2020-03-01,E09000010,Enfield,417188.0,0.7,,172.0,1304.0,-0.160103,2025,43888.0,,False,9.51,0.36,11.4,,
2020-04-01,E09000010,Enfield,420470.0,0.8,,98.0,1304.0,-0.058423,2025,43888.0,,False,9.58,0.36,11.5,,
2020-05-01,E09000010,Enfield,417005.0,-0.8,,78.0,1303.0,-0.498658,2025,43888.0,,False,9.5,0.36,11.4,,
2020-06-01,E09000010,Enfield,411588.0,-1.3,,155.0,1300.0,-0.7652,2025,43888.0,,False,9.38,0.36,11.3,,
2020-07-01,E09000010,Enfield,412997.0,0.3,,169.0,1297.0,-1.09139,2025,43888.0,,False,9.41,0.35,11.3,,
2020-08-01,E09000010,Enfield,423474.0,2.5,,162.0,1299.0,-0.765545,2025,43888.0,,False,9.65,0.36,11.6,,
2020-09-01,E09000010,Enfield,426015.0,0.6,,200.0,1302.0,-0.503761,2025,43888.0,,False,9.71,0.36,11.6,,
2020-10-01,E09000010,Enfield,432225.0,1.5,,238.0,1309.0,0.243616,2025,43888.0,,False,9.85,0.36,11.8,,
2020-11-01,E09000010,Enfield,429901.0,-0.5,,254.0,1316.0,0.763131,2025,43888.0,,False,9.8,0.36,11.8,,
2020-12-01,E09000010,Enfield,437798.0,1.8,,277.0,1321.0,1.294615,2025,43888.0,,False,9.98,0.36,12.0,,
2021-01-01,E09000010,Enfield,442208.0,1.0,,254.0,1323.0,1.477067,2025,43888.0,,False,10.08,0.36,12.1,,
2021-02-01,E09000010,Enfield,445262.0,0.7,,371.0,1324.0,1.61137,2025,43888.0,,False,10.15,0.36,12.2,,
2021-03-01,E09000010,Enfield,447288.0,0.5,,494.0,1326.0,1.658247,2025,43888.0,,False,10.19,0.36,12.2,,
2021-04-01,E09000010,Enfield,445386.0,-0.4,,295.0,1328.0,1.841879,2025,43888.0,,False,10.15,0.36,12.2,,
2021-05-01,E09000010,Enfield,442392.0,-0.7,,261.0,1331.0,2.202424,2025,43888.0,,False,10.08,0.36,12.1,,
2021-06-01,E09000010,Enfield,444023.0,0.4,,837.0,1336.0,2.779791,2025,43888.0,,False,10.12,0.37,12.1,,
2021-07-01,E09000010,Enfield,442762.0,-0.3,,80.0,1339.0,3.232956,2025,43888.0,,False,10.09,0.37,12.1,,
2021-08-01,E09000010,Enfield,448447.0,1.3,,212.0,1343.0,3.384473,2025,43888.0,,False,10.22,0.37,12.3,,
2021-09-01,E09000010,Enfield,448505.0,0.0,,409.0,1346.0,3.387152,2025,43888.0,,False,10.22,0.37,12.3,,
2021-10-01,E09000010,Enfield,456366.0,1.8,,141.0,1346.0,2.849243,2025,43888.0,,False,10.4,0.37,12.5,,
2021-11-01,E09000010,Enfield,459789.0,0.7,,242.0,1348.0,2.463281,2025,43888.0,,False,10.48,0.37,12.6,,
2021-12-01,E09000010,Enfield,462255.0,0.5,,231.0,1350.0,2.184233,2025,43888.0,,False,10.53,0.37,12.6,,
2022-01-01,E09000010,Enfield,460297.0,-0.4,,198.0,1352.0,2.218831,2025,43888.0,,False,10.49,0.37,12.6,,
2022-02-01,E09000010,Enfield,459240.0,-0.2,,231.0,1356.0,2.358092,2025,43888.0,,False,10.46,0.37,12.6,,
2022-03-01,E09000010,Enfield,462231.0,0.7,,249.0,1358.0,2.391891,2025,43888.0,,False,10.53,0.37,12.6,,
2022-04-01,E09000010,Enfield,468246.0,1.3,,226.0,1362.0,2.522665,2025,43888.0,,False,10.67,0.37,12.8,,
2022-05-01,E09000010,Enfield,474059.0,1.2,,246.0,1365.0,2.551986,2025,43888.0,,False,10.8,0.37,13.0,,
2022-06-01,E09000010,Enfield,472928.0,-0.2,,242.0,1369.0,2.482309,2025,43888.0,,False,10.78,0.37,12.9,,
2022-07-01,E09000010,Enfield,472489.0,-0.1,,240.0,1374.0,2.595633,2025,43888.0,,False,10.77,0.38,12.9,,
2022-08-01,E09000010,Enfield,474596.0,0.4,,264.0,1379.0,2.655899,2025,43888.0,,False,10.81,0.38,13.0,,
2022-09-01,E09000010,Enfield,477964.0,0.7,,283.0,1384.0,2.828831,2025,43888.0,,False,10.89,0.38,13.1,,
