data/exports/mart_london_affordability_monthly.csv
date_month,area_code,area_name,average_price,hpi_index,house_price_yoy_pct,sales_volume,avg_monthly_rent,rent_yoy_pct,earnings_year,median_gross_annual_pay,earnings_yoy_pct,earnings_fallback_used,price_to_earnings_ratio,annual_rent_to_earnings_ratio,months_to_save_10pct_deposit,rent_growth_minus_income_growth_pct,house_price_growth_minus_income_growth_pct
2022-10-01,E09000010,Enfield,483658.0,1.2,,257.0,1388.0,3.046297,2025,43888.0,,False,11.02,0.38,13.2,,
2022-11-01,E09000010,Enfield,486143.0,0.5,,263.0,1392.0,3.301344,2025,43888.0,,False,11.08,0.38,13.3,,
2022-12-01,E09000010,Enfield,486208.0,0.0,,242.0,1399.0,3.654673,2025,43888.0,,False,11.08,0.38,13.3,,
2023-01-01,E09000010,Enfield,478210.0,-1.6,,167.0,1406.0,3.984528,2025,43888.0,,False,10.9,0.38,13.1,,
2023-02-01,E09000010,Enfield,471236.0,-1.5,,169.0,1410.0,4.023939,2025,43888.0,,False,10.74,0.39,12.9,,
2023-03-01,E09000010,Enfield,463479.0,-1.6,,195.0,1413.0,4.058208,2025,43888.0,,False,10.56,0.39,12.7,,
2023-04-01,E09000010,Enfield,461676.0,-0.4,,133.0,1419.0,4.202221,2025,43888.0,,False,10.52,0.39,12.6,,
2023-05-01,E09000010,Enfield,460434.0,-0.3,,136.0,1429.0,4.692582,2025,43888.0,,False,10.49,0.39,12.6,,
2023-06-01,E09000010,Enfield,459546.0,-0.2,,166.0,1439.0,5.160498,2025,43888.0,,False,10.47,0.39,12.6,,
2023-07-01,E09000010,Enfield,461811.0,0.5,,165.0,1449.0,5.451766,2025,43888.0,,False,10.52,0.4,12.6,,
2023-08-01,E09000010,Enfield,465536.0,0.8,,224.0,1459.0,5.820581,2025,43888.0,,False,10.61,0.4,12.7,,
2023-09-01,E09000010,Enfield,474346.0,1.9,,196.0,1472.0,6.376332,2025,43888.0,,False,10.81,0.4,13.0,,
2023-10-01,E09000010,Enfield,469150.0,-1.1,,178.0,1486.0,7.088853,2025,43888.0,,False,10.69,0.41,12.8,,
2023-11-01,E09000010,Enfield,468271.0,-0.2,,173.0,1498.0,7.575986,2025,43888.0,,False,10.67,0.41,12.8,,
2023-12-01,E09000010,Enfield,466075.0,-0.5,,158.0,1504.0,7.474115,2025,43888.0,,False,10.62,0.41,12.7,,
2024-01-01,E09000010,Enfield,468641.0,0.6,,140.0,1505.0,7.019261,2025,43888.0,,False,10.68,0.41,12.8,,
2024-02-01,E09000010,Enfield,459073.0,-2.0,,156.0,1505.0,6.739688,2025,43888.0,,False,10.46,0.41,12.6,,
2024-03-01,E09000010,Enfield,448809.0,-2.2,,204.0,1509.0,6.814097,2025,43888.0,,False,10.23,0.41,12.3,,
2024-04-01,E09000010,Enfield,449021.0,0.0,,151.0,1520.0,7.115857,2025,43888.0,,False,10.23,0.42,12.3,,
2024-05-01,E09000010,Enfield,454285.0,1.2,,180.0,1535.0,7.361775,2025,43888.0,,False,10.35,0.42,12.4,,
2024-06-01,E09000010,Enfield,461881.0,1.7,,191.0,1553.0,7.915551,2025,43888.0,,False,10.52,0.42,12.6,,
2024-07-01,E09000010,Enfield,464998.0,0.7,,208.0,1572.0,8.520393,2025,43888.0,,False,10.6,0.43,12.7,,
2024-08-01,E09000010,Enfield,468963.0,0.9,,243.0,1598.0,9.529472,2025,43888.0,,False,10.69,0.44,12.8,,
2024-09-01,E09000010,Enfield,475287.0,1.3,,231.0,1617.0,9.841808,2025,43888.0,,False,10.83,0.44,13.0,,
2024-10-01,E09000010,Enfield,472201.0,-0.6,,254.0,1632.0,9.858315,2025,43888.0,,False,10.76,0.45,12.9,,
2024-11-01,E09000010,Enfield,473528.0,0.3,,226.0,1643.0,9.705063,2025,43888.0,,False,10.79,0.45,12.9,,
2024-12-01,E09000010,Enfield,467547.0,-1.3,,195.0,1657.0,10.203642,2025,43888.0,,False,10.65,0.45,12.8,,
2025-01-01,E09000010,Enfield,474471.0,1.5,,223.0,1673.0,11.142635,2025,43888.0,,False,10.81,0.46,13.0,,
2025-02-01,E09000010,Enfield,473235.0,-0.3,,180.0,1686.0,12.028559,2025,43888.0,,False,10.78,0.46,12.9,,
2025-03-01,E09000010,Enfield,476231.0,0.6,,486.0,1698.0,12.521871,2025,43888.0,,False,10.85,0.46,13.0,,
2025-04-01,E09000010,Enfield,474951.0,-0.3,,79.0,1706.0,12.231724,2025,43888.0,,False,10.82,0.47,13.0,,
2025-05-01,E09000010,Enfield,477853.0,0.6,,144.0,1715.0,11.783692,2025,43888.0,,False,10.89,0.47,13.1,,
2025-06-01,E09000010,Enfield,474261.0,-0.8,,157.0,1724.0,10.95869,2025,43888.0,,False,10.81,0.47,13.0,,
2025-07-01,E09000010,Enfield,476257.0,0.4,,194.0,1732.0,10.170952,2025,43888.0,,False,10.85,0.47,13.0,,
2025-08-01,E09000010,Enfield,478078.0,0.4,,197.0,1738.0,8.791039,2025,43888.0,,False,10.89,0.48,13.1,,
2025-09-01,E09000010,Enfield,481720.0,0.8,,176.0,1739.0,7.521069,2025,43888.0,,False,10.98,0.48,13.2,,
2025-10-01,E09000010,Enfield,476187.0,-1.1,,166.0,1741.0,6.63247,2025,43888.0,,False,10.85,0.48,13.0,,
2025-11-01,E09000010,Enfield,469836.0,-1.3,,132.0,1744.0,6.120161,2025,43888.0,,False,10.71,0.48,12.8,,
2025-12-01,E09000010,Enfield,470292.0,0.1,,,1753.0,5.800137,2025,43888.0,,False,10.72,0.48,12.9,,
2026-01-01,E09000010,Enfield,472725.0,0.5,,,1760.0,5.198612,2025,43888.0,,False,10.77,0.48,12.9,,
1995-01-01,E09000011,Greenwich,65784.0,,,182.0,,,2025,45274.0,,False,1.45,,1.7,,
1995-02-01,E09000011,Greenwich,64405.0,-2.1,,174.0,,,2025,45274.0,,False,1.42,,1.7,,
1995-03-01,E09000011,Greenwich,64811.0,0.6,,206.0,,,2025,45274.0,,False,1.43,,1.7,,
1995-04-01,E09000011,Greenwich,65391.0,0.9,,176.0,,,2025,45274.0,,False,1.44,,1.7,,
1995-05-01,E09000011,Greenwich,67065.0,2.6,,216.0,,,2025,45274.0,,False,1.48,,1.8,,
1995-06-01,E09000011,Greenwich,68373.0,2.0,,233.0,,,2025,45274.0,,False,1.51,,1.8,,
1995-07-01,E09000011,Greenwich,69149.0,1.1,,240.0,,,2025,45274.0,,False,1.53,,1.8,,
1995-08-01,E09000011,Greenwich,68716.0,-0.6,,240.0,,,2025,45274.0,,False,1.52,,1.8,,
1995-09-01,E09000011,Greenwich,67576.0,-1.7,,224.0,,,2025,45274.0,,False,1.49,,1.8,,
1995-10-01,E09000011,Greenwich,66951.0,-0.9,,203.0,,,2025,45274.0,,False,1.48,,1.8,,
1995-11-01,E09000011,Greenwich,67309.0,0.5,,205.0,,,2025,45274.0,,False,1.49,,1.8,,
1995-12-01,E09000011,Greenwich,67690.0,0.6,,208.0,,,2025,45274.0,,False,1.5,,1.8,,
1996-01-01,E09000011,Greenwich,65908.0,-2.6,,154.0,,,2025,45274.0,,False,1.46,,1.7,,
1996-02-01,E09000011,Greenwich,65165.0,-1.1,,180.0,,,2025,45274.0,,False,1.44,,1.7,,
1996-03-01,E09000011,Greenwich,65970.0,1.2,,229.0,,,2025,45274.0,,False,1.46,,1.7,,
1996-04-01,E09000011,Greenwich,68260.0,3.5,,183.0,,,2025,45274.0,,False,1.51,,1.8,,
1996-05-01,E09000011,Greenwich,70179.0,2.8,,268.0,,,2025,45274.0,,False,1.55,,1.9,,
1996-06-01,E09000011,Greenwich,70230.0,0.1,,211.0,,,2025,45274.0,,False,1.55,,1.9,,
1996-07-01,E09000011,Greenwich,69191.0,-1.5,,293.0,,,2025,45274.0,,False,1.53,,1.8,,
1996-08-01,E09000011,Greenwich,69683.0,0.7,,279.0,,,2025,45274.0,,False,1.54,,1.8,,
1996-09-01,E09000011,Greenwich,69883.0,0.3,,262.0,,,2025,45274.0,,False,1.54,,1.9,,
1996-10-01,E09000011,Greenwich,70870.0,1.4,,262.0,,,2025,45274.0,,False,1.57,,1.9,,
1996-11-01,E09000011,Greenwich,70318.0,-0.8,,331.0,,,2025,45274.0,,False,1.55,,1.9,,
1996-12-01,E09000011,Greenwich,70334.0,0.0,,311.0,,,2025,45274.0,,False,1.55,,1.9,,
1997-01-01,E09000011,Greenwich,71958.0,2.3,,228.0,,,2025,45274.0,,False,1.59,,1.9,,
1997-02-01,E09000011,Greenwich,71630.0,-0.5,,202.0,,,2025,45274.0,,False,1.58,,1.9,,
1997-03-01,E09000011,Greenwich,73203.0,2.2,,227.0,,,2025,45274.0,,False,1.62,,1.9,,
1997-04-01,E09000011,Greenwich,73148.0,-0.1,,230.0,,,2025,45274.0,,False,1.62,,1.9,,
1997-05-01,E09000011,Greenwich,75205.0,2.8,,289.0,,,2025,45274.0,,False,1.66,,2.0,,
1997-06-01,E09000011,Greenwich,74817.0,-0.5,,303.0,,,2025,45274.0,,False,1.65,,2.0,,
1997-07-01,E09000011,Greenwich,76617.0,2.4,,343.0,,,2025,45274.0,,False,1.69,,2.0,,
1997-08-01,E09000011,Greenwich,77687.0,1.4,,307.0,,,2025,45274.0,,False,1.72,,2.1,,
1997-09-01,E09000011,Greenwich,79742.0,2.6,,303.0,,,2025,45274.0,,False,1.76,,2.1,,
1997-10-01,E09000011,Greenwich,80209.0,0.6,,351.0,,,2025,45274.0,,False,1.77,,2.1,,
1997-11-01,E09000011,Greenwich,79483.0,-0.9,,297.0,,,2025,45274.0,,False,1.76,,2.1,,
1997-12-01,E09000011,Greenwich,79483.0,0.0,,311.0,,,2025,45274.0,,False,1.76,,2.1,,
1998-01-01,E09000011,Greenwich,81201.0,2.2,,219.0,,,2025,45274.0,,False,1.79,,2.2,,
1998-02-01,E09000011,Greenwich,83333.0,2.6,,224.0,,,2025,45274.0,,False,1.84,,2.2,,
1998-03-01,E09000011,Greenwich,84211.0,1.1,,232.0,,,2025,45274.0,,False,1.86,,2.2,,
1998-04-01,E09000011,Greenwich,84470.0,0.3,,251.0,,,2025,45274.0,,False,1.87,,2.2,,
1998-05-01,E09000011,Greenwich,85835.0,1.6,,282.0,,,2025,45274.0,,False,1.9,,2.3,,
1998-06-01,E09000011,Greenwich,87382.0,1.8,,342.0,,,2025,45274.0,,False,1.93,,2.3,,
1998-07-01,E09000011,Greenwich,87502.0,0.1,,326.0,,,2025,45274.0,,False,1.93,,2.3,,
1998-08-01,E09000011,Greenwich,87430.0,-0.1,,266.0,,,2025,45274.0,,False,1.93,,2.3,,
1998-09-01,E09000011,Greenwich,87376.0,-0.1,,331.0,,,2025,45274.0,,False,1.93,,2.3,,
1998-10-01,E09000011,Greenwich,86981.0,-0.5,,346.0,,,2025,45274.0,,False,1.92,,2.3,,
1998-11-01,E09000011,Greenwich,87776.0,0.9,,296.0,,,2025,45274.0,,False,1.94,,2.3,,
1998-12-01,E09000011,Greenwich,89618.0,2.1,,320.0,,,2025,45274.0,,False,1.98,,2.4,,
1999-01-01,E09000011,Greenwich,91533.0,2.1,,270.0,,,2025,45274.0,,False,2.02,,2.4,,
1999-02-01,E09000011,Greenwich,90934.0,-0.7,,235.0,,,2025,45274.0,,False,2.01,,2.4,,
1999-03-01,E09000011,Greenwich,89939.0,-1.1,,364.0,,,2025,45274.0,,False,1.99,,2.4,,
1999-04-01,E09000011,Greenwich,89465.0,-0.5,,307.0,,,2025,45274.0,,False,1.98,,2.4,,
1999-05-01,E09000011,Greenwich,91951.0,2.8,,268.0,,,2025,45274.0,,False,2.03,,2.4,,
1999-06-01,E09000011,Greenwich,93351.0,1.5,,380.0,,,2025,45274.0,,False,2.06,,2.5,,
1999-07-01,E09000011,Greenwich,95552.0,2.4,,422.0,,,2025,45274.0,,False,2.11,,2.5,,
1999-08-01,E09000011,Greenwich,97024.0,1.5,,352.0,,,2025,45274.0,,False,2.14,,2.6,,
1999-09-01,E09000011,Greenwich,99830.0,2.9,,386.0,,,2025,45274.0,,False,2.21,,2.6,,
1999-10-01,E09000011,Greenwich,101896.0,2.1,,413.0,,,2025,45274.0,,False,2.25,,2.7,,
1999-11-01,E09000011,Greenwich,104133.0,2.2,,428.0,,,2025,45274.0,,False,2.3,,2.8,,
1999-12-01,E09000011,Greenwich,105936.0,1.7,,433.0,,,2025,45274.0,,False,2.34,,2.8,,
2000-01-01,E09000011,Greenwich,108138.0,2.1,,233.0,,,2025,45274.0,,False,2.39,,2.9,,
2000-02-01,E09000011,Greenwich,107737.0,-0.4,,262.0,,,2025,45274.0,,False,2.38,,2.9,,
2000-03-01,E09000011,Greenwich,106879.0,-0.8,,378.0,,,2025,45274.0,,False,2.36,,2.8,,
2000-04-01,E09000011,Greenwich,109874.0,2.8,,292.0,,,2025,45274.0,,False,2.43,,2.9,,
2000-05-01,E09000011,Greenwich,113376.0,3.2,,298.0,,,2025,45274.0,,False,2.5,,3.0,,
2000-06-01,E09000011,Greenwich,117458.0,3.6,,365.0,,,2025,45274.0,,False,2.59,,3.1,,
2000-07-01,E09000011,Greenwich,120148.0,2.3,,338.0,,,2025,45274.0,,False,2.65,,3.2,,
2000-08-01,E09000011,Greenwich,121830.0,1.4,,340.0,,,2025,45274.0,,False,2.69,,3.2,,
2000-09-01,E09000011,Greenwich,124605.0,2.3,,323.0,,,2025,45274.0,,False,2.75,,3.3,,
2000-10-01,E09000011,Greenwich,122440.0,-1.7,,315.0,,,2025,45274.0,,False,2.7,,3.2,,
2000-11-01,E09000011,Greenwich,122431.0,0.0,,334.0,,,2025,45274.0,,False,2.7,,3.2,,
2000-12-01,E09000011,Greenwich,120975.0,-1.2,,306.0,,,2025,45274.0,,False,2.67,,3.2,,
2001-01-01,E09000011,Greenwich,121609.0,0.5,,269.0,,,2025,45274.0,,False,2.69,,3.2,,
2001-02-01,E09000011,Greenwich,123580.0,1.6,,267.0,,,2025,45274.0,,False,2.73,,3.3,,
2001-03-01,E09000011,Greenwich,126465.0,2.3,,386.0,,,2025,45274.0,,False,2.79,,3.4,,
2001-04-01,E09000011,Greenwich,129641.0,2.5,,281.0,,,2025,45274.0,,False,2.86,,3.4,,
2001-05-01,E09000011,Greenwich,131079.0,1.1,,431.0,,,2025,45274.0,,False,2.9,,3.5,,
2001-06-01,E09000011,Greenwich,131445.0,0.3,,474.0,,,2025,45274.0,,False,2.9,,3.5,,
2001-07-01,E09000011,Greenwich,132742.0,1.0,,424.0,,,2025,45274.0,,False,2.93,,3.5,,
2001-08-01,E09000011,Greenwich,134273.0,1.2,,477.0,,,2025,45274.0,,False,2.97,,3.6,,
2001-09-01,E09000011,Greenwich,138563.0,3.2,,496.0,,,2025,45274.0,,False,3.06,,3.7,,
2001-10-01,E09000011,Greenwich,140314.0,1.3,,458.0,,,2025,45274.0,,False,3.1,,3.7,,
2001-11-01,E09000011,Greenwich,142137.0,1.3,,409.0,,,2025,45274.0,,False,3.14,,3.8,,
2001-12-01,E09000011,Greenwich,142436.0,0.2,,401.0,,,2025,45274.0,,False,3.15,,3.8,,
2002-01-01,E09000011,Greenwich,141840.0,-0.4,,282.0,,,2025,45274.0,,False,3.13,,3.8,,
2002-02-01,E09000011,Greenwich,142816.0,0.7,,303.0,,,2025,45274.0,,False,3.15,,3.8,,
2002-03-01,E09000011,Greenwich,147160.0,3.0,,477.0,,,2025,45274.0,,False,3.25,,3.9,,
2002-04-01,E09000011,Greenwich,152218.0,3.4,,427.0,,,2025,45274.0,,False,3.36,,4.0,,
2002-05-01,E09000011,Greenwich,156788.0,3.0,,575.0,,,2025,45274.0,,False,3.46,,4.2,,
2002-06-01,E09000011,Greenwich,153760.0,-1.9,,463.0,,,2025,45274.0,,False,3.4,,4.1,,
2002-07-01,E09000011,Greenwich,155596.0,1.2,,470.0,,,2025,45274.0,,False,3.44,,4.1,,
2002-08-01,E09000011,Greenwich,157735.0,1.4,,504.0,,,2025,45274.0,,False,3.48,,4.2,,
2002-09-01,E09000011,Greenwich,162731.0,3.2,,478.0,,,2025,45274.0,,False,3.59,,4.3,,
2002-10-01,E09000011,Greenwich,164578.0,1.1,,461.0,,,2025,45274.0,,False,3.64,,4.4,,
2002-11-01,E09000011,Greenwich,165247.0,0.4,,451.0,,,2025,45274.0,,False,3.65,,4.4,,
2002-12-01,E09000011,Greenwich,167528.0,1.4,,504.0,,,2025,45274.0,,False,3.7,,4.4,,
2003-01-01,E09000011,Greenwich,170239.0,1.6,,357.0,,,2025,45274.0,,False,3.76,,4.5,,
2003-02-01,E09000011,Greenwich,175100.0,2.9,,298.0,,,2025,45274.0,,False,3.87,,4.6,,
2003-03-01,E09000011,Greenwich,178004.0,1.7,,325.0,,,2025,45274.0,,False,3.93,,4.7,,
2003-04-01,E09000011,Greenwich,178943.0,0.5,,355.0,,,2025,45274.0,,False,3.95,,4.7,,
2003-05-01,E09000011,Greenwich,179960.0,0.6,,398.0,,,2025,45274.0,,False,3.97,,4.8,,
2003-06-01,E09000011,Greenwich,182624.0,1.5,,470.0,,,2025,45274.0,,False,4.03,,4.8,,
2003-07-01,E09000011,Greenwich,183771.0,0.6,,377.0,,,2025,45274.0,,False,4.06,,4.9,,
2003-08-01,E09000011,Greenwich,183070.0,-0.4,,477.0,,,2025,45274.0,,False,4.04,,4.9,,
2003-09-01,E09000011,Greenwich,181566.0,-0.8,,491.0,,,2025,45274.0,,False,4.01,,4.8,,
2003-10-01,E09000011,Greenwich,183631.0,1.1,,419.0,,,2025,45274.0,,False,4.06,,4.9,,
2003-11-01,E09000011,Greenwich,184672.0,0.6,,471.0,,,2025,45274.0,,False,4.08,,4.9,,
2003-12-01,E09000011,Greenwich,185726.0,0.6,,504.0,,,2025,45274.0,,False,4.1,,4.9,,
2004-01-01,E09000011,Greenwich,187006.0,0.7,,336.0,,,2025,45274.0,,False,4.13,,5.0,,
2004-02-01,E09000011,Greenwich,189178.0,1.2,,390.0,,,2025,45274.0,,False,4.18,,5.0,,
2004-03-01,E09000011,Greenwich,191912.0,1.4,,517.0,,,2025,45274.0,,False,4.24,,5.1,,
2004-04-01,E09000011,Greenwich,195050.0,1.6,,457.0,,,2025,45274.0,,False,4.31,,5.2,,
2004-05-01,E09000011,Greenwich,197462.0,1.2,,536.0,,,2025,45274.0,,False,4.36,,5.2,,
2004-06-01,E09000011,Greenwich,197468.0,0.0,,600.0,,,2025,45274.0,,False,4.36,,5.2,,
2004-07-01,E09000011,Greenwich,198888.0,0.7,,568.0,,,2025,45274.0,,False,4.39,,5.3,,
2004-08-01,E09000011,Greenwich,201285.0,1.2,,532.0,,,2025,45274.0,,False,4.45,,5.3,,
2004-09-01,E09000011,Greenwich,201907.0,0.3,,523.0,,,2025,45274.0,,False,4.46,,5.4,,
2004-10-01,E09000011,Greenwich,202925.0,0.5,,411.0,,,2025,45274.0,,False,4.48,,5.4,,
2004-11-01,E09000011,Greenwich,202813.0,-0.1,,373.0,,,2025,45274.0,,False,4.48,,5.4,,
2004-12-01,E09000011,Greenwich,202263.0,-0.3,,396.0,,,2025,45274.0,,False,4.47,,5.4,,
2005-01-01,E09000011,Greenwich,199802.0,-1.2,,261.0,,,2025,45274.0,,False,4.41,,5.3,,
2005-02-01,E09000011,Greenwich,199786.0,0.0,,281.0,,,2025,45274.0,,False,4.41,,5.3,,
2005-03-01,E09000011,Greenwich,203406.0,1.8,,359.0,,,2025,45274.0,,False,4.49,,5.4,,
2005-04-01,E09000011,Greenwich,204204.0,0.4,,376.0,,,2025,45274.0,,False,4.51,,5.4,,
2005-05-01,E09000011,Greenwich,204498.0,0.1,,390.0,,,2025,45274.0,,False,4.52,,5.4,,
2005-06-01,E09000011,Greenwich,205476.0,0.5,,479.0,,,2025,45274.0,,False,4.54,,5.4,,
2005-07-01,E09000011,Greenwich,209199.0,1.8,,406.0,,,2025,45274.0,,False,4.62,,5.5,,
2005-08-01,E09000011,Greenwich,210376.0,0.6,,398.0,,,2025,45274.0,,False,4.65,,5.6,,
2005-09-01,E09000011,Greenwich,211342.0,0.5,,453.0,,,2025,45274.0,,False,4.67,,5.6,,
2005-10-01,E09000011,Greenwich,211843.0,0.2,,473.0,,,2025,45274.0,,False,4.68,,5.6,,
2005-11-01,E09000011,Greenwich,213711.0,0.9,,388.0,,,2025,45274.0,,False,4.72,,5.7,,
2005-12-01,E09000011,Greenwich,214261.0,0.3,,434.0,,,2025,45274.0,,False,4.73,,5.7,,
2006-01-01,E09000011,Greenwich,213487.0,-0.4,,341.0,,,2025,45274.0,,False,4.72,,5.7,,
2006-02-01,E09000011,Greenwich,212360.0,-0.5,,290.0,,,2025,45274.0,,False,4.69,,5.6,,
2006-03-01,E09000011,Greenwich,212077.0,-0.1,,474.0,,,2025,45274.0,,False,4.68,,5.6,,
2006-04-01,E09000011,Greenwich,210495.0,-0.7,,316.0,,,2025,45274.0,,False,4.65,,5.6,,
2006-05-01,E09000011,Greenwich,213294.0,1.3,,400.0,,,2025,45274.0,,False,4.71,,5.7,,
2006-06-01,E09000011,Greenwich,217567.0,2.0,,476.0,,,2025,45274.0,,False,4.81,,5.8,,
2006-07-01,E09000011,Greenwich,222105.0,2.1,,440.0,,,2025,45274.0,,False,4.91,,5.9,,
2006-08-01,E09000011,Greenwich,223803.0,0.8,,578.0,,,2025,45274.0,,False,4.94,,5.9,,
2006-09-01,E09000011,Greenwich,224186.0,0.2,,516.0,,,2025,45274.0,,False,4.95,,5.9,,
2006-10-01,E09000011,Greenwich,224844.0,0.3,,466.0,,,2025,45274.0,,False,4.97,,6.0,,
2006-11-01,E09000011,Greenwich,224423.0,-0.2,,447.0,,,2025,45274.0,,False,4.96,,5.9,,
2006-12-01,E09000011,Greenwich,226406.0,0.9,,513.0,,,2025,45274.0,,False,5.0,,6.0,,
2007-01-01,E09000011,Greenwich,229355.0,1.3,,373.0,,,2025,45274.0,,False,5.07,,6.1,,
2007-02-01,E09000011,Greenwich,232438.0,1.3,,401.0,,,2025,45274.0,,False,5.13,,6.2,,
2007-03-01,E09000011,Greenwich,231937.0,-0.2,,486.0,,,2025,45274.0,,False,5.12,,6.1,,
2007-04-01,E09000011,Greenwich,235403.0,1.5,,370.0,,,2025,45274.0,,False,5.2,,6.2,,
2007-05-01,E09000011,Greenwich,238392.0,1.3,,419.0,,,2025,45274.0,,False,5.27,,6.3,,
2007-06-01,E09000011,Greenwich,240466.0,0.9,,442.0,,,2025,45274.0,,False,5.31,,6.4,,
2007-07-01,E09000011,Greenwich,242496.0,0.8,,483.0,,,2025,45274.0,,False,5.36,,6.4,,
2007-08-01,E09000011,Greenwich,245466.0,1.2,,510.0,,,2025,45274.0,,False,5.42,,6.5,,
2007-09-01,E09000011,Greenwich,249632.0,1.7,,513.0,,,2025,45274.0,,False,5.51,,6.6,,
2007-10-01,E09000011,Greenwich,251424.0,0.7,,435.0,,,2025,45274.0,,False,5.55,,6.7,,
2007-11-01,E09000011,Greenwich,251409.0,0.0,,425.0,,,2025,45274.0,,False,5.55,,6.7,,
2007-12-01,E09000011,Greenwich,251525.0,0.0,,324.0,,,2025,45274.0,,False,5.56,,6.7,,
2008-01-01,E09000011,Greenwich,251786.0,0.1,,251.0,,,2025,45274.0,,False,5.56,,6.7,,
2008-02-01,E09000011,Greenwich,253031.0,0.5,,262.0,,,2025,45274.0,,False,5.59,,6.7,,
