data/exports/mart_london_affordability_monthly.csv
date_month,area_code,area_name,average_price,hpi_index,house_price_yoy_pct,sales_volume,avg_monthly_rent,rent_yoy_pct,earnings_year,median_gross_annual_pay,earnings_yoy_pct,earnings_fallback_used,price_to_earnings_ratio,annual_rent_to_earnings_ratio,months_to_save_10pct_deposit,rent_growth_minus_income_growth_pct,house_price_growth_minus_income_growth_pct
2008-03-01,E09000011,Greenwich,252823.0,-0.1,,255.0,,,2025,45274.0,,False,5.58,,6.7,,
2008-04-01,E09000011,Greenwich,254533.0,0.7,,205.0,,,2025,45274.0,,False,5.62,,6.7,,
2008-05-01,E09000011,Greenwich,253085.0,-0.6,,234.0,,,2025,45274.0,,False,5.59,,6.7,,
2008-06-01,E09000011,Greenwich,254379.0,0.5,,233.0,,,2025,45274.0,,False,5.62,,6.7,,
2008-07-01,E09000011,Greenwich,246801.0,-3.0,,265.0,,,2025,45274.0,,False,5.45,,6.5,,
2008-08-01,E09000011,Greenwich,241936.0,-2.0,,166.0,,,2025,45274.0,,False,5.34,,6.4,,
2008-09-01,E09000011,Greenwich,235503.0,-2.7,,140.0,,,2025,45274.0,,False,5.2,,6.2,,
2008-10-01,E09000011,Greenwich,230832.0,-2.0,,151.0,,,2025,45274.0,,False,5.1,,6.1,,
2008-11-01,E09000011,Greenwich,227434.0,-1.5,,113.0,,,2025,45274.0,,False,5.02,,6.0,,
2008-12-01,E09000011,Greenwich,226617.0,-0.4,,112.0,,,2025,45274.0,,False,5.01,,6.0,,
2009-01-01,E09000011,Greenwich,227242.0,0.3,,90.0,,,2025,45274.0,,False,5.02,,6.0,,
2009-02-01,E09000011,Greenwich,225359.0,-0.8,,72.0,,,2025,45274.0,,False,4.98,,6.0,,
2009-03-01,E09000011,Greenwich,219490.0,-2.6,,122.0,,,2025,45274.0,,False,4.85,,5.8,,
2009-04-01,E09000011,Greenwich,216749.0,-1.2,,88.0,,,2025,45274.0,,False,4.79,,5.7,,
2009-05-01,E09000011,Greenwich,211760.0,-2.3,,125.0,,,2025,45274.0,,False,4.68,,5.6,,
2009-06-01,E09000011,Greenwich,211456.0,-0.1,,161.0,,,2025,45274.0,,False,4.67,,5.6,,
2009-07-01,E09000011,Greenwich,212398.0,0.4,,216.0,,,2025,45274.0,,False,4.69,,5.6,,
2009-08-01,E09000011,Greenwich,218774.0,3.0,,219.0,,,2025,45274.0,,False,4.83,,5.8,,
2009-09-01,E09000011,Greenwich,225987.0,3.3,,201.0,,,2025,45274.0,,False,4.99,,6.0,,
2009-10-01,E09000011,Greenwich,230796.0,2.1,,222.0,,,2025,45274.0,,False,5.1,,6.1,,
2009-11-01,E09000011,Greenwich,232147.0,0.6,,184.0,,,2025,45274.0,,False,5.13,,6.2,,
2009-12-01,E09000011,Greenwich,232871.0,0.3,,237.0,,,2025,45274.0,,False,5.14,,6.2,,
2010-01-01,E09000011,Greenwich,233712.0,0.4,,137.0,,,2025,45274.0,,False,5.16,,6.2,,
2010-02-01,E09000011,Greenwich,234376.0,0.3,,169.0,,,2025,45274.0,,False,5.18,,6.2,,
2010-03-01,E09000011,Greenwich,236809.0,1.0,,170.0,,,2025,45274.0,,False,5.23,,6.3,,
2010-04-01,E09000011,Greenwich,235369.0,-0.6,,165.0,,,2025,45274.0,,False,5.2,,6.2,,
2010-05-01,E09000011,Greenwich,238200.0,1.2,,156.0,,,2025,45274.0,,False,5.26,,6.3,,
2010-06-01,E09000011,Greenwich,238048.0,-0.1,,196.0,,,2025,45274.0,,False,5.26,,6.3,,
2010-07-01,E09000011,Greenwich,246940.0,3.7,,259.0,,,2025,45274.0,,False,5.45,,6.5,,
2010-08-01,E09000011,Greenwich,251407.0,1.8,,181.0,,,2025,45274.0,,False,5.55,,6.7,,
2010-09-01,E09000011,Greenwich,253221.0,0.7,,201.0,,,2025,45274.0,,False,5.59,,6.7,,
2010-10-01,E09000011,Greenwich,247991.0,-2.1,,227.0,,,2025,45274.0,,False,5.48,,6.6,,
2010-11-01,E09000011,Greenwich,243857.0,-1.7,,176.0,,,2025,45274.0,,False,5.39,,6.5,,
2010-12-01,E09000011,Greenwich,242643.0,-0.5,,196.0,,,2025,45274.0,,False,5.36,,6.4,,
2011-01-01,E09000011,Greenwich,243139.0,0.2,,142.0,,,2025,45274.0,,False,5.37,,6.4,,
2011-02-01,E09000011,Greenwich,241985.0,-0.5,,156.0,,,2025,45274.0,,False,5.34,,6.4,,
2011-03-01,E09000011,Greenwich,238870.0,-1.3,,195.0,,,2025,45274.0,,False,5.28,,6.3,,
2011-04-01,E09000011,Greenwich,240442.0,0.7,,179.0,,,2025,45274.0,,False,5.31,,6.4,,
2011-05-01,E09000011,Greenwich,245689.0,2.2,,200.0,,,2025,45274.0,,False,5.43,,6.5,,
2011-06-01,E09000011,Greenwich,246520.0,0.3,,231.0,,,2025,45274.0,,False,5.45,,6.5,,
2011-07-01,E09000011,Greenwich,243830.0,-1.1,,306.0,,,2025,45274.0,,False,5.39,,6.5,,
2011-08-01,E09000011,Greenwich,242157.0,-0.7,,264.0,,,2025,45274.0,,False,5.35,,6.4,,
2011-09-01,E09000011,Greenwich,245144.0,1.2,,241.0,,,2025,45274.0,,False,5.41,,6.5,,
2011-10-01,E09000011,Greenwich,242491.0,-1.1,,214.0,,,2025,45274.0,,False,5.36,,6.4,,
2011-11-01,E09000011,Greenwich,239161.0,-1.4,,217.0,,,2025,45274.0,,False,5.28,,6.3,,
2011-12-01,E09000011,Greenwich,236008.0,-1.3,,215.0,,,2025,45274.0,,False,5.21,,6.3,,
2012-01-01,E09000011,Greenwich,240867.0,2.1,,180.0,,,2025,45274.0,,False,5.32,,6.4,,
2012-02-01,E09000011,Greenwich,243042.0,0.9,,210.0,,,2025,45274.0,,False,5.37,,6.4,,
2012-03-01,E09000011,Greenwich,245263.0,0.9,,317.0,,,2025,45274.0,,False,5.42,,6.5,,
2012-04-01,E09000011,Greenwich,246754.0,0.6,,174.0,,,2025,45274.0,,False,5.45,,6.5,,
2012-05-01,E09000011,Greenwich,249195.0,1.0,,224.0,,,2025,45274.0,,False,5.5,,6.6,,
2012-06-01,E09000011,Greenwich,252043.0,1.1,,273.0,,,2025,45274.0,,False,5.57,,6.7,,
2012-07-01,E09000011,Greenwich,254672.0,1.0,,226.0,,,2025,45274.0,,False,5.63,,6.8,,
2012-08-01,E09000011,Greenwich,254872.0,0.1,,256.0,,,2025,45274.0,,False,5.63,,6.8,,
2012-09-01,E09000011,Greenwich,254103.0,-0.3,,190.0,,,2025,45274.0,,False,5.61,,6.7,,
2012-10-01,E09000011,Greenwich,253575.0,-0.2,,225.0,,,2025,45274.0,,False,5.6,,6.7,,
2012-11-01,E09000011,Greenwich,253141.0,-0.2,,249.0,,,2025,45274.0,,False,5.59,,6.7,,
2012-12-01,E09000011,Greenwich,255292.0,0.8,,240.0,,,2025,45274.0,,False,5.64,,6.8,,
2013-01-01,E09000011,Greenwich,256926.0,0.6,,187.0,,,2025,45274.0,,False,5.67,,6.8,,
2013-02-01,E09000011,Greenwich,258357.0,0.6,,182.0,,,2025,45274.0,,False,5.71,,6.8,,
2013-03-01,E09000011,Greenwich,260672.0,0.9,,271.0,,,2025,45274.0,,False,5.76,,6.9,,
2013-04-01,E09000011,Greenwich,260790.0,0.0,,187.0,,,2025,45274.0,,False,5.76,,6.9,,
2013-05-01,E09000011,Greenwich,263837.0,1.2,,263.0,,,2025,45274.0,,False,5.83,,7.0,,
2013-06-01,E09000011,Greenwich,262701.0,-0.4,,271.0,,,2025,45274.0,,False,5.8,,7.0,,
2013-07-01,E09000011,Greenwich,265784.0,1.2,,315.0,,,2025,45274.0,,False,5.87,,7.0,,
2013-08-01,E09000011,Greenwich,268874.0,1.2,,353.0,,,2025,45274.0,,False,5.94,,7.1,,
2013-09-01,E09000011,Greenwich,273423.0,1.7,,349.0,,,2025,45274.0,,False,6.04,,7.2,,
2013-10-01,E09000011,Greenwich,274955.0,0.6,,395.0,,,2025,45274.0,,False,6.07,,7.3,,
2013-11-01,E09000011,Greenwich,278419.0,1.3,,393.0,,,2025,45274.0,,False,6.15,,7.4,,
2013-12-01,E09000011,Greenwich,286121.0,2.8,,368.0,,,2025,45274.0,,False,6.32,,7.6,,
2014-01-01,E09000011,Greenwich,291914.0,2.0,,341.0,,,2025,45274.0,,False,6.45,,7.7,,
2014-02-01,E09000011,Greenwich,294398.0,0.9,,299.0,,,2025,45274.0,,False,6.5,,7.8,,
2014-03-01,E09000011,Greenwich,291602.0,-0.9,,272.0,,,2025,45274.0,,False,6.44,,7.7,,
2014-04-01,E09000011,Greenwich,299582.0,2.7,,340.0,,,2025,45274.0,,False,6.62,,7.9,,
2014-05-01,E09000011,Greenwich,306871.0,2.4,,567.0,,,2025,45274.0,,False,6.78,,8.1,,
2014-06-01,E09000011,Greenwich,322485.0,5.1,,435.0,,,2025,45274.0,,False,7.12,,8.5,,
2014-07-01,E09000011,Greenwich,321906.0,-0.2,,497.0,,,2025,45274.0,,False,7.11,,8.5,,
2014-08-01,E09000011,Greenwich,331352.0,2.9,,428.0,,,2025,45274.0,,False,7.32,,8.8,,
2014-09-01,E09000011,Greenwich,329205.0,-0.6,,405.0,,,2025,45274.0,,False,7.27,,8.7,,
2014-10-01,E09000011,Greenwich,331507.0,0.7,,373.0,,,2025,45274.0,,False,7.32,,8.8,,
2014-11-01,E09000011,Greenwich,329220.0,-0.7,,320.0,,,2025,45274.0,,False,7.27,,8.7,,
2014-12-01,E09000011,Greenwich,330411.0,0.4,,348.0,,,2025,45274.0,,False,7.3,,8.8,,
2015-01-01,E09000011,Greenwich,335216.0,1.5,,351.0,1261.0,,2025,45274.0,,False,7.4,0.33,8.9,,
2015-02-01,E09000011,Greenwich,334826.0,-0.1,,367.0,1270.0,,2025,45274.0,,False,7.4,0.34,8.9,,
2015-03-01,E09000011,Greenwich,332690.0,-0.6,,290.0,1278.0,,2025,45274.0,,False,7.35,0.34,8.8,,
2015-04-01,E09000011,Greenwich,331074.0,-0.5,,242.0,1281.0,,2025,45274.0,,False,7.31,0.34,8.8,,
2015-05-01,E09000011,Greenwich,337654.0,2.0,,286.0,1280.0,,2025,45274.0,,False,7.46,0.34,8.9,,
2015-06-01,E09000011,Greenwich,346368.0,2.6,,324.0,1279.0,,2025,45274.0,,False,7.65,0.34,9.2,,
2015-07-01,E09000011,Greenwich,357198.0,3.1,,411.0,1279.0,,2025,45274.0,,False,7.89,0.34,9.5,,
2015-08-01,E09000011,Greenwich,360101.0,0.8,,325.0,1291.0,,2025,45274.0,,False,7.95,0.34,9.5,,
2015-09-01,E09000011,Greenwich,360828.0,0.2,,427.0,1296.0,,2025,45274.0,,False,7.97,0.34,9.6,,
2015-10-01,E09000011,Greenwich,362226.0,0.4,,379.0,1307.0,,2025,45274.0,,False,8.0,0.35,9.6,,
2015-11-01,E09000011,Greenwich,366348.0,1.1,,443.0,1304.0,,2025,45274.0,,False,8.09,0.35,9.7,,
2015-12-01,E09000011,Greenwich,380375.0,3.8,,456.0,1306.0,,2025,45274.0,,False,8.4,0.35,10.1,,
2016-01-01,E09000011,Greenwich,385751.0,1.4,,263.0,1310.0,3.878613,2025,45274.0,,False,8.52,0.35,10.2,,
2016-02-01,E09000011,Greenwich,386189.0,0.1,,334.0,1318.0,3.807,2025,45274.0,,False,8.53,0.35,10.2,,
2016-03-01,E09000011,Greenwich,380621.0,-1.4,,579.0,1326.0,3.758165,2025,45274.0,,False,8.41,0.35,10.1,,
2016-04-01,E09000011,Greenwich,387360.0,1.8,,207.0,1324.0,3.319173,2025,45274.0,,False,8.56,0.35,10.3,,
2016-05-01,E09000011,Greenwich,397415.0,2.6,,198.0,1325.0,3.548734,2025,45274.0,,False,8.78,0.35,10.5,,
2016-06-01,E09000011,Greenwich,402068.0,1.2,,306.0,1335.0,4.354818,2025,45274.0,,False,8.88,0.35,10.7,,
2016-07-01,E09000011,Greenwich,400792.0,-0.3,,258.0,1352.0,5.635501,2025,45274.0,,False,8.85,0.36,10.6,,
2016-08-01,E09000011,Greenwich,400644.0,0.0,,392.0,1362.0,5.494062,2025,45274.0,,False,8.85,0.36,10.6,,
2016-09-01,E09000011,Greenwich,399558.0,-0.3,,317.0,1366.0,5.393215,2025,45274.0,,False,8.83,0.36,10.6,,
2016-10-01,E09000011,Greenwich,395471.0,-1.0,,346.0,1363.0,4.292035,2025,45274.0,,False,8.74,0.36,10.5,,
2016-11-01,E09000011,Greenwich,391917.0,-0.9,,281.0,1364.0,4.608835,2025,45274.0,,False,8.66,0.36,10.4,,
2016-12-01,E09000011,Greenwich,395227.0,0.8,,321.0,1366.0,4.640597,2025,45274.0,,False,8.73,0.36,10.5,,
2017-01-01,E09000011,Greenwich,397734.0,0.6,,259.0,1374.0,4.855962,2025,45274.0,,False,8.79,0.36,10.5,,
2017-02-01,E09000011,Greenwich,401421.0,0.9,,219.0,1378.0,4.558519,2025,45274.0,,False,8.87,0.37,10.6,,
2017-03-01,E09000011,Greenwich,399859.0,-0.4,,282.0,1379.0,4.019893,2025,45274.0,,False,8.83,0.37,10.6,,
2017-04-01,E09000011,Greenwich,405234.0,1.3,,234.0,1377.0,4.054359,2025,45274.0,,False,8.95,0.36,10.7,,
2017-05-01,E09000011,Greenwich,406222.0,0.2,,258.0,1378.0,4.00317,2025,45274.0,,False,8.97,0.37,10.8,,
2017-06-01,E09000011,Greenwich,417370.0,2.7,,407.0,1382.0,3.536271,2025,45274.0,,False,9.22,0.37,11.1,,
2017-07-01,E09000011,Greenwich,427068.0,2.3,,307.0,1386.0,2.517603,2025,45274.0,,False,9.43,0.37,11.3,,
2017-08-01,E09000011,Greenwich,430297.0,0.8,,269.0,1384.0,1.670779,2025,45274.0,,False,9.5,0.37,11.4,,
2017-09-01,E09000011,Greenwich,431249.0,0.2,,350.0,1378.0,0.870062,2025,45274.0,,False,9.53,0.37,11.4,,
2017-10-01,E09000011,Greenwich,422273.0,-2.1,,384.0,1378.0,1.115471,2025,45274.0,,False,9.33,0.37,11.2,,
2017-11-01,E09000011,Greenwich,417764.0,-1.1,,309.0,1381.0,1.239909,2025,45274.0,,False,9.23,0.37,11.1,,
2017-12-01,E09000011,Greenwich,407431.0,-2.5,,258.0,1395.0,2.145538,2025,45274.0,,False,9.0,0.37,10.8,,
2018-01-01,E09000011,Greenwich,408369.0,0.2,,207.0,1406.0,2.369937,2025,45274.0,,False,9.02,0.37,10.8,,
2018-02-01,E09000011,Greenwich,409693.0,0.3,,234.0,1413.0,2.570432,2025,45274.0,,False,9.05,0.37,10.9,,
2018-03-01,E09000011,Greenwich,409264.0,-0.1,,265.0,1415.0,2.580074,2025,45274.0,,False,9.04,0.38,10.8,,
2018-04-01,E09000011,Greenwich,404462.0,-1.2,,292.0,1413.0,2.604594,2025,45274.0,,False,8.93,0.37,10.7,,
2018-05-01,E09000011,Greenwich,408302.0,0.9,,318.0,1414.0,2.589523,2025,45274.0,,False,9.02,0.37,10.8,,
2018-06-01,E09000011,Greenwich,410576.0,0.6,,312.0,1412.0,2.157996,2025,45274.0,,False,9.07,0.37,10.9,,
2018-07-01,E09000011,Greenwich,411124.0,0.1,,401.0,1417.0,2.238087,2025,45274.0,,False,9.08,0.38,10.9,,
2018-08-01,E09000011,Greenwich,408882.0,-0.5,,343.0,1415.0,2.195224,2025,45274.0,,False,9.03,0.38,10.8,,
2018-09-01,E09000011,Greenwich,414463.0,1.4,,282.0,1412.0,2.504462,2025,45274.0,,False,9.15,0.37,11.0,,
2018-10-01,E09000011,Greenwich,418214.0,0.9,,341.0,1399.0,1.49634,2025,45274.0,,False,9.24,0.37,11.1,,
2018-11-01,E09000011,Greenwich,410278.0,-1.9,,309.0,1398.0,1.251875,2025,45274.0,,False,9.06,0.37,10.9,,
2018-12-01,E09000011,Greenwich,407689.0,-0.6,,191.0,1400.0,0.309084,2025,45274.0,,False,9.0,0.37,10.8,,
2019-01-01,E09000011,Greenwich,407275.0,-0.1,,273.0,1408.0,0.100789,2025,45274.0,,False,9.0,0.37,10.8,,
2019-02-01,E09000011,Greenwich,413840.0,1.6,,262.0,1410.0,-0.233785,2025,45274.0,,False,9.14,0.37,11.0,,
2019-03-01,E09000011,Greenwich,407224.0,-1.6,,298.0,1410.0,-0.352636,2025,45274.0,,False,8.99,0.37,10.8,,
2019-04-01,E09000011,Greenwich,402876.0,-1.1,,235.0,1409.0,-0.322899,2025,45274.0,,False,8.9,0.37,10.7,,
2019-05-01,E09000011,Greenwich,401374.0,-0.4,,253.0,1407.0,-0.496597,2025,45274.0,,False,8.87,0.37,10.6,,
2019-06-01,E09000011,Greenwich,409920.0,2.1,,218.0,1407.0,-0.353156,2025,45274.0,,False,9.05,0.37,10.9,,
2019-07-01,E09000011,Greenwich,419577.0,2.4,,293.0,1407.0,-0.698822,2025,45274.0,,False,9.27,0.37,11.1,,
2019-08-01,E09000011,Greenwich,418756.0,-0.2,,344.0,1407.0,-0.57622,2025,45274.0,,False,9.25,0.37,11.1,,
2019-09-01,E09000011,Greenwich,426112.0,1.8,,309.0,1407.0,-0.346991,2025,45274.0,,False,9.41,0.37,11.3,,
2019-10-01,E09000011,Greenwich,424480.0,-0.4,,284.0,1416.0,1.220359,2025,45274.0,,False,9.38,0.38,11.3,,
2019-11-01,E09000011,Greenwich,429071.0,1.1,,292.0,1430.0,2.228411,2025,45274.0,,False,9.48,0.38,11.4,,
2019-12-01,E09000011,Greenwich,421946.0,-1.7,,296.0,1447.0,3.375667,2025,45274.0,,False,9.32,0.38,11.2,,
2020-01-01,E09000011,Greenwich,419756.0,-0.5,,206.0,1454.0,3.30456,2025,45274.0,,False,9.27,0.39,11.1,,
2020-02-01,E09000011,Greenwich,419643.0,0.0,,252.0,1455.0,3.187466,2025,45274.0,,False,9.27,0.39,11.1,,
2020-03-01,E09000011,Greenwich,416772.0,-0.7,,254.0,1451.0,2.922666,2025,45274.0,,False,9.21,0.38,11.0,,
2020-04-01,E09000011,Greenwich,420497.0,0.9,,116.0,1449.0,2.82644,2025,45274.0,,False,9.29,0.38,11.1,,
2020-05-01,E09000011,Greenwich,418637.0,-0.4,,94.0,1448.0,2.921323,2025,45274.0,,False,9.25,0.38,11.1,,
2020-06-01,E09000011,Greenwich,413332.0,-1.3,,131.0,1449.0,2.984492,2025,45274.0,,False,9.13,0.38,11.0,,
2020-07-01,E09000011,Greenwich,410206.0,-0.8,,198.0,1452.0,3.191185,2025,45274.0,,False,9.06,0.38,10.9,,
2020-08-01,E09000011,Greenwich,411793.0,0.4,,195.0,1452.0,3.209572,2025,45274.0,,False,9.1,0.38,10.9,,
2020-09-01,E09000011,Greenwich,423845.0,2.9,,209.0,1452.0,3.154675,2025,45274.0,,False,9.36,0.38,11.2,,
2020-10-01,E09000011,Greenwich,424564.0,0.2,,294.0,1451.0,2.472805,2025,45274.0,,False,9.38,0.38,11.3,,
2020-11-01,E09000011,Greenwich,429270.0,1.1,,304.0,1452.0,1.582948,2025,45274.0,,False,9.48,0.38,11.4,,
2020-12-01,E09000011,Greenwich,423731.0,-1.3,,349.0,1449.0,0.1231,2025,45274.0,,False,9.36,0.38,11.2,,
2021-01-01,E09000011,Greenwich,435387.0,2.8,,287.0,1440.0,-0.964306,2025,45274.0,,False,9.62,0.38,11.5,,
2021-02-01,E09000011,Greenwich,438670.0,0.8,,335.0,1434.0,-1.420298,2025,45274.0,,False,9.69,0.38,11.6,,
2021-03-01,E09000011,Greenwich,442541.0,0.9,,453.0,1435.0,-1.094826,2025,45274.0,,False,9.77,0.38,11.7,,
2021-04-01,E09000011,Greenwich,435486.0,-1.6,,277.0,1440.0,-0.618213,2025,45274.0,,False,9.62,0.38,11.5,,
2021-05-01,E09000011,Greenwich,438076.0,0.6,,280.0,1441.0,-0.479955,2025,45274.0,,False,9.68,0.38,11.6,,
2021-06-01,E09000011,Greenwich,448433.0,2.4,,874.0,1442.0,-0.505785,2025,45274.0,,False,9.9,0.38,11.9,,
2021-07-01,E09000011,Greenwich,436008.0,-2.8,,109.0,1444.0,-0.543604,2025,45274.0,,False,9.63,0.38,11.6,,
2021-08-01,E09000011,Greenwich,442354.0,1.5,,242.0,1444.0,-0.507424,2025,45274.0,,False,9.77,0.38,11.7,,
2021-09-01,E09000011,Greenwich,436226.0,-1.4,,387.0,1447.0,-0.360345,2025,45274.0,,False,9.64,0.38,11.6,,
2021-10-01,E09000011,Greenwich,453707.0,4.0,,195.0,1449.0,-0.085363,2025,45274.0,,False,10.02,0.38,12.0,,
2021-11-01,E09000011,Greenwich,445773.0,-1.7,,256.0,1453.0,0.082745,2025,45274.0,,False,9.85,0.39,11.8,,
2021-12-01,E09000011,Greenwich,447028.0,0.3,,254.0,1458.0,0.599065,2025,45274.0,,False,9.87,0.39,11.8,,
2022-01-01,E09000011,Greenwich,452910.0,1.3,,238.0,1462.0,1.48399,2025,45274.0,,False,10.0,0.39,12.0,,
2022-02-01,E09000011,Greenwich,456272.0,0.7,,258.0,1466.0,2.216071,2025,45274.0,,False,10.08,0.39,12.1,,
2022-03-01,E09000011,Greenwich,454327.0,-0.4,,233.0,1475.0,2.773596,2025,45274.0,,False,10.04,0.39,12.0,,
2022-04-01,E09000011,Greenwich,447017.0,-1.6,,220.0,1478.0,2.636712,2025,45274.0,,False,9.87,0.39,11.8,,
2022-05-01,E09000011,Greenwich,453550.0,1.5,,237.0,1481.0,2.784569,2025,45274.0,,False,10.02,0.39,12.0,,
2022-06-01,E09000011,Greenwich,471756.0,4.0,,306.0,1481.0,2.717039,2025,45274.0,,False,10.42,0.39,12.5,,
2022-07-01,E09000011,Greenwich,484056.0,2.6,,332.0,1484.0,2.771578,2025,45274.0,,False,10.69,0.39,12.8,,
2022-08-01,E09000011,Greenwich,494314.0,2.1,,356.0,1485.0,2.839743,2025,45274.0,,False,10.92,0.39,13.1,,
2022-09-01,E09000011,Greenwich,492588.0,-0.3,,292.0,1488.0,2.855062,2025,45274.0,,False,10.88,0.39,13.1,,
2022-10-01,E09000011,Greenwich,493819.0,0.2,,317.0,1494.0,3.069589,2025,45274.0,,False,10.91,0.4,13.1,,
2022-11-01,E09000011,Greenwich,485221.0,-1.7,,278.0,1500.0,3.238826,2025,45274.0,,False,10.72,0.4,12.9,,
2022-12-01,E09000011,Greenwich,476900.0,-1.7,,229.0,1509.0,3.541456,2025,45274.0,,False,10.53,0.4,12.6,,
2023-01-01,E09000011,Greenwich,471365.0,-1.2,,193.0,1517.0,3.773447,2025,45274.0,,False,10.41,0.4,12.5,,
2023-02-01,E09000011,Greenwich,475795.0,0.9,,173.0,1523.0,3.855526,2025,45274.0,,False,10.51,0.4,12.6,,
2023-03-01,E09000011,Greenwich,474312.0,-0.3,,181.0,1528.0,3.619625,2025,45274.0,,False,10.48,0.41,12.6,,
2023-04-01,E09000011,Greenwich,457276.0,-3.6,,126.0,1534.0,3.853702,2025,45274.0,,False,10.1,0.41,12.1,,
2023-05-01,E09000011,Greenwich,439408.0,-3.9,,153.0,1544.0,4.22284,2025,45274.0,,False,9.71,0.41,11.6,,
2023-06-01,E09000011,Greenwich,439931.0,0.1,,176.0,1558.0,5.211396,2025,45274.0,,False,9.72,0.41,11.7,,
