data/exports/mart_london_affordability_monthly.csv
date_month,area_code,area_name,average_price,hpi_index,house_price_yoy_pct,sales_volume,avg_monthly_rent,rent_yoy_pct,earnings_year,median_gross_annual_pay,earnings_yoy_pct,earnings_fallback_used,price_to_earnings_ratio,annual_rent_to_earnings_ratio,months_to_save_10pct_deposit,rent_growth_minus_income_growth_pct,house_price_growth_minus_income_growth_pct
2023-07-01,E09000011,Greenwich,454925.0,3.4,,195.0,1572.0,5.974499,2025,45274.0,,False,10.05,0.42,12.1,,
2023-08-01,E09000011,Greenwich,468691.0,3.0,,212.0,1582.0,6.517601,2025,45274.0,,False,10.35,0.42,12.4,,
2023-09-01,E09000011,Greenwich,463636.0,-1.1,,223.0,1602.0,7.646286,2025,45274.0,,False,10.24,0.42,12.3,,
2023-10-01,E09000011,Greenwich,455366.0,-1.8,,181.0,1639.0,9.727335,2025,45274.0,,False,10.06,0.43,12.1,,
2023-11-01,E09000011,Greenwich,446923.0,-1.9,,192.0,1689.0,12.571371,2025,45274.0,,False,9.87,0.45,11.8,,
2023-12-01,E09000011,Greenwich,446287.0,-0.1,,187.0,1727.0,14.436443,2025,45274.0,,False,9.86,0.46,11.8,,
2024-01-01,E09000011,Greenwich,453687.0,1.7,,157.0,1749.0,15.303566,2025,45274.0,,False,10.02,0.46,12.0,,
2024-02-01,E09000011,Greenwich,467415.0,3.0,,190.0,1762.0,15.678624,2025,45274.0,,False,10.32,0.47,12.4,,
2024-03-01,E09000011,Greenwich,479878.0,2.7,,238.0,1774.0,16.084609,2025,45274.0,,False,10.6,0.47,12.7,,
2024-04-01,E09000011,Greenwich,469204.0,-2.2,,174.0,1785.0,16.310435,2025,45274.0,,False,10.36,0.47,12.4,,
2024-05-01,E09000011,Greenwich,465062.0,-0.9,,255.0,1796.0,16.323605,2025,45274.0,,False,10.27,0.48,12.3,,
2024-06-01,E09000011,Greenwich,464477.0,-0.1,,183.0,1803.0,15.713706,2025,45274.0,,False,10.26,0.48,12.3,,
2024-07-01,E09000011,Greenwich,479011.0,3.1,,255.0,1811.0,15.177701,2025,45274.0,,False,10.58,0.48,12.7,,
2024-08-01,E09000011,Greenwich,482247.0,0.7,,285.0,1819.0,14.965817,2025,45274.0,,False,10.65,0.48,12.8,,
2024-09-01,E09000011,Greenwich,486134.0,0.8,,272.0,1822.0,13.750621,2025,45274.0,,False,10.74,0.48,12.9,,
2024-10-01,E09000011,Greenwich,485991.0,0.0,,300.0,1828.0,11.509499,2025,45274.0,,False,10.73,0.48,12.9,,
2024-11-01,E09000011,Greenwich,480901.0,-1.0,,280.0,1840.0,8.940092,2025,45274.0,,False,10.62,0.49,12.7,,
2024-12-01,E09000011,Greenwich,472036.0,-1.8,,240.0,1855.0,7.427078,2025,45274.0,,False,10.43,0.49,12.5,,
2025-01-01,E09000011,Greenwich,467203.0,-1.0,,251.0,1863.0,6.508423,2025,45274.0,,False,10.32,0.49,12.4,,
2025-02-01,E09000011,Greenwich,462744.0,-1.0,,246.0,1863.0,5.761549,2025,45274.0,,False,10.22,0.49,12.3,,
2025-03-01,E09000011,Greenwich,466248.0,0.8,,531.0,1865.0,5.154319,2025,45274.0,,False,10.3,0.49,12.4,,
2025-04-01,E09000011,Greenwich,464763.0,-0.3,,81.0,1868.0,4.679153,2025,45274.0,,False,10.27,0.5,12.3,,
2025-05-01,E09000011,Greenwich,460863.0,-0.8,,127.0,1870.0,4.144004,2025,45274.0,,False,10.18,0.5,12.2,,
2025-06-01,E09000011,Greenwich,464870.0,0.9,,176.0,1873.0,3.872035,2025,45274.0,,False,10.27,0.5,12.3,,
2025-07-01,E09000011,Greenwich,467625.0,0.6,,212.0,1876.0,3.599608,2025,45274.0,,False,10.33,0.5,12.4,,
2025-08-01,E09000011,Greenwich,471588.0,0.8,,170.0,1880.0,3.380024,2025,45274.0,,False,10.42,0.5,12.5,,
2025-09-01,E09000011,Greenwich,469890.0,-0.4,,167.0,1884.0,3.395469,2025,45274.0,,False,10.38,0.5,12.5,,
2025-10-01,E09000011,Greenwich,471400.0,0.3,,159.0,1888.0,3.307923,2025,45274.0,,False,10.41,0.5,12.5,,
2025-11-01,E09000011,Greenwich,472507.0,0.2,,123.0,1907.0,3.607009,2025,45274.0,,False,10.44,0.51,12.5,,
2025-12-01,E09000011,Greenwich,469603.0,-0.6,,,1927.0,3.848589,2025,45274.0,,False,10.37,0.51,12.4,,
2026-01-01,E09000011,Greenwich,477909.0,1.8,,,1941.0,4.19304,2025,45274.0,,False,10.56,0.51,12.7,,
1995-01-01,E09000012,Hackney,63375.0,,,131.0,,,2025,49482.0,,False,1.28,,1.5,,
1995-02-01,E09000012,Hackney,65330.0,3.1,,115.0,,,2025,49482.0,,False,1.32,,1.6,,
1995-03-01,E09000012,Hackney,65750.0,0.6,,159.0,,,2025,49482.0,,False,1.33,,1.6,,
1995-04-01,E09000012,Hackney,67349.0,2.4,,141.0,,,2025,49482.0,,False,1.36,,1.6,,
1995-05-01,E09000012,Hackney,68439.0,1.6,,138.0,,,2025,49482.0,,False,1.38,,1.7,,
1995-06-01,E09000012,Hackney,69191.0,1.1,,175.0,,,2025,49482.0,,False,1.4,,1.7,,
1995-07-01,E09000012,Hackney,70710.0,2.2,,152.0,,,2025,49482.0,,False,1.43,,1.7,,
1995-08-01,E09000012,Hackney,70406.0,-0.4,,131.0,,,2025,49482.0,,False,1.42,,1.7,,
1995-09-01,E09000012,Hackney,71084.0,1.0,,125.0,,,2025,49482.0,,False,1.44,,1.7,,
1995-10-01,E09000012,Hackney,69913.0,-1.6,,133.0,,,2025,49482.0,,False,1.41,,1.7,,
1995-11-01,E09000012,Hackney,69518.0,-0.6,,154.0,,,2025,49482.0,,False,1.4,,1.7,,
1995-12-01,E09000012,Hackney,68098.0,-2.0,,155.0,,,2025,49482.0,,False,1.38,,1.7,,
1996-01-01,E09000012,Hackney,68577.0,0.7,,131.0,,,2025,49482.0,,False,1.39,,1.7,,
1996-02-01,E09000012,Hackney,69260.0,1.0,,132.0,,,2025,49482.0,,False,1.4,,1.7,,
1996-03-01,E09000012,Hackney,70003.0,1.1,,152.0,,,2025,49482.0,,False,1.41,,1.7,,
1996-04-01,E09000012,Hackney,69336.0,-1.0,,126.0,,,2025,49482.0,,False,1.4,,1.7,,
1996-05-01,E09000012,Hackney,69258.0,-0.1,,122.0,,,2025,49482.0,,False,1.4,,1.7,,
1996-06-01,E09000012,Hackney,71468.0,3.2,,155.0,,,2025,49482.0,,False,1.44,,1.7,,
1996-07-01,E09000012,Hackney,73185.0,2.4,,208.0,,,2025,49482.0,,False,1.48,,1.8,,
1996-08-01,E09000012,Hackney,74224.0,1.4,,183.0,,,2025,49482.0,,False,1.5,,1.8,,
1996-09-01,E09000012,Hackney,74253.0,0.0,,215.0,,,2025,49482.0,,False,1.5,,1.8,,
1996-10-01,E09000012,Hackney,73571.0,-0.9,,193.0,,,2025,49482.0,,False,1.49,,1.8,,
1996-11-01,E09000012,Hackney,73501.0,-0.1,,209.0,,,2025,49482.0,,False,1.49,,1.8,,
1996-12-01,E09000012,Hackney,72516.0,-1.3,,220.0,,,2025,49482.0,,False,1.47,,1.8,,
1997-01-01,E09000012,Hackney,72256.0,-0.4,,176.0,,,2025,49482.0,,False,1.46,,1.8,,
1997-02-01,E09000012,Hackney,72897.0,0.9,,183.0,,,2025,49482.0,,False,1.47,,1.8,,
1997-03-01,E09000012,Hackney,74659.0,2.4,,195.0,,,2025,49482.0,,False,1.51,,1.8,,
1997-04-01,E09000012,Hackney,78589.0,5.3,,191.0,,,2025,49482.0,,False,1.59,,1.9,,
1997-05-01,E09000012,Hackney,82199.0,4.6,,205.0,,,2025,49482.0,,False,1.66,,2.0,,
1997-06-01,E09000012,Hackney,83084.0,1.1,,240.0,,,2025,49482.0,,False,1.68,,2.0,,
1997-07-01,E09000012,Hackney,83313.0,0.3,,301.0,,,2025,49482.0,,False,1.68,,2.0,,
1997-08-01,E09000012,Hackney,83002.0,-0.4,,285.0,,,2025,49482.0,,False,1.68,,2.0,,
1997-09-01,E09000012,Hackney,85086.0,2.5,,216.0,,,2025,49482.0,,False,1.72,,2.1,,
1997-10-01,E09000012,Hackney,84911.0,-0.2,,253.0,,,2025,49482.0,,False,1.72,,2.1,,
1997-11-01,E09000012,Hackney,85954.0,1.2,,237.0,,,2025,49482.0,,False,1.74,,2.1,,
1997-12-01,E09000012,Hackney,83985.0,-2.3,,293.0,,,2025,49482.0,,False,1.7,,2.0,,
1998-01-01,E09000012,Hackney,86348.0,2.8,,166.0,,,2025,49482.0,,False,1.75,,2.1,,
1998-02-01,E09000012,Hackney,85212.0,-1.3,,172.0,,,2025,49482.0,,False,1.72,,2.1,,
1998-03-01,E09000012,Hackney,87060.0,2.2,,257.0,,,2025,49482.0,,False,1.76,,2.1,,
1998-04-01,E09000012,Hackney,85996.0,-1.2,,239.0,,,2025,49482.0,,False,1.74,,2.1,,
1998-05-01,E09000012,Hackney,89509.0,4.1,,233.0,,,2025,49482.0,,False,1.81,,2.2,,
1998-06-01,E09000012,Hackney,90132.0,0.7,,275.0,,,2025,49482.0,,False,1.82,,2.2,,
1998-07-01,E09000012,Hackney,94655.0,5.0,,272.0,,,2025,49482.0,,False,1.91,,2.3,,
1998-08-01,E09000012,Hackney,92629.0,-2.1,,286.0,,,2025,49482.0,,False,1.87,,2.2,,
1998-09-01,E09000012,Hackney,95271.0,2.9,,255.0,,,2025,49482.0,,False,1.93,,2.3,,
1998-10-01,E09000012,Hackney,91628.0,-3.8,,244.0,,,2025,49482.0,,False,1.85,,2.2,,
1998-11-01,E09000012,Hackney,94723.0,3.4,,281.0,,,2025,49482.0,,False,1.91,,2.3,,
1998-12-01,E09000012,Hackney,97030.0,2.4,,259.0,,,2025,49482.0,,False,1.96,,2.4,,
1999-01-01,E09000012,Hackney,102863.0,6.0,,196.0,,,2025,49482.0,,False,2.08,,2.5,,
1999-02-01,E09000012,Hackney,102332.0,-0.5,,155.0,,,2025,49482.0,,False,2.07,,2.5,,
1999-03-01,E09000012,Hackney,101832.0,-0.5,,208.0,,,2025,49482.0,,False,2.06,,2.5,,
1999-04-01,E09000012,Hackney,101758.0,-0.1,,188.0,,,2025,49482.0,,False,2.06,,2.5,,
1999-05-01,E09000012,Hackney,103428.0,1.6,,223.0,,,2025,49482.0,,False,2.09,,2.5,,
1999-06-01,E09000012,Hackney,106184.0,2.7,,259.0,,,2025,49482.0,,False,2.15,,2.6,,
1999-07-01,E09000012,Hackney,107855.0,1.6,,338.0,,,2025,49482.0,,False,2.18,,2.6,,
1999-08-01,E09000012,Hackney,112233.0,4.1,,308.0,,,2025,49482.0,,False,2.27,,2.7,,
1999-09-01,E09000012,Hackney,114151.0,1.7,,274.0,,,2025,49482.0,,False,2.31,,2.8,,
1999-10-01,E09000012,Hackney,116215.0,1.8,,278.0,,,2025,49482.0,,False,2.35,,2.8,,
1999-11-01,E09000012,Hackney,118664.0,2.1,,266.0,,,2025,49482.0,,False,2.4,,2.9,,
1999-12-01,E09000012,Hackney,121827.0,2.7,,372.0,,,2025,49482.0,,False,2.46,,3.0,,
2000-01-01,E09000012,Hackney,125243.0,2.8,,215.0,,,2025,49482.0,,False,2.53,,3.0,,
2000-02-01,E09000012,Hackney,126428.0,0.9,,235.0,,,2025,49482.0,,False,2.56,,3.1,,
2000-03-01,E09000012,Hackney,125472.0,-0.8,,280.0,,,2025,49482.0,,False,2.54,,3.0,,
2000-04-01,E09000012,Hackney,127344.0,1.5,,230.0,,,2025,49482.0,,False,2.57,,3.1,,
2000-05-01,E09000012,Hackney,132250.0,3.9,,236.0,,,2025,49482.0,,False,2.67,,3.2,,
2000-06-01,E09000012,Hackney,139773.0,5.7,,264.0,,,2025,49482.0,,False,2.82,,3.4,,
2000-07-01,E09000012,Hackney,143620.0,2.8,,229.0,,,2025,49482.0,,False,2.9,,3.5,,
2000-08-01,E09000012,Hackney,147135.0,2.4,,222.0,,,2025,49482.0,,False,2.97,,3.6,,
2000-09-01,E09000012,Hackney,147457.0,0.2,,175.0,,,2025,49482.0,,False,2.98,,3.6,,
2000-10-01,E09000012,Hackney,145901.0,-1.1,,185.0,,,2025,49482.0,,False,2.95,,3.5,,
2000-11-01,E09000012,Hackney,143732.0,-1.5,,200.0,,,2025,49482.0,,False,2.9,,3.5,,
2000-12-01,E09000012,Hackney,142388.0,-0.9,,243.0,,,2025,49482.0,,False,2.88,,3.5,,
2001-01-01,E09000012,Hackney,143819.0,1.0,,227.0,,,2025,49482.0,,False,2.91,,3.5,,
2001-02-01,E09000012,Hackney,146366.0,1.8,,180.0,,,2025,49482.0,,False,2.96,,3.5,,
2001-03-01,E09000012,Hackney,152255.0,4.0,,287.0,,,2025,49482.0,,False,3.08,,3.7,,
2001-04-01,E09000012,Hackney,155430.0,2.1,,262.0,,,2025,49482.0,,False,3.14,,3.8,,
2001-05-01,E09000012,Hackney,158489.0,2.0,,284.0,,,2025,49482.0,,False,3.2,,3.8,,
2001-06-01,E09000012,Hackney,160132.0,1.0,,315.0,,,2025,49482.0,,False,3.24,,3.9,,
2001-07-01,E09000012,Hackney,161031.0,0.6,,292.0,,,2025,49482.0,,False,3.25,,3.9,,
2001-08-01,E09000012,Hackney,162877.0,1.1,,322.0,,,2025,49482.0,,False,3.29,,3.9,,
2001-09-01,E09000012,Hackney,162664.0,-0.1,,278.0,,,2025,49482.0,,False,3.29,,3.9,,
2001-10-01,E09000012,Hackney,165702.0,1.9,,298.0,,,2025,49482.0,,False,3.35,,4.0,,
2001-11-01,E09000012,Hackney,166156.0,0.3,,292.0,,,2025,49482.0,,False,3.36,,4.0,,
2001-12-01,E09000012,Hackney,168382.0,1.3,,252.0,,,2025,49482.0,,False,3.4,,4.1,,
2002-01-01,E09000012,Hackney,170603.0,1.3,,185.0,,,2025,49482.0,,False,3.45,,4.1,,
2002-02-01,E09000012,Hackney,170258.0,-0.2,,230.0,,,2025,49482.0,,False,3.44,,4.1,,
2002-03-01,E09000012,Hackney,173064.0,1.6,,305.0,,,2025,49482.0,,False,3.5,,4.2,,
2002-04-01,E09000012,Hackney,170731.0,-1.3,,284.0,,,2025,49482.0,,False,3.45,,4.1,,
2002-05-01,E09000012,Hackney,176498.0,3.4,,388.0,,,2025,49482.0,,False,3.57,,4.3,,
2002-06-01,E09000012,Hackney,180868.0,2.5,,294.0,,,2025,49482.0,,False,3.66,,4.4,,
2002-07-01,E09000012,Hackney,191613.0,5.9,,351.0,,,2025,49482.0,,False,3.87,,4.6,,
2002-08-01,E09000012,Hackney,195911.0,2.2,,388.0,,,2025,49482.0,,False,3.96,,4.8,,
2002-09-01,E09000012,Hackney,200663.0,2.4,,337.0,,,2025,49482.0,,False,4.06,,4.9,,
2002-10-01,E09000012,Hackney,200994.0,0.2,,346.0,,,2025,49482.0,,False,4.06,,4.9,,
2002-11-01,E09000012,Hackney,203471.0,1.2,,296.0,,,2025,49482.0,,False,4.11,,4.9,,
2002-12-01,E09000012,Hackney,201921.0,-0.8,,252.0,,,2025,49482.0,,False,4.08,,4.9,,
2003-01-01,E09000012,Hackney,204134.0,1.1,,232.0,,,2025,49482.0,,False,4.13,,5.0,,
2003-02-01,E09000012,Hackney,207125.0,1.5,,194.0,,,2025,49482.0,,False,4.19,,5.0,,
2003-03-01,E09000012,Hackney,206909.0,-0.1,,172.0,,,2025,49482.0,,False,4.18,,5.0,,
2003-04-01,E09000012,Hackney,204228.0,-1.3,,178.0,,,2025,49482.0,,False,4.13,,5.0,,
2003-05-01,E09000012,Hackney,206305.0,1.0,,197.0,,,2025,49482.0,,False,4.17,,5.0,,
2003-06-01,E09000012,Hackney,207485.0,0.6,,251.0,,,2025,49482.0,,False,4.19,,5.0,,
2003-07-01,E09000012,Hackney,213538.0,2.9,,240.0,,,2025,49482.0,,False,4.32,,5.2,,
2003-08-01,E09000012,Hackney,209098.0,-2.1,,263.0,,,2025,49482.0,,False,4.23,,5.1,,
2003-09-01,E09000012,Hackney,209276.0,0.1,,230.0,,,2025,49482.0,,False,4.23,,5.1,,
2003-10-01,E09000012,Hackney,207063.0,-1.1,,267.0,,,2025,49482.0,,False,4.18,,5.0,,
2003-11-01,E09000012,Hackney,209861.0,1.4,,266.0,,,2025,49482.0,,False,4.24,,5.1,,
2003-12-01,E09000012,Hackney,209661.0,-0.1,,274.0,,,2025,49482.0,,False,4.24,,5.1,,
2004-01-01,E09000012,Hackney,215038.0,2.6,,269.0,,,2025,49482.0,,False,4.35,,5.2,,
2004-02-01,E09000012,Hackney,213828.0,-0.6,,258.0,,,2025,49482.0,,False,4.32,,5.2,,
2004-03-01,E09000012,Hackney,222938.0,4.3,,329.0,,,2025,49482.0,,False,4.51,,5.4,,
2004-04-01,E09000012,Hackney,220834.0,-0.9,,324.0,,,2025,49482.0,,False,4.46,,5.4,,
2004-05-01,E09000012,Hackney,221841.0,0.5,,284.0,,,2025,49482.0,,False,4.48,,5.4,,
2004-06-01,E09000012,Hackney,218033.0,-1.7,,316.0,,,2025,49482.0,,False,4.41,,5.3,,
2004-07-01,E09000012,Hackney,219853.0,0.8,,337.0,,,2025,49482.0,,False,4.44,,5.3,,
2004-08-01,E09000012,Hackney,226443.0,3.0,,288.0,,,2025,49482.0,,False,4.58,,5.5,,
2004-09-01,E09000012,Hackney,229652.0,1.4,,254.0,,,2025,49482.0,,False,4.64,,5.6,,
2004-10-01,E09000012,Hackney,234686.0,2.2,,254.0,,,2025,49482.0,,False,4.74,,5.7,,
2004-11-01,E09000012,Hackney,238488.0,1.6,,191.0,,,2025,49482.0,,False,4.82,,5.8,,
2004-12-01,E09000012,Hackney,239072.0,0.2,,218.0,,,2025,49482.0,,False,4.83,,5.8,,
2005-01-01,E09000012,Hackney,238369.0,-0.3,,143.0,,,2025,49482.0,,False,4.82,,5.8,,
2005-02-01,E09000012,Hackney,236941.0,-0.6,,160.0,,,2025,49482.0,,False,4.79,,5.7,,
2005-03-01,E09000012,Hackney,236444.0,-0.2,,159.0,,,2025,49482.0,,False,4.78,,5.7,,
2005-04-01,E09000012,Hackney,234262.0,-0.9,,181.0,,,2025,49482.0,,False,4.73,,5.7,,
2005-05-01,E09000012,Hackney,229216.0,-2.2,,196.0,,,2025,49482.0,,False,4.63,,5.6,,
2005-06-01,E09000012,Hackney,227454.0,-0.8,,243.0,,,2025,49482.0,,False,4.6,,5.5,,
2005-07-01,E09000012,Hackney,230916.0,1.5,,266.0,,,2025,49482.0,,False,4.67,,5.6,,
2005-08-01,E09000012,Hackney,235686.0,2.1,,237.0,,,2025,49482.0,,False,4.76,,5.7,,
2005-09-01,E09000012,Hackney,242552.0,2.9,,252.0,,,2025,49482.0,,False,4.9,,5.9,,
2005-10-01,E09000012,Hackney,238055.0,-1.9,,241.0,,,2025,49482.0,,False,4.81,,5.8,,
2005-11-01,E09000012,Hackney,237781.0,-0.1,,217.0,,,2025,49482.0,,False,4.81,,5.8,,
2005-12-01,E09000012,Hackney,240326.0,1.1,,249.0,,,2025,49482.0,,False,4.86,,5.8,,
2006-01-01,E09000012,Hackney,246326.0,2.5,,249.0,,,2025,49482.0,,False,4.98,,6.0,,
2006-02-01,E09000012,Hackney,248408.0,0.8,,239.0,,,2025,49482.0,,False,5.02,,6.0,,
2006-03-01,E09000012,Hackney,247129.0,-0.5,,296.0,,,2025,49482.0,,False,4.99,,6.0,,
2006-04-01,E09000012,Hackney,250156.0,1.2,,212.0,,,2025,49482.0,,False,5.06,,6.1,,
2006-05-01,E09000012,Hackney,252899.0,1.1,,253.0,,,2025,49482.0,,False,5.11,,6.1,,
2006-06-01,E09000012,Hackney,261096.0,3.2,,276.0,,,2025,49482.0,,False,5.28,,6.3,,
2006-07-01,E09000012,Hackney,264164.0,1.2,,320.0,,,2025,49482.0,,False,5.34,,6.4,,
2006-08-01,E09000012,Hackney,270680.0,2.5,,370.0,,,2025,49482.0,,False,5.47,,6.6,,
2006-09-01,E09000012,Hackney,273515.0,1.0,,307.0,,,2025,49482.0,,False,5.53,,6.6,,
2006-10-01,E09000012,Hackney,276924.0,1.2,,281.0,,,2025,49482.0,,False,5.6,,6.7,,
2006-11-01,E09000012,Hackney,276657.0,-0.1,,300.0,,,2025,49482.0,,False,5.59,,6.7,,
2006-12-01,E09000012,Hackney,274161.0,-0.9,,286.0,,,2025,49482.0,,False,5.54,,6.6,,
2007-01-01,E09000012,Hackney,276286.0,0.8,,241.0,,,2025,49482.0,,False,5.58,,6.7,,
2007-02-01,E09000012,Hackney,280159.0,1.4,,234.0,,,2025,49482.0,,False,5.66,,6.8,,
2007-03-01,E09000012,Hackney,285406.0,1.9,,285.0,,,2025,49482.0,,False,5.77,,6.9,,
2007-04-01,E09000012,Hackney,285799.0,0.1,,266.0,,,2025,49482.0,,False,5.78,,6.9,,
2007-05-01,E09000012,Hackney,291002.0,1.8,,309.0,,,2025,49482.0,,False,5.88,,7.1,,
2007-06-01,E09000012,Hackney,291737.0,0.3,,361.0,,,2025,49482.0,,False,5.9,,7.1,,
2007-07-01,E09000012,Hackney,301681.0,3.4,,315.0,,,2025,49482.0,,False,6.1,,7.3,,
2007-08-01,E09000012,Hackney,311812.0,3.4,,353.0,,,2025,49482.0,,False,6.3,,7.6,,
2007-09-01,E09000012,Hackney,324570.0,4.1,,335.0,,,2025,49482.0,,False,6.56,,7.9,,
2007-10-01,E09000012,Hackney,322717.0,-0.6,,308.0,,,2025,49482.0,,False,6.52,,7.8,,
2007-11-01,E09000012,Hackney,320430.0,-0.7,,307.0,,,2025,49482.0,,False,6.48,,7.8,,
2007-12-01,E09000012,Hackney,311338.0,-2.8,,241.0,,,2025,49482.0,,False,6.29,,7.6,,
2008-01-01,E09000012,Hackney,318655.0,2.3,,178.0,,,2025,49482.0,,False,6.44,,7.7,,
2008-02-01,E09000012,Hackney,317203.0,-0.5,,181.0,,,2025,49482.0,,False,6.41,,7.7,,
2008-03-01,E09000012,Hackney,323971.0,2.1,,175.0,,,2025,49482.0,,False,6.55,,7.9,,
2008-04-01,E09000012,Hackney,326905.0,0.9,,162.0,,,2025,49482.0,,False,6.61,,7.9,,
2008-05-01,E09000012,Hackney,335344.0,2.6,,161.0,,,2025,49482.0,,False,6.78,,8.1,,
2008-06-01,E09000012,Hackney,343353.0,2.4,,136.0,,,2025,49482.0,,False,6.94,,8.3,,
2008-07-01,E09000012,Hackney,336088.0,-2.1,,144.0,,,2025,49482.0,,False,6.79,,8.2,,
2008-08-01,E09000012,Hackney,329744.0,-1.9,,118.0,,,2025,49482.0,,False,6.66,,8.0,,
2008-09-01,E09000012,Hackney,313584.0,-4.9,,83.0,,,2025,49482.0,,False,6.34,,7.6,,
2008-10-01,E09000012,Hackney,309739.0,-1.2,,108.0,,,2025,49482.0,,False,6.26,,7.5,,
2008-11-01,E09000012,Hackney,309453.0,-0.1,,110.0,,,2025,49482.0,,False,6.25,,7.5,,
2008-12-01,E09000012,Hackney,304083.0,-1.7,,135.0,,,2025,49482.0,,False,6.15,,7.4,,
2009-01-01,E09000012,Hackney,307514.0,1.1,,82.0,,,2025,49482.0,,False,6.21,,7.5,,
2009-02-01,E09000012,Hackney,294056.0,-4.4,,79.0,,,2025,49482.0,,False,5.94,,7.1,,
2009-03-01,E09000012,Hackney,302419.0,2.8,,93.0,,,2025,49482.0,,False,6.11,,7.3,,
2009-04-01,E09000012,Hackney,276768.0,-8.5,,152.0,,,2025,49482.0,,False,5.59,,6.7,,
