data/exports/mart_london_affordability_monthly.csv
date_month,area_code,area_name,average_price,hpi_index,house_price_yoy_pct,sales_volume,avg_monthly_rent,rent_yoy_pct,earnings_year,median_gross_annual_pay,earnings_yoy_pct,earnings_fallback_used,price_to_earnings_ratio,annual_rent_to_earnings_ratio,months_to_save_10pct_deposit,rent_growth_minus_income_growth_pct,house_price_growth_minus_income_growth_pct
2009-05-01,E09000012,Hackney,273305.0,-1.3,,107.0,,,2025,49482.0,,False,5.52,,6.6,,
2009-06-01,E09000012,Hackney,260137.0,-4.8,,191.0,,,2025,49482.0,,False,5.26,,6.3,,
2009-07-01,E09000012,Hackney,280330.0,7.8,,160.0,,,2025,49482.0,,False,5.67,,6.8,,
2009-08-01,E09000012,Hackney,286783.0,2.3,,199.0,,,2025,49482.0,,False,5.8,,7.0,,
2009-09-01,E09000012,Hackney,300863.0,4.9,,166.0,,,2025,49482.0,,False,6.08,,7.3,,
2009-10-01,E09000012,Hackney,304195.0,1.1,,186.0,,,2025,49482.0,,False,6.15,,7.4,,
2009-11-01,E09000012,Hackney,310619.0,2.1,,189.0,,,2025,49482.0,,False,6.28,,7.5,,
2009-12-01,E09000012,Hackney,304758.0,-1.9,,248.0,,,2025,49482.0,,False,6.16,,7.4,,
2010-01-01,E09000012,Hackney,305856.0,0.4,,149.0,,,2025,49482.0,,False,6.18,,7.4,,
2010-02-01,E09000012,Hackney,308574.0,0.9,,140.0,,,2025,49482.0,,False,6.24,,7.5,,
2010-03-01,E09000012,Hackney,307364.0,-0.4,,161.0,,,2025,49482.0,,False,6.21,,7.5,,
2010-04-01,E09000012,Hackney,308192.0,0.3,,184.0,,,2025,49482.0,,False,6.23,,7.5,,
2010-05-01,E09000012,Hackney,304416.0,-1.2,,145.0,,,2025,49482.0,,False,6.15,,7.4,,
2010-06-01,E09000012,Hackney,315870.0,3.8,,173.0,,,2025,49482.0,,False,6.38,,7.7,,
2010-07-01,E09000012,Hackney,314851.0,-0.3,,208.0,,,2025,49482.0,,False,6.36,,7.6,,
2010-08-01,E09000012,Hackney,318460.0,1.1,,202.0,,,2025,49482.0,,False,6.44,,7.7,,
2010-09-01,E09000012,Hackney,317769.0,-0.2,,197.0,,,2025,49482.0,,False,6.42,,7.7,,
2010-10-01,E09000012,Hackney,314906.0,-0.9,,198.0,,,2025,49482.0,,False,6.36,,7.6,,
2010-11-01,E09000012,Hackney,306858.0,-2.6,,235.0,,,2025,49482.0,,False,6.2,,7.4,,
2010-12-01,E09000012,Hackney,305060.0,-0.6,,195.0,,,2025,49482.0,,False,6.17,,7.4,,
2011-01-01,E09000012,Hackney,304203.0,-0.3,,137.0,,,2025,49482.0,,False,6.15,,7.4,,
2011-02-01,E09000012,Hackney,310751.0,2.2,,131.0,,,2025,49482.0,,False,6.28,,7.5,,
2011-03-01,E09000012,Hackney,304410.0,-2.0,,129.0,,,2025,49482.0,,False,6.15,,7.4,,
2011-04-01,E09000012,Hackney,314568.0,3.3,,124.0,,,2025,49482.0,,False,6.36,,7.6,,
2011-05-01,E09000012,Hackney,312799.0,-0.6,,161.0,,,2025,49482.0,,False,6.32,,7.6,,
2011-06-01,E09000012,Hackney,315292.0,0.8,,233.0,,,2025,49482.0,,False,6.37,,7.6,,
2011-07-01,E09000012,Hackney,319212.0,1.2,,181.0,,,2025,49482.0,,False,6.45,,7.7,,
2011-08-01,E09000012,Hackney,322981.0,1.2,,270.0,,,2025,49482.0,,False,6.53,,7.8,,
2011-09-01,E09000012,Hackney,334070.0,3.4,,272.0,,,2025,49482.0,,False,6.75,,8.1,,
2011-10-01,E09000012,Hackney,327870.0,-1.9,,178.0,,,2025,49482.0,,False,6.63,,8.0,,
2011-11-01,E09000012,Hackney,334455.0,2.0,,198.0,,,2025,49482.0,,False,6.76,,8.1,,
2011-12-01,E09000012,Hackney,329394.0,-1.5,,203.0,,,2025,49482.0,,False,6.66,,8.0,,
2012-01-01,E09000012,Hackney,335152.0,1.7,,128.0,,,2025,49482.0,,False,6.77,,8.1,,
2012-02-01,E09000012,Hackney,321270.0,-4.1,,198.0,,,2025,49482.0,,False,6.49,,7.8,,
2012-03-01,E09000012,Hackney,320137.0,-0.4,,220.0,,,2025,49482.0,,False,6.47,,7.8,,
2012-04-01,E09000012,Hackney,321851.0,0.5,,153.0,,,2025,49482.0,,False,6.5,,7.8,,
2012-05-01,E09000012,Hackney,327462.0,1.7,,190.0,,,2025,49482.0,,False,6.62,,7.9,,
2012-06-01,E09000012,Hackney,332068.0,1.4,,216.0,,,2025,49482.0,,False,6.71,,8.1,,
2012-07-01,E09000012,Hackney,335418.0,1.0,,218.0,,,2025,49482.0,,False,6.78,,8.1,,
2012-08-01,E09000012,Hackney,344295.0,2.6,,288.0,,,2025,49482.0,,False,6.96,,8.3,,
2012-09-01,E09000012,Hackney,348934.0,1.3,,298.0,,,2025,49482.0,,False,7.05,,8.5,,
2012-10-01,E09000012,Hackney,345588.0,-1.0,,233.0,,,2025,49482.0,,False,6.98,,8.4,,
2012-11-01,E09000012,Hackney,351955.0,1.8,,224.0,,,2025,49482.0,,False,7.11,,8.5,,
2012-12-01,E09000012,Hackney,354239.0,0.6,,252.0,,,2025,49482.0,,False,7.16,,8.6,,
2013-01-01,E09000012,Hackney,362867.0,2.4,,157.0,,,2025,49482.0,,False,7.33,,8.8,,
2013-02-01,E09000012,Hackney,364941.0,0.6,,161.0,,,2025,49482.0,,False,7.38,,8.9,,
2013-03-01,E09000012,Hackney,367051.0,0.6,,192.0,,,2025,49482.0,,False,7.42,,8.9,,
2013-04-01,E09000012,Hackney,369206.0,0.6,,217.0,,,2025,49482.0,,False,7.46,,9.0,,
2013-05-01,E09000012,Hackney,370297.0,0.3,,259.0,,,2025,49482.0,,False,7.48,,9.0,,
2013-06-01,E09000012,Hackney,374442.0,1.1,,243.0,,,2025,49482.0,,False,7.57,,9.1,,
2013-07-01,E09000012,Hackney,380617.0,1.6,,272.0,,,2025,49482.0,,False,7.69,,9.2,,
2013-08-01,E09000012,Hackney,392378.0,3.1,,298.0,,,2025,49482.0,,False,7.93,,9.5,,
2013-09-01,E09000012,Hackney,408202.0,4.0,,230.0,,,2025,49482.0,,False,8.25,,9.9,,
2013-10-01,E09000012,Hackney,406084.0,-0.5,,208.0,,,2025,49482.0,,False,8.21,,9.8,,
2013-11-01,E09000012,Hackney,411178.0,1.3,,244.0,,,2025,49482.0,,False,8.31,,10.0,,
2013-12-01,E09000012,Hackney,416420.0,1.3,,239.0,,,2025,49482.0,,False,8.42,,10.1,,
2014-01-01,E09000012,Hackney,429128.0,3.1,,169.0,,,2025,49482.0,,False,8.67,,10.4,,
2014-02-01,E09000012,Hackney,437653.0,2.0,,256.0,,,2025,49482.0,,False,8.84,,10.6,,
2014-03-01,E09000012,Hackney,448204.0,2.4,,212.0,,,2025,49482.0,,False,9.06,,10.9,,
2014-04-01,E09000012,Hackney,455702.0,1.7,,246.0,,,2025,49482.0,,False,9.21,,11.1,,
2014-05-01,E09000012,Hackney,467642.0,2.6,,226.0,,,2025,49482.0,,False,9.45,,11.3,,
2014-06-01,E09000012,Hackney,475863.0,1.8,,310.0,,,2025,49482.0,,False,9.62,,11.5,,
2014-07-01,E09000012,Hackney,485473.0,2.0,,280.0,,,2025,49482.0,,False,9.81,,11.8,,
2014-08-01,E09000012,Hackney,496424.0,2.3,,244.0,,,2025,49482.0,,False,10.03,,12.0,,
2014-09-01,E09000012,Hackney,497690.0,0.3,,266.0,,,2025,49482.0,,False,10.06,,12.1,,
2014-10-01,E09000012,Hackney,499494.0,0.4,,282.0,,,2025,49482.0,,False,10.09,,12.1,,
2014-11-01,E09000012,Hackney,482535.0,-3.4,,206.0,,,2025,49482.0,,False,9.75,,11.7,,
2014-12-01,E09000012,Hackney,486579.0,0.8,,221.0,,,2025,49482.0,,False,9.83,,11.8,,
2015-01-01,E09000012,Hackney,485309.0,-0.3,,194.0,1808.0,,2025,49482.0,,False,9.81,0.44,11.8,,
2015-02-01,E09000012,Hackney,496451.0,2.3,,167.0,1817.0,,2025,49482.0,,False,10.03,0.44,12.0,,
2015-03-01,E09000012,Hackney,493357.0,-0.6,,176.0,1827.0,,2025,49482.0,,False,9.97,0.44,12.0,,
2015-04-01,E09000012,Hackney,510799.0,3.5,,243.0,1831.0,,2025,49482.0,,False,10.32,0.44,12.4,,
2015-05-01,E09000012,Hackney,523322.0,2.5,,229.0,1841.0,,2025,49482.0,,False,10.58,0.45,12.7,,
2015-06-01,E09000012,Hackney,532913.0,1.8,,311.0,1848.0,,2025,49482.0,,False,10.77,0.45,12.9,,
2015-07-01,E09000012,Hackney,537085.0,0.8,,369.0,1853.0,,2025,49482.0,,False,10.85,0.45,13.0,,
2015-08-01,E09000012,Hackney,542837.0,1.1,,336.0,1861.0,,2025,49482.0,,False,10.97,0.45,13.2,,
2015-09-01,E09000012,Hackney,541455.0,-0.3,,215.0,1871.0,,2025,49482.0,,False,10.94,0.45,13.1,,
2015-10-01,E09000012,Hackney,539819.0,-0.3,,235.0,1885.0,,2025,49482.0,,False,10.91,0.46,13.1,,
2015-11-01,E09000012,Hackney,537688.0,-0.4,,213.0,1882.0,,2025,49482.0,,False,10.87,0.46,13.0,,
2015-12-01,E09000012,Hackney,546793.0,1.7,,234.0,1878.0,,2025,49482.0,,False,11.05,0.46,13.3,,
2016-01-01,E09000012,Hackney,565035.0,3.3,,157.0,1871.0,3.480748,2025,49482.0,,False,11.42,0.45,13.7,,
2016-02-01,E09000012,Hackney,575553.0,1.9,,162.0,1877.0,3.258149,2025,49482.0,,False,11.63,0.46,14.0,,
2016-03-01,E09000012,Hackney,585671.0,1.8,,383.0,1885.0,3.190643,2025,49482.0,,False,11.84,0.46,14.2,,
2016-04-01,E09000012,Hackney,553456.0,-5.5,,155.0,1889.0,3.191393,2025,49482.0,,False,11.18,0.46,13.4,,
2016-05-01,E09000012,Hackney,533175.0,-3.7,,175.0,1902.0,3.342662,2025,49482.0,,False,10.78,0.46,12.9,,
2016-06-01,E09000012,Hackney,517401.0,-3.0,,178.0,1910.0,3.385583,2025,49482.0,,False,10.46,0.46,12.5,,
2016-07-01,E09000012,Hackney,533141.0,3.0,,186.0,1923.0,3.775075,2025,49482.0,,False,10.77,0.47,12.9,,
2016-08-01,E09000012,Hackney,543584.0,2.0,,200.0,1929.0,3.666935,2025,49482.0,,False,10.99,0.47,13.2,,
2016-09-01,E09000012,Hackney,555998.0,2.3,,162.0,1935.0,3.392585,2025,49482.0,,False,11.24,0.47,13.5,,
2016-10-01,E09000012,Hackney,564897.0,1.6,,212.0,1936.0,2.717908,2025,49482.0,,False,11.42,0.47,13.7,,
2016-11-01,E09000012,Hackney,576511.0,2.1,,239.0,1938.0,2.962901,2025,49482.0,,False,11.65,0.47,14.0,,
2016-12-01,E09000012,Hackney,567368.0,-1.6,,247.0,1940.0,3.307528,2025,49482.0,,False,11.47,0.47,13.8,,
2017-01-01,E09000012,Hackney,580485.0,2.3,,179.0,1956.0,4.515656,2025,49482.0,,False,11.73,0.47,14.1,,
2017-02-01,E09000012,Hackney,570286.0,-1.8,,169.0,1965.0,4.708646,2025,49482.0,,False,11.53,0.48,13.8,,
2017-03-01,E09000012,Hackney,553536.0,-2.9,,208.0,1969.0,4.461736,2025,49482.0,,False,11.19,0.48,13.4,,
2017-04-01,E09000012,Hackney,531345.0,-4.0,,172.0,1960.0,3.736395,2025,49482.0,,False,10.74,0.48,12.9,,
2017-05-01,E09000012,Hackney,521562.0,-1.8,,164.0,1957.0,2.853375,2025,49482.0,,False,10.54,0.47,12.6,,
2017-06-01,E09000012,Hackney,551254.0,5.7,,144.0,1959.0,2.549921,2025,49482.0,,False,11.14,0.48,13.4,,
2017-07-01,E09000012,Hackney,565753.0,2.6,,218.0,1955.0,1.647886,2025,49482.0,,False,11.43,0.47,13.7,,
2017-08-01,E09000012,Hackney,591809.0,4.6,,210.0,1946.0,0.88051,2025,49482.0,,False,11.96,0.47,14.4,,
2017-09-01,E09000012,Hackney,595062.0,0.5,,180.0,1932.0,-0.152889,2025,49482.0,,False,12.03,0.47,14.4,,
2017-10-01,E09000012,Hackney,593905.0,-0.2,,199.0,1933.0,-0.178994,2025,49482.0,,False,12.0,0.47,14.4,,
2017-11-01,E09000012,Hackney,580572.0,-2.2,,167.0,1938.0,-0.003925,2025,49482.0,,False,11.73,0.47,14.1,,
2017-12-01,E09000012,Hackney,575915.0,-0.8,,269.0,1939.0,-0.045233,2025,49482.0,,False,11.64,0.47,14.0,,
2018-01-01,E09000012,Hackney,570429.0,-1.0,,171.0,1936.0,-1.008913,2025,49482.0,,False,11.53,0.47,13.8,,
2018-02-01,E09000012,Hackney,572459.0,0.4,,142.0,1933.0,-1.616209,2025,49482.0,,False,11.57,0.47,13.9,,
2018-03-01,E09000012,Hackney,551599.0,-3.6,,138.0,1936.0,-1.666738,2025,49482.0,,False,11.15,0.47,13.4,,
2018-04-01,E09000012,Hackney,547818.0,-0.7,,141.0,1934.0,-1.314235,2025,49482.0,,False,11.07,0.47,13.3,,
2018-05-01,E09000012,Hackney,559114.0,2.1,,154.0,1934.0,-1.142901,2025,49482.0,,False,11.3,0.47,13.6,,
2018-06-01,E09000012,Hackney,571351.0,2.2,,177.0,1934.0,-1.265571,2025,49482.0,,False,11.55,0.47,13.9,,
2018-07-01,E09000012,Hackney,572615.0,0.2,,203.0,1940.0,-0.773988,2025,49482.0,,False,11.57,0.47,13.9,,
2018-08-01,E09000012,Hackney,563460.0,-1.6,,239.0,1950.0,0.193752,2025,49482.0,,False,11.39,0.47,13.7,,
2018-09-01,E09000012,Hackney,555843.0,-1.4,,202.0,1956.0,1.241409,2025,49482.0,,False,11.23,0.47,13.5,,
2018-10-01,E09000012,Hackney,564368.0,1.5,,148.0,1959.0,1.344565,2025,49482.0,,False,11.41,0.48,13.7,,
2018-11-01,E09000012,Hackney,561779.0,-0.5,,142.0,1959.0,1.116848,2025,49482.0,,False,11.35,0.48,13.6,,
2018-12-01,E09000012,Hackney,566545.0,0.8,,142.0,1961.0,1.140762,2025,49482.0,,False,11.45,0.48,13.7,,
2019-01-01,E09000012,Hackney,545465.0,-3.7,,155.0,1965.0,1.483979,2025,49482.0,,False,11.02,0.48,13.2,,
2019-02-01,E09000012,Hackney,550467.0,0.9,,173.0,1970.0,1.884483,2025,49482.0,,False,11.12,0.48,13.3,,
2019-03-01,E09000012,Hackney,573513.0,4.2,,205.0,1972.0,1.8698,2025,49482.0,,False,11.59,0.48,13.9,,
2019-04-01,E09000012,Hackney,591652.0,3.2,,139.0,1971.0,1.894876,2025,49482.0,,False,11.96,0.48,14.3,,
2019-05-01,E09000012,Hackney,581002.0,-1.8,,148.0,1978.0,2.293152,2025,49482.0,,False,11.74,0.48,14.1,,
2019-06-01,E09000012,Hackney,566935.0,-2.4,,113.0,1984.0,2.559142,2025,49482.0,,False,11.46,0.48,13.7,,
2019-07-01,E09000012,Hackney,576958.0,1.8,,348.0,1988.0,2.479148,2025,49482.0,,False,11.66,0.48,14.0,,
2019-08-01,E09000012,Hackney,587744.0,1.9,,232.0,1983.0,1.693603,2025,49482.0,,False,11.88,0.48,14.3,,
2019-09-01,E09000012,Hackney,589964.0,0.4,,167.0,1978.0,1.12451,2025,49482.0,,False,11.92,0.48,14.3,,
2019-10-01,E09000012,Hackney,579898.0,-1.7,,191.0,1977.0,0.914654,2025,49482.0,,False,11.72,0.48,14.1,,
2019-11-01,E09000012,Hackney,573859.0,-1.0,,206.0,1974.0,0.758977,2025,49482.0,,False,11.6,0.48,13.9,,
2019-12-01,E09000012,Hackney,567274.0,-1.1,,289.0,1977.0,0.813811,2025,49482.0,,False,11.46,0.48,13.8,,
2020-01-01,E09000012,Hackney,574592.0,1.3,,174.0,1978.0,0.652637,2025,49482.0,,False,11.61,0.48,13.9,,
2020-02-01,E09000012,Hackney,589242.0,2.5,,161.0,1976.0,0.302656,2025,49482.0,,False,11.91,0.48,14.3,,
2020-03-01,E09000012,Hackney,597238.0,1.4,,145.0,1971.0,-0.055356,2025,49482.0,,False,12.07,0.48,14.5,,
2020-04-01,E09000012,Hackney,595785.0,-0.2,,60.0,1970.0,-0.070742,2025,49482.0,,False,12.04,0.48,14.4,,
2020-05-01,E09000012,Hackney,598229.0,0.4,,68.0,1969.0,-0.488632,2025,49482.0,,False,12.09,0.48,14.5,,
2020-06-01,E09000012,Hackney,598686.0,0.1,,128.0,1970.0,-0.678957,2025,49482.0,,False,12.1,0.48,14.5,,
2020-07-01,E09000012,Hackney,614742.0,2.7,,167.0,1971.0,-0.845858,2025,49482.0,,False,12.42,0.48,14.9,,
2020-08-01,E09000012,Hackney,609141.0,-0.9,,144.0,1973.0,-0.505579,2025,49482.0,,False,12.31,0.48,14.8,,
2020-09-01,E09000012,Hackney,626906.0,2.9,,192.0,1971.0,-0.328279,2025,49482.0,,False,12.67,0.48,15.2,,
2020-10-01,E09000012,Hackney,610820.0,-2.6,,160.0,1969.0,-0.396266,2025,49482.0,,False,12.34,0.48,14.8,,
2020-11-01,E09000012,Hackney,613382.0,0.4,,145.0,1963.0,-0.583532,2025,49482.0,,False,12.4,0.48,14.9,,
2020-12-01,E09000012,Hackney,603163.0,-1.7,,170.0,1955.0,-1.108653,2025,49482.0,,False,12.19,0.47,14.6,,
2021-01-01,E09000012,Hackney,606513.0,0.6,,205.0,1949.0,-1.459006,2025,49482.0,,False,12.26,0.47,14.7,,
2021-02-01,E09000012,Hackney,599001.0,-1.2,,271.0,1945.0,-1.52844,2025,49482.0,,False,12.11,0.47,14.5,,
2021-03-01,E09000012,Hackney,590061.0,-1.5,,445.0,1944.0,-1.38138,2025,49482.0,,False,11.92,0.47,14.3,,
2021-04-01,E09000012,Hackney,574956.0,-2.6,,212.0,1943.0,-1.352475,2025,49482.0,,False,11.62,0.47,13.9,,
2021-05-01,E09000012,Hackney,563795.0,-1.9,,211.0,1939.0,-1.52849,2025,49482.0,,False,11.39,0.47,13.7,,
2021-06-01,E09000012,Hackney,576848.0,2.3,,818.0,1931.0,-2.011682,2025,49482.0,,False,11.66,0.47,14.0,,
2021-07-01,E09000012,Hackney,611739.0,6.0,,78.0,1917.0,-2.766894,2025,49482.0,,False,12.36,0.46,14.8,,
2021-08-01,E09000012,Hackney,636238.0,4.0,,132.0,1903.0,-3.510915,2025,49482.0,,False,12.86,0.46,15.4,,
